Updating 9378626..1c69700
Fast-forward
 docs/evidence/a100_o378_roof_v32/README.md         |    82 +-
 .../reports/o378_roof_v32/all_sm80_codegen.json    |   297 +
 .../reports/o378_roof_v32/audit.log                |  6111 ++++
 .../reports/o378_roof_v32/audit/audit.json         |  6113 ++++
 .../reports/o378_roof_v32/audit/resources.txt      |  1149 +
 .../reports/o378_roof_v32/build.log                |    21 +
 .../reports/o378_roof_v32/candidate_codegen.json   |   164 +
 .../reports/o378_roof_v32/cpu_tests.log            |     5 +
 .../reports/o378_roof_v32/geometry.json            |  1095 +
 .../reports/o378_roof_v32/geometry.log             |     1 +
 .../reports/o378_roof_v32/geometry_memcheck.json   |  1095 +
 .../reports/o378_roof_v32/geometry_synccheck.json  |  1095 +
 .../reports/o378_roof_v32/guard_checks.json        |   211 +
 .../reports/o378_roof_v32/memcheck.log             |     3 +
 .../reports/o378_roof_v32/mixed_regression.log     |    14 +
 .../reports/o378_roof_v32/ncu_o7_analysis.json     |  3423 ++
 .../reports/o378_roof_v32/ncu_o7_t55.log           |     7 +
 .../reports/o378_roof_v32/ncu_o7_t55_raw.csv       |     3 +
 .../o378_roof_v32/ncu_o7_t55_source_sass.csv       |   898 +
 .../reports/o378_roof_v32/ncu_o7_t56.log           |     7 +
 .../reports/o378_roof_v32/ncu_o7_t56_raw.csv       |     3 +
 .../o378_roof_v32/ncu_o7_t56_source_sass.csv       |   946 +
 .../reports/o378_roof_v32/ncu_o7_t57.log           |     7 +
 .../reports/o378_roof_v32/ncu_o7_t57_raw.csv       |     3 +
 .../o378_roof_v32/ncu_o7_t57_source_sass.csv       |   554 +
 .../reports/o378_roof_v32/ncu_o7_t58.log           |     7 +
 .../reports/o378_roof_v32/ncu_o7_t58_raw.csv       |     3 +
 .../o378_roof_v32/ncu_o7_t58_source_sass.csv       |   602 +
 .../reports/o378_roof_v32/ncu_o8_analysis.json     |  2587 ++
 .../reports/o378_roof_v32/ncu_o8_t56.log           |     7 +
 .../reports/o378_roof_v32/ncu_o8_t56_raw.csv       |     3 +
 .../o378_roof_v32/ncu_o8_t56_source_sass.csv       |   946 +
 .../reports/o378_roof_v32/ncu_o8_t57.log           |     7 +
 .../reports/o378_roof_v32/ncu_o8_t57_raw.csv       |     3 +
 .../o378_roof_v32/ncu_o8_t57_source_sass.csv       |   554 +
 .../reports/o378_roof_v32/ncu_o8_t58.log           |     7 +
 .../reports/o378_roof_v32/ncu_o8_t58_raw.csv       |     3 +
 .../o378_roof_v32/ncu_o8_t58_source_sass.csv       |   602 +
 .../o378_roof_v32/non_target_sass_differences.txt  |    94 +
 .../reports/o378_roof_v32/preflight.log            |    11 +
 .../reports/o378_roof_v32/production_codegen.json  |    32 +
 .../reports/o378_roof_v32/racecheck.log            |     6 +
 .../reports/o378_roof_v32/screen.log               |   100 +
 .../reports/o378_roof_v32/synccheck.log            |     3 +
 .../reports/o378_roof_v32/trace24.log              |    48 +
 .../reports/o378_roof_v32/trace24_57_vs56.json     |   613 +
 .../reports/o378_roof_v32/trace24_58_vs56.json     |   613 +
 .../o378_roof_v32_mixed_regression/codec_tests.txt |    20 +
 .../o378_roof_v32_mixed_regression/validation.json | 32740 +++++++++++++++++++
 .../runs/o378_roof_v32_ncu_o7_t55/environment.json |    25 +
 .../o378_roof_v32_ncu_o7_t55/gpu_snapshots.jsonl   |     1 +
 .../runs/o378_roof_v32_ncu_o7_t55/results.jsonl    |     1 +
 .../runs/o378_roof_v32_ncu_o7_t55/summary.json     |    11 +
 .../runs/o378_roof_v32_ncu_o7_t56/environment.json |    25 +
 .../o378_roof_v32_ncu_o7_t56/gpu_snapshots.jsonl   |     1 +
 .../runs/o378_roof_v32_ncu_o7_t56/results.jsonl    |     1 +
 .../runs/o378_roof_v32_ncu_o7_t56/summary.json     |    11 +
 .../runs/o378_roof_v32_ncu_o7_t57/environment.json |    25 +
 .../o378_roof_v32_ncu_o7_t57/gpu_snapshots.jsonl   |     1 +
 .../runs/o378_roof_v32_ncu_o7_t57/results.jsonl    |     1 +
 .../runs/o378_roof_v32_ncu_o7_t57/summary.json     |    11 +
 .../runs/o378_roof_v32_ncu_o7_t58/environment.json |    25 +
 .../o378_roof_v32_ncu_o7_t58/gpu_snapshots.jsonl   |     1 +
 .../runs/o378_roof_v32_ncu_o7_t58/results.jsonl    |     1 +
 .../runs/o378_roof_v32_ncu_o7_t58/summary.json     |    11 +
 .../runs/o378_roof_v32_ncu_o8_t56/environment.json |    25 +
 .../o378_roof_v32_ncu_o8_t56/gpu_snapshots.jsonl   |     1 +
 .../runs/o378_roof_v32_ncu_o8_t56/results.jsonl    |     1 +
 .../runs/o378_roof_v32_ncu_o8_t56/summary.json     |    11 +
 .../runs/o378_roof_v32_ncu_o8_t57/environment.json |    25 +
 .../o378_roof_v32_ncu_o8_t57/gpu_snapshots.jsonl   |     1 +
 .../runs/o378_roof_v32_ncu_o8_t57/results.jsonl    |     1 +
 .../runs/o378_roof_v32_ncu_o8_t57/summary.json     |    11 +
 .../runs/o378_roof_v32_ncu_o8_t58/environment.json |    25 +
 .../o378_roof_v32_ncu_o8_t58/gpu_snapshots.jsonl   |     1 +
 .../runs/o378_roof_v32_ncu_o8_t58/results.jsonl    |     1 +
 .../runs/o378_roof_v32_ncu_o8_t58/summary.json     |    11 +
 .../runs/o378_roof_v32_preflight/environment.json  |    30 +
 .../o378_roof_v32_preflight/gpu_snapshots.jsonl    |     2 +
 .../runs/o378_roof_v32_preflight/results.jsonl     |    10 +
 .../runs/o378_roof_v32_preflight/summary.json      |    65 +
 .../runs/o378_roof_v32_preflight/validation.json   | 29718 +++++++++++++++++
 .../runs/o378_roof_v32_racecheck/environment.json  |    27 +
 .../o378_roof_v32_racecheck/gpu_snapshots.jsonl    |     2 +
 .../runs/o378_roof_v32_racecheck/results.jsonl     |     4 +
 .../runs/o378_roof_v32_racecheck/summary.json      |    29 +
 .../runs/o378_roof_v32_screen/environment.json     |    30 +
 .../runs/o378_roof_v32_screen/gpu_snapshots.jsonl  |    20 +
 .../runs/o378_roof_v32_screen/results.jsonl        |   100 +
 .../runs/o378_roof_v32_screen/summary.json         |    65 +
 .../runs/o378_roof_v32_trace24/environment.json    |    39 +
 .../runs/o378_roof_v32_trace24/gpu_snapshots.jsonl |    48 +
 .../runs/o378_roof_v32_trace24/results.jsonl       |   240 +
 .../o378_roof_v32_trace24/source_provenance.jsonl  |    48 +
 .../runs/o378_roof_v32_trace24/summary.json        |  1892 ++
 docs/o3_o7_o8_current_best.md                      |    11 +-
 docs/o3_o7_o8_iteration_summary.md                 |    24 +-
 scripts/validate_roof_async_guards.py              |     4 +-
 tests/unit/test_roof_v32_evidence.py               |    84 +
 99 files changed, 95662 insertions(+), 14 deletions(-)
 create mode 100644 docs/evidence/a100_o378_roof_v32/reports/o378_roof_v32/all_sm80_codegen.json
 create mode 100644 docs/evidence/a100_o378_roof_v32/reports/o378_roof_v32/audit.log
 create mode 100644 docs/evidence/a100_o378_roof_v32/reports/o378_roof_v32/audit/audit.json
 create mode 100644 docs/evidence/a100_o378_roof_v32/reports/o378_roof_v32/audit/resources.txt
 create mode 100644 docs/evidence/a100_o378_roof_v32/reports/o378_roof_v32/build.log
 create mode 100644 docs/evidence/a100_o378_roof_v32/reports/o378_roof_v32/candidate_codegen.json
 create mode 100644 docs/evidence/a100_o378_roof_v32/reports/o378_roof_v32/cpu_tests.log
 create mode 100644 docs/evidence/a100_o378_roof_v32/reports/o378_roof_v32/geometry.json
 create mode 100644 docs/evidence/a100_o378_roof_v32/reports/o378_roof_v32/geometry.log
 create mode 100644 docs/evidence/a100_o378_roof_v32/reports/o378_roof_v32/geometry_memcheck.json
 create mode 100644 docs/evidence/a100_o378_roof_v32/reports/o378_roof_v32/geometry_synccheck.json
 create mode 100644 docs/evidence/a100_o378_roof_v32/reports/o378_roof_v32/guard_checks.json
 create mode 100644 docs/evidence/a100_o378_roof_v32/reports/o378_roof_v32/memcheck.log
 create mode 100644 docs/evidence/a100_o378_roof_v32/reports/o378_roof_v32/mixed_regression.log
 create mode 100644 docs/evidence/a100_o378_roof_v32/reports/o378_roof_v32/ncu_o7_analysis.json
 create mode 100644 docs/evidence/a100_o378_roof_v32/reports/o378_roof_v32/ncu_o7_t55.log
 create mode 100644 docs/evidence/a100_o378_roof_v32/reports/o378_roof_v32/ncu_o7_t55_raw.csv
 create mode 100644 docs/evidence/a100_o378_roof_v32/reports/o378_roof_v32/ncu_o7_t55_source_sass.csv
 create mode 100644 docs/evidence/a100_o378_roof_v32/reports/o378_roof_v32/ncu_o7_t56.log
 create mode 100644 docs/evidence/a100_o378_roof_v32/reports/o378_roof_v32/ncu_o7_t56_raw.csv
 create mode 100644 docs/evidence/a100_o378_roof_v32/reports/o378_roof_v32/ncu_o7_t56_source_sass.csv
 create mode 100644 docs/evidence/a100_o378_roof_v32/reports/o378_roof_v32/ncu_o7_t57.log
 create mode 100644 docs/evidence/a100_o378_roof_v32/reports/o378_roof_v32/ncu_o7_t57_raw.csv
 create mode 100644 docs/evidence/a100_o378_roof_v32/reports/o378_roof_v32/ncu_o7_t57_source_sass.csv
 create mode 100644 docs/evidence/a100_o378_roof_v32/reports/o378_roof_v32/ncu_o7_t58.log
 create mode 100644 docs/evidence/a100_o378_roof_v32/reports/o378_roof_v32/ncu_o7_t58_raw.csv
 create mode 100644 docs/evidence/a100_o378_roof_v32/reports/o378_roof_v32/ncu_o7_t58_source_sass.csv
 create mode 100644 docs/evidence/a100_o378_roof_v32/reports/o378_roof_v32/ncu_o8_analysis.json
 create mode 100644 docs/evidence/a100_o378_roof_v32/reports/o378_roof_v32/ncu_o8_t56.log
 create mode 100644 docs/evidence/a100_o378_roof_v32/reports/o378_roof_v32/ncu_o8_t56_raw.csv
 create mode 100644 docs/evidence/a100_o378_roof_v32/reports/o378_roof_v32/ncu_o8_t56_source_sass.csv
 create mode 100644 docs/evidence/a100_o378_roof_v32/reports/o378_roof_v32/ncu_o8_t57.log
 create mode 100644 docs/evidence/a100_o378_roof_v32/reports/o378_roof_v32/ncu_o8_t57_raw.csv
 create mode 100644 docs/evidence/a100_o378_roof_v32/reports/o378_roof_v32/ncu_o8_t57_source_sass.csv
 create mode 100644 docs/evidence/a100_o378_roof_v32/reports/o378_roof_v32/ncu_o8_t58.log
 create mode 100644 docs/evidence/a100_o378_roof_v32/reports/o378_roof_v32/ncu_o8_t58_raw.csv
 create mode 100644 docs/evidence/a100_o378_roof_v32/reports/o378_roof_v32/ncu_o8_t58_source_sass.csv
 create mode 100644 docs/evidence/a100_o378_roof_v32/reports/o378_roof_v32/non_target_sass_differences.txt
 create mode 100644 docs/evidence/a100_o378_roof_v32/reports/o378_roof_v32/preflight.log
 create mode 100644 docs/evidence/a100_o378_roof_v32/reports/o378_roof_v32/production_codegen.json
 create mode 100644 docs/evidence/a100_o378_roof_v32/reports/o378_roof_v32/racecheck.log
 create mode 100644 docs/evidence/a100_o378_roof_v32/reports/o378_roof_v32/screen.log
 create mode 100644 docs/evidence/a100_o378_roof_v32/reports/o378_roof_v32/synccheck.log
 create mode 100644 docs/evidence/a100_o378_roof_v32/reports/o378_roof_v32/trace24.log
 create mode 100644 docs/evidence/a100_o378_roof_v32/reports/o378_roof_v32/trace24_57_vs56.json
 create mode 100644 docs/evidence/a100_o378_roof_v32/reports/o378_roof_v32/trace24_58_vs56.json
 create mode 100644 docs/evidence/a100_o378_roof_v32/runs/o378_roof_v32_mixed_regression/codec_tests.txt
 create mode 100644 docs/evidence/a100_o378_roof_v32/runs/o378_roof_v32_mixed_regression/validation.json
 create mode 100644 docs/evidence/a100_o378_roof_v32/runs/o378_roof_v32_ncu_o7_t55/environment.json
 create mode 100644 docs/evidence/a100_o378_roof_v32/runs/o378_roof_v32_ncu_o7_t55/gpu_snapshots.jsonl
 create mode 100644 docs/evidence/a100_o378_roof_v32/runs/o378_roof_v32_ncu_o7_t55/results.jsonl
 create mode 100644 docs/evidence/a100_o378_roof_v32/runs/o378_roof_v32_ncu_o7_t55/summary.json
 create mode 100644 docs/evidence/a100_o378_roof_v32/runs/o378_roof_v32_ncu_o7_t56/environment.json
 create mode 100644 docs/evidence/a100_o378_roof_v32/runs/o378_roof_v32_ncu_o7_t56/gpu_snapshots.jsonl
 create mode 100644 docs/evidence/a100_o378_roof_v32/runs/o378_roof_v32_ncu_o7_t56/results.jsonl
 create mode 100644 docs/evidence/a100_o378_roof_v32/runs/o378_roof_v32_ncu_o7_t56/summary.json
 create mode 100644 docs/evidence/a100_o378_roof_v32/runs/o378_roof_v32_ncu_o7_t57/environment.json
 create mode 100644 docs/evidence/a100_o378_roof_v32/runs/o378_roof_v32_ncu_o7_t57/gpu_snapshots.jsonl
 create mode 100644 docs/evidence/a100_o378_roof_v32/runs/o378_roof_v32_ncu_o7_t57/results.jsonl
 create mode 100644 docs/evidence/a100_o378_roof_v32/runs/o378_roof_v32_ncu_o7_t57/summary.json
 create mode 100644 docs/evidence/a100_o378_roof_v32/runs/o378_roof_v32_ncu_o7_t58/environment.json
 create mode 100644 docs/evidence/a100_o378_roof_v32/runs/o378_roof_v32_ncu_o7_t58/gpu_snapshots.jsonl
 create mode 100644 docs/evidence/a100_o378_roof_v32/runs/o378_roof_v32_ncu_o7_t58/results.jsonl
 create mode 100644 docs/evidence/a100_o378_roof_v32/runs/o378_roof_v32_ncu_o7_t58/summary.json
 create mode 100644 docs/evidence/a100_o378_roof_v32/runs/o378_roof_v32_ncu_o8_t56/environment.json
 create mode 100644 docs/evidence/a100_o378_roof_v32/runs/o378_roof_v32_ncu_o8_t56/gpu_snapshots.jsonl
 create mode 100644 docs/evidence/a100_o378_roof_v32/runs/o378_roof_v32_ncu_o8_t56/results.jsonl
 create mode 100644 docs/evidence/a100_o378_roof_v32/runs/o378_roof_v32_ncu_o8_t56/summary.json
 create mode 100644 docs/evidence/a100_o378_roof_v32/runs/o378_roof_v32_ncu_o8_t57/environment.json
 create mode 100644 docs/evidence/a100_o378_roof_v32/runs/o378_roof_v32_ncu_o8_t57/gpu_snapshots.jsonl
 create mode 100644 docs/evidence/a100_o378_roof_v32/runs/o378_roof_v32_ncu_o8_t57/results.jsonl
 create mode 100644 docs/evidence/a100_o378_roof_v32/runs/o378_roof_v32_ncu_o8_t57/summary.json
 create mode 100644 docs/evidence/a100_o378_roof_v32/runs/o378_roof_v32_ncu_o8_t58/environment.json
 create mode 100644 docs/evidence/a100_o378_roof_v32/runs/o378_roof_v32_ncu_o8_t58/gpu_snapshots.jsonl
 create mode 100644 docs/evidence/a100_o378_roof_v32/runs/o378_roof_v32_ncu_o8_t58/results.jsonl
 create mode 100644 docs/evidence/a100_o378_roof_v32/runs/o378_roof_v32_ncu_o8_t58/summary.json
 create mode 100644 docs/evidence/a100_o378_roof_v32/runs/o378_roof_v32_preflight/environment.json
 create mode 100644 docs/evidence/a100_o378_roof_v32/runs/o378_roof_v32_preflight/gpu_snapshots.jsonl
 create mode 100644 docs/evidence/a100_o378_roof_v32/runs/o378_roof_v32_preflight/results.jsonl
 create mode 100644 docs/evidence/a100_o378_roof_v32/runs/o378_roof_v32_preflight/summary.json
 create mode 100644 docs/evidence/a100_o378_roof_v32/runs/o378_roof_v32_preflight/validation.json
 create mode 100644 docs/evidence/a100_o378_roof_v32/runs/o378_roof_v32_racecheck/environment.json
 create mode 100644 docs/evidence/a100_o378_roof_v32/runs/o378_roof_v32_racecheck/gpu_snapshots.jsonl
 create mode 100644 docs/evidence/a100_o378_roof_v32/runs/o378_roof_v32_racecheck/results.jsonl
 create mode 100644 docs/evidence/a100_o378_roof_v32/runs/o378_roof_v32_racecheck/summary.json
 create mode 100644 docs/evidence/a100_o378_roof_v32/runs/o378_roof_v32_screen/environment.json
 create mode 100644 docs/evidence/a100_o378_roof_v32/runs/o378_roof_v32_screen/gpu_snapshots.jsonl
 create mode 100644 docs/evidence/a100_o378_roof_v32/runs/o378_roof_v32_screen/results.jsonl
 create mode 100644 docs/evidence/a100_o378_roof_v32/runs/o378_roof_v32_screen/summary.json
 create mode 100644 docs/evidence/a100_o378_roof_v32/runs/o378_roof_v32_trace24/environment.json
 create mode 100644 docs/evidence/a100_o378_roof_v32/runs/o378_roof_v32_trace24/gpu_snapshots.jsonl
 create mode 100644 docs/evidence/a100_o378_roof_v32/runs/o378_roof_v32_trace24/results.jsonl
 create mode 100644 docs/evidence/a100_o378_roof_v32/runs/o378_roof_v32_trace24/source_provenance.jsonl
 create mode 100644 docs/evidence/a100_o378_roof_v32/runs/o378_roof_v32_trace24/summary.json
 create mode 100644 tests/unit/test_roof_v32_evidence.py
