ptxas info    : 0 bytes gmem
ptxas info    : Compiling entry function '_ZN12vector_probe36adangel_sm80_vector_fixed_conversionILN23adangel_sm80_experiment17GroupedSourceKindE3ELi16EEEvPKhS4_PKfS4_S4_PhPfjj' for 'sm_80'
ptxas info    : Function properties for _ZN12vector_probe36adangel_sm80_vector_fixed_conversionILN23adangel_sm80_experiment17GroupedSourceKindE3ELi16EEEvPKhS4_PKfS4_S4_PhPfjj
    0 bytes stack frame, 0 bytes spill stores, 0 bytes spill loads
ptxas info    : Used 19 registers, used 0 barriers, 416 bytes cmem[0]
ptxas info    : Compile time = 14.498 ms
ptxas info    : Compiling entry function '_ZN12vector_probe36adangel_sm80_vector_fixed_conversionILN23adangel_sm80_experiment17GroupedSourceKindE3ELi8EEEvPKhS4_PKfS4_S4_PhPfjj' for 'sm_80'
ptxas info    : Function properties for _ZN12vector_probe36adangel_sm80_vector_fixed_conversionILN23adangel_sm80_experiment17GroupedSourceKindE3ELi8EEEvPKhS4_PKfS4_S4_PhPfjj
    0 bytes stack frame, 0 bytes spill stores, 0 bytes spill loads
ptxas info    : Used 15 registers, used 0 barriers, 416 bytes cmem[0]
ptxas info    : Compile time = 7.697 ms
ptxas info    : Compiling entry function '_ZN12vector_probe36adangel_sm80_vector_fixed_conversionILN23adangel_sm80_experiment17GroupedSourceKindE2ELi16EEEvPKhS4_PKfS4_S4_PhPfjj' for 'sm_80'
ptxas info    : Function properties for _ZN12vector_probe36adangel_sm80_vector_fixed_conversionILN23adangel_sm80_experiment17GroupedSourceKindE2ELi16EEEvPKhS4_PKfS4_S4_PhPfjj
    0 bytes stack frame, 0 bytes spill stores, 0 bytes spill loads
ptxas info    : Used 30 registers, used 0 barriers, 416 bytes cmem[0]
ptxas info    : Compile time = 9.629 ms
ptxas info    : Compiling entry function '_ZN12vector_probe36adangel_sm80_vector_fixed_conversionILN23adangel_sm80_experiment17GroupedSourceKindE2ELi8EEEvPKhS4_PKfS4_S4_PhPfjj' for 'sm_80'
ptxas info    : Function properties for _ZN12vector_probe36adangel_sm80_vector_fixed_conversionILN23adangel_sm80_experiment17GroupedSourceKindE2ELi8EEEvPKhS4_PKfS4_S4_PhPfjj
    0 bytes stack frame, 0 bytes spill stores, 0 bytes spill loads
ptxas info    : Used 22 registers, used 0 barriers, 416 bytes cmem[0]
ptxas info    : Compile time = 5.287 ms
ptxas info    : Compiling entry function '_ZN12vector_probe36adangel_sm80_vector_fixed_conversionILN23adangel_sm80_experiment17GroupedSourceKindE1ELi16EEEvPKhS4_PKfS4_S4_PhPfjj' for 'sm_80'
ptxas info    : Function properties for _ZN12vector_probe36adangel_sm80_vector_fixed_conversionILN23adangel_sm80_experiment17GroupedSourceKindE1ELi16EEEvPKhS4_PKfS4_S4_PhPfjj
    0 bytes stack frame, 0 bytes spill stores, 0 bytes spill loads
ptxas info    : Used 32 registers, used 0 barriers, 416 bytes cmem[0]
ptxas info    : Compile time = 12.167 ms
ptxas info    : Compiling entry function '_ZN12vector_probe36adangel_sm80_vector_fixed_conversionILN23adangel_sm80_experiment17GroupedSourceKindE1ELi8EEEvPKhS4_PKfS4_S4_PhPfjj' for 'sm_80'
ptxas info    : Function properties for _ZN12vector_probe36adangel_sm80_vector_fixed_conversionILN23adangel_sm80_experiment17GroupedSourceKindE1ELi8EEEvPKhS4_PKfS4_S4_PhPfjj
    0 bytes stack frame, 0 bytes spill stores, 0 bytes spill loads
ptxas info    : Used 30 registers, used 0 barriers, 416 bytes cmem[0]
ptxas info    : Compile time = 6.724 ms
ptxas info    : Compiling entry function '_ZN12vector_probe36adangel_sm80_vector_fixed_conversionILN23adangel_sm80_experiment17GroupedSourceKindE0ELi16EEEvPKhS4_PKfS4_S4_PhPfjj' for 'sm_80'
ptxas info    : Function properties for _ZN12vector_probe36adangel_sm80_vector_fixed_conversionILN23adangel_sm80_experiment17GroupedSourceKindE0ELi16EEEvPKhS4_PKfS4_S4_PhPfjj
    0 bytes stack frame, 0 bytes spill stores, 0 bytes spill loads
ptxas info    : Used 26 registers, used 0 barriers, 416 bytes cmem[0]
ptxas info    : Compile time = 5.054 ms
ptxas info    : Compiling entry function '_ZN12vector_probe36adangel_sm80_vector_fixed_conversionILN23adangel_sm80_experiment17GroupedSourceKindE0ELi8EEEvPKhS4_PKfS4_S4_PhPfjj' for 'sm_80'
ptxas info    : Function properties for _ZN12vector_probe36adangel_sm80_vector_fixed_conversionILN23adangel_sm80_experiment17GroupedSourceKindE0ELi8EEEvPKhS4_PKfS4_S4_PhPfjj
    0 bytes stack frame, 0 bytes spill stores, 0 bytes spill loads
ptxas info    : Used 17 registers, used 0 barriers, 416 bytes cmem[0]
ptxas info    : Compile time = 3.411 ms
csrc/sm80/roof_fused_conversion.cu:4:10: fatal error: adangel/data_types.cuh: No such file or directory
    4 | #include "adangel/data_types.cuh"
      |          ^~~~~~~~~~~~~~~~~~~~~~~~
compilation terminated.
