{
  "passed": true,
  "checks": {
    "allocation": true,
    "no_hot_local": true,
    "bounded_total_work": true,
    "fma_routing_reduction": true,
    "all_high_on_shf": true,
    "native_math": true,
    "same_supply": true
  },
  "limits": {
    "max_allocated_gpr": 168,
    "max_hot_local_instructions": 0,
    "max_static_work_ratio": 1.01,
    "min_fma_family_reduction": 0.1,
    "required_high_shf": 64,
    "required_mma_each": 32,
    "required_ldsm": 16,
    "required_async_copy": 10
  },
  "old_static": 383,
  "new_static": 385,
  "static_work_ratio": 1.0052219321148825,
  "old_imad_family": 158,
  "new_imad_family": 137,
  "imad_family_reduction": 0.13291139240506333,
  "scope": "predeclared_compile_potential_gate_not_performance_acceptance",
  "control_encoding_unchanged": true
}
Gate PASSED: GPU validation still required.
