{
  "o3_0": {
    "registers_per_thread": 168,
    "local_size_bytes": 16,
    "threads": 128,
    "active_blocks_per_sm": 3,
    "active_warps_per_sm": 12,
    "shared_memory_bytes": 50688,
    "kernel_symbol": "adangel_roof_o3_grouped_cta_candidate",
    "cubin_sha256": "685599142c65c1a038410e64f295897405e2b81455cc19d92014d137835a0c09"
  },
  "o3_1": {
    "registers_per_thread": 121,
    "local_size_bytes": 0,
    "threads": 256,
    "active_blocks_per_sm": 2,
    "active_warps_per_sm": 16,
    "shared_memory_bytes": 50688,
    "kernel_symbol": "adangel_roof_o3_eight_warp_fullk_candidate",
    "cubin_sha256": "685599142c65c1a038410e64f295897405e2b81455cc19d92014d137835a0c09"
  },
  "o78_0": {
    "registers_per_thread": 168,
    "local_size_bytes": 0,
    "threads": 128,
    "active_blocks_per_sm": 3,
    "active_warps_per_sm": 12,
    "shared_memory_bytes": 34304,
    "kernel_symbol": "adangel_roof_o78_eight_chain_candidate",
    "cubin_sha256": "e85de36030c46dc7229b826dfaa9aa7482e5f3443a40d5c2558d6f73a1041729"
  },
  "o78_1": {
    "registers_per_thread": 128,
    "local_size_bytes": 0,
    "threads": 256,
    "active_blocks_per_sm": 2,
    "active_warps_per_sm": 16,
    "shared_memory_bytes": 34304,
    "kernel_symbol": "adangel_roof_o78_eight_warp_fullk_candidate",
    "cubin_sha256": "e85de36030c46dc7229b826dfaa9aa7482e5f3443a40d5c2558d6f73a1041729"
  }
}
CAPACITY True
