{
  "cost_gate": {
    "passed": true,
    "checks": {
      "control_unchanged": true,
      "allocation_for_two_ctas": true,
      "limited_hot_local": true,
      "native_u4_and_s4": true,
      "no_int8": true,
      "route_static_mma": true,
      "no_hot_float": true,
      "one_loop_barrier": true
    },
    "limits": {
      "max_allocated_gpr": 128,
      "max_hot_local_instructions": 4,
      "min_actual_ctas_before_runtime": 2,
      "block_threads": 256,
      "shared_bytes": 50688,
      "tile": [
        64,
        128,
        128
      ],
      "stages": 3,
      "producer_specialization": false
    },
    "integer_loop_static": 270,
    "integer_loop_peak_live": 116,
    "hot_local_loads": 0,
    "hot_local_stores": 0,
    "interpretation": "static branch arms are mutually exclusive perwarp; not direct dynamic speedup",
    "full24_and_sanitizer_required": true,
    "runtime_resources_not_yet_verified": true
  },
  "liveness": {
    "symbol": "adangel_roof_o3_route_cohort_candidate",
    "allocated_gpr": 128,
    "function_max_live_gpr": 126,
    "loops": [
      {
        "kind": "fp32_fallback",
        "begin_pc": "0x1320",
        "end_pc": "0x2d80",
        "static_instructions": 423,
        "max_live_gpr": 126,
        "opcode_counts": {
          "BAR.SYNC.DEFER_BLOCKING": 1,
          "BRA": 4,
          "CALL.REL.NOINC": 1,
          "DEPBAR.LE": 2,
          "FFMA": 64,
          "FSEL": 1,
          "I2F": 64,
          "IADD3": 14,
          "IADD3.X": 9,
          "IMAD": 26,
          "IMMA.16864.S4.S4": 32,
          "IMMA.16864.U4.S4": 32,
          "ISETP.NE.AND": 1,
          "LDG.E.U8": 1,
          "LDGDEPBAR": 1,
          "LDGSTS.E.BYPASS.128": 8,
          "LDL": 5,
          "LDL.LU": 22,
          "LDS": 3,
          "LDS.64": 8,
          "LDSM.16.M88.4": 16,
          "LEA": 44,
          "LOP3.LUT": 2,
          "MOV": 4,
          "NOP": 7,
          "PLOP3.LUT": 3,
          "S2R": 2,
          "SHF.L.U32": 3,
          "SHF.R.U32.HI": 1,
          "STL": 22,
          "STS": 1,
          "UIADD3": 2,
          "UIMAD": 4,
          "UIMAD.WIDE.U32": 2,
          "UISETP.GE.AND": 3,
          "ULDC": 1,
          "ULEA": 2,
          "USHF.L.U32": 1,
          "USHF.R.S32.HI": 2,
          "USHF.R.U32.HI": 2
        },
        "peak_pcs": [
          "0x2830",
          "0x2840",
          "0x2850",
          "0x2860",
          "0x2870",
          "0x2880",
          "0x2890",
          "0x28a0",
          "0x28b0",
          "0x28c0",
          "0x28e0"
        ]
      },
      {
        "kind": "integer",
        "begin_pc": "0x50c0",
        "end_pc": "0x6190",
        "static_instructions": 270,
        "max_live_gpr": 116,
        "opcode_counts": {
          "BAR.SYNC.DEFER_BLOCKING": 1,
          "BRA": 13,
          "BSSY": 2,
          "BSYNC": 2,
          "CALL.REL.NOINC": 1,
          "DEPBAR.LE": 2,
          "IADD3": 11,
          "IADD3.X": 3,
          "IMAD": 70,
          "IMAD.IADD": 3,
          "IMAD.SHL.U32": 2,
          "IMAD.X": 1,
          "IMMA.16864.S4.S4": 32,
          "IMMA.16864.U4.S4": 32,
          "ISETP.GE.U32.AND": 1,
          "ISETP.GT.U32.AND": 2,
          "ISETP.NE.AND": 1,
          "LDGDEPBAR": 1,
          "LDGSTS.E.BYPASS.128": 5,
          "LDS": 3,
          "LDS.64": 8,
          "LDSM.16.M88.4": 12,
          "LEA": 6,
          "LEA.HI": 4,
          "LEA.HI.X": 1,
          "LEA.HI.X.SX32": 1,
          "LOP3.LUT": 23,
          "PRMT": 4,
          "S2R": 1,
          "SHF.L.U32": 6,
          "SHF.R.S32.HI": 2,
          "SHF.R.U32.HI": 2,
          "WARPSYNC": 12
        },
        "peak_pcs": [
          "0x58d0",
          "0x58e0"
        ]
      }
    ],
    "cta_threads": 256,
    "interpretation": "static_binary_live_range_not_runtime_timing_or_universal_register_lower_bound",
    "register_only_two_cta_limit_per_thread": 128
  }
}
GATE PASS: actual occupancy, numerical/sanitizer and full24 required
