layer_00_q_proj compute_only 0 0.40243199467658997
layer_00_q_proj compute_only 1 0.5375999808311462
layer_00_q_proj compute_only 1 0.5375999808311462
layer_00_q_proj compute_only 0 0.4065279960632324
layer_00_q_proj compute_only 0 0.40243199467658997
layer_00_q_proj compute_only 1 0.5375999808311462
layer_00_k_proj compute_only 1 0.5375999808311462
layer_00_k_proj compute_only 0 0.40857601165771484
layer_00_k_proj compute_only 0 0.40755200386047363
layer_00_k_proj compute_only 1 0.5375999808311462
layer_00_k_proj compute_only 1 0.5375999808311462
layer_00_k_proj compute_only 0 0.40755200386047363
layer_00_v_proj compute_only 0 0.4177919924259186
layer_00_v_proj compute_only 1 0.5560320019721985
layer_00_v_proj compute_only 1 0.5560320019721985
layer_00_v_proj compute_only 0 0.42291200160980225
layer_00_v_proj compute_only 0 0.42188799381256104
layer_00_v_proj compute_only 1 0.5560320019721985
layer_00_o_proj compute_only 1 0.5488640069961548
layer_00_o_proj compute_only 0 0.42188799381256104
layer_00_o_proj compute_only 0 0.4177919924259186
layer_00_o_proj compute_only 1 0.5509120225906372
layer_00_o_proj compute_only 1 0.5488640069961548
layer_00_o_proj compute_only 0 0.4270080029964447
layer_06_q_proj compute_only 0 0.4352000057697296
layer_06_q_proj compute_only 1 0.5703679919242859
layer_06_q_proj compute_only 1 0.5713919997215271
layer_06_q_proj compute_only 0 0.4403199851512909
layer_06_q_proj compute_only 0 0.4352000057697296
layer_06_q_proj compute_only 1 0.5703679919242859
layer_06_k_proj compute_only 1 0.5703679919242859
layer_06_k_proj compute_only 0 0.4341759979724884
layer_06_k_proj compute_only 0 0.4341759979724884
layer_06_k_proj compute_only 1 0.5703679919242859
layer_06_k_proj compute_only 1 0.5703679919242859
layer_06_k_proj compute_only 0 0.4341759979724884
layer_06_v_proj compute_only 0 0.4341759979724884
layer_06_v_proj compute_only 1 0.5703679919242859
layer_06_v_proj compute_only 1 0.5703679919242859
layer_06_v_proj compute_only 0 0.4341759979724884
layer_06_v_proj compute_only 0 0.4341759979724884
layer_06_v_proj compute_only 1 0.5703679919242859
layer_06_o_proj compute_only 1 0.5662720203399658
layer_06_o_proj compute_only 0 0.43007999658584595
layer_06_o_proj compute_only 0 0.4341759979724884
layer_06_o_proj compute_only 1 0.5703679919242859
layer_06_o_proj compute_only 1 0.5713919997215271
layer_06_o_proj compute_only 0 0.4341759979724884
layer_12_q_proj compute_only 0 0.4341759979724884
layer_12_q_proj compute_only 1 0.5703679919242859
layer_12_q_proj compute_only 1 0.5703679919242859
layer_12_q_proj compute_only 0 0.43110400438308716
layer_12_q_proj compute_only 0 0.4341759979724884
layer_12_q_proj compute_only 1 0.5703679919242859
layer_12_k_proj compute_only 1 0.5703679919242859
layer_12_k_proj compute_only 0 0.43110400438308716
layer_12_k_proj compute_only 0 0.4341759979724884
layer_12_k_proj compute_only 1 0.5765119791030884
layer_12_k_proj compute_only 1 0.5703679919242859
layer_12_k_proj compute_only 0 0.43724799156188965
layer_12_v_proj compute_only 0 0.43724799156188965
layer_12_v_proj compute_only 1 0.5703679919242859
layer_12_v_proj compute_only 1 0.5713919997215271
layer_12_v_proj compute_only 0 0.43929600715637207
layer_12_v_proj compute_only 0 0.4352000057697296
layer_12_v_proj compute_only 1 0.5703679919242859
layer_12_o_proj compute_only 1 0.5703679919242859
layer_12_o_proj compute_only 0 0.4341759979724884
layer_12_o_proj compute_only 0 0.43724800646305084
layer_12_o_proj compute_only 1 0.5703679919242859
layer_12_o_proj compute_only 1 0.5703679919242859
layer_12_o_proj compute_only 0 0.43929600715637207
layer_18_q_proj compute_only 0 0.4341759979724884
layer_18_q_proj compute_only 1 0.574975997209549
layer_18_q_proj compute_only 1 0.5826560258865356
layer_18_q_proj compute_only 0 0.43929600715637207
layer_18_q_proj compute_only 0 0.43929600715637207
layer_18_q_proj compute_only 1 0.5765119791030884
layer_18_k_proj compute_only 1 0.5734400153160095
layer_18_k_proj compute_only 0 0.44441598653793335
layer_18_k_proj compute_only 0 0.43929600715637207
layer_18_k_proj compute_only 1 0.5765119791030884
layer_18_k_proj compute_only 1 0.5775359869003296
layer_18_k_proj compute_only 0 0.43929600715637207
layer_18_v_proj compute_only 0 0.43827199935913086
layer_18_v_proj compute_only 1 0.5765119791030884
layer_18_v_proj compute_only 1 0.5765119791030884
layer_18_v_proj compute_only 0 0.4403199851512909
layer_18_v_proj compute_only 0 0.43929600715637207
layer_18_v_proj compute_only 1 0.5765119791030884
layer_18_o_proj compute_only 1 0.5703679919242859
layer_18_o_proj compute_only 0 0.43929600715637207
layer_18_o_proj compute_only 0 0.43929600715637207
layer_18_o_proj compute_only 1 0.5765119791030884
layer_18_o_proj compute_only 1 0.5765119791030884
layer_18_o_proj compute_only 0 0.4403199851512909
layer_24_q_proj compute_only 0 0.4403199851512909
layer_24_q_proj compute_only 1 0.5765119791030884
layer_24_q_proj compute_only 1 0.5775359869003296
layer_24_q_proj compute_only 0 0.44543999433517456
layer_24_q_proj compute_only 0 0.4403199851512909
layer_24_q_proj compute_only 1 0.5765119791030884
layer_24_k_proj compute_only 1 0.5765119791030884
layer_24_k_proj compute_only 0 0.43929600715637207
layer_24_k_proj compute_only 0 0.43929600715637207
layer_24_k_proj compute_only 1 0.5765119791030884
layer_24_k_proj compute_only 1 0.5765119791030884
layer_24_k_proj compute_only 0 0.4403199851512909
layer_24_v_proj compute_only 0 0.43929600715637207
layer_24_v_proj compute_only 1 0.5765119791030884
layer_24_v_proj compute_only 1 0.5765119791030884
layer_24_v_proj compute_only 0 0.43929600715637207
layer_24_v_proj compute_only 0 0.43929600715637207
layer_24_v_proj compute_only 1 0.5765119791030884
layer_24_o_proj compute_only 1 0.5724160075187683
layer_24_o_proj compute_only 0 0.43878400325775146
layer_24_o_proj compute_only 0 0.43929600715637207
layer_24_o_proj compute_only 1 0.5765119791030884
layer_24_o_proj compute_only 1 0.5765119791030884
layer_24_o_proj compute_only 0 0.43929600715637207
layer_31_q_proj compute_only 0 0.43929600715637207
layer_31_q_proj compute_only 1 0.5765119791030884
layer_31_q_proj compute_only 1 0.5765119791030884
layer_31_q_proj compute_only 0 0.43929600715637207
layer_31_q_proj compute_only 0 0.43929600715637207
layer_31_q_proj compute_only 1 0.5826560258865356
layer_31_k_proj compute_only 1 0.5765119791030884
layer_31_k_proj compute_only 0 0.43929600715637207
layer_31_k_proj compute_only 0 0.43929600715637207
layer_31_k_proj compute_only 1 0.5765119791030884
layer_31_k_proj compute_only 1 0.5765119791030884
layer_31_k_proj compute_only 0 0.43929600715637207
layer_31_v_proj compute_only 0 0.4403199851512909
layer_31_v_proj compute_only 1 0.5898240208625793
layer_31_v_proj compute_only 1 0.5765119791030884
layer_31_v_proj compute_only 0 0.44543999433517456
layer_31_v_proj compute_only 0 0.44646400213241577
layer_31_v_proj compute_only 1 0.579584002494812
layer_31_o_proj compute_only 1 0.5754879713058472
layer_31_o_proj compute_only 0 0.4403199851512909
layer_31_o_proj compute_only 0 0.43929600715637207
layer_31_o_proj compute_only 1 0.5765119791030884
layer_31_o_proj compute_only 1 0.5765119791030884
layer_31_o_proj compute_only 0 0.4423680007457733
