{
  "scope": "static_activation_conversion_gate_not_latency_or_MSE",
  "old_controls": {
    "passed": true,
    "missing": [],
    "changed": [],
    "old_symbols": 19,
    "new_symbols": 19,
    "unchanged": [
      "_ZN15row_fused_probe36adangel_sm80_row_conversion_metadataILN23adangel_sm80_experiment17GroupedSourceKindE3ELi16EEEvPKhS4_PKfS4_S4_PhPfPjjjfPiS8_PmSA_S9_",
      "_ZN15row_fused_probe36adangel_sm80_row_conversion_metadataILN23adangel_sm80_experiment17GroupedSourceKindE1ELi16EEEvPKhS4_PKfS4_S4_PhPfPjjjfPiS8_PmSA_S9_",
      "_ZN15row_fused_probe36adangel_sm80_row_conversion_metadataILN23adangel_sm80_experiment17GroupedSourceKindE2ELi16EEEvPKhS4_PKfS4_S4_PhPfPjjjfPiS8_PmSA_S9_",
      "_ZN15row_fused_probe36adangel_sm80_row_conversion_metadataILN23adangel_sm80_experiment17GroupedSourceKindE0ELi16EEEvPKhS4_PKfS4_S4_PhPfPjjjfPiS8_PmSA_S9_",
      "_ZN16fused_norm_probe46adangel_sm80_vector_fixed_conversion_with_normILN23adangel_sm80_experiment17GroupedSourceKindE3ELi16EEEvPKhS4_PKfS4_S4_PhPfPjjj",
      "_ZN16fused_norm_probe46adangel_sm80_vector_fixed_conversion_with_normILN23adangel_sm80_experiment17GroupedSourceKindE1ELi16EEEvPKhS4_PKfS4_S4_PhPfPjjj",
      "_ZN16fused_norm_probe46adangel_sm80_vector_fixed_conversion_with_normILN23adangel_sm80_experiment17GroupedSourceKindE2ELi16EEEvPKhS4_PKfS4_S4_PhPfPjjj",
      "_ZN16fused_norm_probe46adangel_sm80_vector_fixed_conversion_with_normILN23adangel_sm80_experiment17GroupedSourceKindE0ELi16EEEvPKhS4_PKfS4_S4_PhPfPjjj",
      "_ZN12vector_probe36adangel_sm80_vector_fixed_conversionILN23adangel_sm80_experiment17GroupedSourceKindE3ELi16EEEvPKhS4_PKfS4_S4_PhPfjj",
      "_ZN12vector_probe36adangel_sm80_vector_fixed_conversionILN23adangel_sm80_experiment17GroupedSourceKindE1ELi16EEEvPKhS4_PKfS4_S4_PhPfjj",
      "_ZN12vector_probe36adangel_sm80_vector_fixed_conversionILN23adangel_sm80_experiment17GroupedSourceKindE2ELi16EEEvPKhS4_PKfS4_S4_PhPfjj",
      "_ZN12vector_probe36adangel_sm80_vector_fixed_conversionILN23adangel_sm80_experiment17GroupedSourceKindE0ELi16EEEvPKhS4_PKfS4_S4_PhPfjj",
      "_Z31adangel_o78_factor_from_squaresILi0EEvPKjPKhfPiPfPmS4_Pjii",
      "_Z31adangel_o78_factor_from_squaresILi2EEvPKjPKhfPiPfPmS4_Pjii",
      "_Z31adangel_o78_factor_from_squaresILi1EEvPKjPKhfPiPfPmS4_Pjii",
      "adangel_o78_prepare_cta_guard",
      "adangel_o78_prepare_e6m2",
      "adangel_o78_prepare_e4m3",
      "adangel_o78_prepare_ue8m0"
    ],
    "scope": "exact_SASS_words_of_matched_old_entries_not_full_binary_or_performance"
  },
  "control": {
    "symbol": "_ZN15row_fused_probe36adangel_sm80_row_conversion_metadataILN23adangel_sm80_experiment17GroupedSourceKindE3ELi16EEEvPKhS4_PKfS4_S4_PhPfPjjjfPiS8_PmSA_S9_",
    "registers": 23,
    "stack": 0,
    "shared": 256,
    "local": 0,
    "encoded_words": [
      "0x00000a00ff017624",
      "0x000fe400078e00ff",
      "0x0000000000037919",
      "0x000e240000002500",
      "0x0000680003007a0c",
      "0x001fda0003f06070",
      "0x000000000000094d",
      "0x000fea0003800000",
      "0x0000000000007919",
      "0x000e220000002100",
      "0x00000010ff057424",
      "0x000fe200078e00ff",
      "0x0000460000047ab9",
      "0x000fe20000000a00",
      "0x00000003ff0c7819",
      "0x001fe40000011600",
      "0x0000000700027812",
      "0x000fc600078ec0ff",
      "0x00006900030a7a24",
      "0x000fc800078e020c",
      "0x000000080a077824",
      "0x000fca00078e00ff",
      "0xfffffff807047812",
      "0x000fca00078ee202",
      "0x0000580004047625",
      "0x000fcc00078e0005",
      "0x0000000404047981",
      "0x000ea2000c1e1d00",
      "0x0000012000007945",
      "0x000fe20003800000",
      "0x0000001f04087812",
      "0x044fe400078ec0ff",
      "0x0000000704097812",
      "0x000fe400078ec0ff",
      "0x0000000f0800780c",
      "0x000fe40003f04070",
      "0x00000003ff087819",
      "0x000fd60000011608",
      "0x0000009000000947",
      "0x000fea0003800000",
      "0x000000ff0800720c",
      "0x000fe40003f05270",
      "0x0000000809087812",
      "0x000fc800078efcff",
      "0x0000000809087207",
      "0x000fc80004000000",
      "0x0000000308097812",
      "0x000fc800078ec0ff",
      "0x000000030900780c",
      "0x000fe40003f05270",
      "0x00000001ff097819",
      "0x000fc80000011608",
      "0x0000000109087810",
      "0x000fce0007ffe0ff",
      "0x000000ffff080224",
      "0x000fe200078e0209",
      "0x0000003000007947",
      "0x000fea0003800000",
      "0x0000000809097812",
      "0x000fe400078efcff",
      "0xfffffffe08087810",
      "0x000fc80007ffe0ff",
      "0x0000000809087219",
      "0x000fe400000006ff",
      "0x0000000000007941",
      "0x000fea0003800000",
      "0x00000008ff097819",
      "0x000fe20000011604",
      "0x0000012000007945",
      "0x000fe60003800000",
      "0x0000001f090b7812",
      "0x040fe400078ec0ff",
      "0x0000000709097812",
      "0x000fe400078ec0ff",
      "0x0000000f0b00780c",
      "0x000fe40003f04070",
      "0x00000003ff0b7819",
      "0x000fd6000001160b",
      "0x0000009000000947",
      "0x000fea0003800000",
      "0x000000ff0b00720c",
      "0x000fe40003f05270",
      "0x00000008090e7812",
      "0x000fc800078efcff",
      "0x0000000e090e7207",
      "0x000fc80004000000",
      "0x000000030e097812",
      "0x000fe400078ec0ff",
      "0x00000001ff0e7819",
      "0x000fe4000001160e",
      "0x000000030900780c",
      "0x000fe40003f05270",
      "0x000000010e097810",
      "0x000fd60007ffe0ff",
      "0x000000ffff090224",
      "0x000fe200078e020e",
      "0x0000003000007947",
      "0x000fea0003800000",
      "0x00000008090e7812",
      "0x000fe400078efcff",
      "0xfffffffe0b0b7810",
      "0x000fc80007ffe0ff",
      "0x0000000b0e097219",
      "0x000fe400000006ff",
      "0x0000000000007941",
      "0x000fea0003800000",
      "0x00000010ff0b7819",
      "0x000fe20000011604",
      "0x0000012000007945",
      "0x000fe60003800000",
      "0x0000001f0b0d7812",
      "0x040fe400078ec0ff",
      "0x000000070b0b7812",
      "0x000fe400078ec0ff",
      "0x0000000f0d00780c",
      "0x000fe40003f04070",
      "0x00000003ff0d7819",
      "0x000fd6000001160d",
      "0x0000009000000947",
      "0x000fea0003800000",
      "0x000000ff0d00720c",
      "0x000fe40003f05270",
      "0x000000080b0e7812",
      "0x000fc800078efcff",
      "0x0000000e0b0e7207",
      "0x000fc80004000000",
      "0x000000030e0b7812",
      "0x000fe400078ec0ff",
      "0x00000001ff0e7819",
      "0x000fe4000001160e",
      "0x000000030b00780c",
      "0x000fe40003f05270",
      "0x000000010e0b7810",
      "0x000fd60007ffe0ff",
      "0x000000ffff0b0224",
      "0x000fe200078e020e",
      "0x0000003000007947",
      "0x000fea0003800000",
      "0x000000080b0e7812",
      "0x000fe400078efcff",
      "0xfffffffe0d0d7810",
      "0x000fc80007ffe0ff",
      "0x0000000d0e0b7219",
      "0x000fe400000006ff",
      "0x0000000000007941",
      "0x000fea0003800000",
      "0x00000018ff0d7819",
      "0x000fe20000011604",
      "0x0000012000007945",
      "0x000fe60003800000",
      "0x0000001f0d0e7812",
      "0x040fe400078ec0ff",
      "0x000000070d0d7812",
      "0x000fe400078ec0ff",
      "0x0000000f0e00780c",
      "0x000fe40003f04070",
      "0x00000003ff0e7819",
      "0x000fd6000001160e",
      "0x0000009000000947",
      "0x000fea0003800000",
      "0x000000ff0e00720c",
      "0x000fe40003f05270",
      "0x000000080d0e7812",
      "0x000fc800078efcff",
      "0x0000000e0d0e7207",
      "0x000fc80004000000",
      "0x000000030e0d7812",
      "0x000fc800078ec0ff",
      "0x000000030d00780c",
      "0x000fe40003f05270",
      "0x00000001ff0d7819",
      "0x000fc8000001160e",
      "0x000000010d0e7810",
      "0x000fce0007ffe0ff",
      "0x000000ffff0e0224",
      "0x000fe200078e020d",
      "0x0000003000007947",
      "0x000fea0003800000",
      "0x000000080d0d7812",
      "0x000fe400078efcff",
      "0xfffffffe0e0e7810",
      "0x000fc80007ffe0ff",
      "0x0000000e0d0e7219",
      "0x000fe400000006ff",
      "0x0000000000007941",
      "0x000fea0003800000",
      "0x0000002004ff7812",
      "0x040fe2000780c0ff",
      "0x000000ffff0d7224",
      "0x000fe200078e0a08",
      "0x0000200004ff7812",
      "0x040fe2000782c0ff",
      "0x000000ffff0f7224",
      "0x000fe200078e0a0b",
      "0x0020000004ff7812",
      "0x040fe2000784c0ff",
      "0x0000029000007945",
      "0x000ff00003800000",
      "0x000000ffff080224",
      "0x000fe200078e000d",
      "0x2000000004ff7812",
      "0x000fe2000780c0ff",
      "0x000000ffff091224",
      "0x000fc400078e0a09",
      "0x0000000808047224",
      "0x040fe200078e02ff",
      "0x0000000f080d7812",
      "0x000fe200078ec0ff",
      "0x0000001009107824",
      "0x040fe400078e00ff",
      "0x000000ffff0b2224",
      "0x000fe200078e000f",
      "0x000000f0090f7812",
      "0x040fe200078ec0ff",
      "0x0000000909047224",
      "0x000fe200078e0204",
      "0x000000f0100d7812",
      "0x000fe400078ee20d",
      "0x00000004ff107819",
      "0x000fe20000011608",
      "0x000001000b087824",
      "0x000fe200078e00ff",
      "0x0000001f05097812",
      "0x000fe200078ec0ff",
      "0x000000ffff0e0224",
      "0x000fe200078e0a0e",
      "0x0000000f0f0f7812",
      "0x000fc400078ef810",
      "0x0000000f0900780c",
      "0x000fe40003f04070",
      "0x00000f000d0d7812",
      "0x000fe200078ef808",
      "0x000000100b087824",
      "0x040fe200078e00ff",
      "0x00000003ff097819",
      "0x000fe20000011609",
      "0x0000000b0b0b7224",
      "0x000fe400078e0204",
      "0x000010000e047824",
      "0x040fe200078e00ff",
      "0x00000f000f0f7812",
      "0x000fe200078ef808",
      "0x000001000e087824",
      "0x040fe400078e00ff",
      "0x0000000e0e117224",
      "0x000fe200078e020b",
      "0x0000f0000d047812",
      "0x000fc400078ef804",
      "0x0000f0000f107812",
      "0x000fe400078ef808",
      "0x0000000705087812",
      "0x000fe200078ec0ff",
      "0x0000009000000947",
      "0x000fea0003800000",
      "0x000000ff0900720c",
      "0x000fe40003f05270",
      "0x0000000808097812",
      "0x000fc800078efcff",
      "0x0000000908097207",
      "0x000fc80004000000",
      "0x0000000309087812",
      "0x000fc800078ec0ff",
      "0x000000030800780c",
      "0x000fe40003f05270",
      "0x00000001ff087819",
      "0x000fc80000011609",
      "0x0000000108097810",
      "0x000fce0007ffe0ff",
      "0x000000ffff090224",
      "0x000fe200078e0208",
      "0x0000003000007947",
      "0x000fea0003800000",
      "0x0000000808087812",
      "0x000fe400078efcff",
      "0xfffffffe09097810",
      "0x000fc80007ffe0ff",
      "0x0000000908097219",
      "0x000fe400000006ff",
      "0x0000000000007941",
      "0x000fea0003800000",
      "0x0000002005ff7812",
      "0x000fe2000780c0ff",
      "0x000000ffff087224",
      "0x000fe200078e0009",
      "0x00000008ff0d7819",
      "0x000fe20000011605",
      "0x0000018000007945",
      "0x000fe60003800000",
      "0x0000001f0d0e7812",
      "0x040fe400078ec0ff",
      "0x000000070d0d7812",
      "0x000fca00078ec0ff",
      "0x000000ffff080224",
      "0x000fe200078e0a08",
      "0x0000000f0e00780c",
      "0x000fe40003f04070",
      "0x00000003ff0e7819",
      "0x000fe2000001160e",
      "0x0001000008097824",
      "0x040fe400078e00ff",
      "0x00001000080b7824",
      "0x040fe400078e00ff",
      "0x0000000808087224",
      "0x000fe200078e0211",
      "0x000f000004047812",
      "0x000fe400078ef809",
      "0x000f000010107812",
      "0x000fc600078ef80b",
      "0x0000009000000947",
      "0x000fea0003800000",
      "0x000000ff0e00720c",
      "0x000fe40003f05270",
      "0x000000080d0e7812",
      "0x000fc800078efcff",
      "0x0000000e0d0e7207",
      "0x000fc80004000000",
      "0x000000030e097812",
      "0x000fc800078ec0ff",
      "0x000000030900780c",
      "0x000fe40003f05270",
      "0x00000001ff097819",
      "0x000fc8000001160e",
      "0x00000001090e7810",
      "0x000fce0007ffe0ff",
      "0x000000ffff0e0224",
      "0x000fe200078e0209",
      "0x0000003000007947",
      "0x000fea0003800000",
      "0x000000080d0d7812",
      "0x000fe400078efcff",
      "0xfffffffe0e0e7810",
      "0x000fc80007ffe0ff",
      "0x0000000e0d0e7219",
      "0x000fe400000006ff",
      "0x0000000000007941",
      "0x000fea0003800000",
      "0x0000200005ff7812",
      "0x000fe2000780c0ff",
      "0x000000ffff0f7224",
      "0x000fe200078e000e",
      "0x00000010ff0d7819",
      "0x000fe20000011605",
      "0x0000018000007945",
      "0x000fe60003800000",
      "0x0000001f0d0e7812",
      "0x040fe400078ec0ff",
      "0x000000070d0d7812",
      "0x000fca00078ec0ff",
      "0x000000ffff0f0224",
      "0x000fe200078e0a0f",
      "0x0000000f0e00780c",
      "0x000fe40003f04070",
      "0x00000003ff0e7819",
      "0x000fe2000001160e",
      "0x001000000f097824",
      "0x040fe400078e00ff",
      "0x000100000f0b7824",
      "0x040fe400078e00ff",
      "0x0000000f0f087224",
      "0x000fe200078e0208",
      "0x00f0000004047812",
      "0x000fe400078ef809",
      "0x00f0000010107812",
      "0x000fc600078ef80b",
      "0x0000009000000947",
      "0x000fea0003800000",
      "0x000000ff0e00720c",
      "0x000fe40003f05270",
      "0x000000080d0e7812",
      "0x000fc800078efcff",
      "0x0000000e0d0e7207",
      "0x000fc80004000000",
      "0x000000030e097812",
      "0x000fc800078ec0ff",
      "0x000000030900780c",
      "0x000fe40003f05270",
      "0x00000001ff097819",
      "0x000fc8000001160e",
      "0x00000001090e7810",
      "0x000fce0007ffe0ff",
      "0x000000ffff0e0224",
      "0x000fe200078e0209",
      "0x0000003000007947",
      "0x000fea0003800000",
      "0x000000080d0d7812",
      "0x000fe400078efcff",
      "0xfffffffe0e0e7810",
      "0x000fc80007ffe0ff",
      "0x0000000e0d0e7219",
      "0x000fe400000006ff",
      "0x0000000000007941",
      "0x000fea0003800000",
      "0x0020000005ff7812",
      "0x000fe2000780c0ff",
      "0x000000ffff0f7224",
      "0x000fe200078e000e",
      "0x00000018ff0d7819",
      "0x000fe20000011605",
      "0x0000018000007945",
      "0x000fe60003800000",
      "0x0000001f0d0e7812",
      "0x040fe400078ec0ff",
      "0x000000070d0d7812",
      "0x000fca00078ec0ff",
      "0x000000ffff0f0224",
      "0x000fe200078e0a0f",
      "0x0000000f0e00780c",
      "0x000fe40003f04070",
      "0x00000003ff0e7819",
      "0x000fe2000001160e",
      "0x010000000f097824",
      "0x040fe400078e00ff",
      "0x001000000f0b7824",
      "0x040fe400078e00ff",
      "0x0000000f0f087224",
      "0x000fe200078e0208",
      "0x0f000000040f7812",
      "0x000fe400078ef809",
      "0x0f00000010107812",
      "0x000fc600078ef80b",
      "0x0000009000000947",
      "0x000fea0003800000",
      "0x000000ff0e00720c",
      "0x000fe40003f05270",
      "0x000000080d047812",
      "0x000fc800078efcff",
      "0x000000040d047207",
      "0x000fc80004000000",
      "0x0000000304097812",
      "0x000fe400078ec0ff",
      "0x00000001ff047819",
      "0x000fe40000011604",
      "0x000000030900780c",
      "0x000fe40003f05270",
      "0x00000001040e7810",
      "0x000fd60007ffe0ff",
      "0x000000ffff0e0224",
      "0x000fe200078e0204",
      "0x0000003000007947",
      "0x000fea0003800000",
      "0x000000080d0d7812",
      "0x000fe400078efcff",
      "0xfffffffe0e0e7810",
      "0x000fc80007ffe0ff",
      "0x0000000e0d0e7219",
      "0x000fe400000006ff",
      "0x0000000000007941",
      "0x000fea0003800000",
      "0x2000000005ff7812",
      "0x000fe2000780c0ff",
      "0x0000018000007945",
      "0x000fe20003800000",
      "0x0000001f060b7812",
      "0x000fd600078ec0ff",
      "0x000000ffff0e0224",
      "0x000fe200078e0a0e",
      "0x0000000f0b00780c",
      "0x000fe40003f04070",
      "0x00000003ff0b7819",
      "0x000fe2000001160b",
      "0x100000000e047824",
      "0x040fe400078e00ff",
      "0x010000000e097824",
      "0x040fe400078e00ff",
      "0x0000000e0e057224",
      "0x000fe200078e0208",
      "0x0000000f04087212",
      "0x000fe400078efcff",
      "0xf000000010047812",
      "0x000fc400078ef809",
      "0x0000000706097812",
      "0x000fe200078ec0ff",
      "0x0000009000000947",
      "0x000fea0003800000",
      "0x000000ff0b00720c",
      "0x000fe40003f05270",
      "0x00000008090e7812",
      "0x000fc800078efcff",
      "0x0000000e090e7207",
      "0x000fc80004000000",
      "0x000000030e097812",
      "0x000fc800078ec0ff",
      "0x000000030900780c",
      "0x000fe40003f05270",
      "0x00000001ff097819",
      "0x000fc8000001160e",
      "0x00000001090e7810",
      "0x000fce0007ffe0ff",
      "0x000000ffff0e0224",
      "0x000fe200078e0209",
      "0x0000003000007947",
      "0x000fea0003800000",
      "0x00000008090e7812",
      "0x000fe400078efcff",
      "0xfffffffe0b0b7810",
      "0x000fc80007ffe0ff",
      "0x0000000b0e0e7219",
      "0x000fe400000006ff",
      "0x0000000000007941",
      "0x000fea0003800000",
      "0x00000008ff097819",
      "0x000fe20000011606",
      "0x0000012000007945",
      "0x000fe60003800000",
      "0x0000001f090b7812",
      "0x040fe400078ec0ff",
      "0x0000000709097812",
      "0x000fe400078ec0ff",
      "0x0000000f0b00780c",
      "0x000fe40003f04070",
      "0x00000003ff0b7819",
      "0x000fd6000001160b",
      "0x0000009000000947",
      "0x000fea0003800000",
      "0x000000ff0b00720c",
      "0x000fe40003f05270",
      "0x0000000809107812",
      "0x000fc800078efcff",
      "0x0000001009107207",
      "0x000fc80004000000",
      "0x0000000310097812",
      "0x000fe400078ec0ff",
      "0x00000001ff107819",
      "0x000fe40000011610",
      "0x000000030900780c",
      "0x000fe40003f05270",
      "0x0000000110097810",
      "0x000fd60007ffe0ff",
      "0x000000ffff090224",
      "0x000fe200078e0210",
      "0x0000003000007947",
      "0x000fea0003800000",
      "0x0000000809107812",
      "0x000fe400078efcff",
      "0xfffffffe0b0b7810",
      "0x000fc80007ffe0ff",
      "0x0000000b10097219",
      "0x000fe400000006ff",
      "0x0000000000007941",
      "0x000fea0003800000",
      "0x00000010ff0b7819",
      "0x000fe20000011606",
      "0x0000012000007945",
      "0x000fe60003800000",
      "0x0000001f0b0d7812",
      "0x040fe400078ec0ff",
      "0x000000070b0b7812",
      "0x000fe400078ec0ff",
      "0x0000000f0d00780c",
      "0x000fe40003f04070",
      "0x00000003ff0d7819",
      "0x000fd6000001160d",
      "0x0000009000000947",
      "0x000fea0003800000",
      "0x000000ff0d00720c",
      "0x000fe40003f05270",
      "0x000000080b107812",
      "0x000fc800078efcff",
      "0x000000100b107207",
      "0x000fc80004000000",
      "0x00000003100b7812",
      "0x000fe400078ec0ff",
      "0x00000001ff107819",
      "0x000fe40000011610",
      "0x000000030b00780c",
      "0x000fe40003f05270",
      "0x00000001100d7810",
      "0x000fd60007ffe0ff",
      "0x000000ffff0d0224",
      "0x000fe200078e0210",
      "0x0000003000007947",
      "0x000fea0003800000",
      "0x000000080b107812",
      "0x000fe400078efcff",
      "0xfffffffe0d0d7810",
      "0x000fc80007ffe0ff",
      "0x0000000d100d7219",
      "0x000fe400000006ff",
      "0x0000000000007941",
      "0x000fea0003800000",
      "0x0000002006ff7812",
      "0x040fe2000780c0ff",
      "0x000000ffff0b7224",
      "0x000fe200078e0a09",
      "0x0000200006ff7812",
      "0x040fe2000782c0ff",
      "0x000000ffff127224",
      "0x000fe200078e000d",
      "0x00000018ff0f7819",
      "0x000fe20000011606",
      "0x0000023000007945",
      "0x000fe20003800000",
      "0x0020000006ff7812",
      "0x000fce000784c0ff",
      "0x000000ffff0e0224",
      "0x000fe400078e0a0e",
      "0x000000ffff091224",
      "0x000fe400078e000b",
      "0x0000000e0e107224",
      "0x040fe200078e0205",
      "0x0000000f0e0b7812",
      "0x000fe200078ec0ff",
      "0x0000001009147824",
      "0x040fe200078e00ff",
      "0x00000004ff0e7819",
      "0x000fe2000001160e",
      "0x0000000909057224",
      "0x000fe200078e0210",
      "0x0000001f0f107812",
      "0x000fe200078ec0ff",
      "0x000000ffff122224",
      "0x000fe200078e0a12",
      "0x000000f0090d7812",
      "0x000fc400078ec0ff",
      "0x0000000f1000780c",
      "0x000fe20003f04070",
      "0x0000001212057224",
      "0x000fe200078e0205",
      "0x000000f014097812",
      "0x000fe200078ee20b",
      "0x0000010012147824",
      "0x040fe200078e00ff",
      "0x0000000f0d0e7812",
      "0x000fe200078ef80e",
      "0x00000010120b7824",
      "0x000fe200078e00ff",
      "0x000000070f0f7812",
      "0x000fe400078ec0ff",
      "0x00000f0014097812",
      "0x000fe400078ee209",
      "0x00000f000e127812",
      "0x000fc400078ef80b",
      "0x00000003ff107819",
      "0x000fe20000011610",
      "0x0000009000000947",
      "0x000fea0003800000",
      "0x000000ff1000720c",
      "0x000fe40003f05270",
      "0x000000080f0e7812",
      "0x000fc800078efcff",
      "0x0000000e0f0e7207",
      "0x000fc80004000000",
      "0x000000030e0b7812",
      "0x000fe400078ec0ff",
      "0x00000001ff0e7819",
      "0x000fe4000001160e",
      "0x000000030b00780c",
      "0x000fe40003f05270",
      "0x000000010e107810",
      "0x000fd60007ffe0ff",
      "0x000000ffff100224",
      "0x000fe200078e020e",
      "0x0000003000007947",
      "0x000fea0003800000",
      "0x000000080f0f7812",
      "0x000fe400078efcff",
      "0xfffffffe10107810",
      "0x000fc80007ffe0ff",
      "0x000000100f107219",
      "0x000fe400000006ff",
      "0x0000000000007941",
      "0x000fea0003800000",
      "0x2000000006ff7812",
      "0x000fe2000780c0ff",
      "0x0000018000007945",
      "0x000fe20003800000",
      "0x0000001f070d7812",
      "0x000fd600078ec0ff",
      "0x000000ffff100224",
      "0x000fe200078e0a10",
      "0x0000000f0d00780c",
      "0x000fe40003f04070",
      "0x00000003ff0d7819",
      "0x000fe2000001160d",
      "0x0000100010067824",
      "0x040fe400078e00ff",
      "0x00000100100b7824",
      "0x040fe400078e00ff",
      "0x0000001010057224",
      "0x000fe200078e0205",
      "0x0000f000090f7812",
      "0x000fe400078ef806",
      "0x0000f00012127812",
      "0x000fc400078ef80b",
      "0x0000000707067812",
      "0x000fe200078ec0ff",
      "0x0000009000000947",
      "0x000fea0003800000",
      "0x000000ff0d00720c",
      "0x000fe40003f05270",
      "0x0000000806097812",
      "0x000fc800078efcff",
      "0x0000000906097207",
      "0x000fc80004000000",
      "0x0000000309067812",
      "0x000fe400078ec0ff",
      "0x00000001ff097819",
      "0x000fe40000011609",
      "0x000000030600780c",
      "0x000fe40003f05270",
      "0x00000001090d7810",
      "0x000fd60007ffe0ff",
      "0x000000ffff0d0224",
      "0x000fe200078e0209",
      "0x0000003000007947",
      "0x000fea0003800000",
      "0x0000000806067812",
      "0x000fe400078efcff",
      "0xfffffffe0d0d7810",
      "0x000fc80007ffe0ff",
      "0x0000000d060d7219",
      "0x000fe400000006ff",
      "0x0000000000007941",
      "0x000fea0003800000",
      "0x0000002007ff7812",
      "0x000fe2000780c0ff",
      "0x000000ffff0e7224",
      "0x000fe200078e000d",
      "0x00000008ff0b7819",
      "0x000fe20000011607",
      "0x0000018000007945",
      "0x000fe60003800000",
      "0x0000001f0b0d7812",
      "0x040fe400078ec0ff",
      "0x000000070b0b7812",
      "0x000fca00078ec0ff",
      "0x000000ffff0e0224",
      "0x000fe200078e0a0e",
      "0x0000000f0d00780c",
      "0x000fe40003f04070",
      "0x00000003ff0d7819",
      "0x000fe2000001160d",
      "0x000100000e067824",
      "0x040fe400078e00ff",
      "0x000010000e097824",
      "0x040fe400078e00ff",
      "0x0000000e0e057224",
      "0x000fe200078e0205",
      "0x000f00000f067812",
      "0x000fe400078ef806",
      "0x000f000012127812",
      "0x000fc600078ef809",
      "0x0000009000000947",
      "0x000fea0003800000",
      "0x000000ff0d00720c",
      "0x000fe40003f05270",
      "0x000000080b0e7812",
      "0x000fc800078efcff",
      "0x0000000e0b0e7207",
      "0x000fc80004000000",
      "0x000000030e097812",
      "0x000fe400078ec0ff",
      "0x00000001ff0e7819",
      "0x000fe4000001160e",
      "0x000000030900780c",
      "0x000fe40003f05270",
      "0x000000010e0d7810",
      "0x000fd60007ffe0ff",
      "0x000000ffff0d0224",
      "0x000fe200078e020e",
      "0x0000003000007947",
      "0x000fea0003800000",
      "0x000000080b0e7812",
      "0x000fe400078efcff",
      "0xfffffffe0d0d7810",
      "0x000fc80007ffe0ff",
      "0x0000000d0e0d7219",
      "0x000fe400000006ff",
      "0x0000000000007941",
      "0x000fea0003800000",
      "0x0000200007ff7812",
      "0x000fe2000780c0ff",
      "0x000000ffff107224",
      "0x000fe200078e000d",
      "0x00000010ff0e7819",
      "0x000fe20000011607",
      "0x0000018000007945",
      "0x000fe60003800000",
      "0x0000001f0e0d7812",
      "0x040fe400078ec0ff",
      "0x000000070e0e7812",
      "0x000fca00078ec0ff",
      "0x000000ffff100224",
      "0x000fe200078e0a10",
      "0x0000000f0d00780c",
      "0x000fe40003f04070",
      "0x00000003ff0d7819",
      "0x000fe2000001160d",
      "0x0010000010097824",
      "0x040fe400078e00ff",
      "0x00010000100b7824",
      "0x040fe400078e00ff",
      "0x0000001010057224",
      "0x000fe200078e0205",
      "0x00f0000006067812",
      "0x000fe400078ef809",
      "0x00f0000012127812",
      "0x000fc600078ef80b",
      "0x0000009000000947",
      "0x000fea0003800000",
      "0x000000ff0d00720c",
      "0x000fe40003f05270",
      "0x000000080e097812",
      "0x000fc800078efcff",
      "0x000000090e097207",
      "0x000fc80004000000",
      "0x00000003090b7812",
      "0x000fe400078ec0ff",
      "0x00000001ff097819",
      "0x000fe40000011609",
      "0x000000030b00780c",
      "0x000fe40003f05270",
      "0x00000001090d7810",
      "0x000fd60007ffe0ff",
      "0x000000ffff0d0224",
      "0x000fe200078e0209",
      "0x0000003000007947",
      "0x000fea0003800000",
      "0x000000080e0e7812",
      "0x000fe400078efcff",
      "0xfffffffe0d0d7810",
      "0x000fc80007ffe0ff",
      "0x0000000d0e0d7219",
      "0x000fe400000006ff",
      "0x0000000000007941",
      "0x000fea0003800000",
      "0x0020000007ff7812",
      "0x000fe2000780c0ff",
      "0x000000ffff107224",
      "0x000fe200078e000d",
      "0x00000018ff0e7819",
      "0x000fe20000011607",
      "0x0000018000007945",
      "0x000fe60003800000",
      "0x0000001f0e0d7812",
      "0x040fe400078ec0ff",
      "0x000000070e0e7812",
      "0x000fca00078ec0ff",
      "0x000000ffff100224",
      "0x000fe200078e0a10",
      "0x0000000f0d00780c",
      "0x000fe40003f04070",
      "0x00000003ff0d7819",
      "0x000fe2000001160d",
      "0x0100000010097824",
      "0x040fe400078e00ff",
      "0x00100000100b7824",
      "0x040fe400078e00ff",
      "0x0000001010107224",
      "0x000fe200078e0205",
      "0x0f00000006097812",
      "0x000fe400078ef809",
      "0x0f00000012057812",
      "0x000fc600078ef80b",
      "0x0000009000000947",
      "0x000fea0003800000",
      "0x000000ff0d00720c",
      "0x000fe40003f05270",
      "0x000000080e0b7812",
      "0x000fc800078efcff",
      "0x0000000b0e0b7207",
      "0x000fc80004000000",
      "0x000000030b067812",
      "0x000fe400078ec0ff",
      "0x00000001ff0b7819",
      "0x000fe4000001160b",
      "0x000000030600780c",
      "0x000fe40003f05270",
      "0x000000010b0d7810",
      "0x000fd60007ffe0ff",
      "0x000000ffff0d0224",
      "0x000fe200078e020b",
      "0x0000003000007947",
      "0x000fea0003800000",
      "0x000000080e0e7812",
      "0x000fe400078efcff",
      "0xfffffffe0d0d7810",
      "0x000fc80007ffe0ff",
      "0x0000000d0e0d7219",
      "0x000fe400000006ff",
      "0x0000000000007941",
      "0x000fea0003800000",
      "0x2000000007ff7812",
      "0x000fe2000780c0ff",
      "0x000000ffff117224",
      "0x000fe200078e000d",
      "0x000000ff0200720c",
      "0x000fe20003f25270",
      "0x0000037000007945",
      "0x000ff40003800000",
      "0x000000ffff110224",
      "0x000fe200078e0a11",
      "0x0000001f0000780c",
      "0x000fc60003f04070",
      "0x0000001111067224",
      "0x000fe400078e0210",
      "0x00006800ff107624",
      "0x000fc600078e00ff",
      "0x08981f0006077f89",
      "0x000e2200000e0000",
      "0x0000000810107824",
      "0x000fe400078e00ff",
      "0x00000001060b7824",
      "0x001fe400078e0207",
      "0x000068000c077a24",
      "0x000fe400078e0203",
      "0x0100000011067824",
      "0x000fe200078e00ff",
      "0x08581f000b0e7f89",
      "0x000e2200000e0000",
      "0x00000008070f7824",
      "0x000fe400078e0202",
      "0x00000008ff027424",
      "0x000fe200078e00ff",
      "0xf000000005057812",
      "0x000fe200078ef806",
      "0x000000010b0d7824",
      "0x001fc400078e020e",
      "0x10000000110e7824",
      "0x000fe400078e00ff",
      "0x0000690010117a24",
      "0x000fe200078e020f",
      "0x08381f000d127f89",
      "0x000e2400000e0000",
      "0x000000090e097212",
      "0x000fe200078efcff",
      "0x000062000f0e7625",
      "0x000fc800078e0002",
      "0x0000620011107625",
      "0x000fe200078e0002",
      "0x000000080e007986",
      "0x0003e8000c101b04",
      "0x0000000410007986",
      "0x0003e2000c101b04",
      "0x000000010d137824",
      "0x001fe200078e0212",
      "0x000001e000001947",
      "0x000fea0003800000",
      "0x00005a000a087a10",
      "0x002fe20007f3e0ff",
      "0x00000004ff0f7424",
      "0x000fc800078e00ff",
      "0x000066000a0a7625",
      "0x000fc800078e000f",
      "0x00005b00ff097624",
      "0x000fe200008e06ff",
      "0x000000130a007986",
      "0x0001ea000c101904",
      "0x0000000408097981",
      "0x000ea2000c1e1100",
      "0x00005d00ff057624",
      "0x000fe400078e00ff",
      "0x00005c00ff047624",
      "0x000fca00078e00ff",
      "0x0000000404057981",
      "0x0002e2000c1e1900",
      "0x000000000000781c",
      "0x000fc60003f6e170",
      "0x000000130c007388",
      "0x0009e20000004800",
      "0x0000007809ff7812",
      "0x004fc6000782c0ff",
      "0x000080090c007388",
      "0x0009e20000004800",
      "0x00000007090d7812",
      "0x000fd200078ec0ff",
      "0x0000000d000e9306",
      "0x000e620000201000",
      "0x0000008009ff9812",
      "0x040fe2000784c0ff",
      "0x0100000009061824",
      "0x000fc600078e00ff",
      "0x000000000000981c",
      "0x000fe4000176f070",
      "0x80000000060a1812",
      "0x001fe400078ec0ff",
      "0x0000007809067812",
      "0x000fc600078ec0ff",
      "0x001000000d0b1824",
      "0x000fe200078e020a",
      "0x3c00000006061811",
      "0x000fe200078ea0ff",
      "0x3b0000000e049820",
      "0x002fc80000400000",
      "0xbb0000000e043820",
      "0x000fe40000400000",
      "0x0000000106061824",
      "0x000fe400078e020b",
      "0x000000ffff069224",
      "0x000fc800078e0004",
      "0x0000000605067220",
      "0x008fe40000400000",
      "0x0000640007047625",
      "0x000fc800078e000f",
      "0x3e80000006077820",
      "0x000fca0000400000",
      "0x0000000704007986",
      "0x0009e4000c101904",
      "0x0000000000007941",
      "0x000fea0003800000",
      "0x0000000000007b1d",
      "0x000fec0000010000",
      "0x000000000000094d",
      "0x000fea0003800000",
      "0x00008000000e7984",
      "0x002e240000004800",
      "0x00000003ff047819",
      "0x011fe4000001160e",
      "0x000000070e057812",
      "0x000fc400078ec0ff",
      "0x000000ff0400720c",
      "0x040fe40003f05270",
      "0xfffffff604047810",
      "0x000fc80007ffe0ff",
      "0xfffffff704067807",
      "0x000fce0000000000",
      "0x0000000805050812",
      "0x000fc800078efcff",
      "0x0000000500077301",
      "0x000e220000000000",
      "0x000000ff0500720c",
      "0x000fce0003f25270",
      "0x0000000700087300",
      "0x001e2400000e0400",
      "0x000000ff08097207",
      "0x001fe40000800000",
      "0x00000008ff047219",
      "0x000fc60000011605",
      "0x0000000106067824",
      "0x000fe200078e0209",
      "0x000000ff0400720c",
      "0x000fc80003f45270",
      "0x7fffffff06087807",
      "0x000fca0001000000",
      "0x0a001f0008097f89",
      "0x000e2800000e0000",
      "0x000000ffff0f2224",
      "0x000fe400078e0004",
      "0x000000ffff0fa224",
      "0x000fe200078e00ff",
      "0x0000000908097217",
      "0x001fca0003800200",
      "0x09001f00090a7f89",
      "0x000e2400000e0000",
      "0x0000000a090a7217",
      "0x001fe20003800200",
      "0x7fffffffff092424",
      "0x000fc800078e00ff",
      "0x08801f000a057f89",
      "0x000e2400000e0000",
      "0x000000050a077217",
      "0x001fca0003800200",
      "0x08401f00070c7f89",
      "0x000e2400000e0000",
      "0x0000000c070c7217",
      "0x001fe40003800200",
      "0x0000001fff072819",
      "0x000fc60000011404",
      "0x08201f000c057f89",
      "0x000e2400000e0000",
      "0x000000050c0b7217",
      "0x001fe20003800200",
      "0x00006a00ff057624",
      "0x000fca00078e00ff",
      "0x00001fff0b0b7589",
      "0x000e2400000e0000",
      "0x7fffffff0b00780c",
      "0x001fc80003f05270",
      "0x000000ff0b0d7207",
      "0x000fca0000000000",
      "0x0000000106087824",
      "0x000fe200078e0a0d",
      "0x00000017ff067819",
      "0x000fc80000011605",
      "0x0000000809092219",
      "0x000fe400000012ff",
      "0x000000ff060a7812",
      "0x000fe4000782c0ff",
      "0x000000040900220c",
      "0x000fe40003f06070",
      "0x00006a00ff007a0c",
      "0x000fe20004f24670",
      "0x000000010d067824",
      "0x000fe200078e020a",
      "0x00000007ff00220c",
      "0x000fe40003f06100",
      "0x000000ff0a00780c",
      "0x000fc40000f22670",
      "0x0000001e0800280c",
      "0x000fe40004704670",
      "0xffffffff06077810",
      "0x000fe40007ffe0ff",
      "0x00000001ff092807",
      "0x000fe40004000000",
      "0x000000fd0700780c",
      "0x000fe40000f24470",
      "0x00007610ff09a816",
      "0x000fe40000000009",
      "0x000000df0600780c",
      "0x000fc40000f24670",
      "0x00009910090d7816",
      "0x000fe400000000ff",
      "0x0000007e0e00780c",
      "0x000fe40003f04070",
      "0x000000ff0d00720c",
      "0x000fe40000f25670",
      "0x00000001ff0a7807",
      "0x000fe40004000000",
      "0x00000001ff077807",
      "0x000fe40004800000",
      "0x0000000a090a7212",
      "0x000fc400078efcff",
      "0x00000002070b7807",
      "0x000fe40004000000",
      "0x000099100a077816",
      "0x000fe400000000ff",
      "0x000000ff0d00720c",
      "0x000fe20003f25270",
      "0x0a001f000b0c7f89",
      "0x000e2200000e0000",
      "0x000000ff0700720c",
      "0x000fe40003f05270",
      "0x000000080f077219",
      "0x000fe400000006ff",
      "0x000000ff0400720c",
      "0x000fc40004705270",
      "0x0000ffff09087812",
      "0x000fe400078ec0ff",
      "0x000000ff07077207",
      "0x000fc80000000000",
      "0x7fffffff070e7807",
      "0x000fca0004800000",
      "0x0a001f000e0d7f89",
      "0x000e6200000e0000",
      "0x0000000c0b0c7217",
      "0x001fc60007800000",
      "0x0a001f00080b7f89",
      "0x000e2800000e0000",
      "0x09001f000c097f89",
      "0x000ea200000e0000",
      "0x0000000d0e0f7217",
      "0x002fca0007800000",
      "0x09001f000f107f89",
      "0x000e6200000e0000",
      "0x0000000b080a7217",
      "0x001fe40007800000",
      "0x000000090c097217",
      "0x004fc60007800000",
      "0x09001f000a0b7f89",
      "0x000e2800000e0000",
      "0x08801f0009047f89",
      "0x000ea200000e0000",
      "0x000000100f107217",
      "0x002fca0007800000",
      "0x08801f0010117f89",
      "0x000e6200000e0000",
      "0x0000000b0a0d7217",
      "0x001fe40007800000",
      "0x0000000409047217",
      "0x004fc60007800000",
      "0x08801f000d087f89",
      "0x000e2800000e0000",
      "0x08401f00040b7f89",
      "0x000ea200000e0000",
      "0x0000001110117217",
      "0x002fca0007800000",
      "0x08401f00110a7f89",
      "0x000e6200000e0000",
      "0x000000080d0c7217",
      "0x001fe40007800000",
      "0x0000000b040b7217",
      "0x004fc60007800000",
      "0x08401f000c097f89",
      "0x000e2800000e0000",
      "0x08201f000b087f89",
      "0x000ea200000e0000",
      "0x0000000a110e7217",
      "0x002fca0007800000",
      "0x08201f000e0d7f89",
      "0x000e6200000e0000",
      "0x000000090c097217",
      "0x001fe40007800000",
      "0x000000080b087217",
      "0x004fc60007800000",
      "0x08201f00090a7f89",
      "0x000e2800000e0000",
      "0x00001fff08047589",
      "0x000ea200000e0000",
      "0x0000000d0e0b7217",
      "0x002fe40007800000",
      "0x00000000000c7805",
      "0x000fc8000001ff00",
      "0x00001fff0b0b7589",
      "0x000e6200000e0000",
      "0x0000000a090a7217",
      "0x001fe40007800000",
      "0x000000020400780c",
      "0x004fc80003f25270",
      "0x00001fff0a0a7589",
      "0x000e3200000e0000",
      "0x000000f000009947",
      "0x000fea0003800000",
      "0x00000000000d7984",
      "0x000ea20000004800",
      "0x0000000707087225",
      "0x000fcc00078e00ff",
      "0x0000000d090e7225",
      "0x004fc800078e00ff",
      "0x0000000d080c7225",
      "0x000fc800078e00ff",
      "0x00000008ff0e7225",
      "0x000fc8000780000e",
      "0x000000ffff117224",
      "0x000fe200000e06ff",
      "0x0000000e0d0d7210",
      "0x000fe20007f5e0ff",
      "0x000000ffff107224",
      "0x000fe200078e000f",
      "0x000000020c00780c",
      "0x000fc60003f04070",
      "0x00000009ff087225",
      "0x000fe200010e0410",
      "0x3fffffff0d00780c",
      "0x000fc80003f04100",
      "0x000000ff0800720c",
      "0x000fc80003f45070",
      "0x000000ff0900720c",
      "0x000fc80000705720",
      "0x000000020c0c7807",
      "0x000fe40004000000",
      "0x3fffffff0d0d7807",
      "0x000fc60004000000",
      "0x0a001f000c097f89",
      "0x000ea200000e0000",
      "0x000000ff0400720c",
      "0x000fc60003f45270",
      "0x0a001f000d087f89",
      "0x000ee200000e0000",
      "0x000000ff07077207",
      "0x000fe40005000000",
      "0x0000000c09097210",
      "0x004fca0007f1e0ff",
      "0x0000000108087824",
      "0x008fe200000e060d",
      "0x000000020900780c",
      "0x000fc80003f01070",
      "0x3fffffff0800780c",
      "0x000fc80003f01100",
      "0x00000002090e7807",
      "0x000fe40000000000",
      "0x3fffffff080f7807",
      "0x000fc60000000000",
      "0x09001f000e097f89",
      "0x000ea800000e0000",
      "0x09001f000f087f89",
      "0x000ee200000e0000",
      "0x0000000e09097210",
      "0x004fca0007f1e0ff",
      "0x0000000108087824",
      "0x008fe200000e060f",
      "0x000000020900780c",
      "0x000fc80003f01070",
      "0x3fffffff0800780c",
      "0x000fc80003f01100",
      "0x00000002090c7807",
      "0x000fe40000000000",
      "0x3fffffff080d7807",
      "0x000fc60000000000",
      "0x08801f000c097f89",
      "0x000ea800000e0000",
      "0x08801f000d087f89",
      "0x000ee200000e0000",
      "0x0000000c09097210",
      "0x004fe20007f1e0ff",
      "0x00000004ff0c7424",
      "0x000fc800078e00ff",
      "0x0000000108087824",
      "0x008fe200000e060d",
      "0x000000020900780c",
      "0x000fc80003f01070",
      "0x3fffffff0800780c",
      "0x000fc80003f01100",
      "0x0000000209127807",
      "0x000fe40000000000",
      "0x3fffffff08117807",
      "0x000fc60000000000",
      "0x08401f0012097f89",
      "0x000ea800000e0000",
      "0x08401f0011087f89",
      "0x000ee200000e0000",
      "0x0000001209097210",
      "0x004fca0007f1e0ff",
      "0x0000000108087824",
      "0x008fe200000e0611",
      "0x000000020900780c",
      "0x000fc80003f01070",
      "0x3fffffff0800780c",
      "0x000fc80003f01100",
      "0x00000002090f7807",
      "0x000fe20000000000",
      "0x0000680000097a24",
      "0x000fe200078e0203",
      "0x3fffffff08107807",
      "0x000fe40000000000",
      "0x000000ff0000720c",
      "0x000fe20003f05270",
      "0x08201f000f0e7f89",
      "0x000ea200000e0000",
      "0x00006c0009087625",
      "0x000fc600078e000c",
      "0x08201f00100d7f89",
      "0x000ee800000e0000",
      "0x0000000708007986",
      "0x0009e2000c101904",
      "0x0000000f0e0e7210",
      "0x004fca0007f7e0ff",
      "0x000000010d0d7824",
      "0x008fe200018e0610",
      "0x000000000000094d",
      "0x000fee0003800000",
      "0x000000020e00780c",
      "0x010fe20003f06070",
      "0x0080000006067824",
      "0x000fe200078e00ff",
      "0x000000ff0b0f7207",
      "0x002fe20000800000",
      "0x0000740003087625",
      "0x080fe200078e000c",
      "0x3fffffff0d00780c",
      "0x000fe40003f06100",
      "0x807fffff06057812",
      "0x000fe200078ef805",
      "0x00006e0003067625",
      "0x000fe200078e000c",
      "0x000000ff0a00720c",
      "0x001fe40004702270",
      "0x3f80000005057808",
      "0x000fc40005000000",
      "0x000000020e0a7807",
      "0x000fe40000000000",
      "0x3fffffff0d007807",
      "0x000fe20000000000",
      "0x00007200030c7625",
      "0x040fe200078e000c",
      "0x000000ff0a0a7207",
      "0x000fe20000800000",
      "0x0000000506007986",
      "0x000fe2000c101904",
      "0x000000ff000b7207",
      "0x000fe20000800000",
      "0x0000700003027625",
      "0x000fe400078e0002",
      "0x0000000408007986",
      "0x000fe8000c101904",
      "0x0000000f0c007986",
      "0x000fe8000c101904",
      "0x0000000a02007986",
      "0x000fe2000c101b04",
      "0x000000000000794d",
      "0x000fea0003800000",
      "0xfffffff000007947",
      "0x000fc0000383ffff",
      "0x0000000000007918",
      "0x000fc00000000000",
      "0x0000000000007918",
      "0x000fc00000000000",
      "0x0000000000007918",
      "0x000fc00000000000",
      "0x0000000000007918",
      "0x000fc00000000000",
      "0x0000000000007918",
      "0x000fc00000000000",
      "0x0000000000007918",
      "0x000fc00000000000",
      "0x0000000000007918",
      "0x000fc00000000000",
      "0x0000000000007918",
      "0x000fc00000000000",
      "0x0000000000007918",
      "0x000fc00000000000",
      "0x0000000000007918",
      "0x000fc00000000000",
      "0x0000000000007918",
      "0x000fc00000000000",
      "0x0000000000007918",
      "0x000fc00000000000",
      "0x0000000000007918",
      "0x000fc00000000000",
      "0x0000000000007918",
      "0x000fc00000000000",
      "0x0000000000007918",
      "0x000fc00000000000"
    ],
    "opcode_counts": {
      "IMAD.MOV.U32": 25,
      "S2R": 2,
      "ISETP.GE.U32.AND": 3,
      "EXIT": 4,
      "ULDC.64": 1,
      "SHF.R.U32.HI": 50,
      "LOP3.LUT": 141,
      "IMAD": 22,
      "IMAD.SHL.U32": 26,
      "IMAD.WIDE.U32": 14,
      "LDG.E.128": 1,
      "BSSY": 17,
      "ISETP.GT.U32.AND": 19,
      "BRA": 35,
      "ISETP.NE.AND": 43,
      "SEL": 42,
      "IADD3": 41,
      "IMAD.MOV": 32,
      "SHF.L.U32": 17,
      "BSYNC": 17,
      "IMAD.U32": 4,
      "SHFL.DOWN": 33,
      "IMAD.IADD": 7,
      "STG.E.64": 3,
      "IMAD.X": 7,
      "STG.E": 6,
      "LDG.E.U8": 1,
      "LDG.E": 1,
      "PLOP3.LUT": 2,
      "STS": 2,
      "I2F.U32": 1,
      "LEA": 1,
      "FMUL": 4,
      "BAR.SYNC.DEFER_BLOCKING": 1,
      "LDS": 2,
      "BREV": 1,
      "FLO.U32.SH": 1,
      "IMNMX": 5,
      "SHF.R.S32.HI": 1,
      "SHFL.IDX": 4,
      "SHF.R.U64": 1,
      "ISETP.GT.OR": 3,
      "ISETP.GE.U32.AND.EX": 2,
      "ISETP.EQ.OR": 1,
      "ISETP.GT.U32.OR": 1,
      "PRMT": 3,
      "ISETP.NE.OR": 1,
      "IMNMX.U32": 15,
      "CS2R": 1,
      "IMAD.WIDE.U32.X": 1,
      "ISETP.GT.U32.AND.EX": 1,
      "ISETP.NE.U32.AND": 1,
      "ISETP.NE.OR.EX": 1,
      "ISETP.LT.U32.AND": 4,
      "ISETP.LT.U32.AND.EX": 4,
      "ISETP.EQ.AND": 1,
      "FSEL": 1,
      "NOP": 15
    },
    "instructions": 696
  },
  "candidate": {
    "symbol": "_ZN18nv6_row_swar_probe30adangel_sm80_nv6_swar_metadataILN23adangel_sm80_experiment17GroupedSourceKindE3ELi16EEEvPKhS4_PKfS4_S4_PhPfPjjjfPiS8_PmSA_S9_",
    "registers": 29,
    "stack": 0,
    "shared": 256,
    "local": 0,
    "encoded_words": [
      "0x00000a00ff017624",
      "0x000fe400078e00ff",
      "0x0000000000007919",
      "0x000e240000002500",
      "0x0000680000007a0c",
      "0x001fda0003f06070",
      "0x000000000000094d",
      "0x000fea0003800000",
      "0x0000000000037919",
      "0x000e220000002100",
      "0x00000010ff057424",
      "0x000fe200078e00ff",
      "0x0000460000047ab9",
      "0x000fe20000000a00",
      "0x00000003ff097819",
      "0x001fe40000011603",
      "0x0000000703087812",
      "0x000fc600078ec0ff",
      "0x0000690000027a24",
      "0x000fc800078e0209",
      "0x0000000802077824",
      "0x000fca00078e00ff",
      "0xfffffff807047812",
      "0x000fca00078ee208",
      "0x0000580004047625",
      "0x000fcc00078e0005",
      "0x0000000404047981",
      "0x000ea2000c1e1d00",
      "0x000000ff0800720c",
      "0x000fe20003f25270",
      "0x00000c6000007945",
      "0x000fe20003800000",
      "0x0000001f0300780c",
      "0x000fe40003f04070",
      "0x00000001ff0b7819",
      "0x004fe20000011604",
      "0x0000000206177824",
      "0x000fe200078e00ff",
      "0x00000001ff0c7819",
      "0x000fe40000011605",
      "0x070707070b0d7812",
      "0x000fe400078ec0ff",
      "0x01010101040a7812",
      "0x000fc400078e800b",
      "0x070707070c0b7812",
      "0x000fe400078ec0ff",
      "0x01010101050c7812",
      "0x000fe200078e800c",
      "0x000000010d0d7824",
      "0x000fe200078e020a",
      "0x00000003ff0a7819",
      "0x000fe40000011604",
      "0x00000001ff0e7819",
      "0x000fe20000011607",
      "0x000000010b0c7824",
      "0x000fe200078e020c",
      "0x00000001ff0f7819",
      "0x000fe20000011606",
      "0x00000002040b7824",
      "0x000fe200078e00ff",
      "0x010101010a0a7812",
      "0x000fc400078ec0ff",
      "0x070707070e127812",
      "0x000fe400078ec0ff",
      "0x0101010107157812",
      "0x000fe200078e800e",
      "0x000000ff0a0e7824",
      "0x000fe200078e02ff",
      "0x070707070f107812",
      "0x000fe400078ec0ff",
      "0x0101010106137812",
      "0x000fe400078e800f",
      "0x0e0e0e0e0b117812",
      "0x000fe200078ec0ff",
      "0x00000001120b7824",
      "0x000fe200078e0215",
      "0x00000003ff127819",
      "0x000fe20000011605",
      "0x00000001100a7824",
      "0x000fe200078e0213",
      "0x00000004ff107819",
      "0x000fe20000011604",
      "0x0000000205137824",
      "0x000fe200078e00ff",
      "0x07070707040f7812",
      "0x000fc400078ec0ff",
      "0x00000003ff147819",
      "0x000fe40000011606",
      "0x0101010112127812",
      "0x000fe400078ec0ff",
      "0x0101010110107812",
      "0x000fe400078ec0ff",
      "0x080808080e0f7812",
      "0x000fe200078e0e0f",
      "0x000000ff12127824",
      "0x000fe200078e02ff",
      "0x0101010114147812",
      "0x000fe200078ec0ff",
      "0x000000ff10107824",
      "0x000fe200078e02ff",
      "0x101010100e0e7812",
      "0x000fc400078ee011",
      "0x0707070705117812",
      "0x000fe200078ec0ff",
      "0x000000ff14167824",
      "0x000fe200078e02ff",
      "0x0e0e0e0e13137812",
      "0x000fe400078ec0ff",
      "0x0707070706157812",
      "0x000fe400078ec0ff",
      "0x0808080812117812",
      "0x040fe400078e0e11",
      "0x1010101012147812",
      "0x000fe400078ee013",
      "0x0e0e0e0e17177812",
      "0x000fc400078ec0ff",
      "0x0000000f10137212",
      "0x000fe400078ee00e",
      "0x00000003ff127819",
      "0x000fe40000011607",
      "0x00000004ff0e7819",
      "0x000fe40000011605",
      "0x0808080816157812",
      "0x040fe400078e0e15",
      "0x1010101016167812",
      "0x000fe200078ee017",
      "0x0000000207177824",
      "0x000fe200078e00ff",
      "0x00000004ff187819",
      "0x000fc40000011607",
      "0x0101010112127812",
      "0x000fe400078ec0ff",
      "0x010101010e0e7812",
      "0x000fe400078ec0ff",
      "0x0101010118187812",
      "0x000fe200078ec0ff",
      "0x000000ff121a7824",
      "0x000fe200078e02ff",
      "0x00000004ff0f7819",
      "0x000fe20000011606",
      "0x000000ff0e127824",
      "0x000fe200078e02ff",
      "0x0e0e0e0e17177812",
      "0x000fe200078ec0ff",
      "0x000000ff180e7824",
      "0x000fe200078e02ff",
      "0x010101010f0f7812",
      "0x000fc400078ec0ff",
      "0x101010101a187812",
      "0x000fe400078ee017",
      "0x0000001112177212",
      "0x000fe200078ee014",
      "0x000000ff0f0f7824",
      "0x000fe200078e02ff",
      "0x00000005ff147819",
      "0x000fe20000011604",
      "0x0000000404047824",
      "0x000fe200078e00ff",
      "0x0000000d13137212",
      "0x000fe400078ef410",
      "0x0707070707197812",
      "0x000fe400078ec0ff",
      "0x00000005ff107819",
      "0x000fc40000011605",
      "0x01010101140d7812",
      "0x000fe400078ec0ff",
      "0x0000000c17127212",
      "0x000fe400078ef412",
      "0x080808081a197812",
      "0x000fe400078e0e19",
      "0x000000150f157212",
      "0x000fe400078ee016",
      "0x01010101100c7812",
      "0x000fe200078ec0ff",
      "0x0000007f0d107824",
      "0x000fe200078e02ff",
      "0x00000005ff147819",
      "0x000fe20000011606",
      "0x0000000406067824",
      "0x000fe200078e00ff",
      "0x000000190e117212",
      "0x000fc400078ee018",
      "0x0000000a150a7212",
      "0x000fe200078ef40f",
      "0x0000007f0c157824",
      "0x000fe200078e02ff",
      "0x00000005ff167819",
      "0x000fe20000011607",
      "0x0000000407077824",
      "0x000fe200078e00ff",
      "0x01010101140f7812",
      "0x000fe400078ec0ff",
      "0x0000001013107212",
      "0x000fe400078e3cff",
      "0x0000000b11117212",
      "0x000fe200078ef40e",
      "0x0000007f0f137824",
      "0x000fe200078e02ff",
      "0x01010101160e7812",
      "0x000fe200078ec0ff",
      "0x000000010d0d7824",
      "0x000fe200078e0210",
      "0x00000015120b7212",
      "0x000fe200078e3cff",
      "0x00006800ff157624",
      "0x000fe200078e00ff",
      "0x000000130a107212",
      "0x000fe200078e3cff",
      "0x0000007f0e127824",
      "0x000fe200078e02ff",
      "0x808080800d0a7812",
      "0x040fe200078e7804",
      "0x000000010c0b7824",
      "0x000fe200078e020b",
      "0x0f0f0f0f0d0d7812",
      "0x000fe200078ec0ff",
      "0x00000004050c7824",
      "0x000fe200078e00ff",
      "0x0000001211117212",
      "0x000fe200078e3cff",
      "0x000000010f0f7824",
      "0x000fe200078e0210",
      "0x0000000d0d0d7211",
      "0x000fe200078fe0ff",
      "0x0000000a0a047226",
      "0x000fe200000006ff",
      "0x808080800b057812",
      "0x000fe200078e780c",
      "0x000000010e0e7824",
      "0x000fe200078e0211",
      "0x808080800f067812",
      "0x000fe200078e7806",
      "0x0000000815157824",
      "0x000fe200078e00ff",
      "0x00ff00000d107812",
      "0x000fe200078ec0ff",
      "0x0000000505117226",
      "0x000fe20000000604",
      "0x808080800e077812",
      "0x000fc400078e7807",
      "0x000000ff0d0d7812",
      "0x000fe200078ec0ff",
      "0x0000000606047226",
      "0x000fe20000000611",
      "0x0f0f0f0f0f0f7812",
      "0x000fe400078ec0ff",
      "0x00000004ff0a7819",
      "0x000fe2000001160a",
      "0x0000000707127226",
      "0x000fe20000000604",
      "0x00000004ff067819",
      "0x000fe20000011606",
      "0x0000680009047a24",
      "0x000fe200078e0200",
      "0x00000004ff077819",
      "0x000fe40000011607",
      "0x08981f0012117f89",
      "0x000e2200000e0000",
      "0x0000000804137824",
      "0x000fe200078e00ff",
      "0x0f0f0f0f06067812",
      "0x000fc800078ec0ff",
      "0xfffffff813087812",
      "0x000fe200078ee208",
      "0x00000001120c7824",
      "0x001fe200078e0211",
      "0x0f0f0f0f0b117812",
      "0x000fe400078ec0ff",
      "0x0000000d100b7211",
      "0x000fe400078fc0ff",
      "0x0f0f0f0f0e107812",
      "0x000fe200078ec0ff",
      "0x08581f000c0d7f89",
      "0x000e2200000e0000",
      "0x0000001111117211",
      "0x000fe400078fe0ff",
      "0x0000000f0f0e7211",
      "0x000fc400078fe0ff",
      "0x0000001010137211",
      "0x000fe400078fe0ff",
      "0x00ff0000110f7812",
      "0x040fe400078ec0ff",
      "0x000000ff11107812",
      "0x000fe400078ec0ff",
      "0x00ff00000e117812",
      "0x040fe400078ec0ff",
      "0x000000ff0e127812",
      "0x000fe400078ec0ff",
      "0x0f0f0f0f0a0e7812",
      "0x000fc400078ec0ff",
      "0x000000100f0a7211",
      "0x000fe400078fc0ff",
      "0x0000000e0e107211",
      "0x000fe400078fe0ff",
      "0x00000012110f7211",
      "0x000fe400078fc0ff",
      "0x00000004ff117819",
      "0x000fe20000011605",
      "0x000000010c0d7824",
      "0x001fe200078e020d",
      "0x00ff000010057812",
      "0x040fe400078ec0ff",
      "0x000000ff10107812",
      "0x000fc400078ec0ff",
      "0x00ff000013147812",
      "0x040fe200078ec0ff",
      "0x08381f000d0c7f89",
      "0x000e2200000e0000",
      "0x000000ff13137812",
      "0x000fe400078ec0ff",
      "0x0000001005107211",
      "0x000fe400078fc0ff",
      "0x0f0f0f0f11117812",
      "0x000fe400078ec0ff",
      "0x0f0f0f0f07057812",
      "0x000fe400078ec0ff",
      "0x00000013140e7211",
      "0x000fc400078fc0ff",
      "0x0000000606077211",
      "0x000fe400078fe0ff",
      "0x0000001111117211",
      "0x000fe400078fe0ff",
      "0x0000000505137211",
      "0x000fe400078fe0ff",
      "0x00ff000007127812",
      "0x000fe400078ec0ff",
      "0x00ff000011057812",
      "0x040fe400078ec0ff",
      "0x000000ff11067812",
      "0x000fc400078ec0ff",
      "0x000000ff07077812",
      "0x000fe400078ec0ff",
      "0x00ff000013147812",
      "0x040fe400078ec0ff",
      "0x000000ff13137812",
      "0x000fe400078ec0ff",
      "0x0000000605117211",
      "0x000fe200078fc0ff",
      "0x00000008ff057424",
      "0x000fe200078e00ff",
      "0x0000000712127211",
      "0x000fe200078fc0ff",
      "0x000100000e077824",
      "0x000fe200078e020f",
      "0x0000001314137211",
      "0x000fe200078fc0ff",
      "0x00006900150e7a24",
      "0x000fc400078e0208",
      "0x000100000a067824",
      "0x000fe400078e020b",
      "0x0001000011107824",
      "0x000fe400078e0210",
      "0x00006200080a7625",
      "0x000fc800078e0005",
      "0x0001000013117824",
      "0x000fe200078e0212",
      "0x000000060a007986",
      "0x0003e2000c101b04",
      "0x000062000e0e7625",
      "0x000fc800078e0005",
      "0x000000010d087824",
      "0x001fe200078e020c",
      "0x000000100e007986",
      "0x0003e2000c101b04",
      "0x000001e000001947",
      "0x000fea0003800000",
      "0x00000004ff117424",
      "0x002fe200078e00ff",
      "0x00005a00020c7a10",
      "0x000fc60007f3e0ff",
      "0x0000660002067625",
      "0x000fc800078e0011",
      "0x00005b00ff0d7624",
      "0x000fe200008e06ff",
      "0x0000000806007986",
      "0x0001e8000c101904",
      "0x000000040c0c7981",
      "0x000ea2000c1e1100",
      "0x00005d00ff0b7624",
      "0x000fe400078e00ff",
      "0x00005c00ff0a7624",
      "0x000fca00078e00ff",
      "0x000000040a0b7981",
      "0x000ee2000c1e1900",
      "0x000000000000781c",
      "0x000fc60003f6e170",
      "0x0000000809007388",
      "0x0003e20000004800",
      "0x000000780cff7812",
      "0x004fc6000782c0ff",
      "0x0000800c09007388",
      "0x0003e20000004800",
      "0x000000070c0e7812",
      "0x000fd200078ec0ff",
      "0x0000000e000f9306",
      "0x000ea20000201000",
      "0x000000800cff9812",
      "0x040fe2000784c0ff",
      "0x010000000c021824",
      "0x000fc600078e00ff",
      "0x000000000000981c",
      "0x000fe4000176f070",
      "0x8000000002071812",
      "0x001fe400078ec0ff",
      "0x000000780c027812",
      "0x000fc600078ec0ff",
      "0x001000000e071824",
      "0x000fe200078e0207",
      "0x3c00000002021811",
      "0x000fe200078ea0ff",
      "0x3b0000000f069820",
      "0x004fc80000400000",
      "0xbb0000000f063820",
      "0x000fe40000400000",
      "0x0000000102021824",
      "0x000fe400078e0207",
      "0x000000ffff029224",
      "0x000fe400078e0006",
      "0x0000640004067625",
      "0x000fc800078e0011",
      "0x000000020b027220",
      "0x008fc80000400000",
      "0x3e800000020b7820",
      "0x000fca0000400000",
      "0x0000000b06007986",
      "0x0003e4000c101904",
      "0x0000000000007941",
      "0x000fea0003800000",
      "0x0000000000007b1d",
      "0x000fec0000010000",
      "0x000000000000094d",
      "0x000fea0003800000",
      "0x00008000030c7984",
      "0x002e240000004800",
      "0x00000003ff027819",
      "0x001fe4000001160c",
      "0x000000070c047812",
      "0x000fc400078ec0ff",
      "0x000000ff0200720c",
      "0x040fe40003f05270",
      "0xfffffff602027810",
      "0x000fc80007ffe0ff",
      "0xfffffff702067807",
      "0x000fce0000000000",
      "0x0000000804040812",
      "0x000fc800078efcff",
      "0x0000000400077301",
      "0x000e220000000000",
      "0x000000ff0400720c",
      "0x000fce0003f25270",
      "0x0000000700077300",
      "0x001e2400000e0400",
      "0x000000ff07097207",
      "0x001fe40000800000",
      "0x00000007ff027219",
      "0x000fc60000011604",
      "0x0000000106067824",
      "0x000fe200078e0209",
      "0x000000ff0200720c",
      "0x000fc80003f45270",
      "0x7fffffff06087807",
      "0x000fca0001000000",
      "0x0a001f0008097f89",
      "0x000e2800000e0000",
      "0x000000ffff0f2224",
      "0x000fe400078e0002",
      "0x000000ffff0fa224",
      "0x000fe200078e00ff",
      "0x0000000908097217",
      "0x001fca0003800200",
      "0x09001f0009047f89",
      "0x000e2400000e0000",
      "0x0000000409047217",
      "0x001fe20003800200",
      "0x7fffffffff092424",
      "0x000fc800078e00ff",
      "0x08801f0004077f89",
      "0x000e2400000e0000",
      "0x0000000704077217",
      "0x001fe20003800200",
      "0x00006a00ff047624",
      "0x000fc800078e00ff",
      "0x08401f00070a7f89",
      "0x000e2400000e0000",
      "0x0000000a070a7217",
      "0x001fe40003800200",
      "0x0000001fff072819",
      "0x000fc60000011402",
      "0x08201f000a0b7f89",
      "0x000e2400000e0000",
      "0x0000000b0a0b7217",
      "0x001fcc0003800200",
      "0x00001fff0b0b7589",
      "0x000e2400000e0000",
      "0x7fffffff0b00780c",
      "0x001fc80003f05270",
      "0x000000ff0b0d7207",
      "0x000fca0000000000",
      "0x0000000106087824",
      "0x000fe200078e0a0d",
      "0x00000017ff067819",
      "0x000fc80000011604",
      "0x0000000809092219",
      "0x000fe400000012ff",
      "0x000000ff060a7812",
      "0x000fe4000782c0ff",
      "0x000000020900220c",
      "0x000fe40003f06070",
      "0x00006a00ff007a0c",
      "0x000fe20004f24670",
      "0x000000010d067824",
      "0x000fe200078e020a",
      "0x00000007ff00220c",
      "0x000fe40003f06100",
      "0x000000ff0a00780c",
      "0x000fc40000f22670",
      "0x0000001e0800280c",
      "0x000fe40004704670",
      "0xffffffff06077810",
      "0x000fe40007ffe0ff",
      "0x00000001ff092807",
      "0x000fe40004000000",
      "0x000000fd0700780c",
      "0x000fe40000f24470",
      "0x00007610ff09a816",
      "0x000fe40000000009",
      "0x000000df0600780c",
      "0x000fc40000f24670",
      "0x00009910090d7816",
      "0x000fe400000000ff",
      "0x0000007e0c00780c",
      "0x000fe40003f04070",
      "0x000000ff0d00720c",
      "0x000fe40000f25670",
      "0x00000001ff0a7807",
      "0x000fe40004000000",
      "0x00000001ff077807",
      "0x000fe40004800000",
      "0x0000000a090a7212",
      "0x000fc400078efcff",
      "0x00000002070b7807",
      "0x000fe40004000000",
      "0x000099100a077816",
      "0x000fe400000000ff",
      "0x000000ff0d00720c",
      "0x000fe20003f25270",
      "0x0a001f000b0c7f89",
      "0x000e2200000e0000",
      "0x000000ff0700720c",
      "0x000fe40003f05270",
      "0x000000080f077219",
      "0x000fe400000006ff",
      "0x000000ff0200720c",
      "0x000fc40004705270",
      "0x0000ffff09087812",
      "0x000fe400078ec0ff",
      "0x000000ff07077207",
      "0x000fc80000000000",
      "0x7fffffff070e7807",
      "0x000fca0004800000",
      "0x0a001f000e0d7f89",
      "0x000e6200000e0000",
      "0x0000000c0b0c7217",
      "0x001fc60007800000",
      "0x0a001f00080b7f89",
      "0x000e2800000e0000",
      "0x09001f000c097f89",
      "0x000ea200000e0000",
      "0x0000000d0e0f7217",
      "0x002fca0007800000",
      "0x09001f000f107f89",
      "0x000e6200000e0000",
      "0x0000000b080a7217",
      "0x001fe40007800000",
      "0x000000090c097217",
      "0x004fc60007800000",
      "0x09001f000a0b7f89",
      "0x000e2800000e0000",
      "0x08801f0009027f89",
      "0x000ea200000e0000",
      "0x000000100f107217",
      "0x002fca0007800000",
      "0x08801f0010117f89",
      "0x000e6200000e0000",
      "0x0000000b0a0d7217",
      "0x001fe40007800000",
      "0x0000000209027217",
      "0x004fc60007800000",
      "0x08801f000d087f89",
      "0x000e2800000e0000",
      "0x08401f00020b7f89",
      "0x000ea200000e0000",
      "0x0000001110117217",
      "0x002fca0007800000",
      "0x08401f00110a7f89",
      "0x000e6200000e0000",
      "0x000000080d0c7217",
      "0x001fe40007800000",
      "0x0000000b020b7217",
      "0x004fc60007800000",
      "0x08401f000c097f89",
      "0x000e2800000e0000",
      "0x08201f000b087f89",
      "0x000ea200000e0000",
      "0x0000000a110e7217",
      "0x002fca0007800000",
      "0x08201f000e0d7f89",
      "0x000e6200000e0000",
      "0x000000090c097217",
      "0x001fe40007800000",
      "0x000000080b087217",
      "0x004fc60007800000",
      "0x08201f00090a7f89",
      "0x000e2800000e0000",
      "0x00001fff08027589",
      "0x000ea200000e0000",
      "0x0000000d0e0b7217",
      "0x002fe40007800000",
      "0x00000000000c7805",
      "0x000fc8000001ff00",
      "0x00001fff0b0b7589",
      "0x000e6200000e0000",
      "0x0000000a090a7217",
      "0x001fe40007800000",
      "0x000000020200780c",
      "0x004fc80003f25270",
      "0x00001fff0a0a7589",
      "0x000e3200000e0000",
      "0x000000f000009947",
      "0x000fea0003800000",
      "0x00000000030d7984",
      "0x000ea20000004800",
      "0x0000000707087225",
      "0x000fcc00078e00ff",
      "0x0000000d090e7225",
      "0x004fc800078e00ff",
      "0x0000000d080c7225",
      "0x000fc800078e00ff",
      "0x00000008ff0e7225",
      "0x000fc8000780000e",
      "0x000000ffff117224",
      "0x000fe200000e06ff",
      "0x0000000e0d0d7210",
      "0x000fe20007f5e0ff",
      "0x000000ffff107224",
      "0x000fe200078e000f",
      "0x000000020c00780c",
      "0x000fc60003f04070",
      "0x00000009ff087225",
      "0x000fe200010e0410",
      "0x3fffffff0d00780c",
      "0x000fc80003f04100",
      "0x000000ff0800720c",
      "0x000fc80003f45070",
      "0x000000ff0900720c",
      "0x000fc80000705720",
      "0x000000020c0c7807",
      "0x000fe40004000000",
      "0x3fffffff0d0d7807",
      "0x000fc60004000000",
      "0x0a001f000c097f89",
      "0x000ea200000e0000",
      "0x000000ff0200720c",
      "0x000fc60003f45270",
      "0x0a001f000d087f89",
      "0x000ee200000e0000",
      "0x000000ff07077207",
      "0x000fe40005000000",
      "0x0000000c09097210",
      "0x004fca0007f1e0ff",
      "0x0000000108087824",
      "0x008fe200000e060d",
      "0x000000020900780c",
      "0x000fc80003f01070",
      "0x3fffffff0800780c",
      "0x000fc80003f01100",
      "0x00000002090e7807",
      "0x000fe40000000000",
      "0x3fffffff080f7807",
      "0x000fc60000000000",
      "0x09001f000e097f89",
      "0x000ea800000e0000",
      "0x09001f000f087f89",
      "0x000ee200000e0000",
      "0x0000000e09097210",
      "0x004fca0007f1e0ff",
      "0x0000000108087824",
      "0x008fe200000e060f",
      "0x000000020900780c",
      "0x000fc80003f01070",
      "0x3fffffff0800780c",
      "0x000fc80003f01100",
      "0x00000002090c7807",
      "0x000fe40000000000",
      "0x3fffffff080d7807",
      "0x000fc60000000000",
      "0x08801f000c097f89",
      "0x000ea800000e0000",
      "0x08801f000d087f89",
      "0x000ee200000e0000",
      "0x0000000c09097210",
      "0x004fca0007f1e0ff",
      "0x0000000108087824",
      "0x008fe200000e060d",
      "0x000000020900780c",
      "0x000fe20003f01070",
      "0x00000004ff0d7424",
      "0x000fc600078e00ff",
      "0x3fffffff0800780c",
      "0x000fc80003f01100",
      "0x0000000209107807",
      "0x000fe40000000000",
      "0x3fffffff08137807",
      "0x000fc60000000000",
      "0x08401f0010097f89",
      "0x000ea800000e0000",
      "0x08401f0013087f89",
      "0x000ee200000e0000",
      "0x0000001009097210",
      "0x004fca0007f1e0ff",
      "0x0000000108087824",
      "0x008fe200000e0613",
      "0x000000020900780c",
      "0x000fc80003f01070",
      "0x3fffffff0800780c",
      "0x000fc80003f01100",
      "0x00000002090f7807",
      "0x000fe40000000000",
      "0x3fffffff08117807",
      "0x000fe20000000000",
      "0x0000680003087a24",
      "0x040fe200078e0200",
      "0x000000ff0300720c",
      "0x000fe20003f05270",
      "0x08201f000f0e7f89",
      "0x000ea400000e0000",
      "0x00006c0008087625",
      "0x000fe400078e000d",
      "0x08201f00110c7f89",
      "0x000ee800000e0000",
      "0x0000000708007986",
      "0x0009e2000c101904",
      "0x0000000f0e0e7210",
      "0x004fca0007f7e0ff",
      "0x000000010c107824",
      "0x008fe200018e0611",
      "0x000000000000094d",
      "0x000fee0003800000",
      "0x000000020e00780c",
      "0x010fe20003f06070",
      "0x0080000006037824",
      "0x000fe200078e00ff",
      "0x000000ff0b0f7207",
      "0x002fe20000800000",
      "0x00006e0000067625",
      "0x080fe200078e000d",
      "0x3fffffff1000780c",
      "0x000fe40003f06100",
      "0x807fffff03037812",
      "0x000fe200078ef804",
      "0x0000740000087625",
      "0x080fe200078e000d",
      "0x000000ff0a00720c",
      "0x001fe40004702270",
      "0x3f80000003037808",
      "0x000fe20005000000",
      "0x00007200000a7625",
      "0x000fe200078e000d",
      "0x3fffffff10047807",
      "0x000fc40000000000",
      "0x000000020e0c7807",
      "0x000fe20000000000",
      "0x0000000306007986",
      "0x000fe2000c101904",
      "0x000000ff040d7207",
      "0x000fe20000800000",
      "0x0000700000047625",
      "0x000fe200078e0005",
      "0x000000ff0c0c7207",
      "0x000fe20000800000",
      "0x0000000208007986",
      "0x000fe8000c101904",
      "0x0000000f0a007986",
      "0x000fe8000c101904",
      "0x0000000c04007986",
      "0x000fe2000c101b04",
      "0x000000000000794d",
      "0x000fea0003800000",
      "0xfffffff000007947",
      "0x000fc0000383ffff",
      "0x0000000000007918",
      "0x000fc00000000000",
      "0x0000000000007918",
      "0x000fc00000000000",
      "0x0000000000007918",
      "0x000fc00000000000",
      "0x0000000000007918",
      "0x000fc00000000000",
      "0x0000000000007918",
      "0x000fc00000000000",
      "0x0000000000007918",
      "0x000fc00000000000",
      "0x0000000000007918",
      "0x000fc00000000000",
      "0x0000000000007918",
      "0x000fc00000000000",
      "0x0000000000007918",
      "0x000fc00000000000",
      "0x0000000000007918",
      "0x000fc00000000000",
      "0x0000000000007918",
      "0x000fc00000000000",
      "0x0000000000007918",
      "0x000fc00000000000",
      "0x0000000000007918",
      "0x000fc00000000000"
    ],
    "opcode_counts": {
      "IMAD.MOV.U32": 14,
      "S2R": 2,
      "ISETP.GE.U32.AND": 3,
      "EXIT": 4,
      "ULDC.64": 1,
      "SHF.R.U32.HI": 24,
      "LOP3.LUT": 90,
      "IMAD": 21,
      "IMAD.SHL.U32": 13,
      "IMAD.WIDE.U32": 14,
      "LDG.E.128": 1,
      "ISETP.NE.AND": 11,
      "BSSY": 1,
      "ISETP.GT.U32.AND": 3,
      "IMAD.IADD": 15,
      "LEA.HI": 16,
      "IDP.4A.S8.S8": 4,
      "SHFL.DOWN": 33,
      "STG.E.64": 3,
      "BRA": 3,
      "IADD3": 9,
      "IMAD.X": 7,
      "STG.E": 6,
      "LDG.E.U8": 1,
      "LDG.E": 1,
      "PLOP3.LUT": 2,
      "STS": 2,
      "I2F.U32": 1,
      "LEA": 1,
      "FMUL": 4,
      "BSYNC": 1,
      "BAR.SYNC.DEFER_BLOCKING": 1,
      "LDS": 2,
      "SEL": 26,
      "BREV": 1,
      "FLO.U32.SH": 1,
      "IMNMX": 5,
      "SHF.R.S32.HI": 1,
      "SHFL.IDX": 4,
      "SHF.R.U64": 1,
      "ISETP.GT.OR": 3,
      "ISETP.GE.U32.AND.EX": 2,
      "ISETP.EQ.OR": 1,
      "ISETP.GT.U32.OR": 1,
      "PRMT": 3,
      "ISETP.NE.OR": 1,
      "SHF.L.U32": 1,
      "IMNMX.U32": 15,
      "CS2R": 1,
      "IMAD.WIDE.U32.X": 1,
      "ISETP.GT.U32.AND.EX": 1,
      "ISETP.NE.U32.AND": 1,
      "ISETP.NE.OR.EX": 1,
      "ISETP.LT.U32.AND": 4,
      "ISETP.LT.U32.AND.EX": 4,
      "ISETP.EQ.AND": 1,
      "FSEL": 1,
      "NOP": 13
    },
    "instructions": 408
  },
  "static_instruction_reduction_fraction": 0.4137931034482759,
  "local_instructions": 0,
  "native_signed_byte_dot_instructions": 4,
  "cta_barriers": 1,
  "worth_runtime_validation": false
}
