layer_00_q_proj o7 full24 paired complete
layer_00_q_proj o8 full24 paired complete
layer_00_k_proj o7 full24 paired complete
layer_00_k_proj o8 full24 paired complete
layer_00_v_proj o7 full24 paired complete
layer_00_v_proj o8 full24 paired complete
layer_00_o_proj o7 full24 paired complete
layer_00_o_proj o8 full24 paired complete
layer_06_q_proj o7 full24 paired complete
layer_06_q_proj o8 full24 paired complete
layer_06_k_proj o7 full24 paired complete
layer_06_k_proj o8 full24 paired complete
layer_06_v_proj o7 full24 paired complete
layer_06_v_proj o8 full24 paired complete
layer_06_o_proj o7 full24 paired complete
layer_06_o_proj o8 full24 paired complete
layer_12_q_proj o7 full24 paired complete
layer_12_q_proj o8 full24 paired complete
layer_12_k_proj o7 full24 paired complete
layer_12_k_proj o8 full24 paired complete
layer_12_v_proj o7 full24 paired complete
layer_12_v_proj o8 full24 paired complete
layer_12_o_proj o7 full24 paired complete
layer_12_o_proj o8 full24 paired complete
layer_18_q_proj o7 full24 paired complete
layer_18_q_proj o8 full24 paired complete
layer_18_k_proj o7 full24 paired complete
layer_18_k_proj o8 full24 paired complete
layer_18_v_proj o7 full24 paired complete
layer_18_v_proj o8 full24 paired complete
layer_18_o_proj o7 full24 paired complete
layer_18_o_proj o8 full24 paired complete
layer_24_q_proj o7 full24 paired complete
layer_24_q_proj o8 full24 paired complete
layer_24_k_proj o7 full24 paired complete
layer_24_k_proj o8 full24 paired complete
layer_24_v_proj o7 full24 paired complete
layer_24_v_proj o8 full24 paired complete
layer_24_o_proj o7 full24 paired complete
layer_24_o_proj o8 full24 paired complete
layer_31_q_proj o7 full24 paired complete
layer_31_q_proj o8 full24 paired complete
layer_31_k_proj o7 full24 paired complete
layer_31_k_proj o8 full24 paired complete
layer_31_v_proj o7 full24 paired complete
layer_31_v_proj o8 full24 paired complete
layer_31_o_proj o7 full24 paired complete
layer_31_o_proj o8 full24 paired complete
{
  "scope": "guarded_handoff_full24_cached_GEMM_only",
  "summary": [
    {
      "variant": "o7",
      "policy": 0,
      "records": 72,
      "samples": 24,
      "median_ms": 0.478207990527153,
      "paired_speedup": 1.0,
      "paired_ci95": [
        1.0,
        1.0
      ],
      "cv_failed": 0,
      "median_MSE": 0.005536172273439442,
      "mean_MSE": 0.005053635851002639
    },
    {
      "variant": "o7",
      "policy": 1,
      "records": 72,
      "samples": 24,
      "median_ms": 0.5959680080413818,
      "paired_speedup": 0.7993197326050908,
      "paired_ci95": [
        0.797250868214257,
        0.8024376398696997
      ],
      "cv_failed": 2,
      "median_MSE": 0.005536172273439442,
      "mean_MSE": 0.005053635851002639
    },
    {
      "variant": "o8",
      "policy": 0,
      "records": 72,
      "samples": 24,
      "median_ms": 0.48025599122047424,
      "paired_speedup": 1.0,
      "paired_ci95": [
        1.0,
        1.0
      ],
      "cv_failed": 0,
      "median_MSE": 0.004411084910985704,
      "mean_MSE": 0.00438137929907354
    },
    {
      "variant": "o8",
      "policy": 1,
      "records": 72,
      "samples": 24,
      "median_ms": 0.6010879874229431,
      "paired_speedup": 0.7976190393696625,
      "paired_ci95": [
        0.7964285339351174,
        0.7993197326050908
      ],
      "cv_failed": 1,
      "median_MSE": 0.004411084910985704,
      "mean_MSE": 0.00438137929907354
    }
  ],
  "records": 288,
  "bitwise_best": true,
  "conversion_or_E2E_measured": false,
  "no_filtering": true,
  "production_default_changed": false
}
