layer_00_q_proj compute_only 0 complete
layer_00_q_proj compute_only 1 complete
layer_00_q_proj compute_only 2 complete
layer_00_k_proj compute_only 0 complete
layer_00_k_proj compute_only 1 complete
layer_00_k_proj compute_only 2 complete
layer_00_v_proj compute_only 0 complete
layer_00_v_proj compute_only 1 complete
layer_00_v_proj compute_only 2 complete
layer_00_o_proj compute_only 0 complete
layer_00_o_proj compute_only 1 complete
layer_00_o_proj compute_only 2 complete
layer_06_q_proj compute_only 0 complete
layer_06_q_proj compute_only 1 complete
layer_06_q_proj compute_only 2 complete
layer_06_k_proj compute_only 0 complete
layer_06_k_proj compute_only 1 complete
layer_06_k_proj compute_only 2 complete
layer_06_v_proj compute_only 0 complete
layer_06_v_proj compute_only 1 complete
layer_06_v_proj compute_only 2 complete
layer_06_o_proj compute_only 0 complete
layer_06_o_proj compute_only 1 complete
layer_06_o_proj compute_only 2 complete
layer_12_q_proj compute_only 0 complete
layer_12_q_proj compute_only 1 complete
layer_12_q_proj compute_only 2 complete
layer_12_k_proj compute_only 0 complete
layer_12_k_proj compute_only 1 complete
layer_12_k_proj compute_only 2 complete
layer_12_v_proj compute_only 0 complete
layer_12_v_proj compute_only 1 complete
layer_12_v_proj compute_only 2 complete
layer_12_o_proj compute_only 0 complete
layer_12_o_proj compute_only 1 complete
layer_12_o_proj compute_only 2 complete
layer_18_q_proj compute_only 0 complete
layer_18_q_proj compute_only 1 complete
layer_18_q_proj compute_only 2 complete
layer_18_k_proj compute_only 0 complete
layer_18_k_proj compute_only 1 complete
layer_18_k_proj compute_only 2 complete
layer_18_v_proj compute_only 0 complete
layer_18_v_proj compute_only 1 complete
layer_18_v_proj compute_only 2 complete
layer_18_o_proj compute_only 0 complete
layer_18_o_proj compute_only 1 complete
layer_18_o_proj compute_only 2 complete
layer_24_q_proj compute_only 0 complete
layer_24_q_proj compute_only 1 complete
layer_24_q_proj compute_only 2 complete
layer_24_k_proj compute_only 0 complete
layer_24_k_proj compute_only 1 complete
layer_24_k_proj compute_only 2 complete
layer_24_v_proj compute_only 0 complete
layer_24_v_proj compute_only 1 complete
layer_24_v_proj compute_only 2 complete
layer_24_o_proj compute_only 0 complete
layer_24_o_proj compute_only 1 complete
layer_24_o_proj compute_only 2 complete
layer_31_q_proj compute_only 0 complete
layer_31_q_proj compute_only 1 complete
layer_31_q_proj compute_only 2 complete
layer_31_k_proj compute_only 0 complete
layer_31_k_proj compute_only 1 complete
layer_31_k_proj compute_only 2 complete
layer_31_v_proj compute_only 0 complete
layer_31_v_proj compute_only 1 complete
layer_31_v_proj compute_only 2 complete
layer_31_o_proj compute_only 0 complete
layer_31_o_proj compute_only 1 complete
layer_31_o_proj compute_only 2 complete
runs/a100_o5_o10_compute_replication_v4
