ptxas info    : 0 bytes gmem
ptxas info    : Compiling entry function '_ZN54_GLOBAL__N__606bf0a7_21_roof_o3_conversion_cu_cc2d77bc32adangel_sm80_o3_tiled_conversionILb0ELb0EEEvPKhS2_PhS3_jj' for 'sm_80'
ptxas info    : Function properties for _ZN54_GLOBAL__N__606bf0a7_21_roof_o3_conversion_cu_cc2d77bc32adangel_sm80_o3_tiled_conversionILb0ELb0EEEvPKhS2_PhS3_jj
    0 bytes stack frame, 0 bytes spill stores, 0 bytes spill loads
ptxas info    : Used 13 registers, used 0 barriers, 392 bytes cmem[0]
ptxas info    : Compile time = 3.222 ms
ptxas info    : Compiling entry function '_ZN54_GLOBAL__N__606bf0a7_21_roof_o3_conversion_cu_cc2d77bc32adangel_sm80_o3_tiled_conversionILb0ELb1EEEvPKhS2_PhS3_jj' for 'sm_80'
ptxas info    : Function properties for _ZN54_GLOBAL__N__606bf0a7_21_roof_o3_conversion_cu_cc2d77bc32adangel_sm80_o3_tiled_conversionILb0ELb1EEEvPKhS2_PhS3_jj
    0 bytes stack frame, 0 bytes spill stores, 0 bytes spill loads
ptxas info    : Used 17 registers, used 0 barriers, 392 bytes cmem[0]
ptxas info    : Compile time = 3.157 ms
ptxas info    : Compiling entry function '_ZN54_GLOBAL__N__606bf0a7_21_roof_o3_conversion_cu_cc2d77bc32adangel_sm80_o3_tiled_conversionILb1ELb0EEEvPKhS2_PhS3_jj' for 'sm_80'
ptxas info    : Function properties for _ZN54_GLOBAL__N__606bf0a7_21_roof_o3_conversion_cu_cc2d77bc32adangel_sm80_o3_tiled_conversionILb1ELb0EEEvPKhS2_PhS3_jj
    0 bytes stack frame, 0 bytes spill stores, 0 bytes spill loads
ptxas info    : Used 14 registers, used 0 barriers, 392 bytes cmem[0]
ptxas info    : Compile time = 1.671 ms
ptxas info    : Compiling entry function '_ZN54_GLOBAL__N__606bf0a7_21_roof_o3_conversion_cu_cc2d77bc32adangel_sm80_o3_tiled_conversionILb1ELb1EEEvPKhS2_PhS3_jj' for 'sm_80'
ptxas info    : Function properties for _ZN54_GLOBAL__N__606bf0a7_21_roof_o3_conversion_cu_cc2d77bc32adangel_sm80_o3_tiled_conversionILb1ELb1EEEvPKhS2_PhS3_jj
    0 bytes stack frame, 0 bytes spill stores, 0 bytes spill loads
ptxas info    : Used 14 registers, used 0 barriers, 392 bytes cmem[0]
ptxas info    : Compile time = 1.844 ms
