{
  "passed": true,
  "strict_passed": false,
  "policy": "spill_warnings_isa_required",
  "functions": [
    {
      "symbol": "_ZN40_GLOBAL__N__7f9b572e_8_o1_o3_cu_ac14f08f27adangel_sm80_roof_candidateILb1ELb0ELi10EEEvPKhS2_PKfS2_Pfiii",
      "checks": {
        "resource_metadata_present": true,
        "sass_async": true,
        "sass_no_local": true,
        "resource_no_local": true,
        "resource_no_stack": true,
        "ptx_async": true,
        "sass_u4s4": true,
        "sass_s4s4": true,
        "sass_no_int8": true,
        "ptx_u4s4": true,
        "ptx_s4s4": true
      },
      "passed": true,
      "strict_passed": true,
      "errors": [],
      "warnings": [],
      "resource": "Function _ZN40_GLOBAL__N__7f9b572e_8_o1_o3_cu_ac14f08f27adangel_sm80_roof_candidateILb1ELb0ELi10EEEvPKhS2_PKfS2_Pfiii:\n  REG:80 STACK:0 SHARED:0 LOCAL:0 CONSTANT[0]:404 TEXTURE:0 SURFACE:0 SAMPLER:0",
      "instruction_counts": {
        "I2F": 16,
        "FADD": 0,
        "FMUL": 16,
        "FFMA": 16,
        "IMAD": 68,
        "IADD3": 28,
        "IMMA": 16,
        "BMMA": 0,
        "LDSM": 8,
        "LDGSTS": 6,
        "LDL": 0,
        "STL": 0,
        "STG64": 8,
        "LDG_U16": 0
      }
    },
    {
      "symbol": "_ZN40_GLOBAL__N__7f9b572e_8_o1_o3_cu_ac14f08f27adangel_sm80_roof_candidateILb0ELb0ELi10EEEvPKhS2_PKfS2_Pfiii",
      "checks": {
        "resource_metadata_present": true,
        "sass_async": true,
        "sass_no_local": true,
        "resource_no_local": true,
        "resource_no_stack": true,
        "ptx_async": true,
        "sass_u4s4": true,
        "sass_s4s4": true,
        "sass_no_int8": true,
        "ptx_u4s4": true,
        "ptx_s4s4": true
      },
      "passed": true,
      "strict_passed": true,
      "errors": [],
      "warnings": [],
      "resource": "Function _ZN40_GLOBAL__N__7f9b572e_8_o1_o3_cu_ac14f08f27adangel_sm80_roof_candidateILb0ELb0ELi10EEEvPKhS2_PKfS2_Pfiii:\n  REG:80 STACK:0 SHARED:0 LOCAL:0 CONSTANT[0]:404 TEXTURE:0 SURFACE:0 SAMPLER:0",
      "instruction_counts": {
        "I2F": 16,
        "FADD": 0,
        "FMUL": 16,
        "FFMA": 16,
        "IMAD": 66,
        "IADD3": 31,
        "IMMA": 16,
        "BMMA": 0,
        "LDSM": 8,
        "LDGSTS": 6,
        "LDL": 0,
        "STL": 0,
        "STG64": 8,
        "LDG_U16": 0
      }
    },
    {
      "symbol": "_ZN40_GLOBAL__N__7f9b572e_8_o1_o3_cu_ac14f08f27adangel_sm80_roof_candidateILb0ELb1ELi10EEEvPKhS2_PKfS2_Pfiii",
      "checks": {
        "resource_metadata_present": true,
        "sass_async": true,
        "sass_no_local": true,
        "resource_no_local": true,
        "resource_no_stack": true,
        "ptx_async": true,
        "sass_u4s4": true,
        "sass_s4s4": true,
        "sass_no_int8": true,
        "ptx_u4s4": true,
        "ptx_s4s4": true
      },
      "passed": true,
      "strict_passed": true,
      "errors": [],
      "warnings": [],
      "resource": "Function _ZN40_GLOBAL__N__7f9b572e_8_o1_o3_cu_ac14f08f27adangel_sm80_roof_candidateILb0ELb1ELi10EEEvPKhS2_PKfS2_Pfiii:\n  REG:80 STACK:0 SHARED:0 LOCAL:0 CONSTANT[0]:404 TEXTURE:0 SURFACE:0 SAMPLER:0",
      "instruction_counts": {
        "I2F": 16,
        "FADD": 0,
        "FMUL": 0,
        "FFMA": 16,
        "IMAD": 80,
        "IADD3": 31,
        "IMMA": 16,
        "BMMA": 0,
        "LDSM": 8,
        "LDGSTS": 6,
        "LDL": 0,
        "STL": 0,
        "STG64": 8,
        "LDG_U16": 0
      }
    },
    {
      "symbol": "_ZN40_GLOBAL__N__7f9b572e_8_o1_o3_cu_ac14f08f27adangel_sm80_roof_candidateILb1ELb0ELi9EEEvPKhS2_PKfS2_Pfiii",
      "checks": {
        "resource_metadata_present": true,
        "sass_async": true,
        "sass_no_local": false,
        "resource_no_local": true,
        "resource_no_stack": false,
        "ptx_async": true,
        "sass_u4s4": true,
        "sass_s4s4": true,
        "sass_no_int8": true,
        "ptx_u4s4": true,
        "ptx_s4s4": true
      },
      "passed": true,
      "strict_passed": false,
      "errors": [],
      "warnings": [
        "sass_no_local",
        "resource_no_stack"
      ],
      "resource": "Function _ZN40_GLOBAL__N__7f9b572e_8_o1_o3_cu_ac14f08f27adangel_sm80_roof_candidateILb1ELb0ELi9EEEvPKhS2_PKfS2_Pfiii:\n  REG:80 STACK:32 SHARED:0 LOCAL:0 CONSTANT[0]:404 TEXTURE:0 SURFACE:0 SAMPLER:0",
      "instruction_counts": {
        "I2F": 32,
        "FADD": 0,
        "FMUL": 32,
        "FFMA": 32,
        "IMAD": 83,
        "IADD3": 48,
        "IMMA": 32,
        "BMMA": 0,
        "LDSM": 16,
        "LDGSTS": 12,
        "LDL": 4,
        "STL": 4,
        "STG64": 8,
        "LDG_U16": 0
      }
    },
    {
      "symbol": "_ZN40_GLOBAL__N__7f9b572e_8_o1_o3_cu_ac14f08f27adangel_sm80_roof_candidateILb0ELb0ELi9EEEvPKhS2_PKfS2_Pfiii",
      "checks": {
        "resource_metadata_present": true,
        "sass_async": true,
        "sass_no_local": false,
        "resource_no_local": true,
        "resource_no_stack": false,
        "ptx_async": true,
        "sass_u4s4": true,
        "sass_s4s4": true,
        "sass_no_int8": true,
        "ptx_u4s4": true,
        "ptx_s4s4": true
      },
      "passed": true,
      "strict_passed": false,
      "errors": [],
      "warnings": [
        "sass_no_local",
        "resource_no_stack"
      ],
      "resource": "Function _ZN40_GLOBAL__N__7f9b572e_8_o1_o3_cu_ac14f08f27adangel_sm80_roof_candidateILb0ELb0ELi9EEEvPKhS2_PKfS2_Pfiii:\n  REG:80 STACK:8 SHARED:0 LOCAL:0 CONSTANT[0]:404 TEXTURE:0 SURFACE:0 SAMPLER:0",
      "instruction_counts": {
        "I2F": 32,
        "FADD": 0,
        "FMUL": 32,
        "FFMA": 32,
        "IMAD": 84,
        "IADD3": 47,
        "IMMA": 32,
        "BMMA": 0,
        "LDSM": 16,
        "LDGSTS": 12,
        "LDL": 2,
        "STL": 2,
        "STG64": 8,
        "LDG_U16": 0
      }
    },
    {
      "symbol": "_ZN40_GLOBAL__N__7f9b572e_8_o1_o3_cu_ac14f08f27adangel_sm80_roof_candidateILb0ELb1ELi9EEEvPKhS2_PKfS2_Pfiii",
      "checks": {
        "resource_metadata_present": true,
        "sass_async": true,
        "sass_no_local": false,
        "resource_no_local": true,
        "resource_no_stack": false,
        "ptx_async": true,
        "sass_u4s4": true,
        "sass_s4s4": true,
        "sass_no_int8": true,
        "ptx_u4s4": true,
        "ptx_s4s4": true
      },
      "passed": true,
      "strict_passed": false,
      "errors": [],
      "warnings": [
        "sass_no_local",
        "resource_no_stack"
      ],
      "resource": "Function _ZN40_GLOBAL__N__7f9b572e_8_o1_o3_cu_ac14f08f27adangel_sm80_roof_candidateILb0ELb1ELi9EEEvPKhS2_PKfS2_Pfiii:\n  REG:80 STACK:16 SHARED:0 LOCAL:0 CONSTANT[0]:404 TEXTURE:0 SURFACE:0 SAMPLER:0",
      "instruction_counts": {
        "I2F": 32,
        "FADD": 0,
        "FMUL": 0,
        "FFMA": 32,
        "IMAD": 112,
        "IADD3": 50,
        "IMMA": 32,
        "BMMA": 0,
        "LDSM": 16,
        "LDGSTS": 12,
        "LDL": 4,
        "STL": 4,
        "STG64": 8,
        "LDG_U16": 0
      }
    },
    {
      "symbol": "_ZN40_GLOBAL__N__7f9b572e_8_o1_o3_cu_ac14f08f27adangel_sm80_roof_candidateILb1ELb0ELi8EEEvPKhS2_PKfS2_Pfiii",
      "checks": {
        "resource_metadata_present": true,
        "sass_async": true,
        "sass_no_local": false,
        "resource_no_local": true,
        "resource_no_stack": false,
        "ptx_async": true,
        "sass_u4s4": true,
        "sass_s4s4": true,
        "sass_no_int8": true,
        "ptx_u4s4": true,
        "ptx_s4s4": true
      },
      "passed": true,
      "strict_passed": false,
      "errors": [],
      "warnings": [
        "sass_no_local",
        "resource_no_stack"
      ],
      "resource": "Function _ZN40_GLOBAL__N__7f9b572e_8_o1_o3_cu_ac14f08f27adangel_sm80_roof_candidateILb1ELb0ELi8EEEvPKhS2_PKfS2_Pfiii:\n  REG:64 STACK:48 SHARED:0 LOCAL:0 CONSTANT[0]:404 TEXTURE:0 SURFACE:0 SAMPLER:0",
      "instruction_counts": {
        "I2F": 32,
        "FADD": 0,
        "FMUL": 32,
        "FFMA": 32,
        "IMAD": 101,
        "IADD3": 45,
        "IMMA": 32,
        "BMMA": 0,
        "LDSM": 16,
        "LDGSTS": 8,
        "LDL": 12,
        "STL": 12,
        "STG64": 8,
        "LDG_U16": 0
      }
    },
    {
      "symbol": "_ZN40_GLOBAL__N__7f9b572e_8_o1_o3_cu_ac14f08f27adangel_sm80_roof_candidateILb0ELb0ELi8EEEvPKhS2_PKfS2_Pfiii",
      "checks": {
        "resource_metadata_present": true,
        "sass_async": true,
        "sass_no_local": false,
        "resource_no_local": true,
        "resource_no_stack": false,
        "ptx_async": true,
        "sass_u4s4": true,
        "sass_s4s4": true,
        "sass_no_int8": true,
        "ptx_u4s4": true,
        "ptx_s4s4": true
      },
      "passed": true,
      "strict_passed": false,
      "errors": [],
      "warnings": [
        "sass_no_local",
        "resource_no_stack"
      ],
      "resource": "Function _ZN40_GLOBAL__N__7f9b572e_8_o1_o3_cu_ac14f08f27adangel_sm80_roof_candidateILb0ELb0ELi8EEEvPKhS2_PKfS2_Pfiii:\n  REG:64 STACK:64 SHARED:0 LOCAL:0 CONSTANT[0]:404 TEXTURE:0 SURFACE:0 SAMPLER:0",
      "instruction_counts": {
        "I2F": 32,
        "FADD": 0,
        "FMUL": 32,
        "FFMA": 32,
        "IMAD": 90,
        "IADD3": 44,
        "IMMA": 32,
        "BMMA": 0,
        "LDSM": 16,
        "LDGSTS": 8,
        "LDL": 15,
        "STL": 15,
        "STG64": 8,
        "LDG_U16": 0
      }
    },
    {
      "symbol": "_ZN40_GLOBAL__N__7f9b572e_8_o1_o3_cu_ac14f08f27adangel_sm80_roof_candidateILb0ELb1ELi8EEEvPKhS2_PKfS2_Pfiii",
      "checks": {
        "resource_metadata_present": true,
        "sass_async": true,
        "sass_no_local": false,
        "resource_no_local": true,
        "resource_no_stack": false,
        "ptx_async": true,
        "sass_u4s4": true,
        "sass_s4s4": true,
        "sass_no_int8": true,
        "ptx_u4s4": true,
        "ptx_s4s4": true
      },
      "passed": true,
      "strict_passed": false,
      "errors": [],
      "warnings": [
        "sass_no_local",
        "resource_no_stack"
      ],
      "resource": "Function _ZN40_GLOBAL__N__7f9b572e_8_o1_o3_cu_ac14f08f27adangel_sm80_roof_candidateILb0ELb1ELi8EEEvPKhS2_PKfS2_Pfiii:\n  REG:64 STACK:64 SHARED:0 LOCAL:0 CONSTANT[0]:404 TEXTURE:0 SURFACE:0 SAMPLER:0",
      "instruction_counts": {
        "I2F": 32,
        "FADD": 0,
        "FMUL": 0,
        "FFMA": 32,
        "IMAD": 122,
        "IADD3": 47,
        "IMMA": 32,
        "BMMA": 0,
        "LDSM": 16,
        "LDGSTS": 8,
        "LDL": 14,
        "STL": 14,
        "STG64": 8,
        "LDG_U16": 0
      }
    },
    {
      "symbol": "_ZN40_GLOBAL__N__7f9b572e_8_o1_o3_cu_ac14f08f27adangel_sm80_roof_candidateILb1ELb0ELi7EEEvPKhS2_PKfS2_Pfiii",
      "checks": {
        "resource_metadata_present": true,
        "sass_async": true,
        "sass_no_local": false,
        "resource_no_local": true,
        "resource_no_stack": false,
        "ptx_async": true,
        "sass_u4s4": true,
        "sass_s4s4": true,
        "sass_no_int8": true,
        "ptx_u4s4": true,
        "ptx_s4s4": true
      },
      "passed": true,
      "strict_passed": false,
      "errors": [],
      "warnings": [
        "sass_no_local",
        "resource_no_stack"
      ],
      "resource": "Function _ZN40_GLOBAL__N__7f9b572e_8_o1_o3_cu_ac14f08f27adangel_sm80_roof_candidateILb1ELb0ELi7EEEvPKhS2_PKfS2_Pfiii:\n  REG:128 STACK:40 SHARED:0 LOCAL:0 CONSTANT[0]:404 TEXTURE:0 SURFACE:0 SAMPLER:0",
      "instruction_counts": {
        "I2F": 64,
        "FADD": 0,
        "FMUL": 64,
        "FFMA": 64,
        "IMAD": 102,
        "IADD3": 78,
        "IMMA": 64,
        "BMMA": 0,
        "LDSM": 24,
        "LDGSTS": 16,
        "LDL": 5,
        "STL": 5,
        "STG64": 16,
        "LDG_U16": 0
      }
    },
    {
      "symbol": "_ZN40_GLOBAL__N__7f9b572e_8_o1_o3_cu_ac14f08f27adangel_sm80_roof_candidateILb0ELb0ELi7EEEvPKhS2_PKfS2_Pfiii",
      "checks": {
        "resource_metadata_present": true,
        "sass_async": true,
        "sass_no_local": false,
        "resource_no_local": true,
        "resource_no_stack": false,
        "ptx_async": true,
        "sass_u4s4": true,
        "sass_s4s4": true,
        "sass_no_int8": true,
        "ptx_u4s4": true,
        "ptx_s4s4": true
      },
      "passed": true,
      "strict_passed": false,
      "errors": [],
      "warnings": [
        "sass_no_local",
        "resource_no_stack"
      ],
      "resource": "Function _ZN40_GLOBAL__N__7f9b572e_8_o1_o3_cu_ac14f08f27adangel_sm80_roof_candidateILb0ELb0ELi7EEEvPKhS2_PKfS2_Pfiii:\n  REG:128 STACK:24 SHARED:0 LOCAL:0 CONSTANT[0]:404 TEXTURE:0 SURFACE:0 SAMPLER:0",
      "instruction_counts": {
        "I2F": 64,
        "FADD": 0,
        "FMUL": 64,
        "FFMA": 64,
        "IMAD": 99,
        "IADD3": 75,
        "IMMA": 64,
        "BMMA": 0,
        "LDSM": 24,
        "LDGSTS": 16,
        "LDL": 3,
        "STL": 3,
        "STG64": 16,
        "LDG_U16": 0
      }
    },
    {
      "symbol": "_ZN40_GLOBAL__N__7f9b572e_8_o1_o3_cu_ac14f08f27adangel_sm80_roof_candidateILb0ELb1ELi7EEEvPKhS2_PKfS2_Pfiii",
      "checks": {
        "resource_metadata_present": true,
        "sass_async": true,
        "sass_no_local": false,
        "resource_no_local": true,
        "resource_no_stack": false,
        "ptx_async": true,
        "sass_u4s4": true,
        "sass_s4s4": true,
        "sass_no_int8": true,
        "ptx_u4s4": true,
        "ptx_s4s4": true
      },
      "passed": true,
      "strict_passed": false,
      "errors": [],
      "warnings": [
        "sass_no_local",
        "resource_no_stack"
      ],
      "resource": "Function _ZN40_GLOBAL__N__7f9b572e_8_o1_o3_cu_ac14f08f27adangel_sm80_roof_candidateILb0ELb1ELi7EEEvPKhS2_PKfS2_Pfiii:\n  REG:128 STACK:24 SHARED:0 LOCAL:0 CONSTANT[0]:404 TEXTURE:0 SURFACE:0 SAMPLER:0",
      "instruction_counts": {
        "I2F": 64,
        "FADD": 0,
        "FMUL": 0,
        "FFMA": 64,
        "IMAD": 159,
        "IADD3": 94,
        "IMMA": 64,
        "BMMA": 0,
        "LDSM": 24,
        "LDGSTS": 16,
        "LDL": 3,
        "STL": 3,
        "STG64": 16,
        "LDG_U16": 0
      }
    },
    {
      "symbol": "_ZN40_GLOBAL__N__7f9b572e_8_o1_o3_cu_ac14f08f27adangel_sm80_roof_candidateILb1ELb0ELi6EEEvPKhS2_PKfS2_Pfiii",
      "checks": {
        "resource_metadata_present": true,
        "sass_async": true,
        "sass_no_local": false,
        "resource_no_local": true,
        "resource_no_stack": false,
        "ptx_async": true,
        "sass_u4s4": true,
        "sass_s4s4": true,
        "sass_no_int8": true,
        "ptx_u4s4": true,
        "ptx_s4s4": true
      },
      "passed": true,
      "strict_passed": false,
      "errors": [],
      "warnings": [
        "sass_no_local",
        "resource_no_stack"
      ],
      "resource": "Function _ZN40_GLOBAL__N__7f9b572e_8_o1_o3_cu_ac14f08f27adangel_sm80_roof_candidateILb1ELb0ELi6EEEvPKhS2_PKfS2_Pfiii:\n  REG:128 STACK:40 SHARED:0 LOCAL:0 CONSTANT[0]:404 TEXTURE:0 SURFACE:0 SAMPLER:0",
      "instruction_counts": {
        "I2F": 64,
        "FADD": 0,
        "FMUL": 64,
        "FFMA": 64,
        "IMAD": 102,
        "IADD3": 78,
        "IMMA": 64,
        "BMMA": 0,
        "LDSM": 24,
        "LDGSTS": 16,
        "LDL": 5,
        "STL": 5,
        "STG64": 16,
        "LDG_U16": 0
      }
    },
    {
      "symbol": "_ZN40_GLOBAL__N__7f9b572e_8_o1_o3_cu_ac14f08f27adangel_sm80_roof_candidateILb0ELb0ELi6EEEvPKhS2_PKfS2_Pfiii",
      "checks": {
        "resource_metadata_present": true,
        "sass_async": true,
        "sass_no_local": false,
        "resource_no_local": true,
        "resource_no_stack": false,
        "ptx_async": true,
        "sass_u4s4": true,
        "sass_s4s4": true,
        "sass_no_int8": true,
        "ptx_u4s4": true,
        "ptx_s4s4": true
      },
      "passed": true,
      "strict_passed": false,
      "errors": [],
      "warnings": [
        "sass_no_local",
        "resource_no_stack"
      ],
      "resource": "Function _ZN40_GLOBAL__N__7f9b572e_8_o1_o3_cu_ac14f08f27adangel_sm80_roof_candidateILb0ELb0ELi6EEEvPKhS2_PKfS2_Pfiii:\n  REG:128 STACK:24 SHARED:0 LOCAL:0 CONSTANT[0]:404 TEXTURE:0 SURFACE:0 SAMPLER:0",
      "instruction_counts": {
        "I2F": 64,
        "FADD": 0,
        "FMUL": 64,
        "FFMA": 64,
        "IMAD": 99,
        "IADD3": 75,
        "IMMA": 64,
        "BMMA": 0,
        "LDSM": 24,
        "LDGSTS": 16,
        "LDL": 3,
        "STL": 3,
        "STG64": 16,
        "LDG_U16": 0
      }
    },
    {
      "symbol": "_ZN40_GLOBAL__N__7f9b572e_8_o1_o3_cu_ac14f08f27adangel_sm80_roof_candidateILb0ELb1ELi6EEEvPKhS2_PKfS2_Pfiii",
      "checks": {
        "resource_metadata_present": true,
        "sass_async": true,
        "sass_no_local": false,
        "resource_no_local": true,
        "resource_no_stack": false,
        "ptx_async": true,
        "sass_u4s4": true,
        "sass_s4s4": true,
        "sass_no_int8": true,
        "ptx_u4s4": true,
        "ptx_s4s4": true
      },
      "passed": true,
      "strict_passed": false,
      "errors": [],
      "warnings": [
        "sass_no_local",
        "resource_no_stack"
      ],
      "resource": "Function _ZN40_GLOBAL__N__7f9b572e_8_o1_o3_cu_ac14f08f27adangel_sm80_roof_candidateILb0ELb1ELi6EEEvPKhS2_PKfS2_Pfiii:\n  REG:128 STACK:24 SHARED:0 LOCAL:0 CONSTANT[0]:404 TEXTURE:0 SURFACE:0 SAMPLER:0",
      "instruction_counts": {
        "I2F": 64,
        "FADD": 0,
        "FMUL": 0,
        "FFMA": 64,
        "IMAD": 159,
        "IADD3": 94,
        "IMMA": 64,
        "BMMA": 0,
        "LDSM": 24,
        "LDGSTS": 16,
        "LDL": 3,
        "STL": 3,
        "STG64": 16,
        "LDG_U16": 0
      }
    },
    {
      "symbol": "_ZN40_GLOBAL__N__7f9b572e_8_o1_o3_cu_ac14f08f27adangel_sm80_roof_candidateILb1ELb0ELi3EEEvPKhS2_PKfS2_Pfiii",
      "checks": {
        "resource_metadata_present": true,
        "sass_async": true,
        "sass_no_local": false,
        "resource_no_local": true,
        "resource_no_stack": false,
        "ptx_async": true,
        "sass_u4s4": true,
        "sass_s4s4": true,
        "sass_no_int8": true,
        "ptx_u4s4": true,
        "ptx_s4s4": true
      },
      "passed": true,
      "strict_passed": false,
      "errors": [],
      "warnings": [
        "sass_no_local",
        "resource_no_stack"
      ],
      "resource": "Function _ZN40_GLOBAL__N__7f9b572e_8_o1_o3_cu_ac14f08f27adangel_sm80_roof_candidateILb1ELb0ELi3EEEvPKhS2_PKfS2_Pfiii:\n  REG:128 STACK:40 SHARED:0 LOCAL:0 CONSTANT[0]:404 TEXTURE:0 SURFACE:0 SAMPLER:0",
      "instruction_counts": {
        "I2F": 64,
        "FADD": 0,
        "FMUL": 64,
        "FFMA": 64,
        "IMAD": 106,
        "IADD3": 72,
        "IMMA": 64,
        "BMMA": 0,
        "LDSM": 24,
        "LDGSTS": 16,
        "LDL": 5,
        "STL": 5,
        "STG64": 16,
        "LDG_U16": 0
      }
    },
    {
      "symbol": "_ZN40_GLOBAL__N__7f9b572e_8_o1_o3_cu_ac14f08f27adangel_sm80_roof_candidateILb0ELb0ELi3EEEvPKhS2_PKfS2_Pfiii",
      "checks": {
        "resource_metadata_present": true,
        "sass_async": true,
        "sass_no_local": false,
        "resource_no_local": true,
        "resource_no_stack": false,
        "ptx_async": true,
        "sass_u4s4": true,
        "sass_s4s4": true,
        "sass_no_int8": true,
        "ptx_u4s4": true,
        "ptx_s4s4": true
      },
      "passed": true,
      "strict_passed": false,
      "errors": [],
      "warnings": [
        "sass_no_local",
        "resource_no_stack"
      ],
      "resource": "Function _ZN40_GLOBAL__N__7f9b572e_8_o1_o3_cu_ac14f08f27adangel_sm80_roof_candidateILb0ELb0ELi3EEEvPKhS2_PKfS2_Pfiii:\n  REG:128 STACK:24 SHARED:0 LOCAL:0 CONSTANT[0]:404 TEXTURE:0 SURFACE:0 SAMPLER:0",
      "instruction_counts": {
        "I2F": 64,
        "FADD": 0,
        "FMUL": 64,
        "FFMA": 64,
        "IMAD": 99,
        "IADD3": 75,
        "IMMA": 64,
        "BMMA": 0,
        "LDSM": 24,
        "LDGSTS": 16,
        "LDL": 3,
        "STL": 3,
        "STG64": 16,
        "LDG_U16": 0
      }
    },
    {
      "symbol": "_ZN40_GLOBAL__N__7f9b572e_8_o1_o3_cu_ac14f08f27adangel_sm80_roof_candidateILb0ELb1ELi3EEEvPKhS2_PKfS2_Pfiii",
      "checks": {
        "resource_metadata_present": true,
        "sass_async": true,
        "sass_no_local": false,
        "resource_no_local": true,
        "resource_no_stack": false,
        "ptx_async": true,
        "sass_u4s4": true,
        "sass_s4s4": true,
        "sass_no_int8": true,
        "ptx_u4s4": true,
        "ptx_s4s4": true
      },
      "passed": true,
      "strict_passed": false,
      "errors": [],
      "warnings": [
        "sass_no_local",
        "resource_no_stack"
      ],
      "resource": "Function _ZN40_GLOBAL__N__7f9b572e_8_o1_o3_cu_ac14f08f27adangel_sm80_roof_candidateILb0ELb1ELi3EEEvPKhS2_PKfS2_Pfiii:\n  REG:128 STACK:24 SHARED:0 LOCAL:0 CONSTANT[0]:404 TEXTURE:0 SURFACE:0 SAMPLER:0",
      "instruction_counts": {
        "I2F": 64,
        "FADD": 0,
        "FMUL": 0,
        "FFMA": 64,
        "IMAD": 159,
        "IADD3": 93,
        "IMMA": 64,
        "BMMA": 0,
        "LDSM": 24,
        "LDGSTS": 16,
        "LDL": 3,
        "STL": 3,
        "STG64": 16,
        "LDG_U16": 0
      }
    },
    {
      "symbol": "_ZN40_GLOBAL__N__7f9b572e_8_o1_o3_cu_ac14f08f27adangel_sm80_roof_candidateILb1ELb0ELi2EEEvPKhS2_PKfS2_Pfiii",
      "checks": {
        "resource_metadata_present": true,
        "sass_async": true,
        "sass_no_local": false,
        "resource_no_local": true,
        "resource_no_stack": false,
        "ptx_async": true,
        "sass_u4s4": true,
        "sass_s4s4": true,
        "sass_no_int8": true,
        "ptx_u4s4": true,
        "ptx_s4s4": true
      },
      "passed": true,
      "strict_passed": false,
      "errors": [],
      "warnings": [
        "sass_no_local",
        "resource_no_stack"
      ],
      "resource": "Function _ZN40_GLOBAL__N__7f9b572e_8_o1_o3_cu_ac14f08f27adangel_sm80_roof_candidateILb1ELb0ELi2EEEvPKhS2_PKfS2_Pfiii:\n  REG:128 STACK:40 SHARED:0 LOCAL:0 CONSTANT[0]:404 TEXTURE:0 SURFACE:0 SAMPLER:0",
      "instruction_counts": {
        "I2F": 64,
        "FADD": 0,
        "FMUL": 64,
        "FFMA": 64,
        "IMAD": 106,
        "IADD3": 72,
        "IMMA": 64,
        "BMMA": 0,
        "LDSM": 24,
        "LDGSTS": 16,
        "LDL": 5,
        "STL": 5,
        "STG64": 16,
        "LDG_U16": 0
      }
    },
    {
      "symbol": "_ZN40_GLOBAL__N__7f9b572e_8_o1_o3_cu_ac14f08f27adangel_sm80_roof_candidateILb0ELb0ELi2EEEvPKhS2_PKfS2_Pfiii",
      "checks": {
        "resource_metadata_present": true,
        "sass_async": true,
        "sass_no_local": false,
        "resource_no_local": true,
        "resource_no_stack": false,
        "ptx_async": true,
        "sass_u4s4": true,
        "sass_s4s4": true,
        "sass_no_int8": true,
        "ptx_u4s4": true,
        "ptx_s4s4": true
      },
      "passed": true,
      "strict_passed": false,
      "errors": [],
      "warnings": [
        "sass_no_local",
        "resource_no_stack"
      ],
      "resource": "Function _ZN40_GLOBAL__N__7f9b572e_8_o1_o3_cu_ac14f08f27adangel_sm80_roof_candidateILb0ELb0ELi2EEEvPKhS2_PKfS2_Pfiii:\n  REG:128 STACK:24 SHARED:0 LOCAL:0 CONSTANT[0]:404 TEXTURE:0 SURFACE:0 SAMPLER:0",
      "instruction_counts": {
        "I2F": 64,
        "FADD": 0,
        "FMUL": 64,
        "FFMA": 64,
        "IMAD": 99,
        "IADD3": 75,
        "IMMA": 64,
        "BMMA": 0,
        "LDSM": 24,
        "LDGSTS": 16,
        "LDL": 3,
        "STL": 3,
        "STG64": 16,
        "LDG_U16": 0
      }
    },
    {
      "symbol": "_ZN40_GLOBAL__N__7f9b572e_8_o1_o3_cu_ac14f08f27adangel_sm80_roof_candidateILb0ELb1ELi2EEEvPKhS2_PKfS2_Pfiii",
      "checks": {
        "resource_metadata_present": true,
        "sass_async": true,
        "sass_no_local": false,
        "resource_no_local": true,
        "resource_no_stack": false,
        "ptx_async": true,
        "sass_u4s4": true,
        "sass_s4s4": true,
        "sass_no_int8": true,
        "ptx_u4s4": true,
        "ptx_s4s4": true
      },
      "passed": true,
      "strict_passed": false,
      "errors": [],
      "warnings": [
        "sass_no_local",
        "resource_no_stack"
      ],
      "resource": "Function _ZN40_GLOBAL__N__7f9b572e_8_o1_o3_cu_ac14f08f27adangel_sm80_roof_candidateILb0ELb1ELi2EEEvPKhS2_PKfS2_Pfiii:\n  REG:128 STACK:24 SHARED:0 LOCAL:0 CONSTANT[0]:404 TEXTURE:0 SURFACE:0 SAMPLER:0",
      "instruction_counts": {
        "I2F": 64,
        "FADD": 0,
        "FMUL": 0,
        "FFMA": 64,
        "IMAD": 159,
        "IADD3": 93,
        "IMMA": 64,
        "BMMA": 0,
        "LDSM": 24,
        "LDGSTS": 16,
        "LDL": 3,
        "STL": 3,
        "STG64": 16,
        "LDG_U16": 0
      }
    },
    {
      "symbol": "_ZN40_GLOBAL__N__7f9b572e_8_o1_o3_cu_ac14f08f27adangel_sm80_roof_candidateILb1ELb0ELi1EEEvPKhS2_PKfS2_Pfiii",
      "checks": {
        "resource_metadata_present": true,
        "sass_async": true,
        "sass_no_local": false,
        "resource_no_local": true,
        "resource_no_stack": false,
        "ptx_async": true,
        "sass_u4s4": true,
        "sass_s4s4": true,
        "sass_no_int8": true,
        "ptx_u4s4": true,
        "ptx_s4s4": true
      },
      "passed": true,
      "strict_passed": false,
      "errors": [],
      "warnings": [
        "sass_no_local",
        "resource_no_stack"
      ],
      "resource": "Function _ZN40_GLOBAL__N__7f9b572e_8_o1_o3_cu_ac14f08f27adangel_sm80_roof_candidateILb1ELb0ELi1EEEvPKhS2_PKfS2_Pfiii:\n  REG:128 STACK:32 SHARED:0 LOCAL:0 CONSTANT[0]:404 TEXTURE:0 SURFACE:0 SAMPLER:0",
      "instruction_counts": {
        "I2F": 64,
        "FADD": 0,
        "FMUL": 64,
        "FFMA": 64,
        "IMAD": 120,
        "IADD3": 67,
        "IMMA": 64,
        "BMMA": 0,
        "LDSM": 24,
        "LDGSTS": 16,
        "LDL": 7,
        "STL": 7,
        "STG64": 16,
        "LDG_U16": 0
      }
    },
    {
      "symbol": "_ZN40_GLOBAL__N__7f9b572e_8_o1_o3_cu_ac14f08f27adangel_sm80_roof_candidateILb0ELb0ELi1EEEvPKhS2_PKfS2_Pfiii",
      "checks": {
        "resource_metadata_present": true,
        "sass_async": true,
        "sass_no_local": false,
        "resource_no_local": true,
        "resource_no_stack": false,
        "ptx_async": true,
        "sass_u4s4": true,
        "sass_s4s4": true,
        "sass_no_int8": true,
        "ptx_u4s4": true,
        "ptx_s4s4": true
      },
      "passed": true,
      "strict_passed": false,
      "errors": [],
      "warnings": [
        "sass_no_local",
        "resource_no_stack"
      ],
      "resource": "Function _ZN40_GLOBAL__N__7f9b572e_8_o1_o3_cu_ac14f08f27adangel_sm80_roof_candidateILb0ELb0ELi1EEEvPKhS2_PKfS2_Pfiii:\n  REG:128 STACK:32 SHARED:0 LOCAL:0 CONSTANT[0]:404 TEXTURE:0 SURFACE:0 SAMPLER:0",
      "instruction_counts": {
        "I2F": 64,
        "FADD": 0,
        "FMUL": 64,
        "FFMA": 64,
        "IMAD": 100,
        "IADD3": 75,
        "IMMA": 64,
        "BMMA": 0,
        "LDSM": 24,
        "LDGSTS": 16,
        "LDL": 4,
        "STL": 4,
        "STG64": 16,
        "LDG_U16": 0
      }
    },
    {
      "symbol": "_ZN40_GLOBAL__N__7f9b572e_8_o1_o3_cu_ac14f08f27adangel_sm80_roof_candidateILb0ELb1ELi1EEEvPKhS2_PKfS2_Pfiii",
      "checks": {
        "resource_metadata_present": true,
        "sass_async": true,
        "sass_no_local": false,
        "resource_no_local": true,
        "resource_no_stack": false,
        "ptx_async": true,
        "sass_u4s4": true,
        "sass_s4s4": true,
        "sass_no_int8": true,
        "ptx_u4s4": true,
        "ptx_s4s4": true
      },
      "passed": true,
      "strict_passed": false,
      "errors": [],
      "warnings": [
        "sass_no_local",
        "resource_no_stack"
      ],
      "resource": "Function _ZN40_GLOBAL__N__7f9b572e_8_o1_o3_cu_ac14f08f27adangel_sm80_roof_candidateILb0ELb1ELi1EEEvPKhS2_PKfS2_Pfiii:\n  REG:128 STACK:40 SHARED:0 LOCAL:0 CONSTANT[0]:404 TEXTURE:0 SURFACE:0 SAMPLER:0",
      "instruction_counts": {
        "I2F": 64,
        "FADD": 0,
        "FMUL": 0,
        "FFMA": 64,
        "IMAD": 160,
        "IADD3": 97,
        "IMMA": 64,
        "BMMA": 0,
        "LDSM": 24,
        "LDGSTS": 16,
        "LDL": 5,
        "STL": 5,
        "STG64": 16,
        "LDG_U16": 0
      }
    },
    {
      "symbol": "_ZN40_GLOBAL__N__7f9b572e_8_o1_o3_cu_ac14f08f27adangel_sm80_roof_candidateILb1ELb0ELi0EEEvPKhS2_PKfS2_Pfiii",
      "checks": {
        "resource_metadata_present": true,
        "sass_async": true,
        "sass_no_local": false,
        "resource_no_local": true,
        "resource_no_stack": false,
        "ptx_async": true,
        "sass_u4s4": true,
        "sass_s4s4": true,
        "sass_no_int8": true,
        "ptx_u4s4": true,
        "ptx_s4s4": true
      },
      "passed": true,
      "strict_passed": false,
      "errors": [],
      "warnings": [
        "sass_no_local",
        "resource_no_stack"
      ],
      "resource": "Function _ZN40_GLOBAL__N__7f9b572e_8_o1_o3_cu_ac14f08f27adangel_sm80_roof_candidateILb1ELb0ELi0EEEvPKhS2_PKfS2_Pfiii:\n  REG:128 STACK:32 SHARED:0 LOCAL:0 CONSTANT[0]:404 TEXTURE:0 SURFACE:0 SAMPLER:0",
      "instruction_counts": {
        "I2F": 64,
        "FADD": 0,
        "FMUL": 64,
        "FFMA": 64,
        "IMAD": 120,
        "IADD3": 67,
        "IMMA": 64,
        "BMMA": 0,
        "LDSM": 24,
        "LDGSTS": 16,
        "LDL": 7,
        "STL": 7,
        "STG64": 16,
        "LDG_U16": 0
      }
    },
    {
      "symbol": "_ZN40_GLOBAL__N__7f9b572e_8_o1_o3_cu_ac14f08f27adangel_sm80_roof_candidateILb0ELb1ELi0EEEvPKhS2_PKfS2_Pfiii",
      "checks": {
        "resource_metadata_present": true,
        "sass_async": true,
        "sass_no_local": false,
        "resource_no_local": true,
        "resource_no_stack": false,
        "ptx_async": true,
        "sass_u4s4": true,
        "sass_s4s4": true,
        "sass_no_int8": true,
        "ptx_u4s4": true,
        "ptx_s4s4": true
      },
      "passed": true,
      "strict_passed": false,
      "errors": [],
      "warnings": [
        "sass_no_local",
        "resource_no_stack"
      ],
      "resource": "Function _ZN40_GLOBAL__N__7f9b572e_8_o1_o3_cu_ac14f08f27adangel_sm80_roof_candidateILb0ELb1ELi0EEEvPKhS2_PKfS2_Pfiii:\n  REG:128 STACK:40 SHARED:0 LOCAL:0 CONSTANT[0]:404 TEXTURE:0 SURFACE:0 SAMPLER:0",
      "instruction_counts": {
        "I2F": 64,
        "FADD": 0,
        "FMUL": 0,
        "FFMA": 64,
        "IMAD": 160,
        "IADD3": 97,
        "IMMA": 64,
        "BMMA": 0,
        "LDSM": 24,
        "LDGSTS": 16,
        "LDL": 5,
        "STL": 5,
        "STG64": 16,
        "LDG_U16": 0
      }
    },
    {
      "symbol": "_ZN40_GLOBAL__N__7f9b572e_8_o1_o3_cu_ac14f08f27adangel_sm80_roof_candidateILb0ELb0ELi11EEEvPKhS2_PKfS2_Pfiii",
      "checks": {
        "resource_metadata_present": true,
        "sass_async": true,
        "sass_no_local": false,
        "resource_no_local": true,
        "resource_no_stack": false,
        "ptx_async": true,
        "sass_u4s4": true,
        "sass_s4s4": true,
        "sass_no_int8": true,
        "ptx_u4s4": true,
        "ptx_s4s4": true
      },
      "passed": true,
      "strict_passed": false,
      "errors": [],
      "warnings": [
        "sass_no_local",
        "resource_no_stack"
      ],
      "resource": "Function _ZN40_GLOBAL__N__7f9b572e_8_o1_o3_cu_ac14f08f27adangel_sm80_roof_candidateILb0ELb0ELi11EEEvPKhS2_PKfS2_Pfiii:\n  REG:128 STACK:24 SHARED:0 LOCAL:0 CONSTANT[0]:404 TEXTURE:0 SURFACE:0 SAMPLER:0",
      "instruction_counts": {
        "I2F": 64,
        "FADD": 0,
        "FMUL": 64,
        "FFMA": 64,
        "IMAD": 99,
        "IADD3": 75,
        "IMMA": 64,
        "BMMA": 0,
        "LDSM": 24,
        "LDGSTS": 16,
        "LDL": 3,
        "STL": 3,
        "STG64": 16,
        "LDG_U16": 0
      }
    },
    {
      "symbol": "_ZN40_GLOBAL__N__7f9b572e_8_o1_o3_cu_ac14f08f27adangel_sm80_roof_candidateILb0ELb1ELi11EEEvPKhS2_PKfS2_Pfiii",
      "checks": {
        "resource_metadata_present": true,
        "sass_async": true,
        "sass_no_local": false,
        "resource_no_local": true,
        "resource_no_stack": false,
        "ptx_async": true,
        "sass_u4s4": true,
        "sass_s4s4": true,
        "sass_no_int8": true,
        "ptx_u4s4": true,
        "ptx_s4s4": true
      },
      "passed": true,
      "strict_passed": false,
      "errors": [],
      "warnings": [
        "sass_no_local",
        "resource_no_stack"
      ],
      "resource": "Function _ZN40_GLOBAL__N__7f9b572e_8_o1_o3_cu_ac14f08f27adangel_sm80_roof_candidateILb0ELb1ELi11EEEvPKhS2_PKfS2_Pfiii:\n  REG:128 STACK:24 SHARED:0 LOCAL:0 CONSTANT[0]:404 TEXTURE:0 SURFACE:0 SAMPLER:0",
      "instruction_counts": {
        "I2F": 64,
        "FADD": 0,
        "FMUL": 0,
        "FFMA": 64,
        "IMAD": 159,
        "IADD3": 94,
        "IMMA": 64,
        "BMMA": 0,
        "LDSM": 24,
        "LDGSTS": 16,
        "LDL": 3,
        "STL": 3,
        "STG64": 16,
        "LDG_U16": 0
      }
    },
    {
      "symbol": "_ZN40_GLOBAL__N__7f9b572e_8_o1_o3_cu_ac14f08f27adangel_sm80_roof_candidateILb1ELb0ELi11EEEvPKhS2_PKfS2_Pfiii",
      "checks": {
        "resource_metadata_present": true,
        "sass_async": true,
        "sass_no_local": false,
        "resource_no_local": true,
        "resource_no_stack": false,
        "ptx_async": true,
        "sass_u4s4": true,
        "sass_s4s4": true,
        "sass_no_int8": true,
        "ptx_u4s4": true,
        "ptx_s4s4": true
      },
      "passed": true,
      "strict_passed": false,
      "errors": [],
      "warnings": [
        "sass_no_local",
        "resource_no_stack"
      ],
      "resource": "Function _ZN40_GLOBAL__N__7f9b572e_8_o1_o3_cu_ac14f08f27adangel_sm80_roof_candidateILb1ELb0ELi11EEEvPKhS2_PKfS2_Pfiii:\n  REG:128 STACK:40 SHARED:0 LOCAL:0 CONSTANT[0]:404 TEXTURE:0 SURFACE:0 SAMPLER:0",
      "instruction_counts": {
        "I2F": 64,
        "FADD": 0,
        "FMUL": 64,
        "FFMA": 64,
        "IMAD": 102,
        "IADD3": 78,
        "IMMA": 64,
        "BMMA": 0,
        "LDSM": 24,
        "LDGSTS": 16,
        "LDL": 5,
        "STL": 5,
        "STG64": 16,
        "LDG_U16": 0
      }
    },
    {
      "symbol": "_ZN40_GLOBAL__N__7f9b572e_8_o1_o3_cu_ac14f08f27adangel_sm80_roof_candidateILb1ELb1ELi11EEEvPKhS2_PKfS2_Pfiii",
      "checks": {
        "resource_metadata_present": true,
        "sass_async": true,
        "sass_no_local": false,
        "resource_no_local": true,
        "resource_no_stack": false,
        "ptx_async": true,
        "sass_u4s4": true,
        "sass_s4s4": true,
        "sass_no_int8": true,
        "ptx_u4s4": true,
        "ptx_s4s4": true,
        "power2_scale_no_fmul": true,
        "power2_scale_keeps_i2f": true,
        "power2_scale_keeps_ffma": true
      },
      "passed": true,
      "strict_passed": false,
      "errors": [],
      "warnings": [
        "sass_no_local",
        "resource_no_stack"
      ],
      "resource": "Function _ZN40_GLOBAL__N__7f9b572e_8_o1_o3_cu_ac14f08f27adangel_sm80_roof_candidateILb1ELb1ELi11EEEvPKhS2_PKfS2_Pfiii:\n  REG:128 STACK:24 SHARED:0 LOCAL:0 CONSTANT[0]:404 TEXTURE:0 SURFACE:0 SAMPLER:0",
      "instruction_counts": {
        "I2F": 64,
        "FADD": 0,
        "FMUL": 0,
        "FFMA": 64,
        "IMAD": 181,
        "IADD3": 122,
        "IMMA": 64,
        "BMMA": 0,
        "LDSM": 24,
        "LDGSTS": 16,
        "LDL": 3,
        "STL": 3,
        "STG64": 16,
        "LDG_U16": 0
      }
    },
    {
      "symbol": "_ZN40_GLOBAL__N__7f9b572e_8_o1_o3_cu_ac14f08f27adangel_sm80_roof_candidateILb0ELb0ELi12EEEvPKhS2_PKfS2_Pfiii",
      "checks": {
        "resource_metadata_present": true,
        "sass_async": true,
        "sass_no_local": false,
        "resource_no_local": true,
        "resource_no_stack": false,
        "ptx_async": true,
        "sass_u4s4": true,
        "sass_s4s4": true,
        "sass_no_int8": true,
        "ptx_u4s4": true,
        "ptx_s4s4": true
      },
      "passed": true,
      "strict_passed": false,
      "errors": [],
      "warnings": [
        "sass_no_local",
        "resource_no_stack"
      ],
      "resource": "Function _ZN40_GLOBAL__N__7f9b572e_8_o1_o3_cu_ac14f08f27adangel_sm80_roof_candidateILb0ELb0ELi12EEEvPKhS2_PKfS2_Pfiii:\n  REG:128 STACK:24 SHARED:0 LOCAL:0 CONSTANT[0]:404 TEXTURE:0 SURFACE:0 SAMPLER:0",
      "instruction_counts": {
        "I2F": 64,
        "FADD": 0,
        "FMUL": 64,
        "FFMA": 64,
        "IMAD": 99,
        "IADD3": 75,
        "IMMA": 64,
        "BMMA": 0,
        "LDSM": 24,
        "LDGSTS": 16,
        "LDL": 3,
        "STL": 3,
        "STG64": 16,
        "LDG_U16": 0
      }
    },
    {
      "symbol": "_ZN40_GLOBAL__N__7f9b572e_8_o1_o3_cu_ac14f08f27adangel_sm80_roof_candidateILb0ELb1ELi12EEEvPKhS2_PKfS2_Pfiii",
      "checks": {
        "resource_metadata_present": true,
        "sass_async": true,
        "sass_no_local": false,
        "resource_no_local": true,
        "resource_no_stack": false,
        "ptx_async": true,
        "sass_u4s4": true,
        "sass_s4s4": true,
        "sass_no_int8": true,
        "ptx_u4s4": true,
        "ptx_s4s4": true
      },
      "passed": true,
      "strict_passed": false,
      "errors": [],
      "warnings": [
        "sass_no_local",
        "resource_no_stack"
      ],
      "resource": "Function _ZN40_GLOBAL__N__7f9b572e_8_o1_o3_cu_ac14f08f27adangel_sm80_roof_candidateILb0ELb1ELi12EEEvPKhS2_PKfS2_Pfiii:\n  REG:128 STACK:24 SHARED:0 LOCAL:0 CONSTANT[0]:404 TEXTURE:0 SURFACE:0 SAMPLER:0",
      "instruction_counts": {
        "I2F": 64,
        "FADD": 0,
        "FMUL": 0,
        "FFMA": 64,
        "IMAD": 159,
        "IADD3": 94,
        "IMMA": 64,
        "BMMA": 0,
        "LDSM": 24,
        "LDGSTS": 16,
        "LDL": 3,
        "STL": 3,
        "STG64": 16,
        "LDG_U16": 0
      }
    },
    {
      "symbol": "_ZN40_GLOBAL__N__7f9b572e_8_o1_o3_cu_ac14f08f27adangel_sm80_roof_candidateILb1ELb0ELi12EEEvPKhS2_PKfS2_Pfiii",
      "checks": {
        "resource_metadata_present": true,
        "sass_async": true,
        "sass_no_local": false,
        "resource_no_local": true,
        "resource_no_stack": false,
        "ptx_async": true,
        "sass_u4s4": true,
        "sass_s4s4": true,
        "sass_no_int8": true,
        "ptx_u4s4": true,
        "ptx_s4s4": true
      },
      "passed": true,
      "strict_passed": false,
      "errors": [],
      "warnings": [
        "sass_no_local",
        "resource_no_stack"
      ],
      "resource": "Function _ZN40_GLOBAL__N__7f9b572e_8_o1_o3_cu_ac14f08f27adangel_sm80_roof_candidateILb1ELb0ELi12EEEvPKhS2_PKfS2_Pfiii:\n  REG:128 STACK:40 SHARED:0 LOCAL:0 CONSTANT[0]:404 TEXTURE:0 SURFACE:0 SAMPLER:0",
      "instruction_counts": {
        "I2F": 64,
        "FADD": 0,
        "FMUL": 64,
        "FFMA": 64,
        "IMAD": 102,
        "IADD3": 78,
        "IMMA": 64,
        "BMMA": 0,
        "LDSM": 24,
        "LDGSTS": 16,
        "LDL": 5,
        "STL": 5,
        "STG64": 16,
        "LDG_U16": 0
      }
    },
    {
      "symbol": "_ZN40_GLOBAL__N__7f9b572e_8_o1_o3_cu_ac14f08f27adangel_sm80_roof_candidateILb1ELb1ELi12EEEvPKhS2_PKfS2_Pfiii",
      "checks": {
        "resource_metadata_present": true,
        "sass_async": true,
        "sass_no_local": false,
        "resource_no_local": true,
        "resource_no_stack": false,
        "ptx_async": true,
        "sass_u4s4": true,
        "sass_s4s4": true,
        "sass_no_int8": true,
        "ptx_u4s4": true,
        "ptx_s4s4": true,
        "power2_scale_no_fmul": true,
        "power2_scale_keeps_i2f": true,
        "power2_scale_keeps_ffma": true
      },
      "passed": true,
      "strict_passed": false,
      "errors": [],
      "warnings": [
        "sass_no_local",
        "resource_no_stack"
      ],
      "resource": "Function _ZN40_GLOBAL__N__7f9b572e_8_o1_o3_cu_ac14f08f27adangel_sm80_roof_candidateILb1ELb1ELi12EEEvPKhS2_PKfS2_Pfiii:\n  REG:128 STACK:40 SHARED:0 LOCAL:0 CONSTANT[0]:404 TEXTURE:0 SURFACE:0 SAMPLER:0",
      "instruction_counts": {
        "I2F": 64,
        "FADD": 0,
        "FMUL": 0,
        "FFMA": 64,
        "IMAD": 167,
        "IADD3": 100,
        "IMMA": 64,
        "BMMA": 0,
        "LDSM": 24,
        "LDGSTS": 16,
        "LDL": 5,
        "STL": 5,
        "STG64": 16,
        "LDG_U16": 0
      }
    },
    {
      "symbol": "_ZN40_GLOBAL__N__7f9b572e_8_o1_o3_cu_ac14f08f27adangel_sm80_roof_candidateILb0ELb0ELi13EEEvPKhS2_PKfS2_Pfiii",
      "checks": {
        "resource_metadata_present": true,
        "sass_async": true,
        "sass_no_local": false,
        "resource_no_local": true,
        "resource_no_stack": false,
        "ptx_async": true,
        "sass_u4s4": true,
        "sass_s4s4": true,
        "sass_no_int8": true,
        "ptx_u4s4": true,
        "ptx_s4s4": true
      },
      "passed": true,
      "strict_passed": false,
      "errors": [],
      "warnings": [
        "sass_no_local",
        "resource_no_stack"
      ],
      "resource": "Function _ZN40_GLOBAL__N__7f9b572e_8_o1_o3_cu_ac14f08f27adangel_sm80_roof_candidateILb0ELb0ELi13EEEvPKhS2_PKfS2_Pfiii:\n  REG:128 STACK:24 SHARED:0 LOCAL:0 CONSTANT[0]:404 TEXTURE:0 SURFACE:0 SAMPLER:0",
      "instruction_counts": {
        "I2F": 64,
        "FADD": 0,
        "FMUL": 64,
        "FFMA": 64,
        "IMAD": 97,
        "IADD3": 74,
        "IMMA": 64,
        "BMMA": 0,
        "LDSM": 24,
        "LDGSTS": 16,
        "LDL": 3,
        "STL": 3,
        "STG64": 16,
        "LDG_U16": 0
      }
    },
    {
      "symbol": "_ZN40_GLOBAL__N__7f9b572e_8_o1_o3_cu_ac14f08f27adangel_sm80_roof_candidateILb0ELb1ELi13EEEvPKhS2_PKfS2_Pfiii",
      "checks": {
        "resource_metadata_present": true,
        "sass_async": true,
        "sass_no_local": false,
        "resource_no_local": true,
        "resource_no_stack": false,
        "ptx_async": true,
        "sass_u4s4": true,
        "sass_s4s4": true,
        "sass_no_int8": true,
        "ptx_u4s4": true,
        "ptx_s4s4": true
      },
      "passed": true,
      "strict_passed": false,
      "errors": [],
      "warnings": [
        "sass_no_local",
        "resource_no_stack"
      ],
      "resource": "Function _ZN40_GLOBAL__N__7f9b572e_8_o1_o3_cu_ac14f08f27adangel_sm80_roof_candidateILb0ELb1ELi13EEEvPKhS2_PKfS2_Pfiii:\n  REG:128 STACK:24 SHARED:0 LOCAL:0 CONSTANT[0]:404 TEXTURE:0 SURFACE:0 SAMPLER:0",
      "instruction_counts": {
        "I2F": 64,
        "FADD": 0,
        "FMUL": 0,
        "FFMA": 64,
        "IMAD": 159,
        "IADD3": 95,
        "IMMA": 64,
        "BMMA": 0,
        "LDSM": 24,
        "LDGSTS": 16,
        "LDL": 3,
        "STL": 3,
        "STG64": 16,
        "LDG_U16": 0
      }
    },
    {
      "symbol": "_ZN40_GLOBAL__N__7f9b572e_8_o1_o3_cu_ac14f08f27adangel_sm80_roof_candidateILb1ELb0ELi14EEEvPKhS2_PKfS2_Pfiii",
      "checks": {
        "resource_metadata_present": true,
        "sass_async": true,
        "sass_no_local": false,
        "resource_no_local": true,
        "resource_no_stack": false,
        "ptx_async": true,
        "sass_u4s4": true,
        "sass_s4s4": true,
        "sass_no_int8": true,
        "ptx_u4s4": true,
        "ptx_s4s4": true
      },
      "passed": true,
      "strict_passed": false,
      "errors": [],
      "warnings": [
        "sass_no_local",
        "resource_no_stack"
      ],
      "resource": "Function _ZN40_GLOBAL__N__7f9b572e_8_o1_o3_cu_ac14f08f27adangel_sm80_roof_candidateILb1ELb0ELi14EEEvPKhS2_PKfS2_Pfiii:\n  REG:128 STACK:40 SHARED:0 LOCAL:0 CONSTANT[0]:404 TEXTURE:0 SURFACE:0 SAMPLER:0",
      "instruction_counts": {
        "I2F": 64,
        "FADD": 0,
        "FMUL": 64,
        "FFMA": 64,
        "IMAD": 117,
        "IADD3": 80,
        "IMMA": 64,
        "BMMA": 0,
        "LDSM": 24,
        "LDGSTS": 24,
        "LDL": 5,
        "STL": 5,
        "STG64": 16,
        "LDG_U16": 0
      }
    },
    {
      "symbol": "_ZN40_GLOBAL__N__7f9b572e_8_o1_o3_cu_ac14f08f27adangel_sm80_roof_candidateILb1ELb0ELi15EEEvPKhS2_PKfS2_Pfiii",
      "checks": {
        "resource_metadata_present": true,
        "sass_async": true,
        "sass_no_local": false,
        "resource_no_local": true,
        "resource_no_stack": false,
        "ptx_async": true,
        "sass_u4s4": true,
        "sass_s4s4": true,
        "sass_no_int8": true,
        "ptx_u4s4": true,
        "ptx_s4s4": true
      },
      "passed": true,
      "strict_passed": false,
      "errors": [],
      "warnings": [
        "sass_no_local",
        "resource_no_stack"
      ],
      "resource": "Function _ZN40_GLOBAL__N__7f9b572e_8_o1_o3_cu_ac14f08f27adangel_sm80_roof_candidateILb1ELb0ELi15EEEvPKhS2_PKfS2_Pfiii:\n  REG:127 STACK:48 SHARED:0 LOCAL:0 CONSTANT[0]:404 TEXTURE:0 SURFACE:0 SAMPLER:0",
      "instruction_counts": {
        "I2F": 64,
        "FADD": 0,
        "FMUL": 64,
        "FFMA": 64,
        "IMAD": 100,
        "IADD3": 76,
        "IMMA": 64,
        "BMMA": 0,
        "LDSM": 24,
        "LDGSTS": 20,
        "LDL": 6,
        "STL": 6,
        "STG64": 16,
        "LDG_U16": 0
      }
    },
    {
      "symbol": "_ZN40_GLOBAL__N__7f9b572e_8_o1_o3_cu_ac14f08f27adangel_sm80_roof_candidateILb0ELb0ELi0EEEvPKhS2_PKfS2_Pfiii",
      "checks": {
        "resource_metadata_present": true,
        "sass_async": true,
        "sass_no_local": false,
        "resource_no_local": true,
        "resource_no_stack": false,
        "ptx_async": true,
        "sass_u4s4": true,
        "sass_s4s4": true,
        "sass_no_int8": true,
        "ptx_u4s4": true,
        "ptx_s4s4": true
      },
      "passed": true,
      "strict_passed": false,
      "errors": [],
      "warnings": [
        "sass_no_local",
        "resource_no_stack"
      ],
      "resource": "Function _ZN40_GLOBAL__N__7f9b572e_8_o1_o3_cu_ac14f08f27adangel_sm80_roof_candidateILb0ELb0ELi0EEEvPKhS2_PKfS2_Pfiii:\n  REG:128 STACK:32 SHARED:0 LOCAL:0 CONSTANT[0]:404 TEXTURE:0 SURFACE:0 SAMPLER:0",
      "instruction_counts": {
        "I2F": 64,
        "FADD": 0,
        "FMUL": 64,
        "FFMA": 64,
        "IMAD": 100,
        "IADD3": 75,
        "IMMA": 64,
        "BMMA": 0,
        "LDSM": 24,
        "LDGSTS": 16,
        "LDL": 4,
        "STL": 4,
        "STG64": 16,
        "LDG_U16": 0
      }
    },
    {
      "symbol": "_ZN49_GLOBAL__N__141eeba7_16_roof_pipeline_cu_dc1465fe27adangel_sm80_roof_candidateILb1ELb0ELi19EEEvPKhS2_PKfS2_Pfiii",
      "checks": {
        "resource_metadata_present": true,
        "sass_async": true,
        "sass_no_local": true,
        "resource_no_local": true,
        "resource_no_stack": true,
        "ptx_async": true,
        "sass_u4s4": true,
        "sass_s4s4": true,
        "sass_no_int8": true,
        "ptx_u4s4": true,
        "ptx_s4s4": true,
        "pipeline_ptx_wait_one": true,
        "pipeline_ptx_drain": true,
        "pipeline_sass_wait_one": true,
        "pipeline_sass_drain": true
      },
      "passed": true,
      "strict_passed": true,
      "errors": [],
      "warnings": [],
      "resource": "Function _ZN49_GLOBAL__N__141eeba7_16_roof_pipeline_cu_dc1465fe27adangel_sm80_roof_candidateILb1ELb0ELi19EEEvPKhS2_PKfS2_Pfiii:\n  REG:128 STACK:0 SHARED:0 LOCAL:0 CONSTANT[0]:404 TEXTURE:0 SURFACE:0 SAMPLER:0",
      "instruction_counts": {
        "I2F": 32,
        "FADD": 0,
        "FMUL": 32,
        "FFMA": 32,
        "IMAD": 101,
        "IADD3": 49,
        "IMMA": 32,
        "BMMA": 0,
        "LDSM": 12,
        "LDGSTS": 12,
        "LDL": 0,
        "STL": 0,
        "STG64": 16,
        "LDG_U16": 0
      }
    },
    {
      "symbol": "_ZN49_GLOBAL__N__141eeba7_16_roof_pipeline_cu_dc1465fe27adangel_sm80_roof_candidateILb0ELb0ELi19EEEvPKhS2_PKfS2_Pfiii",
      "checks": {
        "resource_metadata_present": true,
        "sass_async": true,
        "sass_no_local": false,
        "resource_no_local": true,
        "resource_no_stack": false,
        "ptx_async": true,
        "sass_u4s4": true,
        "sass_s4s4": true,
        "sass_no_int8": true,
        "ptx_u4s4": true,
        "ptx_s4s4": true,
        "pipeline_ptx_wait_one": true,
        "pipeline_ptx_drain": true,
        "pipeline_sass_wait_one": true,
        "pipeline_sass_drain": true
      },
      "passed": true,
      "strict_passed": false,
      "errors": [],
      "warnings": [
        "sass_no_local",
        "resource_no_stack"
      ],
      "resource": "Function _ZN49_GLOBAL__N__141eeba7_16_roof_pipeline_cu_dc1465fe27adangel_sm80_roof_candidateILb0ELb0ELi19EEEvPKhS2_PKfS2_Pfiii:\n  REG:128 STACK:8 SHARED:0 LOCAL:0 CONSTANT[0]:404 TEXTURE:0 SURFACE:0 SAMPLER:0",
      "instruction_counts": {
        "I2F": 32,
        "FADD": 0,
        "FMUL": 32,
        "FFMA": 32,
        "IMAD": 104,
        "IADD3": 55,
        "IMMA": 32,
        "BMMA": 0,
        "LDSM": 12,
        "LDGSTS": 12,
        "LDL": 1,
        "STL": 1,
        "STG64": 16,
        "LDG_U16": 0
      }
    },
    {
      "symbol": "_ZN49_GLOBAL__N__141eeba7_16_roof_pipeline_cu_dc1465fe27adangel_sm80_roof_candidateILb0ELb1ELi19EEEvPKhS2_PKfS2_Pfiii",
      "checks": {
        "resource_metadata_present": true,
        "sass_async": true,
        "sass_no_local": false,
        "resource_no_local": true,
        "resource_no_stack": false,
        "ptx_async": true,
        "sass_u4s4": true,
        "sass_s4s4": true,
        "sass_no_int8": true,
        "ptx_u4s4": true,
        "ptx_s4s4": true,
        "pipeline_ptx_wait_one": true,
        "pipeline_ptx_drain": true,
        "pipeline_sass_wait_one": true,
        "pipeline_sass_drain": true
      },
      "passed": true,
      "strict_passed": false,
      "errors": [],
      "warnings": [
        "sass_no_local",
        "resource_no_stack"
      ],
      "resource": "Function _ZN49_GLOBAL__N__141eeba7_16_roof_pipeline_cu_dc1465fe27adangel_sm80_roof_candidateILb0ELb1ELi19EEEvPKhS2_PKfS2_Pfiii:\n  REG:128 STACK:8 SHARED:0 LOCAL:0 CONSTANT[0]:404 TEXTURE:0 SURFACE:0 SAMPLER:0",
      "instruction_counts": {
        "I2F": 32,
        "FADD": 0,
        "FMUL": 0,
        "FFMA": 32,
        "IMAD": 133,
        "IADD3": 59,
        "IMMA": 32,
        "BMMA": 0,
        "LDSM": 12,
        "LDGSTS": 12,
        "LDL": 1,
        "STL": 1,
        "STG64": 16,
        "LDG_U16": 0
      }
    },
    {
      "symbol": "_ZN49_GLOBAL__N__141eeba7_16_roof_pipeline_cu_dc1465fe27adangel_sm80_roof_candidateILb1ELb0ELi18EEEvPKhS2_PKfS2_Pfiii",
      "checks": {
        "resource_metadata_present": true,
        "sass_async": true,
        "sass_no_local": true,
        "resource_no_local": true,
        "resource_no_stack": true,
        "ptx_async": true,
        "sass_u4s4": true,
        "sass_s4s4": true,
        "sass_no_int8": true,
        "ptx_u4s4": true,
        "ptx_s4s4": true,
        "pipeline_ptx_wait_one": true,
        "pipeline_ptx_drain": true,
        "pipeline_sass_wait_one": true,
        "pipeline_sass_drain": true
      },
      "passed": true,
      "strict_passed": true,
      "errors": [],
      "warnings": [],
      "resource": "Function _ZN49_GLOBAL__N__141eeba7_16_roof_pipeline_cu_dc1465fe27adangel_sm80_roof_candidateILb1ELb0ELi18EEEvPKhS2_PKfS2_Pfiii:\n  REG:128 STACK:0 SHARED:0 LOCAL:0 CONSTANT[0]:404 TEXTURE:0 SURFACE:0 SAMPLER:0",
      "instruction_counts": {
        "I2F": 32,
        "FADD": 0,
        "FMUL": 32,
        "FFMA": 32,
        "IMAD": 101,
        "IADD3": 49,
        "IMMA": 32,
        "BMMA": 0,
        "LDSM": 12,
        "LDGSTS": 12,
        "LDL": 0,
        "STL": 0,
        "STG64": 16,
        "LDG_U16": 0
      }
    },
    {
      "symbol": "_ZN49_GLOBAL__N__141eeba7_16_roof_pipeline_cu_dc1465fe27adangel_sm80_roof_candidateILb0ELb0ELi18EEEvPKhS2_PKfS2_Pfiii",
      "checks": {
        "resource_metadata_present": true,
        "sass_async": true,
        "sass_no_local": false,
        "resource_no_local": true,
        "resource_no_stack": false,
        "ptx_async": true,
        "sass_u4s4": true,
        "sass_s4s4": true,
        "sass_no_int8": true,
        "ptx_u4s4": true,
        "ptx_s4s4": true,
        "pipeline_ptx_wait_one": true,
        "pipeline_ptx_drain": true,
        "pipeline_sass_wait_one": true,
        "pipeline_sass_drain": true
      },
      "passed": true,
      "strict_passed": false,
      "errors": [],
      "warnings": [
        "sass_no_local",
        "resource_no_stack"
      ],
      "resource": "Function _ZN49_GLOBAL__N__141eeba7_16_roof_pipeline_cu_dc1465fe27adangel_sm80_roof_candidateILb0ELb0ELi18EEEvPKhS2_PKfS2_Pfiii:\n  REG:128 STACK:8 SHARED:0 LOCAL:0 CONSTANT[0]:404 TEXTURE:0 SURFACE:0 SAMPLER:0",
      "instruction_counts": {
        "I2F": 32,
        "FADD": 0,
        "FMUL": 32,
        "FFMA": 32,
        "IMAD": 104,
        "IADD3": 55,
        "IMMA": 32,
        "BMMA": 0,
        "LDSM": 12,
        "LDGSTS": 12,
        "LDL": 1,
        "STL": 1,
        "STG64": 16,
        "LDG_U16": 0
      }
    },
    {
      "symbol": "_ZN49_GLOBAL__N__141eeba7_16_roof_pipeline_cu_dc1465fe27adangel_sm80_roof_candidateILb0ELb1ELi18EEEvPKhS2_PKfS2_Pfiii",
      "checks": {
        "resource_metadata_present": true,
        "sass_async": true,
        "sass_no_local": false,
        "resource_no_local": true,
        "resource_no_stack": false,
        "ptx_async": true,
        "sass_u4s4": true,
        "sass_s4s4": true,
        "sass_no_int8": true,
        "ptx_u4s4": true,
        "ptx_s4s4": true,
        "pipeline_ptx_wait_one": true,
        "pipeline_ptx_drain": true,
        "pipeline_sass_wait_one": true,
        "pipeline_sass_drain": true
      },
      "passed": true,
      "strict_passed": false,
      "errors": [],
      "warnings": [
        "sass_no_local",
        "resource_no_stack"
      ],
      "resource": "Function _ZN49_GLOBAL__N__141eeba7_16_roof_pipeline_cu_dc1465fe27adangel_sm80_roof_candidateILb0ELb1ELi18EEEvPKhS2_PKfS2_Pfiii:\n  REG:128 STACK:8 SHARED:0 LOCAL:0 CONSTANT[0]:404 TEXTURE:0 SURFACE:0 SAMPLER:0",
      "instruction_counts": {
        "I2F": 32,
        "FADD": 0,
        "FMUL": 0,
        "FFMA": 32,
        "IMAD": 133,
        "IADD3": 59,
        "IMMA": 32,
        "BMMA": 0,
        "LDSM": 12,
        "LDGSTS": 12,
        "LDL": 1,
        "STL": 1,
        "STG64": 16,
        "LDG_U16": 0
      }
    },
    {
      "symbol": "_ZN49_GLOBAL__N__141eeba7_16_roof_pipeline_cu_dc1465fe27adangel_sm80_roof_candidateILb1ELb0ELi17EEEvPKhS2_PKfS2_Pfiii",
      "checks": {
        "resource_metadata_present": true,
        "sass_async": true,
        "sass_no_local": false,
        "resource_no_local": true,
        "resource_no_stack": false,
        "ptx_async": true,
        "sass_u4s4": true,
        "sass_s4s4": true,
        "sass_no_int8": true,
        "ptx_u4s4": true,
        "ptx_s4s4": true,
        "pipeline_ptx_wait_one": true,
        "pipeline_ptx_drain": true,
        "pipeline_sass_wait_one": true,
        "pipeline_sass_drain": true
      },
      "passed": true,
      "strict_passed": false,
      "errors": [],
      "warnings": [
        "sass_no_local",
        "resource_no_stack"
      ],
      "resource": "Function _ZN49_GLOBAL__N__141eeba7_16_roof_pipeline_cu_dc1465fe27adangel_sm80_roof_candidateILb1ELb0ELi17EEEvPKhS2_PKfS2_Pfiii:\n  REG:80 STACK:16 SHARED:0 LOCAL:0 CONSTANT[0]:404 TEXTURE:0 SURFACE:0 SAMPLER:0",
      "instruction_counts": {
        "I2F": 32,
        "FADD": 0,
        "FMUL": 32,
        "FFMA": 32,
        "IMAD": 100,
        "IADD3": 52,
        "IMMA": 32,
        "BMMA": 0,
        "LDSM": 12,
        "LDGSTS": 12,
        "LDL": 4,
        "STL": 4,
        "STG64": 16,
        "LDG_U16": 0
      }
    },
    {
      "symbol": "_ZN49_GLOBAL__N__141eeba7_16_roof_pipeline_cu_dc1465fe27adangel_sm80_roof_candidateILb0ELb0ELi17EEEvPKhS2_PKfS2_Pfiii",
      "checks": {
        "resource_metadata_present": true,
        "sass_async": true,
        "sass_no_local": false,
        "resource_no_local": true,
        "resource_no_stack": false,
        "ptx_async": true,
        "sass_u4s4": true,
        "sass_s4s4": true,
        "sass_no_int8": true,
        "ptx_u4s4": true,
        "ptx_s4s4": true,
        "pipeline_ptx_wait_one": true,
        "pipeline_ptx_drain": true,
        "pipeline_sass_wait_one": true,
        "pipeline_sass_drain": true
      },
      "passed": true,
      "strict_passed": false,
      "errors": [],
      "warnings": [
        "sass_no_local",
        "resource_no_stack"
      ],
      "resource": "Function _ZN49_GLOBAL__N__141eeba7_16_roof_pipeline_cu_dc1465fe27adangel_sm80_roof_candidateILb0ELb0ELi17EEEvPKhS2_PKfS2_Pfiii:\n  REG:80 STACK:112 SHARED:0 LOCAL:0 CONSTANT[0]:404 TEXTURE:0 SURFACE:0 SAMPLER:0",
      "instruction_counts": {
        "I2F": 32,
        "FADD": 0,
        "FMUL": 32,
        "FFMA": 32,
        "IMAD": 125,
        "IADD3": 61,
        "IMMA": 32,
        "BMMA": 0,
        "LDSM": 12,
        "LDGSTS": 12,
        "LDL": 34,
        "STL": 34,
        "STG64": 16,
        "LDG_U16": 0
      }
    },
    {
      "symbol": "_ZN49_GLOBAL__N__141eeba7_16_roof_pipeline_cu_dc1465fe27adangel_sm80_roof_candidateILb0ELb1ELi17EEEvPKhS2_PKfS2_Pfiii",
      "checks": {
        "resource_metadata_present": true,
        "sass_async": true,
        "sass_no_local": false,
        "resource_no_local": true,
        "resource_no_stack": false,
        "ptx_async": true,
        "sass_u4s4": true,
        "sass_s4s4": true,
        "sass_no_int8": true,
        "ptx_u4s4": true,
        "ptx_s4s4": true,
        "pipeline_ptx_wait_one": true,
        "pipeline_ptx_drain": true,
        "pipeline_sass_wait_one": true,
        "pipeline_sass_drain": true
      },
      "passed": true,
      "strict_passed": false,
      "errors": [],
      "warnings": [
        "sass_no_local",
        "resource_no_stack"
      ],
      "resource": "Function _ZN49_GLOBAL__N__141eeba7_16_roof_pipeline_cu_dc1465fe27adangel_sm80_roof_candidateILb0ELb1ELi17EEEvPKhS2_PKfS2_Pfiii:\n  REG:80 STACK:112 SHARED:0 LOCAL:0 CONSTANT[0]:404 TEXTURE:0 SURFACE:0 SAMPLER:0",
      "instruction_counts": {
        "I2F": 32,
        "FADD": 0,
        "FMUL": 0,
        "FFMA": 32,
        "IMAD": 151,
        "IADD3": 65,
        "IMMA": 32,
        "BMMA": 0,
        "LDSM": 12,
        "LDGSTS": 12,
        "LDL": 34,
        "STL": 34,
        "STG64": 16,
        "LDG_U16": 0
      }
    },
    {
      "symbol": "_ZN49_GLOBAL__N__141eeba7_16_roof_pipeline_cu_dc1465fe27adangel_sm80_roof_candidateILb1ELb0ELi16EEEvPKhS2_PKfS2_Pfiii",
      "checks": {
        "resource_metadata_present": true,
        "sass_async": true,
        "sass_no_local": false,
        "resource_no_local": true,
        "resource_no_stack": false,
        "ptx_async": true,
        "sass_u4s4": true,
        "sass_s4s4": true,
        "sass_no_int8": true,
        "ptx_u4s4": true,
        "ptx_s4s4": true,
        "pipeline_ptx_wait_one": true,
        "pipeline_ptx_drain": true,
        "pipeline_sass_wait_one": true,
        "pipeline_sass_drain": true
      },
      "passed": true,
      "strict_passed": false,
      "errors": [],
      "warnings": [
        "sass_no_local",
        "resource_no_stack"
      ],
      "resource": "Function _ZN49_GLOBAL__N__141eeba7_16_roof_pipeline_cu_dc1465fe27adangel_sm80_roof_candidateILb1ELb0ELi16EEEvPKhS2_PKfS2_Pfiii:\n  REG:80 STACK:16 SHARED:0 LOCAL:0 CONSTANT[0]:404 TEXTURE:0 SURFACE:0 SAMPLER:0",
      "instruction_counts": {
        "I2F": 32,
        "FADD": 0,
        "FMUL": 32,
        "FFMA": 32,
        "IMAD": 100,
        "IADD3": 52,
        "IMMA": 32,
        "BMMA": 0,
        "LDSM": 12,
        "LDGSTS": 12,
        "LDL": 4,
        "STL": 4,
        "STG64": 16,
        "LDG_U16": 0
      }
    },
    {
      "symbol": "_ZN49_GLOBAL__N__141eeba7_16_roof_pipeline_cu_dc1465fe27adangel_sm80_roof_candidateILb0ELb0ELi16EEEvPKhS2_PKfS2_Pfiii",
      "checks": {
        "resource_metadata_present": true,
        "sass_async": true,
        "sass_no_local": false,
        "resource_no_local": true,
        "resource_no_stack": false,
        "ptx_async": true,
        "sass_u4s4": true,
        "sass_s4s4": true,
        "sass_no_int8": true,
        "ptx_u4s4": true,
        "ptx_s4s4": true,
        "pipeline_ptx_wait_one": true,
        "pipeline_ptx_drain": true,
        "pipeline_sass_wait_one": true,
        "pipeline_sass_drain": true
      },
      "passed": true,
      "strict_passed": false,
      "errors": [],
      "warnings": [
        "sass_no_local",
        "resource_no_stack"
      ],
      "resource": "Function _ZN49_GLOBAL__N__141eeba7_16_roof_pipeline_cu_dc1465fe27adangel_sm80_roof_candidateILb0ELb0ELi16EEEvPKhS2_PKfS2_Pfiii:\n  REG:80 STACK:88 SHARED:0 LOCAL:0 CONSTANT[0]:404 TEXTURE:0 SURFACE:0 SAMPLER:0",
      "instruction_counts": {
        "I2F": 32,
        "FADD": 0,
        "FMUL": 32,
        "FFMA": 32,
        "IMAD": 123,
        "IADD3": 56,
        "IMMA": 32,
        "BMMA": 0,
        "LDSM": 12,
        "LDGSTS": 12,
        "LDL": 27,
        "STL": 27,
        "STG64": 16,
        "LDG_U16": 0
      }
    },
    {
      "symbol": "_ZN49_GLOBAL__N__141eeba7_16_roof_pipeline_cu_dc1465fe27adangel_sm80_roof_candidateILb0ELb1ELi16EEEvPKhS2_PKfS2_Pfiii",
      "checks": {
        "resource_metadata_present": true,
        "sass_async": true,
        "sass_no_local": false,
        "resource_no_local": true,
        "resource_no_stack": false,
        "ptx_async": true,
        "sass_u4s4": true,
        "sass_s4s4": true,
        "sass_no_int8": true,
        "ptx_u4s4": true,
        "ptx_s4s4": true,
        "pipeline_ptx_wait_one": true,
        "pipeline_ptx_drain": true,
        "pipeline_sass_wait_one": true,
        "pipeline_sass_drain": true
      },
      "passed": true,
      "strict_passed": false,
      "errors": [],
      "warnings": [
        "sass_no_local",
        "resource_no_stack"
      ],
      "resource": "Function _ZN49_GLOBAL__N__141eeba7_16_roof_pipeline_cu_dc1465fe27adangel_sm80_roof_candidateILb0ELb1ELi16EEEvPKhS2_PKfS2_Pfiii:\n  REG:80 STACK:88 SHARED:0 LOCAL:0 CONSTANT[0]:404 TEXTURE:0 SURFACE:0 SAMPLER:0",
      "instruction_counts": {
        "I2F": 32,
        "FADD": 0,
        "FMUL": 0,
        "FFMA": 32,
        "IMAD": 152,
        "IADD3": 64,
        "IMMA": 32,
        "BMMA": 0,
        "LDSM": 12,
        "LDGSTS": 12,
        "LDL": 27,
        "STL": 27,
        "STG64": 16,
        "LDG_U16": 0
      }
    },
    {
      "symbol": "_ZN50_GLOBAL__N__a93d19e7_17_roof_reduction_cu_1e4c4f4827adangel_sm80_roof_candidateILb1ELb0ELi25EEEvPKhS2_PKfS2_Pfiii",
      "checks": {
        "resource_metadata_present": true,
        "sass_async": true,
        "sass_no_local": false,
        "resource_no_local": true,
        "resource_no_stack": false,
        "ptx_async": true,
        "sass_u4s4": true,
        "sass_s4s4": true,
        "sass_no_int8": true,
        "ptx_u4s4": true,
        "ptx_s4s4": true,
        "reduction_keeps_i2f": true,
        "reduction_keeps_ffma": true,
        "reduction_has_final_fadd": true
      },
      "passed": true,
      "strict_passed": false,
      "errors": [],
      "warnings": [
        "sass_no_local",
        "resource_no_stack"
      ],
      "resource": "Function _ZN50_GLOBAL__N__a93d19e7_17_roof_reduction_cu_1e4c4f4827adangel_sm80_roof_candidateILb1ELb0ELi25EEEvPKhS2_PKfS2_Pfiii:\n  REG:128 STACK:280 SHARED:0 LOCAL:0 CONSTANT[0]:404 TEXTURE:0 SURFACE:0 SAMPLER:0",
      "instruction_counts": {
        "I2F": 128,
        "FADD": 96,
        "FMUL": 128,
        "FFMA": 128,
        "IMAD": 55,
        "IADD3": 83,
        "IMMA": 128,
        "BMMA": 0,
        "LDSM": 48,
        "LDGSTS": 16,
        "LDL": 140,
        "STL": 140,
        "STG64": 16,
        "LDG_U16": 0
      }
    },
    {
      "symbol": "_ZN50_GLOBAL__N__a93d19e7_17_roof_reduction_cu_1e4c4f4827adangel_sm80_roof_candidateILb0ELb0ELi25EEEvPKhS2_PKfS2_Pfiii",
      "checks": {
        "resource_metadata_present": true,
        "sass_async": true,
        "sass_no_local": false,
        "resource_no_local": true,
        "resource_no_stack": false,
        "ptx_async": true,
        "sass_u4s4": true,
        "sass_s4s4": true,
        "sass_no_int8": true,
        "ptx_u4s4": true,
        "ptx_s4s4": true,
        "reduction_keeps_i2f": true,
        "reduction_keeps_ffma": true,
        "reduction_has_final_fadd": true
      },
      "passed": true,
      "strict_passed": false,
      "errors": [],
      "warnings": [
        "sass_no_local",
        "resource_no_stack"
      ],
      "resource": "Function _ZN50_GLOBAL__N__a93d19e7_17_roof_reduction_cu_1e4c4f4827adangel_sm80_roof_candidateILb0ELb0ELi25EEEvPKhS2_PKfS2_Pfiii:\n  REG:128 STACK:304 SHARED:0 LOCAL:0 CONSTANT[0]:404 TEXTURE:0 SURFACE:0 SAMPLER:0",
      "instruction_counts": {
        "I2F": 128,
        "FADD": 96,
        "FMUL": 128,
        "FFMA": 128,
        "IMAD": 64,
        "IADD3": 85,
        "IMMA": 128,
        "BMMA": 0,
        "LDSM": 48,
        "LDGSTS": 16,
        "LDL": 151,
        "STL": 226,
        "STG64": 16,
        "LDG_U16": 0
      }
    },
    {
      "symbol": "_ZN50_GLOBAL__N__a93d19e7_17_roof_reduction_cu_1e4c4f4827adangel_sm80_roof_candidateILb0ELb1ELi25EEEvPKhS2_PKfS2_Pfiii",
      "checks": {
        "resource_metadata_present": true,
        "sass_async": true,
        "sass_no_local": false,
        "resource_no_local": true,
        "resource_no_stack": false,
        "ptx_async": true,
        "sass_u4s4": true,
        "sass_s4s4": true,
        "sass_no_int8": true,
        "ptx_u4s4": true,
        "ptx_s4s4": true,
        "reduction_keeps_i2f": true,
        "reduction_keeps_ffma": true,
        "reduction_has_final_fadd": true
      },
      "passed": true,
      "strict_passed": false,
      "errors": [],
      "warnings": [
        "sass_no_local",
        "resource_no_stack"
      ],
      "resource": "Function _ZN50_GLOBAL__N__a93d19e7_17_roof_reduction_cu_1e4c4f4827adangel_sm80_roof_candidateILb0ELb1ELi25EEEvPKhS2_PKfS2_Pfiii:\n  REG:128 STACK:304 SHARED:0 LOCAL:0 CONSTANT[0]:404 TEXTURE:0 SURFACE:0 SAMPLER:0",
      "instruction_counts": {
        "I2F": 128,
        "FADD": 96,
        "FMUL": 0,
        "FFMA": 128,
        "IMAD": 187,
        "IADD3": 151,
        "IMMA": 128,
        "BMMA": 0,
        "LDSM": 48,
        "LDGSTS": 16,
        "LDL": 151,
        "STL": 226,
        "STG64": 16,
        "LDG_U16": 0
      }
    },
    {
      "symbol": "_ZN50_GLOBAL__N__a93d19e7_17_roof_reduction_cu_1e4c4f4827adangel_sm80_roof_candidateILb1ELb0ELi24EEEvPKhS2_PKfS2_Pfiii",
      "checks": {
        "resource_metadata_present": true,
        "sass_async": true,
        "sass_no_local": false,
        "resource_no_local": true,
        "resource_no_stack": false,
        "ptx_async": true,
        "sass_u4s4": true,
        "sass_s4s4": true,
        "sass_no_int8": true,
        "ptx_u4s4": true,
        "ptx_s4s4": true,
        "reduction_keeps_i2f": true,
        "reduction_keeps_ffma": true,
        "reduction_has_final_fadd": true
      },
      "passed": true,
      "strict_passed": false,
      "errors": [],
      "warnings": [
        "sass_no_local",
        "resource_no_stack"
      ],
      "resource": "Function _ZN50_GLOBAL__N__a93d19e7_17_roof_reduction_cu_1e4c4f4827adangel_sm80_roof_candidateILb1ELb0ELi24EEEvPKhS2_PKfS2_Pfiii:\n  REG:128 STACK:72 SHARED:0 LOCAL:0 CONSTANT[0]:404 TEXTURE:0 SURFACE:0 SAMPLER:0",
      "instruction_counts": {
        "I2F": 64,
        "FADD": 32,
        "FMUL": 64,
        "FFMA": 64,
        "IMAD": 97,
        "IADD3": 76,
        "IMMA": 64,
        "BMMA": 0,
        "LDSM": 24,
        "LDGSTS": 16,
        "LDL": 28,
        "STL": 28,
        "STG64": 16,
        "LDG_U16": 0
      }
    },
    {
      "symbol": "_ZN50_GLOBAL__N__a93d19e7_17_roof_reduction_cu_1e4c4f4827adangel_sm80_roof_candidateILb0ELb0ELi24EEEvPKhS2_PKfS2_Pfiii",
      "checks": {
        "resource_metadata_present": true,
        "sass_async": true,
        "sass_no_local": false,
        "resource_no_local": true,
        "resource_no_stack": false,
        "ptx_async": true,
        "sass_u4s4": true,
        "sass_s4s4": true,
        "sass_no_int8": true,
        "ptx_u4s4": true,
        "ptx_s4s4": true,
        "reduction_keeps_i2f": true,
        "reduction_keeps_ffma": true,
        "reduction_has_final_fadd": true
      },
      "passed": true,
      "strict_passed": false,
      "errors": [],
      "warnings": [
        "sass_no_local",
        "resource_no_stack"
      ],
      "resource": "Function _ZN50_GLOBAL__N__a93d19e7_17_roof_reduction_cu_1e4c4f4827adangel_sm80_roof_candidateILb0ELb0ELi24EEEvPKhS2_PKfS2_Pfiii:\n  REG:128 STACK:64 SHARED:0 LOCAL:0 CONSTANT[0]:404 TEXTURE:0 SURFACE:0 SAMPLER:0",
      "instruction_counts": {
        "I2F": 64,
        "FADD": 32,
        "FMUL": 64,
        "FFMA": 64,
        "IMAD": 95,
        "IADD3": 77,
        "IMMA": 64,
        "BMMA": 0,
        "LDSM": 24,
        "LDGSTS": 16,
        "LDL": 25,
        "STL": 25,
        "STG64": 16,
        "LDG_U16": 0
      }
    },
    {
      "symbol": "_ZN50_GLOBAL__N__a93d19e7_17_roof_reduction_cu_1e4c4f4827adangel_sm80_roof_candidateILb0ELb1ELi24EEEvPKhS2_PKfS2_Pfiii",
      "checks": {
        "resource_metadata_present": true,
        "sass_async": true,
        "sass_no_local": false,
        "resource_no_local": true,
        "resource_no_stack": false,
        "ptx_async": true,
        "sass_u4s4": true,
        "sass_s4s4": true,
        "sass_no_int8": true,
        "ptx_u4s4": true,
        "ptx_s4s4": true,
        "reduction_keeps_i2f": true,
        "reduction_keeps_ffma": true,
        "reduction_has_final_fadd": true
      },
      "passed": true,
      "strict_passed": false,
      "errors": [],
      "warnings": [
        "sass_no_local",
        "resource_no_stack"
      ],
      "resource": "Function _ZN50_GLOBAL__N__a93d19e7_17_roof_reduction_cu_1e4c4f4827adangel_sm80_roof_candidateILb0ELb1ELi24EEEvPKhS2_PKfS2_Pfiii:\n  REG:128 STACK:64 SHARED:0 LOCAL:0 CONSTANT[0]:404 TEXTURE:0 SURFACE:0 SAMPLER:0",
      "instruction_counts": {
        "I2F": 64,
        "FADD": 32,
        "FMUL": 0,
        "FFMA": 64,
        "IMAD": 154,
        "IADD3": 94,
        "IMMA": 64,
        "BMMA": 0,
        "LDSM": 24,
        "LDGSTS": 16,
        "LDL": 25,
        "STL": 25,
        "STG64": 16,
        "LDG_U16": 0
      }
    },
    {
      "symbol": "_ZN57_GLOBAL__N__9b7b8a36_24_roof_reduction_budget_cu_cc1915b927adangel_sm80_roof_candidateILb1ELb0ELi27EEEvPKhS2_PKfS2_Pfiii",
      "checks": {
        "resource_metadata_present": true,
        "sass_async": true,
        "sass_no_local": true,
        "resource_no_local": true,
        "resource_no_stack": true,
        "ptx_async": true,
        "sass_u4s4": true,
        "sass_s4s4": true,
        "sass_no_int8": true,
        "ptx_u4s4": true,
        "ptx_s4s4": true,
        "reduction_keeps_i2f": true,
        "reduction_keeps_ffma": true,
        "reduction_has_final_fadd": true
      },
      "passed": true,
      "strict_passed": true,
      "errors": [],
      "warnings": [],
      "resource": "Function _ZN57_GLOBAL__N__9b7b8a36_24_roof_reduction_budget_cu_cc1915b927adangel_sm80_roof_candidateILb1ELb0ELi27EEEvPKhS2_PKfS2_Pfiii:\n  REG:241 STACK:0 SHARED:0 LOCAL:0 CONSTANT[0]:404 TEXTURE:0 SURFACE:0 SAMPLER:0",
      "instruction_counts": {
        "I2F": 128,
        "FADD": 96,
        "FMUL": 128,
        "FFMA": 128,
        "IMAD": 61,
        "IADD3": 81,
        "IMMA": 128,
        "BMMA": 0,
        "LDSM": 48,
        "LDGSTS": 16,
        "LDL": 0,
        "STL": 0,
        "STG64": 16,
        "LDG_U16": 0
      }
    },
    {
      "symbol": "_ZN57_GLOBAL__N__9b7b8a36_24_roof_reduction_budget_cu_cc1915b927adangel_sm80_roof_candidateILb0ELb0ELi27EEEvPKhS2_PKfS2_Pfiii",
      "checks": {
        "resource_metadata_present": true,
        "sass_async": true,
        "sass_no_local": true,
        "resource_no_local": true,
        "resource_no_stack": true,
        "ptx_async": true,
        "sass_u4s4": true,
        "sass_s4s4": true,
        "sass_no_int8": true,
        "ptx_u4s4": true,
        "ptx_s4s4": true,
        "reduction_keeps_i2f": true,
        "reduction_keeps_ffma": true,
        "reduction_has_final_fadd": true
      },
      "passed": true,
      "strict_passed": true,
      "errors": [],
      "warnings": [],
      "resource": "Function _ZN57_GLOBAL__N__9b7b8a36_24_roof_reduction_budget_cu_cc1915b927adangel_sm80_roof_candidateILb0ELb0ELi27EEEvPKhS2_PKfS2_Pfiii:\n  REG:240 STACK:0 SHARED:0 LOCAL:0 CONSTANT[0]:404 TEXTURE:0 SURFACE:0 SAMPLER:0",
      "instruction_counts": {
        "I2F": 128,
        "FADD": 96,
        "FMUL": 128,
        "FFMA": 128,
        "IMAD": 45,
        "IADD3": 82,
        "IMMA": 128,
        "BMMA": 0,
        "LDSM": 48,
        "LDGSTS": 16,
        "LDL": 0,
        "STL": 0,
        "STG64": 16,
        "LDG_U16": 0
      }
    },
    {
      "symbol": "_ZN57_GLOBAL__N__9b7b8a36_24_roof_reduction_budget_cu_cc1915b927adangel_sm80_roof_candidateILb0ELb1ELi27EEEvPKhS2_PKfS2_Pfiii",
      "checks": {
        "resource_metadata_present": true,
        "sass_async": true,
        "sass_no_local": true,
        "resource_no_local": true,
        "resource_no_stack": true,
        "ptx_async": true,
        "sass_u4s4": true,
        "sass_s4s4": true,
        "sass_no_int8": true,
        "ptx_u4s4": true,
        "ptx_s4s4": true,
        "reduction_keeps_i2f": true,
        "reduction_keeps_ffma": true,
        "reduction_has_final_fadd": true
      },
      "passed": true,
      "strict_passed": true,
      "errors": [],
      "warnings": [],
      "resource": "Function _ZN57_GLOBAL__N__9b7b8a36_24_roof_reduction_budget_cu_cc1915b927adangel_sm80_roof_candidateILb0ELb1ELi27EEEvPKhS2_PKfS2_Pfiii:\n  REG:238 STACK:0 SHARED:0 LOCAL:0 CONSTANT[0]:404 TEXTURE:0 SURFACE:0 SAMPLER:0",
      "instruction_counts": {
        "I2F": 128,
        "FADD": 96,
        "FMUL": 0,
        "FFMA": 128,
        "IMAD": 169,
        "IADD3": 152,
        "IMMA": 128,
        "BMMA": 0,
        "LDSM": 48,
        "LDGSTS": 16,
        "LDL": 0,
        "STL": 0,
        "STG64": 16,
        "LDG_U16": 0
      }
    },
    {
      "symbol": "_ZN57_GLOBAL__N__9b7b8a36_24_roof_reduction_budget_cu_cc1915b927adangel_sm80_roof_candidateILb1ELb0ELi26EEEvPKhS2_PKfS2_Pfiii",
      "checks": {
        "resource_metadata_present": true,
        "sass_async": true,
        "sass_no_local": true,
        "resource_no_local": true,
        "resource_no_stack": true,
        "ptx_async": true,
        "sass_u4s4": true,
        "sass_s4s4": true,
        "sass_no_int8": true,
        "ptx_u4s4": true,
        "ptx_s4s4": true,
        "reduction_keeps_i2f": true,
        "reduction_keeps_ffma": true,
        "reduction_has_final_fadd": true
      },
      "passed": true,
      "strict_passed": true,
      "errors": [],
      "warnings": [],
      "resource": "Function _ZN57_GLOBAL__N__9b7b8a36_24_roof_reduction_budget_cu_cc1915b927adangel_sm80_roof_candidateILb1ELb0ELi26EEEvPKhS2_PKfS2_Pfiii:\n  REG:231 STACK:0 SHARED:0 LOCAL:0 CONSTANT[0]:404 TEXTURE:0 SURFACE:0 SAMPLER:0",
      "instruction_counts": {
        "I2F": 64,
        "FADD": 32,
        "FMUL": 64,
        "FFMA": 64,
        "IMAD": 111,
        "IADD3": 83,
        "IMMA": 64,
        "BMMA": 0,
        "LDSM": 24,
        "LDGSTS": 16,
        "LDL": 0,
        "STL": 0,
        "STG64": 16,
        "LDG_U16": 0
      }
    },
    {
      "symbol": "_ZN57_GLOBAL__N__9b7b8a36_24_roof_reduction_budget_cu_cc1915b927adangel_sm80_roof_candidateILb0ELb0ELi26EEEvPKhS2_PKfS2_Pfiii",
      "checks": {
        "resource_metadata_present": true,
        "sass_async": true,
        "sass_no_local": true,
        "resource_no_local": true,
        "resource_no_stack": true,
        "ptx_async": true,
        "sass_u4s4": true,
        "sass_s4s4": true,
        "sass_no_int8": true,
        "ptx_u4s4": true,
        "ptx_s4s4": true,
        "reduction_keeps_i2f": true,
        "reduction_keeps_ffma": true,
        "reduction_has_final_fadd": true
      },
      "passed": true,
      "strict_passed": true,
      "errors": [],
      "warnings": [],
      "resource": "Function _ZN57_GLOBAL__N__9b7b8a36_24_roof_reduction_budget_cu_cc1915b927adangel_sm80_roof_candidateILb0ELb0ELi26EEEvPKhS2_PKfS2_Pfiii:\n  REG:229 STACK:0 SHARED:0 LOCAL:0 CONSTANT[0]:404 TEXTURE:0 SURFACE:0 SAMPLER:0",
      "instruction_counts": {
        "I2F": 64,
        "FADD": 32,
        "FMUL": 64,
        "FFMA": 64,
        "IMAD": 98,
        "IADD3": 90,
        "IMMA": 64,
        "BMMA": 0,
        "LDSM": 24,
        "LDGSTS": 16,
        "LDL": 0,
        "STL": 0,
        "STG64": 16,
        "LDG_U16": 0
      }
    },
    {
      "symbol": "_ZN57_GLOBAL__N__9b7b8a36_24_roof_reduction_budget_cu_cc1915b927adangel_sm80_roof_candidateILb0ELb1ELi26EEEvPKhS2_PKfS2_Pfiii",
      "checks": {
        "resource_metadata_present": true,
        "sass_async": true,
        "sass_no_local": true,
        "resource_no_local": true,
        "resource_no_stack": true,
        "ptx_async": true,
        "sass_u4s4": true,
        "sass_s4s4": true,
        "sass_no_int8": true,
        "ptx_u4s4": true,
        "ptx_s4s4": true,
        "reduction_keeps_i2f": true,
        "reduction_keeps_ffma": true,
        "reduction_has_final_fadd": true
      },
      "passed": true,
      "strict_passed": true,
      "errors": [],
      "warnings": [],
      "resource": "Function _ZN57_GLOBAL__N__9b7b8a36_24_roof_reduction_budget_cu_cc1915b927adangel_sm80_roof_candidateILb0ELb1ELi26EEEvPKhS2_PKfS2_Pfiii:\n  REG:229 STACK:0 SHARED:0 LOCAL:0 CONSTANT[0]:404 TEXTURE:0 SURFACE:0 SAMPLER:0",
      "instruction_counts": {
        "I2F": 64,
        "FADD": 32,
        "FMUL": 0,
        "FFMA": 64,
        "IMAD": 157,
        "IADD3": 110,
        "IMMA": 64,
        "BMMA": 0,
        "LDSM": 24,
        "LDGSTS": 16,
        "LDL": 0,
        "STL": 0,
        "STG64": 16,
        "LDG_U16": 0
      }
    },
    {
      "symbol": "_ZN53_GLOBAL__N__c1b9e160_20_roof_reuse_budget_cu_8b23d04627adangel_sm80_roof_candidateILb1ELb0ELi28EEEvPKhS2_PKfS2_Pfiii",
      "checks": {
        "resource_metadata_present": true,
        "sass_async": true,
        "sass_no_local": false,
        "resource_no_local": true,
        "resource_no_stack": false,
        "ptx_async": true,
        "sass_u4s4": true,
        "sass_s4s4": true,
        "sass_no_int8": true,
        "ptx_u4s4": true,
        "ptx_s4s4": true
      },
      "passed": true,
      "strict_passed": false,
      "errors": [],
      "warnings": [
        "sass_no_local",
        "resource_no_stack"
      ],
      "resource": "Function _ZN53_GLOBAL__N__c1b9e160_20_roof_reuse_budget_cu_8b23d04627adangel_sm80_roof_candidateILb1ELb0ELi28EEEvPKhS2_PKfS2_Pfiii:\n  REG:128 STACK:160 SHARED:0 LOCAL:0 CONSTANT[0]:404 TEXTURE:0 SURFACE:0 SAMPLER:0",
      "instruction_counts": {
        "I2F": 64,
        "FADD": 0,
        "FMUL": 64,
        "FFMA": 64,
        "IMAD": 159,
        "IADD3": 86,
        "IMMA": 64,
        "BMMA": 0,
        "LDSM": 16,
        "LDGSTS": 16,
        "LDL": 51,
        "STL": 51,
        "STG64": 32,
        "LDG_U16": 0
      }
    },
    {
      "symbol": "_ZN53_GLOBAL__N__c1b9e160_20_roof_reuse_budget_cu_8b23d04627adangel_sm80_roof_candidateILb0ELb0ELi28EEEvPKhS2_PKfS2_Pfiii",
      "checks": {
        "resource_metadata_present": true,
        "sass_async": true,
        "sass_no_local": false,
        "resource_no_local": true,
        "resource_no_stack": false,
        "ptx_async": true,
        "sass_u4s4": true,
        "sass_s4s4": true,
        "sass_no_int8": true,
        "ptx_u4s4": true,
        "ptx_s4s4": true
      },
      "passed": true,
      "strict_passed": false,
      "errors": [],
      "warnings": [
        "sass_no_local",
        "resource_no_stack"
      ],
      "resource": "Function _ZN53_GLOBAL__N__c1b9e160_20_roof_reuse_budget_cu_8b23d04627adangel_sm80_roof_candidateILb0ELb0ELi28EEEvPKhS2_PKfS2_Pfiii:\n  REG:128 STACK:136 SHARED:0 LOCAL:0 CONSTANT[0]:404 TEXTURE:0 SURFACE:0 SAMPLER:0",
      "instruction_counts": {
        "I2F": 64,
        "FADD": 0,
        "FMUL": 64,
        "FFMA": 64,
        "IMAD": 156,
        "IADD3": 92,
        "IMMA": 64,
        "BMMA": 0,
        "LDSM": 16,
        "LDGSTS": 16,
        "LDL": 40,
        "STL": 40,
        "STG64": 32,
        "LDG_U16": 0
      }
    },
    {
      "symbol": "_ZN53_GLOBAL__N__c1b9e160_20_roof_reuse_budget_cu_8b23d04627adangel_sm80_roof_candidateILb0ELb1ELi28EEEvPKhS2_PKfS2_Pfiii",
      "checks": {
        "resource_metadata_present": true,
        "sass_async": true,
        "sass_no_local": false,
        "resource_no_local": true,
        "resource_no_stack": false,
        "ptx_async": true,
        "sass_u4s4": true,
        "sass_s4s4": true,
        "sass_no_int8": true,
        "ptx_u4s4": true,
        "ptx_s4s4": true
      },
      "passed": true,
      "strict_passed": false,
      "errors": [],
      "warnings": [
        "sass_no_local",
        "resource_no_stack"
      ],
      "resource": "Function _ZN53_GLOBAL__N__c1b9e160_20_roof_reuse_budget_cu_8b23d04627adangel_sm80_roof_candidateILb0ELb1ELi28EEEvPKhS2_PKfS2_Pfiii:\n  REG:128 STACK:136 SHARED:0 LOCAL:0 CONSTANT[0]:404 TEXTURE:0 SURFACE:0 SAMPLER:0",
      "instruction_counts": {
        "I2F": 64,
        "FADD": 0,
        "FMUL": 0,
        "FFMA": 64,
        "IMAD": 219,
        "IADD3": 110,
        "IMMA": 64,
        "BMMA": 0,
        "LDSM": 16,
        "LDGSTS": 16,
        "LDL": 40,
        "STL": 40,
        "STG64": 32,
        "LDG_U16": 0
      }
    },
    {
      "symbol": "_ZN55_GLOBAL__N__d2364de6_22_roof_reuse_pipeline_cu_0111623827adangel_sm80_roof_candidateILb1ELb0ELi23EEEvPKhS2_PKfS2_Pfiii",
      "checks": {
        "resource_metadata_present": true,
        "sass_async": true,
        "sass_no_local": false,
        "resource_no_local": true,
        "resource_no_stack": false,
        "ptx_async": true,
        "sass_u4s4": true,
        "sass_s4s4": true,
        "sass_no_int8": true,
        "ptx_u4s4": true,
        "ptx_s4s4": true,
        "pipeline_ptx_wait_one": true,
        "pipeline_ptx_drain": true,
        "pipeline_sass_wait_one": true,
        "pipeline_sass_drain": true
      },
      "passed": true,
      "strict_passed": false,
      "errors": [],
      "warnings": [
        "sass_no_local",
        "resource_no_stack"
      ],
      "resource": "Function _ZN55_GLOBAL__N__d2364de6_22_roof_reuse_pipeline_cu_0111623827adangel_sm80_roof_candidateILb1ELb0ELi23EEEvPKhS2_PKfS2_Pfiii:\n  REG:168 STACK:16 SHARED:0 LOCAL:0 CONSTANT[0]:404 TEXTURE:0 SURFACE:0 SAMPLER:0",
      "instruction_counts": {
        "I2F": 64,
        "FADD": 0,
        "FMUL": 64,
        "FFMA": 64,
        "IMAD": 140,
        "IADD3": 103,
        "IMMA": 64,
        "BMMA": 0,
        "LDSM": 16,
        "LDGSTS": 24,
        "LDL": 2,
        "STL": 2,
        "STG64": 32,
        "LDG_U16": 0
      }
    },
    {
      "symbol": "_ZN55_GLOBAL__N__d2364de6_22_roof_reuse_pipeline_cu_0111623827adangel_sm80_roof_candidateILb0ELb0ELi23EEEvPKhS2_PKfS2_Pfiii",
      "checks": {
        "resource_metadata_present": true,
        "sass_async": true,
        "sass_no_local": false,
        "resource_no_local": true,
        "resource_no_stack": false,
        "ptx_async": true,
        "sass_u4s4": true,
        "sass_s4s4": true,
        "sass_no_int8": true,
        "ptx_u4s4": true,
        "ptx_s4s4": true,
        "pipeline_ptx_wait_one": true,
        "pipeline_ptx_drain": true,
        "pipeline_sass_wait_one": true,
        "pipeline_sass_drain": true
      },
      "passed": true,
      "strict_passed": false,
      "errors": [],
      "warnings": [
        "sass_no_local",
        "resource_no_stack"
      ],
      "resource": "Function _ZN55_GLOBAL__N__d2364de6_22_roof_reuse_pipeline_cu_0111623827adangel_sm80_roof_candidateILb0ELb0ELi23EEEvPKhS2_PKfS2_Pfiii:\n  REG:168 STACK:64 SHARED:0 LOCAL:0 CONSTANT[0]:404 TEXTURE:0 SURFACE:0 SAMPLER:0",
      "instruction_counts": {
        "I2F": 64,
        "FADD": 0,
        "FMUL": 64,
        "FFMA": 64,
        "IMAD": 177,
        "IADD3": 103,
        "IMMA": 64,
        "BMMA": 0,
        "LDSM": 16,
        "LDGSTS": 24,
        "LDL": 15,
        "STL": 15,
        "STG64": 32,
        "LDG_U16": 0
      }
    },
    {
      "symbol": "_ZN55_GLOBAL__N__d2364de6_22_roof_reuse_pipeline_cu_0111623827adangel_sm80_roof_candidateILb0ELb1ELi23EEEvPKhS2_PKfS2_Pfiii",
      "checks": {
        "resource_metadata_present": true,
        "sass_async": true,
        "sass_no_local": false,
        "resource_no_local": true,
        "resource_no_stack": false,
        "ptx_async": true,
        "sass_u4s4": true,
        "sass_s4s4": true,
        "sass_no_int8": true,
        "ptx_u4s4": true,
        "ptx_s4s4": true,
        "pipeline_ptx_wait_one": true,
        "pipeline_ptx_drain": true,
        "pipeline_sass_wait_one": true,
        "pipeline_sass_drain": true
      },
      "passed": true,
      "strict_passed": false,
      "errors": [],
      "warnings": [
        "sass_no_local",
        "resource_no_stack"
      ],
      "resource": "Function _ZN55_GLOBAL__N__d2364de6_22_roof_reuse_pipeline_cu_0111623827adangel_sm80_roof_candidateILb0ELb1ELi23EEEvPKhS2_PKfS2_Pfiii:\n  REG:168 STACK:64 SHARED:0 LOCAL:0 CONSTANT[0]:404 TEXTURE:0 SURFACE:0 SAMPLER:0",
      "instruction_counts": {
        "I2F": 64,
        "FADD": 0,
        "FMUL": 0,
        "FFMA": 64,
        "IMAD": 240,
        "IADD3": 124,
        "IMMA": 64,
        "BMMA": 0,
        "LDSM": 16,
        "LDGSTS": 24,
        "LDL": 15,
        "STL": 15,
        "STG64": 32,
        "LDG_U16": 0
      }
    },
    {
      "symbol": "_ZN55_GLOBAL__N__d2364de6_22_roof_reuse_pipeline_cu_0111623827adangel_sm80_roof_candidateILb1ELb0ELi22EEEvPKhS2_PKfS2_Pfiii",
      "checks": {
        "resource_metadata_present": true,
        "sass_async": true,
        "sass_no_local": false,
        "resource_no_local": true,
        "resource_no_stack": false,
        "ptx_async": true,
        "sass_u4s4": true,
        "sass_s4s4": true,
        "sass_no_int8": true,
        "ptx_u4s4": true,
        "ptx_s4s4": true
      },
      "passed": true,
      "strict_passed": false,
      "errors": [],
      "warnings": [
        "sass_no_local",
        "resource_no_stack"
      ],
      "resource": "Function _ZN55_GLOBAL__N__d2364de6_22_roof_reuse_pipeline_cu_0111623827adangel_sm80_roof_candidateILb1ELb0ELi22EEEvPKhS2_PKfS2_Pfiii:\n  REG:168 STACK:8 SHARED:0 LOCAL:0 CONSTANT[0]:404 TEXTURE:0 SURFACE:0 SAMPLER:0",
      "instruction_counts": {
        "I2F": 64,
        "FADD": 0,
        "FMUL": 64,
        "FFMA": 64,
        "IMAD": 145,
        "IADD3": 87,
        "IMMA": 64,
        "BMMA": 0,
        "LDSM": 16,
        "LDGSTS": 16,
        "LDL": 2,
        "STL": 2,
        "STG64": 32,
        "LDG_U16": 0
      }
    },
    {
      "symbol": "_ZN55_GLOBAL__N__d2364de6_22_roof_reuse_pipeline_cu_0111623827adangel_sm80_roof_candidateILb0ELb0ELi22EEEvPKhS2_PKfS2_Pfiii",
      "checks": {
        "resource_metadata_present": true,
        "sass_async": true,
        "sass_no_local": false,
        "resource_no_local": true,
        "resource_no_stack": false,
        "ptx_async": true,
        "sass_u4s4": true,
        "sass_s4s4": true,
        "sass_no_int8": true,
        "ptx_u4s4": true,
        "ptx_s4s4": true
      },
      "passed": true,
      "strict_passed": false,
      "errors": [],
      "warnings": [
        "sass_no_local",
        "resource_no_stack"
      ],
      "resource": "Function _ZN55_GLOBAL__N__d2364de6_22_roof_reuse_pipeline_cu_0111623827adangel_sm80_roof_candidateILb0ELb0ELi22EEEvPKhS2_PKfS2_Pfiii:\n  REG:168 STACK:24 SHARED:0 LOCAL:0 CONSTANT[0]:404 TEXTURE:0 SURFACE:0 SAMPLER:0",
      "instruction_counts": {
        "I2F": 64,
        "FADD": 0,
        "FMUL": 64,
        "FFMA": 64,
        "IMAD": 134,
        "IADD3": 92,
        "IMMA": 64,
        "BMMA": 0,
        "LDSM": 16,
        "LDGSTS": 16,
        "LDL": 3,
        "STL": 3,
        "STG64": 32,
        "LDG_U16": 0
      }
    },
    {
      "symbol": "_ZN55_GLOBAL__N__d2364de6_22_roof_reuse_pipeline_cu_0111623827adangel_sm80_roof_candidateILb0ELb1ELi22EEEvPKhS2_PKfS2_Pfiii",
      "checks": {
        "resource_metadata_present": true,
        "sass_async": true,
        "sass_no_local": false,
        "resource_no_local": true,
        "resource_no_stack": false,
        "ptx_async": true,
        "sass_u4s4": true,
        "sass_s4s4": true,
        "sass_no_int8": true,
        "ptx_u4s4": true,
        "ptx_s4s4": true
      },
      "passed": true,
      "strict_passed": false,
      "errors": [],
      "warnings": [
        "sass_no_local",
        "resource_no_stack"
      ],
      "resource": "Function _ZN55_GLOBAL__N__d2364de6_22_roof_reuse_pipeline_cu_0111623827adangel_sm80_roof_candidateILb0ELb1ELi22EEEvPKhS2_PKfS2_Pfiii:\n  REG:168 STACK:24 SHARED:0 LOCAL:0 CONSTANT[0]:404 TEXTURE:0 SURFACE:0 SAMPLER:0",
      "instruction_counts": {
        "I2F": 64,
        "FADD": 0,
        "FMUL": 0,
        "FFMA": 64,
        "IMAD": 196,
        "IADD3": 104,
        "IMMA": 64,
        "BMMA": 0,
        "LDSM": 16,
        "LDGSTS": 16,
        "LDL": 3,
        "STL": 3,
        "STG64": 32,
        "LDG_U16": 0
      }
    },
    {
      "symbol": "_ZN51_GLOBAL__N__a9d13bdf_18_roof_warp_reuse_cu_94807fb927adangel_sm80_roof_candidateILb1ELb0ELi21EEEvPKhS2_PKfS2_Pfiii",
      "checks": {
        "resource_metadata_present": true,
        "sass_async": true,
        "sass_no_local": false,
        "resource_no_local": true,
        "resource_no_stack": false,
        "ptx_async": true,
        "sass_u4s4": true,
        "sass_s4s4": true,
        "sass_no_int8": true,
        "ptx_u4s4": true,
        "ptx_s4s4": true
      },
      "passed": true,
      "strict_passed": false,
      "errors": [],
      "warnings": [
        "sass_no_local",
        "resource_no_stack"
      ],
      "resource": "Function _ZN51_GLOBAL__N__a9d13bdf_18_roof_warp_reuse_cu_94807fb927adangel_sm80_roof_candidateILb1ELb0ELi21EEEvPKhS2_PKfS2_Pfiii:\n  REG:255 STACK:24 SHARED:0 LOCAL:0 CONSTANT[0]:404 TEXTURE:0 SURFACE:0 SAMPLER:0",
      "instruction_counts": {
        "I2F": 128,
        "FADD": 0,
        "FMUL": 128,
        "FFMA": 128,
        "IMAD": 157,
        "IADD3": 132,
        "IMMA": 128,
        "BMMA": 0,
        "LDSM": 32,
        "LDGSTS": 32,
        "LDL": 3,
        "STL": 3,
        "STG64": 32,
        "LDG_U16": 0
      }
    },
    {
      "symbol": "_ZN51_GLOBAL__N__a9d13bdf_18_roof_warp_reuse_cu_94807fb927adangel_sm80_roof_candidateILb0ELb0ELi21EEEvPKhS2_PKfS2_Pfiii",
      "checks": {
        "resource_metadata_present": true,
        "sass_async": true,
        "sass_no_local": false,
        "resource_no_local": true,
        "resource_no_stack": false,
        "ptx_async": true,
        "sass_u4s4": true,
        "sass_s4s4": true,
        "sass_no_int8": true,
        "ptx_u4s4": true,
        "ptx_s4s4": true
      },
      "passed": true,
      "strict_passed": false,
      "errors": [],
      "warnings": [
        "sass_no_local",
        "resource_no_stack"
      ],
      "resource": "Function _ZN51_GLOBAL__N__a9d13bdf_18_roof_warp_reuse_cu_94807fb927adangel_sm80_roof_candidateILb0ELb0ELi21EEEvPKhS2_PKfS2_Pfiii:\n  REG:255 STACK:16 SHARED:0 LOCAL:0 CONSTANT[0]:404 TEXTURE:0 SURFACE:0 SAMPLER:0",
      "instruction_counts": {
        "I2F": 128,
        "FADD": 0,
        "FMUL": 128,
        "FFMA": 128,
        "IMAD": 158,
        "IADD3": 137,
        "IMMA": 128,
        "BMMA": 0,
        "LDSM": 32,
        "LDGSTS": 32,
        "LDL": 2,
        "STL": 2,
        "STG64": 32,
        "LDG_U16": 0
      }
    },
    {
      "symbol": "_ZN51_GLOBAL__N__a9d13bdf_18_roof_warp_reuse_cu_94807fb927adangel_sm80_roof_candidateILb0ELb1ELi21EEEvPKhS2_PKfS2_Pfiii",
      "checks": {
        "resource_metadata_present": true,
        "sass_async": true,
        "sass_no_local": false,
        "resource_no_local": true,
        "resource_no_stack": false,
        "ptx_async": true,
        "sass_u4s4": true,
        "sass_s4s4": true,
        "sass_no_int8": true,
        "ptx_u4s4": true,
        "ptx_s4s4": true
      },
      "passed": true,
      "strict_passed": false,
      "errors": [],
      "warnings": [
        "sass_no_local",
        "resource_no_stack"
      ],
      "resource": "Function _ZN51_GLOBAL__N__a9d13bdf_18_roof_warp_reuse_cu_94807fb927adangel_sm80_roof_candidateILb0ELb1ELi21EEEvPKhS2_PKfS2_Pfiii:\n  REG:254 STACK:40 SHARED:0 LOCAL:0 CONSTANT[0]:404 TEXTURE:0 SURFACE:0 SAMPLER:0",
      "instruction_counts": {
        "I2F": 128,
        "FADD": 0,
        "FMUL": 0,
        "FFMA": 128,
        "IMAD": 273,
        "IADD3": 186,
        "IMMA": 128,
        "BMMA": 0,
        "LDSM": 32,
        "LDGSTS": 32,
        "LDL": 5,
        "STL": 5,
        "STG64": 32,
        "LDG_U16": 0
      }
    },
    {
      "symbol": "_ZN51_GLOBAL__N__a9d13bdf_18_roof_warp_reuse_cu_94807fb927adangel_sm80_roof_candidateILb1ELb0ELi20EEEvPKhS2_PKfS2_Pfiii",
      "checks": {
        "resource_metadata_present": true,
        "sass_async": true,
        "sass_no_local": false,
        "resource_no_local": true,
        "resource_no_stack": false,
        "ptx_async": true,
        "sass_u4s4": true,
        "sass_s4s4": true,
        "sass_no_int8": true,
        "ptx_u4s4": true,
        "ptx_s4s4": true
      },
      "passed": true,
      "strict_passed": false,
      "errors": [],
      "warnings": [
        "sass_no_local",
        "resource_no_stack"
      ],
      "resource": "Function _ZN51_GLOBAL__N__a9d13bdf_18_roof_warp_reuse_cu_94807fb927adangel_sm80_roof_candidateILb1ELb0ELi20EEEvPKhS2_PKfS2_Pfiii:\n  REG:254 STACK:24 SHARED:0 LOCAL:0 CONSTANT[0]:404 TEXTURE:0 SURFACE:0 SAMPLER:0",
      "instruction_counts": {
        "I2F": 128,
        "FADD": 0,
        "FMUL": 128,
        "FFMA": 128,
        "IMAD": 155,
        "IADD3": 132,
        "IMMA": 128,
        "BMMA": 0,
        "LDSM": 32,
        "LDGSTS": 32,
        "LDL": 3,
        "STL": 3,
        "STG64": 32,
        "LDG_U16": 0
      }
    },
    {
      "symbol": "_ZN51_GLOBAL__N__a9d13bdf_18_roof_warp_reuse_cu_94807fb927adangel_sm80_roof_candidateILb0ELb0ELi20EEEvPKhS2_PKfS2_Pfiii",
      "checks": {
        "resource_metadata_present": true,
        "sass_async": true,
        "sass_no_local": false,
        "resource_no_local": true,
        "resource_no_stack": false,
        "ptx_async": true,
        "sass_u4s4": true,
        "sass_s4s4": true,
        "sass_no_int8": true,
        "ptx_u4s4": true,
        "ptx_s4s4": true
      },
      "passed": true,
      "strict_passed": false,
      "errors": [],
      "warnings": [
        "sass_no_local",
        "resource_no_stack"
      ],
      "resource": "Function _ZN51_GLOBAL__N__a9d13bdf_18_roof_warp_reuse_cu_94807fb927adangel_sm80_roof_candidateILb0ELb0ELi20EEEvPKhS2_PKfS2_Pfiii:\n  REG:255 STACK:16 SHARED:0 LOCAL:0 CONSTANT[0]:404 TEXTURE:0 SURFACE:0 SAMPLER:0",
      "instruction_counts": {
        "I2F": 128,
        "FADD": 0,
        "FMUL": 128,
        "FFMA": 128,
        "IMAD": 159,
        "IADD3": 137,
        "IMMA": 128,
        "BMMA": 0,
        "LDSM": 32,
        "LDGSTS": 32,
        "LDL": 2,
        "STL": 2,
        "STG64": 32,
        "LDG_U16": 0
      }
    },
    {
      "symbol": "_ZN51_GLOBAL__N__a9d13bdf_18_roof_warp_reuse_cu_94807fb927adangel_sm80_roof_candidateILb0ELb1ELi20EEEvPKhS2_PKfS2_Pfiii",
      "checks": {
        "resource_metadata_present": true,
        "sass_async": true,
        "sass_no_local": false,
        "resource_no_local": true,
        "resource_no_stack": false,
        "ptx_async": true,
        "sass_u4s4": true,
        "sass_s4s4": true,
        "sass_no_int8": true,
        "ptx_u4s4": true,
        "ptx_s4s4": true
      },
      "passed": true,
      "strict_passed": false,
      "errors": [],
      "warnings": [
        "sass_no_local",
        "resource_no_stack"
      ],
      "resource": "Function _ZN51_GLOBAL__N__a9d13bdf_18_roof_warp_reuse_cu_94807fb927adangel_sm80_roof_candidateILb0ELb1ELi20EEEvPKhS2_PKfS2_Pfiii:\n  REG:255 STACK:16 SHARED:0 LOCAL:0 CONSTANT[0]:404 TEXTURE:0 SURFACE:0 SAMPLER:0",
      "instruction_counts": {
        "I2F": 128,
        "FADD": 0,
        "FMUL": 0,
        "FFMA": 128,
        "IMAD": 279,
        "IADD3": 187,
        "IMMA": 128,
        "BMMA": 0,
        "LDSM": 32,
        "LDGSTS": 32,
        "LDL": 2,
        "STL": 2,
        "STG64": 32,
        "LDG_U16": 0
      }
    }
  ]
}
