{
  "variant": "o8",
  "bitwise_previous_best": true,
  "resources": {
    "control": {
      "registers_per_thread": 168,
      "local_bytes": 0,
      "threads": 128,
      "active_blocks_per_SM": 3,
      "shared_bytes": 34304
    },
    "instrumented": {
      "registers_per_thread": 168,
      "local_bytes": 8,
      "threads": 128,
      "active_blocks_per_SM": 3,
      "shared_bytes": 34304
    }
  },
  "summaries": [
    {
      "ctas": 2048,
      "observed_SMs": 108,
      "reported_SM_count": 108,
      "globaltimer_span_ms": 0.436224,
      "last_observed_CTA_start_ms": 0.379904,
      "after_last_start_ms": 0.05632,
      "observed_max_CTA_overlap_per_SM": 3,
      "capacity_time_fraction": {
        "0": 0.008411580594679186,
        "1": 0.033102938619370546,
        "2": 0.06229351417144845,
        "3": 0.8961919666145018
      },
      "tail_capacity_time_fraction": {
        "0": 0.06515151515151515,
        "1": 0.2563973063973064,
        "2": 0.3496632996632997,
        "3": 0.3287878787878788
      },
      "mean_CTA_warp_envelope_ms": 0.0654755,
      "median_CTA_warp_envelope_ms": 0.065536,
      "full_capture_missing_capacity_equivalent_ms": 0.02235417283950617,
      "tail_missing_capacity_equivalent_ms": 0.019860543209876545,
      "scope": "observed_warp_envelopes_underestimate_true_residency; instrumentation_perturbs_execution",
      "not_an_achievable_latency_bound": true,
      "not_a_new_performance_result": true
    },
    {
      "ctas": 2048,
      "observed_SMs": 108,
      "reported_SM_count": 108,
      "globaltimer_span_ms": 0.437248,
      "last_observed_CTA_start_ms": 0.381952,
      "after_last_start_ms": 0.055296,
      "observed_max_CTA_overlap_per_SM": 3,
      "capacity_time_fraction": {
        "0": 0.00986642380085003,
        "1": 0.0330037297250412,
        "2": 0.061757307658947005,
        "3": 0.8953725388151618
      },
      "tail_capacity_time_fraction": {
        "0": 0.07767489711934156,
        "1": 0.26045953360768176,
        "2": 0.3544238683127572,
        "3": 0.3074417009602195
      },
      "mean_CTA_warp_envelope_ms": 0.0655455,
      "median_CTA_warp_envelope_ms": 0.06656,
      "full_capture_missing_capacity_equivalent_ms": 0.022935703703703705,
      "tail_missing_capacity_equivalent_ms": 0.02042943209876543,
      "scope": "observed_warp_envelopes_underestimate_true_residency; instrumentation_perturbs_execution",
      "not_an_achievable_latency_bound": true,
      "not_a_new_performance_result": true
    },
    {
      "ctas": 2048,
      "observed_SMs": 108,
      "reported_SM_count": 108,
      "globaltimer_span_ms": 0.437248,
      "last_observed_CTA_start_ms": 0.380928,
      "after_last_start_ms": 0.05632,
      "observed_max_CTA_overlap_per_SM": 3,
      "capacity_time_fraction": {
        "0": 0.009801370457108162,
        "1": 0.03293867638129933,
        "2": 0.06251626333593546,
        "3": 0.894743689825657
      },
      "tail_capacity_time_fraction": {
        "0": 0.07609427609427609,
        "1": 0.25572390572390574,
        "2": 0.3505050505050505,
        "3": 0.31767676767676767
      },
      "mean_CTA_warp_envelope_ms": 0.0655355,
      "median_CTA_warp_envelope_ms": 0.06656,
      "full_capture_missing_capacity_equivalent_ms": 0.022998913580246912,
      "tail_missing_capacity_equivalent_ms": 0.020467358024691358,
      "scope": "observed_warp_envelopes_underestimate_true_residency; instrumentation_perturbs_execution",
      "not_an_achievable_latency_bound": true,
      "not_a_new_performance_result": true
    }
  ],
  "capture_Event_ms": [
    0.4423680007457733,
    0.4433920085430145,
    0.4433920085430145
  ],
  "control_before": {
    "count": 200,
    "median_ms": 0.43212801218032837,
    "mean_ms": 0.42700799986720084,
    "cv_percent": 4.455723933761581,
    "min_ms": 0.3840000033378601,
    "max_ms": 0.44441598653793335,
    "p5_ms": 0.38799360394477844,
    "p95_ms": 0.4433920085430145,
    "iqr_ms": 0.03993600606918335
  },
  "control_after": {
    "count": 200,
    "median_ms": 0.4362240135669708,
    "mean_ms": 0.4321331189572811,
    "cv_percent": 2.7865689620261835,
    "min_ms": 0.3993600010871887,
    "max_ms": 0.4423680007457733,
    "p5_ms": 0.40038400888442993,
    "p95_ms": 0.4423680007457733,
    "iqr_ms": 0.02048000693321228
  }
}
