{
  "kind": "o3",
  "gate": {
    "passed": true,
    "old_registers": 168,
    "new_registers": 168,
    "old_integer_instructions": 323,
    "new_integer_instructions": 323,
    "scope": "compile_gate_actual_occupancy_and_Event_perturbation_still_require_runtime"
  },
  "control_comparison": {
    "passed": true,
    "missing": [],
    "changed": [],
    "old_symbols": 1,
    "new_symbols": 1,
    "unchanged": [
      "adangel_roof_o3_grouped_cta_candidate"
    ],
    "scope": "exact_SASS_words_of_matched_old_entries_not_full_binary_or_performance"
  }
}
