{
  "variant": "o7",
  "bitwise_previous_best": true,
  "resources": {
    "control": {
      "registers_per_thread": 168,
      "local_bytes": 0,
      "threads": 128,
      "active_blocks_per_SM": 3,
      "shared_bytes": 34304
    },
    "instrumented": {
      "registers_per_thread": 168,
      "local_bytes": 8,
      "threads": 128,
      "active_blocks_per_SM": 3,
      "shared_bytes": 34304
    }
  },
  "summaries": [
    {
      "ctas": 2048,
      "observed_SMs": 108,
      "reported_SM_count": 108,
      "globaltimer_span_ms": 0.433152,
      "last_observed_CTA_start_ms": 0.376832,
      "after_last_start_ms": 0.05632,
      "observed_max_CTA_overlap_per_SM": 3,
      "capacity_time_fraction": {
        "0": 0.007573767621048945,
        "1": 0.033031258208563175,
        "2": 0.06218807459942212,
        "3": 0.8972068995709658
      },
      "tail_capacity_time_fraction": {
        "0": 0.05824915824915825,
        "1": 0.25404040404040407,
        "2": 0.3506734006734007,
        "3": 0.337037037037037
      },
      "mean_CTA_warp_envelope_ms": 0.0650775,
      "median_CTA_warp_envelope_ms": 0.065536,
      "full_capture_missing_capacity_equivalent_ms": 0.021797925925925925,
      "tail_missing_capacity_equivalent_ms": 0.019402271604938272,
      "scope": "observed_warp_envelopes_underestimate_true_residency; instrumentation_perturbs_execution",
      "not_an_achievable_latency_bound": true,
      "not_a_new_performance_result": true
    },
    {
      "ctas": 2048,
      "observed_SMs": 108,
      "reported_SM_count": 108,
      "globaltimer_span_ms": 0.402432,
      "last_observed_CTA_start_ms": 0.350208,
      "after_last_start_ms": 0.052224,
      "observed_max_CTA_overlap_per_SM": 3,
      "capacity_time_fraction": {
        "0": 0.00822259918952031,
        "1": 0.033479408161342004,
        "2": 0.060903779097163324,
        "3": 0.8973942135519744
      },
      "tail_capacity_time_fraction": {
        "0": 0.06336238198983297,
        "1": 0.25798838053740014,
        "2": 0.3449527959331881,
        "3": 0.3336964415395788
      },
      "mean_CTA_warp_envelope_ms": 0.060429,
      "median_CTA_warp_envelope_ms": 0.06144,
      "full_capture_missing_capacity_equivalent_ms": 0.020461037037037038,
      "tail_missing_capacity_equivalent_ms": 0.0182960987654321,
      "scope": "observed_warp_envelopes_underestimate_true_residency; instrumentation_perturbs_execution",
      "not_an_achievable_latency_bound": true,
      "not_a_new_performance_result": true
    },
    {
      "ctas": 2048,
      "observed_SMs": 108,
      "reported_SM_count": 108,
      "globaltimer_span_ms": 0.38912,
      "last_observed_CTA_start_ms": 0.33792,
      "after_last_start_ms": 0.0512,
      "observed_max_CTA_overlap_per_SM": 3,
      "capacity_time_fraction": {
        "0": 0.010331384015594542,
        "1": 0.03269980506822612,
        "2": 0.0608187134502924,
        "3": 0.8961500974658869
      },
      "tail_capacity_time_fraction": {
        "0": 0.07851851851851852,
        "1": 0.24851851851851853,
        "2": 0.3409259259259259,
        "3": 0.332037037037037
      },
      "mean_CTA_warp_envelope_ms": 0.058334,
      "median_CTA_warp_envelope_ms": 0.059392,
      "full_capture_missing_capacity_equivalent_ms": 0.020391506172839507,
      "tail_missing_capacity_equivalent_ms": 0.018321382716049384,
      "scope": "observed_warp_envelopes_underestimate_true_residency; instrumentation_perturbs_execution",
      "not_an_achievable_latency_bound": true,
      "not_a_new_performance_result": true
    }
  ],
  "capture_Event_ms": [
    0.43929600715637207,
    0.40857601165771484,
    0.39423999190330505
  ],
  "control_before": {
    "count": 200,
    "median_ms": 0.43724799156188965,
    "mean_ms": 0.4291788800060749,
    "cv_percent": 4.0901196814240635,
    "min_ms": 0.38604798913002014,
    "max_ms": 0.4433920085430145,
    "p5_ms": 0.38707199692726135,
    "p95_ms": 0.4433920085430145,
    "iqr_ms": 0.03174400329589844
  },
  "control_after": {
    "count": 200,
    "median_ms": 0.44441598653793335,
    "mean_ms": 0.43607551470398903,
    "cv_percent": 3.3338391294163485,
    "min_ms": 0.3993600010871887,
    "max_ms": 0.44646400213241577,
    "p5_ms": 0.40038400888442993,
    "p95_ms": 0.44646400213241577,
    "iqr_ms": 0.016384005546569824
  }
}
