{
  "records": 6,
  "statistics": [
    {
      "mode": 0,
      "round": 0,
      "median_ms": 2.34495997,
      "mean_ms": 2.3588607758,
      "normalized32_groups_ms": 0.29311999625,
      "cv_percent": 1.6715039029383656,
      "p5_ms": 2.34188795,
      "p95_ms": 2.46374393
    },
    {
      "mode": 1,
      "round": 0,
      "median_ms": 2.36441588,
      "mean_ms": 2.37793277115,
      "normalized32_groups_ms": 0.295551985,
      "cv_percent": 1.5979083165404333,
      "p5_ms": 2.36339211,
      "p95_ms": 2.4801792505
    },
    {
      "mode": 0,
      "round": 1,
      "median_ms": 2.34495997,
      "mean_ms": 2.3577139004,
      "normalized32_groups_ms": 0.29311999625,
      "cv_percent": 1.1662474954381619,
      "p5_ms": 2.32550406,
      "p95_ms": 2.4241152905
    },
    {
      "mode": 1,
      "round": 1,
      "median_ms": 2.36441588,
      "mean_ms": 2.37696512415,
      "normalized32_groups_ms": 0.295551985,
      "cv_percent": 1.1430226702344686,
      "p5_ms": 2.34188795,
      "p95_ms": 2.44843525
    },
    {
      "mode": 0,
      "round": 2,
      "median_ms": 2.34393597,
      "mean_ms": 2.36155391275,
      "normalized32_groups_ms": 0.29299199625,
      "cv_percent": 2.0251726886258705,
      "p5_ms": 2.32550406,
      "p95_ms": 2.4863233
    },
    {
      "mode": 1,
      "round": 2,
      "median_ms": 2.36441588,
      "mean_ms": 2.3803136044,
      "normalized32_groups_ms": 0.295551985,
      "cv_percent": 1.9993033140143328,
      "p5_ms": 2.34188795,
      "p95_ms": 2.5068032105
    }
  ],
  "modes": [
    {
      "mode": 0,
      "normalized32_groups_ms": 0.29311999625
    },
    {
      "mode": 1,
      "normalized32_groups_ms": 0.295551985
    }
  ],
  "original_experiment_MSE_measured": false,
  "real_trace_latency_measured": false,
  "normalized_times_are_diagnostic_not_kernel_peak": true,
  "no_filtering": true
}
