ptxas info    : 128 bytes gmem, 8 bytes cmem[4]
ptxas info    : Compiling entry function '_ZN18mx8_warp_lut_probe34adangel_sm80_row_warp_lut_metadataILN23adangel_sm80_experiment17GroupedSourceKindE1ELi16EEEvPKhS4_PKfS4_S4_PhPfPjjjfPiS8_PmSA_S9_' for 'sm_80'
ptxas info    : Function properties for _ZN18mx8_warp_lut_probe34adangel_sm80_row_warp_lut_metadataILN23adangel_sm80_experiment17GroupedSourceKindE1ELi16EEEvPKhS4_PKfS4_S4_PhPfPjjjfPiS8_PmSA_S9_
    0 bytes stack frame, 0 bytes spill stores, 0 bytes spill loads
ptxas info    : Used 31 registers, used 1 barriers, 256 bytes smem, 472 bytes cmem[0]
ptxas info    : Compile time = 25.369 ms
ptxas info    : Compiling entry function '_ZN15row_fused_probe36adangel_sm80_row_conversion_metadataILN23adangel_sm80_experiment17GroupedSourceKindE3ELi16EEEvPKhS4_PKfS4_S4_PhPfPjjjfPiS8_PmSA_S9_' for 'sm_80'
ptxas info    : Function properties for _ZN15row_fused_probe36adangel_sm80_row_conversion_metadataILN23adangel_sm80_experiment17GroupedSourceKindE3ELi16EEEvPKhS4_PKfS4_S4_PhPfPjjjfPiS8_PmSA_S9_
    0 bytes stack frame, 0 bytes spill stores, 0 bytes spill loads
ptxas info    : Used 23 registers, used 1 barriers, 256 bytes smem, 472 bytes cmem[0]
ptxas info    : Compile time = 25.230 ms
ptxas info    : Compiling entry function '_ZN15row_fused_probe36adangel_sm80_row_conversion_metadataILN23adangel_sm80_experiment17GroupedSourceKindE1ELi16EEEvPKhS4_PKfS4_S4_PhPfPjjjfPiS8_PmSA_S9_' for 'sm_80'
ptxas info    : Function properties for _ZN15row_fused_probe36adangel_sm80_row_conversion_metadataILN23adangel_sm80_experiment17GroupedSourceKindE1ELi16EEEvPKhS4_PKfS4_S4_PhPfPjjjfPiS8_PmSA_S9_
    0 bytes stack frame, 0 bytes spill stores, 0 bytes spill loads
ptxas info    : Used 32 registers, used 1 barriers, 256 bytes smem, 472 bytes cmem[0]
ptxas info    : Compile time = 24.604 ms
ptxas info    : Compiling entry function '_ZN15row_fused_probe36adangel_sm80_row_conversion_metadataILN23adangel_sm80_experiment17GroupedSourceKindE2ELi16EEEvPKhS4_PKfS4_S4_PhPfPjjjfPiS8_PmSA_S9_' for 'sm_80'
ptxas info    : Function properties for _ZN15row_fused_probe36adangel_sm80_row_conversion_metadataILN23adangel_sm80_experiment17GroupedSourceKindE2ELi16EEEvPKhS4_PKfS4_S4_PhPfPjjjfPiS8_PmSA_S9_
    0 bytes stack frame, 0 bytes spill stores, 0 bytes spill loads
ptxas info    : Used 31 registers, used 1 barriers, 256 bytes smem, 472 bytes cmem[0]
ptxas info    : Compile time = 21.319 ms
ptxas info    : Compiling entry function '_ZN15row_fused_probe36adangel_sm80_row_conversion_metadataILN23adangel_sm80_experiment17GroupedSourceKindE0ELi16EEEvPKhS4_PKfS4_S4_PhPfPjjjfPiS8_PmSA_S9_' for 'sm_80'
ptxas info    : Function properties for _ZN15row_fused_probe36adangel_sm80_row_conversion_metadataILN23adangel_sm80_experiment17GroupedSourceKindE0ELi16EEEvPKhS4_PKfS4_S4_PhPfPjjjfPiS8_PmSA_S9_
    0 bytes stack frame, 0 bytes spill stores, 0 bytes spill loads
ptxas info    : Used 31 registers, used 1 barriers, 256 bytes smem, 472 bytes cmem[0]
ptxas info    : Compile time = 16.276 ms
ptxas info    : Compiling entry function '_ZN16fused_norm_probe46adangel_sm80_vector_fixed_conversion_with_normILN23adangel_sm80_experiment17GroupedSourceKindE3ELi16EEEvPKhS4_PKfS4_S4_PhPfPjjj' for 'sm_80'
ptxas info    : Function properties for _ZN16fused_norm_probe46adangel_sm80_vector_fixed_conversion_with_normILN23adangel_sm80_experiment17GroupedSourceKindE3ELi16EEEvPKhS4_PKfS4_S4_PhPfPjjj
    0 bytes stack frame, 0 bytes spill stores, 0 bytes spill loads
ptxas info    : Used 22 registers, used 0 barriers, 424 bytes cmem[0]
ptxas info    : Compile time = 13.779 ms
ptxas info    : Compiling entry function '_ZN16fused_norm_probe46adangel_sm80_vector_fixed_conversion_with_normILN23adangel_sm80_experiment17GroupedSourceKindE1ELi16EEEvPKhS4_PKfS4_S4_PhPfPjjj' for 'sm_80'
ptxas info    : Function properties for _ZN16fused_norm_probe46adangel_sm80_vector_fixed_conversion_with_normILN23adangel_sm80_experiment17GroupedSourceKindE1ELi16EEEvPKhS4_PKfS4_S4_PhPfPjjj
    0 bytes stack frame, 0 bytes spill stores, 0 bytes spill loads
ptxas info    : Used 32 registers, used 0 barriers, 424 bytes cmem[0]
ptxas info    : Compile time = 13.926 ms
ptxas info    : Compiling entry function '_ZN16fused_norm_probe46adangel_sm80_vector_fixed_conversion_with_normILN23adangel_sm80_experiment17GroupedSourceKindE2ELi16EEEvPKhS4_PKfS4_S4_PhPfPjjj' for 'sm_80'
ptxas info    : Function properties for _ZN16fused_norm_probe46adangel_sm80_vector_fixed_conversion_with_normILN23adangel_sm80_experiment17GroupedSourceKindE2ELi16EEEvPKhS4_PKfS4_S4_PhPfPjjj
    0 bytes stack frame, 0 bytes spill stores, 0 bytes spill loads
ptxas info    : Used 29 registers, used 0 barriers, 424 bytes cmem[0]
ptxas info    : Compile time = 11.074 ms
ptxas info    : Compiling entry function '_ZN16fused_norm_probe46adangel_sm80_vector_fixed_conversion_with_normILN23adangel_sm80_experiment17GroupedSourceKindE0ELi16EEEvPKhS4_PKfS4_S4_PhPfPjjj' for 'sm_80'
ptxas info    : Function properties for _ZN16fused_norm_probe46adangel_sm80_vector_fixed_conversion_with_normILN23adangel_sm80_experiment17GroupedSourceKindE0ELi16EEEvPKhS4_PKfS4_S4_PhPfPjjj
    0 bytes stack frame, 0 bytes spill stores, 0 bytes spill loads
ptxas info    : Used 30 registers, used 0 barriers, 424 bytes cmem[0]
ptxas info    : Compile time = 6.679 ms
ptxas info    : Compiling entry function '_ZN12vector_probe36adangel_sm80_vector_fixed_conversionILN23adangel_sm80_experiment17GroupedSourceKindE3ELi16EEEvPKhS4_PKfS4_S4_PhPfjj' for 'sm_80'
ptxas info    : Function properties for _ZN12vector_probe36adangel_sm80_vector_fixed_conversionILN23adangel_sm80_experiment17GroupedSourceKindE3ELi16EEEvPKhS4_PKfS4_S4_PhPfjj
    0 bytes stack frame, 0 bytes spill stores, 0 bytes spill loads
ptxas info    : Used 19 registers, used 0 barriers, 416 bytes cmem[0]
ptxas info    : Compile time = 11.771 ms
ptxas info    : Compiling entry function '_ZN12vector_probe36adangel_sm80_vector_fixed_conversionILN23adangel_sm80_experiment17GroupedSourceKindE1ELi16EEEvPKhS4_PKfS4_S4_PhPfjj' for 'sm_80'
ptxas info    : Function properties for _ZN12vector_probe36adangel_sm80_vector_fixed_conversionILN23adangel_sm80_experiment17GroupedSourceKindE1ELi16EEEvPKhS4_PKfS4_S4_PhPfjj
    0 bytes stack frame, 0 bytes spill stores, 0 bytes spill loads
ptxas info    : Used 32 registers, used 0 barriers, 416 bytes cmem[0]
ptxas info    : Compile time = 11.855 ms
ptxas info    : Compiling entry function '_ZN12vector_probe36adangel_sm80_vector_fixed_conversionILN23adangel_sm80_experiment17GroupedSourceKindE2ELi16EEEvPKhS4_PKfS4_S4_PhPfjj' for 'sm_80'
ptxas info    : Function properties for _ZN12vector_probe36adangel_sm80_vector_fixed_conversionILN23adangel_sm80_experiment17GroupedSourceKindE2ELi16EEEvPKhS4_PKfS4_S4_PhPfjj
    0 bytes stack frame, 0 bytes spill stores, 0 bytes spill loads
ptxas info    : Used 30 registers, used 0 barriers, 416 bytes cmem[0]
ptxas info    : Compile time = 9.334 ms
ptxas info    : Compiling entry function '_ZN12vector_probe36adangel_sm80_vector_fixed_conversionILN23adangel_sm80_experiment17GroupedSourceKindE0ELi16EEEvPKhS4_PKfS4_S4_PhPfjj' for 'sm_80'
ptxas info    : Function properties for _ZN12vector_probe36adangel_sm80_vector_fixed_conversionILN23adangel_sm80_experiment17GroupedSourceKindE0ELi16EEEvPKhS4_PKfS4_S4_PhPfjj
    0 bytes stack frame, 0 bytes spill stores, 0 bytes spill loads
ptxas info    : Used 26 registers, used 0 barriers, 416 bytes cmem[0]
ptxas info    : Compile time = 4.954 ms
ptxas info    : Compiling entry function '_ZN56_GLOBAL__N__9ea6809e_23_mx8_warp_lut_prepare_cu_3a58dc9931adangel_mx8_warp_lut_exhaustiveEP4int2' for 'sm_80'
ptxas info    : Function properties for _ZN56_GLOBAL__N__9ea6809e_23_mx8_warp_lut_prepare_cu_3a58dc9931adangel_mx8_warp_lut_exhaustiveEP4int2
    0 bytes stack frame, 0 bytes spill stores, 0 bytes spill loads
ptxas info    : Used 32 registers, used 0 barriers, 360 bytes cmem[0]
ptxas info    : Compile time = 5.639 ms
ptxas info    : Compiling entry function '_Z31adangel_o78_factor_from_squaresILi0EEvPKjPKhfPiPfPmS4_Pjii' for 'sm_80'
ptxas info    : Function properties for _Z31adangel_o78_factor_from_squaresILi0EEvPKjPKhfPiPfPmS4_Pjii
    0 bytes stack frame, 0 bytes spill stores, 0 bytes spill loads
ptxas info    : Used 26 registers, used 0 barriers, 424 bytes cmem[0]
ptxas info    : Compile time = 9.608 ms
ptxas info    : Compiling entry function '_Z31adangel_o78_factor_from_squaresILi2EEvPKjPKhfPiPfPmS4_Pjii' for 'sm_80'
ptxas info    : Function properties for _Z31adangel_o78_factor_from_squaresILi2EEvPKjPKhfPiPfPmS4_Pjii
    0 bytes stack frame, 0 bytes spill stores, 0 bytes spill loads
ptxas info    : Used 26 registers, used 0 barriers, 424 bytes cmem[0]
ptxas info    : Compile time = 10.005 ms
ptxas info    : Compiling entry function '_Z31adangel_o78_factor_from_squaresILi1EEvPKjPKhfPiPfPmS4_Pjii' for 'sm_80'
ptxas info    : Function properties for _Z31adangel_o78_factor_from_squaresILi1EEvPKjPKhfPiPfPmS4_Pjii
    0 bytes stack frame, 0 bytes spill stores, 0 bytes spill loads
ptxas info    : Used 26 registers, used 0 barriers, 424 bytes cmem[0]
ptxas info    : Compile time = 10.203 ms
ptxas info    : Compiling entry function 'adangel_o78_prepare_cta_guard' for 'sm_80'
ptxas info    : Function properties for adangel_o78_prepare_cta_guard
    0 bytes stack frame, 0 bytes spill stores, 0 bytes spill loads
ptxas info    : Used 30 registers, used 1 barriers, 144 bytes smem, 432 bytes cmem[0]
ptxas info    : Compile time = 18.368 ms
ptxas info    : Compiling entry function 'adangel_o78_prepare_e6m2' for 'sm_80'
ptxas info    : Function properties for adangel_o78_prepare_e6m2
    0 bytes stack frame, 0 bytes spill stores, 0 bytes spill loads
ptxas info    : Used 25 registers, used 1 barriers, 168 bytes smem, 424 bytes cmem[0]
ptxas info    : Compile time = 35.381 ms
ptxas info    : Compiling entry function 'adangel_o78_prepare_e4m3' for 'sm_80'
ptxas info    : Function properties for adangel_o78_prepare_e4m3
    0 bytes stack frame, 0 bytes spill stores, 0 bytes spill loads
ptxas info    : Used 25 registers, used 1 barriers, 168 bytes smem, 424 bytes cmem[0]
ptxas info    : Compile time = 23.012 ms
ptxas info    : Compiling entry function 'adangel_o78_prepare_ue8m0' for 'sm_80'
ptxas info    : Function properties for adangel_o78_prepare_ue8m0
    0 bytes stack frame, 0 bytes spill stores, 0 bytes spill loads
ptxas info    : Used 25 registers, used 1 barriers, 168 bytes smem, 424 bytes cmem[0]
ptxas info    : Compile time = 22.274 ms
