layer_00_q_proj inspected on CPU
layer_00_k_proj inspected on CPU
layer_00_v_proj inspected on CPU
layer_00_o_proj inspected on CPU
layer_06_q_proj inspected on CPU
layer_06_k_proj inspected on CPU
layer_06_v_proj inspected on CPU
layer_06_o_proj inspected on CPU
layer_12_q_proj inspected on CPU
layer_12_k_proj inspected on CPU
layer_12_v_proj inspected on CPU
layer_12_o_proj inspected on CPU
layer_18_q_proj inspected on CPU
layer_18_k_proj inspected on CPU
layer_18_v_proj inspected on CPU
layer_18_o_proj inspected on CPU
layer_24_q_proj inspected on CPU
layer_24_k_proj inspected on CPU
layer_24_v_proj inspected on CPU
layer_24_o_proj inspected on CPU
layer_31_q_proj inspected on CPU
layer_31_k_proj inspected on CPU
layer_31_v_proj inspected on CPU
layer_31_o_proj inspected on CPU
[
  {
    "columns": 98304,
    "windows": 1572864,
    "int32_safe_windows": 1572864,
    "int32_unsafe_windows": 0,
    "all_windows_safe_columns": 98304,
    "exact_fp32_integer_bound_windows": 1572864,
    "zero_code_windows": 0,
    "window_groups": 2,
    "samples": 24,
    "maximum_absolute_integer_bound": 4325376,
    "int32_safe_fraction": 1.0,
    "exponent_spread_histogram": {
      "0": 1175389,
      "1": 374168,
      "2": 21469,
      "3": 1756,
      "4": 76,
      "5": 6
    }
  },
  {
    "columns": 98304,
    "windows": 786432,
    "int32_safe_windows": 786432,
    "int32_unsafe_windows": 0,
    "all_windows_safe_columns": 98304,
    "exact_fp32_integer_bound_windows": 786432,
    "zero_code_windows": 0,
    "window_groups": 4,
    "samples": 24,
    "maximum_absolute_integer_bound": 9830400,
    "int32_safe_fraction": 1.0,
    "exponent_spread_histogram": {
      "0": 437747,
      "1": 309624,
      "2": 34450,
      "3": 4273,
      "4": 323,
      "5": 14,
      "6": 1
    }
  },
  {
    "columns": 98304,
    "windows": 393216,
    "int32_safe_windows": 393216,
    "int32_unsafe_windows": 0,
    "all_windows_safe_columns": 98304,
    "exact_fp32_integer_bound_windows": 393215,
    "zero_code_windows": 0,
    "window_groups": 8,
    "samples": 24,
    "maximum_absolute_integer_bound": 19791872,
    "int32_safe_fraction": 1.0,
    "exponent_spread_histogram": {
      "0": 154757,
      "1": 201330,
      "2": 30698,
      "3": 5800,
      "4": 599,
      "5": 31,
      "6": 1
    }
  },
  {
    "columns": 98304,
    "windows": 98304,
    "int32_safe_windows": 98304,
    "int32_unsafe_windows": 0,
    "all_windows_safe_columns": 98304,
    "exact_fp32_integer_bound_windows": 97182,
    "zero_code_windows": 0,
    "window_groups": 32,
    "samples": 24,
    "maximum_absolute_integer_bound": 81657856,
    "int32_safe_fraction": 1.0,
    "exponent_spread_histogram": {
      "0": 13211,
      "1": 65402,
      "2": 14731,
      "3": 4156,
      "4": 735,
      "5": 64,
      "6": 5
    }
  }
]
