{
  "source_commit": "70f108ed75e5b3ba854f35c1246c700a423db13b",
  "nvcc": "nvcc: NVIDIA (R) Cuda compiler driver\nCopyright (c) 2005-2025 NVIDIA Corporation\nBuilt on Fri_Feb_21_20:23:50_PST_2025\nCuda compilation tools, release 12.8, V12.8.93\nBuild cuda_12.8.r12.8/compiler.35583870_0\n",
  "cutlass_commit": "db1c288993354c88e551c40c19a8fb93a774a241",
  "scope": "compile_and_static_SASS_only_not_runtime_correctness_or_performance",
  "variants": {
    "0": {
      "cubin_sha256": "04a2cebe4309b2e27fdc89174b6b3cf75bc8c986c525d0958285e4cba3ff46c0",
      "entries": {
        "adangel_roof_fixed_dims_o78": {
          "instructions": 880,
          "opcode_counts": {
            "IMAD": 139,
            "S2R": 2,
            "S2UR": 1,
            "ULDC": 3,
            "IADD3": 88,
            "USHF": 3,
            "CS2R": 32,
            "UIMAD": 1,
            "ISETP": 37,
            "SHF": 21,
            "LOP3": 75,
            "LEA": 44,
            "STL": 1,
            "LDGSTS": 20,
            "LDGDEPBAR": 2,
            "BRA": 4,
            "MOV": 4,
            "DEPBAR": 1,
            "BAR": 1,
            "LDL": 1,
            "LDS": 15,
            "LDSM": 16,
            "IMMA": 64,
            "FMUL": 64,
            "I2F": 64,
            "FFMA": 64,
            "CALL": 1,
            "STG": 96,
            "EXIT": 2,
            "NOP;": 14
          },
          "copies": [
            "LDGSTS.E.BYPASS.128 [R143+0x200], [R16.64] ;",
            "LDGSTS.E.BYPASS.128 [R143+0x2200], [R2.64] ;",
            "LDGSTS.E.BYPASS.128 [R142+0x200], [R164.64] ;",
            "LDGSTS.E.BYPASS.128 [R142+0x2200], [R4.64] ;",
            "LDGSTS.E.BYPASS.128 [R143+0x4200], [R162.64] ;",
            "LDGSTS.E.BYPASS.128 [R142+0x4200], [R160.64] ;",
            "LDGSTS.E.BYPASS.128 [R140+0x4200], [R158.64] ;",
            "LDGSTS.E.BYPASS.128 [R139+0x4200], [R156.64] ;",
            "@!P0 LDGSTS.E.BYPASS.128 [R55], [R6.64] ;",
            "@!P1 LDGSTS.E.BYPASS.128 [R55+0x8200], [R8.64] ;",
            "LDGSTS.E.BYPASS.128 [R71+0x200], [R58.64] ;",
            "LDGSTS.E.BYPASS.128 [R71+0x2200], [R60.64] ;",
            "LDGSTS.E.BYPASS.128 [R73+0x200], [R62.64] ;",
            "LDGSTS.E.BYPASS.128 [R73+0x2200], [R64.64] ;",
            "LDGSTS.E.BYPASS.128 [R75+0x4200], [R66.64] ;",
            "LDGSTS.E.BYPASS.128 [R77+0x4200], [R58.64] ;",
            "LDGSTS.E.BYPASS.128 [R65+0x4200], [R60.64] ;",
            "LDGSTS.E.BYPASS.128 [R69+0x4200], [R62.64] ;",
            "@!P0 LDGSTS.E.BYPASS.128 [R59], [R54.64] ;",
            "@!P1 LDGSTS.E.BYPASS.128 [R71+0x8200], [R52.64] ;"
          ],
          "all_copies_bypass_l1": true,
          "native_u4_s4": true,
          "native_s4_s4": true,
          "int8_mma": false
        },
        "adangel_roof_fixed_dims_o3": {
          "instructions": 944,
          "opcode_counts": {
            "IMAD": 142,
            "S2R": 6,
            "S2UR": 1,
            "ULDC": 6,
            "IADD3": 105,
            "ISETP": 36,
            "USHF": 15,
            "LDG": 7,
            "SHF": 15,
            "ULEA": 4,
            "LOP3": 67,
            "UIMAD": 7,
            "CS2R": 29,
            "UISETP": 5,
            "LEA": 38,
            "STL": 3,
            "LDGSTS": 24,
            "PLOP3": 5,
            "MOV": 4,
            "FSEL": 3,
            "STS": 3,
            "LDGDEPBAR": 3,
            "BRA": 7,
            "LDS": 14,
            "UMOV": 1,
            "UIADD3": 2,
            "DEPBAR": 2,
            "BAR": 1,
            "LDL": 3,
            "LDSM": 16,
            "IMMA": 64,
            "I2F": 64,
            "FFMA": 64,
            "CALL": 1,
            "FMUL": 64,
            "STG": 96,
            "EXIT": 2,
            "NOP;": 15
          },
          "copies": [
            "LDGSTS.E.BYPASS.128 [R2], [R18.64] ;",
            "LDGSTS.E.BYPASS.128 [R2+0x3000], [R4.64] ;",
            "LDGSTS.E.BYPASS.128 [R0], [R20.64] ;",
            "LDGSTS.E.BYPASS.128 [R0+0x3000], [R6.64] ;",
            "LDGSTS.E.BYPASS.128 [R2+0x6000], [R22.64] ;",
            "LDGSTS.E.BYPASS.128 [R0+0x6000], [R24.64] ;",
            "LDGSTS.E.BYPASS.128 [R48+0x6000], [R26.64] ;",
            "LDGSTS.E.BYPASS.128 [R165+0x6000], [R28.64] ;",
            "LDGSTS.E.BYPASS.128 [R2+0x1000], [R38.64] ;",
            "LDGSTS.E.BYPASS.128 [R2+0x4000], [R34.64] ;",
            "LDGSTS.E.BYPASS.128 [R0+0x1000], [R32.64] ;",
            "LDGSTS.E.BYPASS.128 [R0+0x4000], [R36.64] ;",
            "LDGSTS.E.BYPASS.128 [R2+0x8000], [R14.64] ;",
            "LDGSTS.E.BYPASS.128 [R0+0x8000], [R40.64] ;",
            "LDGSTS.E.BYPASS.128 [R48+0x8000], [R42.64] ;",
            "LDGSTS.E.BYPASS.128 [R165+0x8000], [R38.64] ;",
            "LDGSTS.E.BYPASS.128 [R31], [R40.64] ;",
            "LDGSTS.E.BYPASS.128 [R31+0x3000], [R38.64] ;",
            "LDGSTS.E.BYPASS.128 [R43], [R32.64] ;",
            "LDGSTS.E.BYPASS.128 [R43+0x3000], [R36.64] ;",
            "LDGSTS.E.BYPASS.128 [R31], [R34.64] ;",
            "LDGSTS.E.BYPASS.128 [R45], [R32.64] ;",
            "LDGSTS.E.BYPASS.128 [R37], [R38.64] ;",
            "LDGSTS.E.BYPASS.128 [R43], [R40.64] ;"
          ],
          "all_copies_bypass_l1": true,
          "native_u4_s4": true,
          "native_s4_s4": true,
          "int8_mma": false
        }
      }
    },
    "1": {
      "cubin_sha256": "3465979f780408da97435fc24d04ced72a5251a65f7fc69b455fe0e858d2bd67",
      "entries": {
        "adangel_roof_fixed_dims_o78": {
          "instructions": 640,
          "opcode_counts": {
            "MOV": 3,
            "S2UR": 1,
            "S2R": 3,
            "ULDC": 2,
            "IADD3": 47,
            "USHF": 3,
            "CS2R": 32,
            "ULOP3": 1,
            "ISETP": 5,
            "IMAD": 54,
            "SHF": 20,
            "LOP3": 44,
            "LEA": 64,
            "LDGSTS": 20,
            "STL": 2,
            "LDGDEPBAR": 2,
            "BRA": 4,
            "DEPBAR": 1,
            "BAR": 1,
            "LDL": 2,
            "LDS": 15,
            "LDSM": 16,
            "IMMA": 64,
            "FMUL": 64,
            "I2F": 64,
            "FFMA": 64,
            "CALL": 1,
            "STG": 32,
            "EXIT": 1,
            "NOP;": 8
          },
          "copies": [
            "LDGSTS.E.BYPASS.128 [R11+0x200], [R16.64] ;",
            "LDGSTS.E.BYPASS.128 [R11+0x2200], [R2.64] ;",
            "LDGSTS.E.BYPASS.128 [R144+0x200], [R14.64] ;",
            "LDGSTS.E.BYPASS.128 [R144+0x2200], [R4.64] ;",
            "LDGSTS.E.BYPASS.128 [R11+0x4200], [R164.64] ;",
            "LDGSTS.E.BYPASS.128 [R144+0x4200], [R162.64] ;",
            "LDGSTS.E.BYPASS.128 [R142+0x4200], [R160.64] ;",
            "LDGSTS.E.BYPASS.128 [R141+0x4200], [R156.64] ;",
            "@!P0 LDGSTS.E.BYPASS.128 [R51], [R6.64] ;",
            "@!P1 LDGSTS.E.BYPASS.128 [R51+0x8200], [R8.64] ;",
            "LDGSTS.E.BYPASS.128 [R67+0x200], [R52.64] ;",
            "LDGSTS.E.BYPASS.128 [R67+0x2200], [R54.64] ;",
            "LDGSTS.E.BYPASS.128 [R69+0x200], [R56.64] ;",
            "LDGSTS.E.BYPASS.128 [R69+0x2200], [R58.64] ;",
            "LDGSTS.E.BYPASS.128 [R67+0x4200], [R60.64] ;",
            "LDGSTS.E.BYPASS.128 [R71+0x4200], [R52.64] ;",
            "LDGSTS.E.BYPASS.128 [R61+0x4200], [R54.64] ;",
            "LDGSTS.E.BYPASS.128 [R65+0x4200], [R56.64] ;",
            "@!P0 LDGSTS.E.BYPASS.128 [R59], [R50.64] ;",
            "@!P1 LDGSTS.E.BYPASS.128 [R63+0x8200], [R48.64] ;"
          ],
          "all_copies_bypass_l1": true,
          "native_u4_s4": true,
          "native_s4_s4": true,
          "int8_mma": false
        },
        "adangel_roof_fixed_dims_o3": {
          "instructions": 720,
          "opcode_counts": {
            "IMAD": 71,
            "S2R": 6,
            "S2UR": 1,
            "ULDC": 3,
            "IADD3": 68,
            "ISETP": 4,
            "USHF": 9,
            "LDG": 7,
            "SHF": 24,
            "LOP3": 46,
            "ULEA": 4,
            "UISETP": 5,
            "ULOP3": 1,
            "STL": 4,
            "LEA": 40,
            "LDGSTS": 24,
            "PLOP3": 5,
            "MOV": 10,
            "FSEL": 3,
            "STS": 3,
            "LDGDEPBAR": 3,
            "BRA": 7,
            "LDS": 14,
            "CS2R": 27,
            "UMOV": 1,
            "UIADD3": 2,
            "DEPBAR": 2,
            "BAR": 1,
            "LDL": 4,
            "UIMAD": 4,
            "LDSM": 16,
            "IMMA": 64,
            "I2F": 64,
            "FFMA": 64,
            "CALL": 1,
            "FMUL": 64,
            "STG": 32,
            "EXIT": 1,
            "NOP;": 11
          },
          "copies": [
            "LDGSTS.E.BYPASS.128 [R35], [R18.64] ;",
            "LDGSTS.E.BYPASS.128 [R35+0x3000], [R2.64] ;",
            "LDGSTS.E.BYPASS.128 [R0], [R20.64] ;",
            "LDGSTS.E.BYPASS.128 [R0+0x3000], [R2.64] ;",
            "LDGSTS.E.BYPASS.128 [R35+0x6000], [R22.64] ;",
            "LDGSTS.E.BYPASS.128 [R0+0x6000], [R24.64] ;",
            "LDGSTS.E.BYPASS.128 [R37+0x6000], [R26.64] ;",
            "LDGSTS.E.BYPASS.128 [R36+0x6000], [R28.64] ;",
            "LDGSTS.E.BYPASS.128 [R35+0x1000], [R4.64] ;",
            "LDGSTS.E.BYPASS.128 [R35+0x4000], [R6.64] ;",
            "LDGSTS.E.BYPASS.128 [R0+0x1000], [R10.64] ;",
            "LDGSTS.E.BYPASS.128 [R0+0x4000], [R12.64] ;",
            "LDGSTS.E.BYPASS.128 [R35+0x8000], [R14.64] ;",
            "LDGSTS.E.BYPASS.128 [R0+0x8000], [R16.64] ;",
            "LDGSTS.E.BYPASS.128 [R37+0x8000], [R30.64] ;",
            "LDGSTS.E.BYPASS.128 [R36+0x8000], [R32.64] ;",
            "LDGSTS.E.BYPASS.128 [R43], [R38.64] ;",
            "LDGSTS.E.BYPASS.128 [R43+0x3000], [R40.64] ;",
            "LDGSTS.E.BYPASS.128 [R45], [R34.64] ;",
            "LDGSTS.E.BYPASS.128 [R45+0x3000], [R32.64] ;",
            "LDGSTS.E.BYPASS.128 [R47], [R30.64] ;",
            "LDGSTS.E.BYPASS.128 [R43], [R36.64] ;",
            "LDGSTS.E.BYPASS.128 [R33], [R38.64] ;",
            "LDGSTS.E.BYPASS.128 [R35], [R40.64] ;"
          ],
          "all_copies_bypass_l1": true,
          "native_u4_s4": true,
          "native_s4_s4": true,
          "int8_mma": false
        }
      },
      "encoded_comparison_to_control": {
        "passed": false,
        "missing": [],
        "changed": [
          "adangel_roof_fixed_dims_o78",
          "adangel_roof_fixed_dims_o3"
        ],
        "old_symbols": 2,
        "new_symbols": 2,
        "unchanged": [],
        "scope": "exact_SASS_words_of_matched_old_entries_not_full_binary_or_performance"
      }
    },
    "2": {
      "cubin_sha256": "7dbf49aaebd898f1f9317d17c11ec299b6e6905b87cb41a9cc620c4560e9edee",
      "entries": {
        "adangel_roof_fixed_dims_o78": {
          "instructions": 648,
          "opcode_counts": {
            "MOV": 4,
            "S2R": 8,
            "S2UR": 1,
            "IADD3": 44,
            "ULDC": 1,
            "CS2R": 32,
            "SHF": 20,
            "IMAD": 51,
            "LOP3": 41,
            "USHF": 1,
            "LEA": 66,
            "STL": 9,
            "ISETP": 5,
            "LDGSTS": 20,
            "LDGDEPBAR": 2,
            "LDL": 9,
            "DEPBAR": 1,
            "BAR": 1,
            "BRA": 3,
            "LDS": 15,
            "LDSM": 16,
            "IMMA": 64,
            "I2F": 64,
            "FMUL": 64,
            "FFMA": 64,
            "CALL": 1,
            "STG": 32,
            "EXIT": 1,
            "NOP;": 8
          },
          "copies": [
            "LDGSTS.E.BYPASS.128 [R162+0x200], [R152.64] ;",
            "LDGSTS.E.BYPASS.128 [R162+0x2200], [R2.64] ;",
            "LDGSTS.E.BYPASS.128 [R149+0x200], [R150.64] ;",
            "LDGSTS.E.BYPASS.128 [R149+0x2200], [R4.64] ;",
            "LDGSTS.E.BYPASS.128 [R162+0x4200], [R160.64] ;",
            "LDGSTS.E.BYPASS.128 [R149+0x4200], [R158.64] ;",
            "LDGSTS.E.BYPASS.128 [R20+0x4200], [R156.64] ;",
            "LDGSTS.E.BYPASS.128 [R19+0x4200], [R154.64] ;",
            "@!P0 LDGSTS.E.BYPASS.128 [R7], [R2.64] ;",
            "@!P1 LDGSTS.E.BYPASS.128 [R7+0x8200], [R4.64] ;",
            "LDGSTS.E.BYPASS.128 [R53+0x200], [R40.64] ;",
            "LDGSTS.E.BYPASS.128 [R53+0x2200], [R48.64] ;",
            "LDGSTS.E.BYPASS.128 [R55+0x200], [R42.64] ;",
            "LDGSTS.E.BYPASS.128 [R55+0x2200], [R50.64] ;",
            "LDGSTS.E.BYPASS.128 [R57+0x4200], [R46.64] ;",
            "LDGSTS.E.BYPASS.128 [R59+0x4200], [R40.64] ;",
            "LDGSTS.E.BYPASS.128 [R61+0x4200], [R48.64] ;",
            "LDGSTS.E.BYPASS.128 [R51+0x4200], [R42.64] ;",
            "@!P0 LDGSTS.E.BYPASS.128 [R53], [R2.64] ;",
            "@!P1 LDGSTS.E.BYPASS.128 [R45+0x8200], [R4.64] ;"
          ],
          "all_copies_bypass_l1": true,
          "native_u4_s4": true,
          "native_s4_s4": true,
          "int8_mma": false
        },
        "adangel_roof_fixed_dims_o3": {
          "instructions": 688,
          "opcode_counts": {
            "MOV": 1,
            "S2R": 7,
            "ULDC": 1,
            "IADD3": 63,
            "ISETP": 7,
            "IMAD": 66,
            "SHF": 22,
            "LOP3": 42,
            "LEA": 54,
            "LDG": 7,
            "LDGSTS": 24,
            "STL": 4,
            "CS2R": 32,
            "FSEL": 3,
            "STS": 3,
            "LDGDEPBAR": 3,
            "LDS": 14,
            "BRA": 5,
            "DEPBAR": 2,
            "BAR": 1,
            "LDL": 4,
            "PRMT": 2,
            "LDSM": 16,
            "IMMA": 64,
            "I2F": 64,
            "FFMA": 64,
            "CALL": 1,
            "FMUL": 64,
            "STG": 32,
            "EXIT": 1,
            "NOP;": 15
          },
          "copies": [
            "LDGSTS.E.BYPASS.128 [R154], [R20.64] ;",
            "LDGSTS.E.BYPASS.128 [R154+0x3000], [R2.64] ;",
            "LDGSTS.E.BYPASS.128 [R153], [R22.64] ;",
            "LDGSTS.E.BYPASS.128 [R153+0x3000], [R4.64] ;",
            "LDGSTS.E.BYPASS.128 [R154+0x6000], [R20.64] ;",
            "LDGSTS.E.BYPASS.128 [R153+0x6000], [R16.64] ;",
            "LDGSTS.E.BYPASS.128 [R152+0x6000], [R164.64] ;",
            "LDGSTS.E.BYPASS.128 [R151+0x6000], [R162.64] ;",
            "LDGSTS.E.BYPASS.128 [R154+0x1000], [R2.64] ;",
            "LDGSTS.E.BYPASS.128 [R154+0x4000], [R10.64] ;",
            "LDGSTS.E.BYPASS.128 [R153+0x1000], [R4.64] ;",
            "LDGSTS.E.BYPASS.128 [R153+0x4000], [R12.64] ;",
            "LDGSTS.E.BYPASS.128 [R154+0x8000], [R6.64] ;",
            "LDGSTS.E.BYPASS.128 [R153+0x8000], [R8.64] ;",
            "LDGSTS.E.BYPASS.128 [R152+0x8000], [R14.64] ;",
            "LDGSTS.E.BYPASS.128 [R151+0x8000], [R16.64] ;",
            "LDGSTS.E.BYPASS.128 [R39], [R34.64] ;",
            "LDGSTS.E.BYPASS.128 [R39+0x3000], [R32.64] ;",
            "LDGSTS.E.BYPASS.128 [R41], [R30.64] ;",
            "LDGSTS.E.BYPASS.128 [R41+0x3000], [R24.64] ;",
            "LDGSTS.E.BYPASS.128 [R35], [R28.64] ;",
            "LDGSTS.E.BYPASS.128 [R39], [R26.64] ;",
            "LDGSTS.E.BYPASS.128 [R37], [R30.64] ;",
            "LDGSTS.E.BYPASS.128 [R25], [R32.64] ;"
          ],
          "all_copies_bypass_l1": true,
          "native_u4_s4": true,
          "native_s4_s4": true,
          "int8_mma": false
        }
      },
      "encoded_comparison_to_control": {
        "passed": false,
        "missing": [],
        "changed": [
          "adangel_roof_fixed_dims_o78",
          "adangel_roof_fixed_dims_o3"
        ],
        "old_symbols": 2,
        "new_symbols": 2,
        "unchanged": [],
        "scope": "exact_SASS_words_of_matched_old_entries_not_full_binary_or_performance"
      }
    }
  },
  "commands": [
    [
      "/usr/local/cuda-12.8/bin/nvcc",
      "-O3",
      "-std=c++17",
      "--expt-relaxed-constexpr",
      "-lineinfo",
      "-arch=sm_80",
      "-DADANGEL_FIXED_DIMS=0",
      "-I/home/zlouyang/ADAngel_oyzl/third_party/cutlass-src/include",
      "-I/home/zlouyang/ADAngel_oyzl/third_party/cutlass-src/tools/util/include",
      "csrc/sm80/roof_fixed_dims_probe.cu",
      "-cubin",
      "-o",
      "/home/zlouyang/ADAngel_oyzl/reports/o378_roof_v45/fixed_dims_0.cubin",
      "-Xptxas=-v"
    ],
    [
      "/usr/local/cuda-12.8/bin/nvcc",
      "-O3",
      "-std=c++17",
      "--expt-relaxed-constexpr",
      "-lineinfo",
      "-arch=sm_80",
      "-DADANGEL_FIXED_DIMS=0",
      "-I/home/zlouyang/ADAngel_oyzl/third_party/cutlass-src/include",
      "-I/home/zlouyang/ADAngel_oyzl/third_party/cutlass-src/tools/util/include",
      "csrc/sm80/roof_fixed_dims_probe.cu",
      "-ptx",
      "-o",
      "/home/zlouyang/ADAngel_oyzl/reports/o378_roof_v45/fixed_dims_0.ptx"
    ],
    [
      "/usr/local/cuda-12.8/bin/cuobjdump",
      "--dump-sass",
      "/home/zlouyang/ADAngel_oyzl/reports/o378_roof_v45/fixed_dims_0.cubin"
    ],
    [
      "/usr/local/cuda-12.8/bin/cuobjdump",
      "--dump-resource-usage",
      "/home/zlouyang/ADAngel_oyzl/reports/o378_roof_v45/fixed_dims_0.cubin"
    ],
    [
      "/usr/local/cuda-12.8/bin/nvcc",
      "-O3",
      "-std=c++17",
      "--expt-relaxed-constexpr",
      "-lineinfo",
      "-arch=sm_80",
      "-DADANGEL_FIXED_DIMS=1",
      "-I/home/zlouyang/ADAngel_oyzl/third_party/cutlass-src/include",
      "-I/home/zlouyang/ADAngel_oyzl/third_party/cutlass-src/tools/util/include",
      "csrc/sm80/roof_fixed_dims_probe.cu",
      "-cubin",
      "-o",
      "/home/zlouyang/ADAngel_oyzl/reports/o378_roof_v45/fixed_dims_1.cubin",
      "-Xptxas=-v"
    ],
    [
      "/usr/local/cuda-12.8/bin/nvcc",
      "-O3",
      "-std=c++17",
      "--expt-relaxed-constexpr",
      "-lineinfo",
      "-arch=sm_80",
      "-DADANGEL_FIXED_DIMS=1",
      "-I/home/zlouyang/ADAngel_oyzl/third_party/cutlass-src/include",
      "-I/home/zlouyang/ADAngel_oyzl/third_party/cutlass-src/tools/util/include",
      "csrc/sm80/roof_fixed_dims_probe.cu",
      "-ptx",
      "-o",
      "/home/zlouyang/ADAngel_oyzl/reports/o378_roof_v45/fixed_dims_1.ptx"
    ],
    [
      "/usr/local/cuda-12.8/bin/cuobjdump",
      "--dump-sass",
      "/home/zlouyang/ADAngel_oyzl/reports/o378_roof_v45/fixed_dims_1.cubin"
    ],
    [
      "/usr/local/cuda-12.8/bin/cuobjdump",
      "--dump-resource-usage",
      "/home/zlouyang/ADAngel_oyzl/reports/o378_roof_v45/fixed_dims_1.cubin"
    ],
    [
      "/usr/local/cuda-12.8/bin/nvcc",
      "-O3",
      "-std=c++17",
      "--expt-relaxed-constexpr",
      "-lineinfo",
      "-arch=sm_80",
      "-DADANGEL_FIXED_DIMS=2",
      "-I/home/zlouyang/ADAngel_oyzl/third_party/cutlass-src/include",
      "-I/home/zlouyang/ADAngel_oyzl/third_party/cutlass-src/tools/util/include",
      "csrc/sm80/roof_fixed_dims_probe.cu",
      "-cubin",
      "-o",
      "/home/zlouyang/ADAngel_oyzl/reports/o378_roof_v45/fixed_dims_2.cubin",
      "-Xptxas=-v"
    ],
    [
      "/usr/local/cuda-12.8/bin/nvcc",
      "-O3",
      "-std=c++17",
      "--expt-relaxed-constexpr",
      "-lineinfo",
      "-arch=sm_80",
      "-DADANGEL_FIXED_DIMS=2",
      "-I/home/zlouyang/ADAngel_oyzl/third_party/cutlass-src/include",
      "-I/home/zlouyang/ADAngel_oyzl/third_party/cutlass-src/tools/util/include",
      "csrc/sm80/roof_fixed_dims_probe.cu",
      "-ptx",
      "-o",
      "/home/zlouyang/ADAngel_oyzl/reports/o378_roof_v45/fixed_dims_2.ptx"
    ],
    [
      "/usr/local/cuda-12.8/bin/cuobjdump",
      "--dump-sass",
      "/home/zlouyang/ADAngel_oyzl/reports/o378_roof_v45/fixed_dims_2.cubin"
    ],
    [
      "/usr/local/cuda-12.8/bin/cuobjdump",
      "--dump-resource-usage",
      "/home/zlouyang/ADAngel_oyzl/reports/o378_roof_v45/fixed_dims_2.cubin"
    ]
  ],
  "all_probe_copies_bypass_l1": true,
  "native_int4_entries": true
}
