layer_00_q_proj o7 conversion_only 5 0.046735361218452454
layer_00_q_proj o7 conversion_only 4 0.11617279425263405
layer_00_q_proj o7 compute_only 4 0.502784013748169
layer_00_q_proj o7 compute_only 5 0.4986880123615265
layer_00_q_proj o7 cold 5 0.5478399991989136
layer_00_q_proj o7 cold 4 0.6440960168838501
layer_00_q_proj o7 steady_state 4 0.5754879713058472
layer_00_q_proj o7 steady_state 5 0.5437440276145935
layer_00_q_proj o8 conversion_only 4 0.12437504157423973
layer_00_q_proj o8 conversion_only 5 0.07097344100475311
layer_00_q_proj o8 compute_only 5 0.4904960095882416
layer_00_q_proj o8 compute_only 4 0.48844799399375916
layer_00_q_proj o8 cold 4 0.6164479851722717
layer_00_q_proj o8 cold 5 0.5806080102920532
layer_00_q_proj o8 steady_state 5 0.5580800175666809
layer_00_q_proj o8 steady_state 4 0.5631999969482422
layer_00_k_proj o7 conversion_only 4 0.11651072278618813
layer_00_k_proj o7 conversion_only 5 0.04634623974561691
layer_00_k_proj o7 compute_only 5 0.5130239725112915
layer_00_k_proj o7 compute_only 4 0.49663999676704407
layer_00_k_proj o7 cold 4 0.6256639957427979
layer_00_k_proj o7 cold 5 0.48793599009513855
layer_00_k_proj o7 steady_state 5 0.5273600220680237
layer_00_k_proj o7 steady_state 4 0.6072319746017456
layer_00_k_proj o8 conversion_only 5 0.07125503942370415
layer_00_k_proj o8 conversion_only 4 0.12572671473026276
layer_00_k_proj o8 compute_only 4 0.4357120096683502
layer_00_k_proj o8 compute_only 5 0.4935680031776428
layer_00_k_proj o8 cold 5 0.5734400153160095
layer_00_k_proj o8 cold 4 0.6440960168838501
layer_00_k_proj o8 steady_state 4 0.5923839807510376
layer_00_k_proj o8 steady_state 5 0.562175989151001
layer_00_v_proj o7 conversion_only 5 0.047503359615802765
layer_00_v_proj o7 conversion_only 4 0.11704319715499878
layer_00_v_proj o7 compute_only 4 0.5232639908790588
layer_00_v_proj o7 compute_only 5 0.5089280009269714
layer_00_v_proj o7 cold 5 0.5754879713058472
layer_00_v_proj o7 cold 4 0.6430720090866089
layer_00_v_proj o7 steady_state 4 0.5908480286598206
layer_00_v_proj o7 steady_state 5 0.5713919997215271
layer_00_v_proj o8 conversion_only 4 0.1264435201883316
layer_00_v_proj o8 conversion_only 5 0.07208959758281708
layer_00_v_proj o8 compute_only 5 0.502784013748169
layer_00_v_proj o8 compute_only 4 0.5007359981536865
layer_00_v_proj o8 cold 4 0.6481919884681702
layer_00_v_proj o8 cold 5 0.5980160236358643
layer_00_v_proj o8 steady_state 5 0.5642240047454834
layer_00_v_proj o8 steady_state 4 0.5775359869003296
layer_00_o_proj o7 conversion_only 4 0.11820032075047493
layer_00_o_proj o7 conversion_only 5 0.046786561608314514
layer_00_o_proj o7 compute_only 5 0.49561598896980286
layer_00_o_proj o7 compute_only 4 0.502784013748169
layer_00_o_proj o7 cold 4 0.6420480012893677
layer_00_o_proj o7 cold 5 0.5724160075187683
layer_00_o_proj o7 steady_state 5 0.47206398844718933
layer_00_o_proj o7 steady_state 4 0.6225919723510742
layer_00_o_proj o8 conversion_only 5 0.07130111753940582
layer_00_o_proj o8 conversion_only 4 0.12723200023174286
layer_00_o_proj o8 compute_only 4 0.502784013748169
layer_00_o_proj o8 compute_only 5 0.5007359981536865
layer_00_o_proj o8 cold 5 0.5831679999828339
layer_00_o_proj o8 cold 4 0.6512640118598938
layer_00_o_proj o8 steady_state 4 0.5990399718284607
layer_00_o_proj o8 steady_state 5 0.5683199763298035
layer_06_q_proj o7 conversion_only 5 0.047790080308914185
layer_06_q_proj o7 conversion_only 4 0.11837439984083176
layer_06_q_proj o7 compute_only 4 0.5150719881057739
layer_06_q_proj o7 compute_only 5 0.5171200037002563
layer_06_q_proj o7 cold 5 0.579584002494812
layer_06_q_proj o7 cold 4 0.6512640118598938
layer_06_q_proj o7 steady_state 4 0.605184018611908
layer_06_q_proj o7 steady_state 5 0.5693439841270447
layer_06_q_proj o8 conversion_only 4 0.12833280116319656
layer_06_q_proj o8 conversion_only 5 0.07562240213155746
layer_06_q_proj o8 compute_only 5 0.5314559936523438
layer_06_q_proj o8 compute_only 4 0.5212159752845764
layer_06_q_proj o8 cold 4 0.6666240096092224
layer_06_q_proj o8 cold 5 0.6159359812736511
layer_06_q_proj o8 steady_state 5 0.5765119791030884
layer_06_q_proj o8 steady_state 4 0.6174719929695129
layer_06_k_proj o7 conversion_only 4 0.11896830797195435
layer_06_k_proj o7 conversion_only 5 0.04727808013558388
layer_06_k_proj o7 compute_only 5 0.5314559936523438
layer_06_k_proj o7 compute_only 4 0.5171200037002563
layer_06_k_proj o7 cold 4 0.6625279784202576
layer_06_k_proj o7 cold 5 0.6031360030174255
layer_06_k_proj o7 steady_state 5 0.5836799740791321
layer_06_k_proj o7 steady_state 4 0.5990399718284607
layer_06_k_proj o8 conversion_only 5 0.07548416405916214
layer_06_k_proj o8 conversion_only 4 0.12914175540208817
layer_06_k_proj o8 compute_only 4 0.5304319858551025
layer_06_k_proj o8 compute_only 5 0.5304319858551025
layer_06_k_proj o8 cold 5 0.609279990196228
layer_06_k_proj o8 cold 4 0.6666240096092224
layer_06_k_proj o8 steady_state 4 0.6164479851722717
layer_06_k_proj o8 steady_state 5 0.4986880123615265
layer_06_v_proj o7 conversion_only 5 0.04796416312456131
layer_06_v_proj o7 conversion_only 4 0.11837439239025116
layer_06_v_proj o7 compute_only 4 0.5314559936523438
layer_06_v_proj o7 compute_only 5 0.5109760165214539
layer_06_v_proj o7 cold 5 0.5713919997215271
layer_06_v_proj o7 cold 4 0.6512640118598938
layer_06_v_proj o7 steady_state 4 0.5980160236358643
layer_06_v_proj o7 steady_state 5 0.5724160075187683
layer_06_v_proj o8 conversion_only 4 0.1289062425494194
layer_06_v_proj o8 conversion_only 5 0.07565312087535858
layer_06_v_proj o8 compute_only 5 0.5232639908790588
layer_06_v_proj o8 compute_only 4 0.5212159752845764
layer_06_v_proj o8 cold 4 0.6758400201797485
layer_06_v_proj o8 cold 5 0.6297600269317627
layer_06_v_proj o8 steady_state 5 0.5734400153160095
layer_06_v_proj o8 steady_state 4 0.6231039762496948
layer_06_o_proj o7 conversion_only 4 0.11897855997085571
layer_06_o_proj o7 conversion_only 5 0.04725760035216808
layer_06_o_proj o7 compute_only 5 0.5304319858551025
layer_06_o_proj o7 compute_only 4 0.5140479803085327
layer_06_o_proj o7 cold 4 0.6553599834442139
layer_06_o_proj o7 cold 5 0.591871976852417
layer_06_o_proj o7 steady_state 5 0.591871976852417
layer_06_o_proj o7 steady_state 4 0.605184018611908
layer_06_o_proj o8 conversion_only 5 0.07597056031227112
layer_06_o_proj o8 conversion_only 4 0.12998655438423157
layer_06_o_proj o8 compute_only 4 0.5457919836044312
layer_06_o_proj o8 compute_only 5 0.5406720042228699
layer_06_o_proj o8 cold 5 0.6036480069160461
layer_06_o_proj o8 cold 4 0.6543359756469727
layer_06_o_proj o8 steady_state 4 0.6184960007667542
layer_06_o_proj o8 steady_state 5 0.5806080102920532
layer_12_q_proj o7 conversion_only 5 0.04796415939927101
layer_12_q_proj o7 conversion_only 4 0.1183948814868927
layer_12_q_proj o7 compute_only 4 0.5155839920043945
layer_12_q_proj o7 compute_only 5 0.5140479803085327
layer_12_q_proj o7 cold 5 0.5765119791030884
layer_12_q_proj o7 cold 4 0.6512640118598938
layer_12_q_proj o7 steady_state 4 0.6062080264091492
layer_12_q_proj o7 steady_state 5 0.5765119791030884
layer_12_q_proj o8 conversion_only 4 0.12862975895404816
layer_12_q_proj o8 conversion_only 5 0.07624191790819168
layer_12_q_proj o8 compute_only 5 0.5375999808311462
layer_12_q_proj o8 compute_only 4 0.5212159752845764
layer_12_q_proj o8 cold 4 0.6594560146331787
layer_12_q_proj o8 cold 5 0.6236159801483154
layer_12_q_proj o8 steady_state 5 0.5744640231132507
layer_12_q_proj o8 steady_state 4 0.6256639957427979
layer_12_k_proj o7 conversion_only 4 0.11894271895289421
layer_12_k_proj o7 conversion_only 5 0.04697088152170181
layer_12_k_proj o7 compute_only 5 0.5375999808311462
layer_12_k_proj o7 compute_only 4 0.5160959959030151
layer_12_k_proj o7 cold 4 0.6625279784202576
layer_12_k_proj o7 cold 5 0.5713919997215271
layer_12_k_proj o7 steady_state 5 0.5550079941749573
layer_12_k_proj o7 steady_state 4 0.6502400040626526
layer_12_k_proj o8 conversion_only 5 0.07574527710676193
layer_12_k_proj o8 conversion_only 4 0.12943360209465027
layer_12_k_proj o8 compute_only 4 0.5160959959030151
layer_12_k_proj o8 compute_only 5 0.52019202709198
layer_12_k_proj o8 cold 5 0.6031360030174255
layer_12_k_proj o8 cold 4 0.6594560146331787
layer_12_k_proj o8 steady_state 4 0.6164479851722717
layer_12_k_proj o8 steady_state 5 0.5877760052680969
layer_12_v_proj o7 conversion_only 5 0.04792831838130951
layer_12_v_proj o7 conversion_only 4 0.11838463693857193
layer_12_v_proj o7 compute_only 4 0.5314559936523438
layer_12_v_proj o7 compute_only 5 0.52019202709198
layer_12_v_proj o7 cold 5 0.5765119791030884
layer_12_v_proj o7 cold 4 0.6809599995613098
layer_12_v_proj o7 steady_state 4 0.6236159801483154
layer_12_v_proj o7 steady_state 5 0.5806080102920532
layer_12_v_proj o8 conversion_only 4 0.12837888300418854
layer_12_v_proj o8 conversion_only 5 0.07635967433452606
layer_12_v_proj o8 compute_only 5 0.5232639908790588
layer_12_v_proj o8 compute_only 4 0.536575973033905
layer_12_v_proj o8 cold 4 0.6584320068359375
layer_12_v_proj o8 cold 5 0.6144000291824341
layer_12_v_proj o8 steady_state 5 0.5662720203399658
layer_12_v_proj o8 steady_state 4 0.6215680241584778
layer_12_o_proj o7 conversion_only 4 0.11856895685195923
layer_12_o_proj o7 conversion_only 5 0.04691968113183975
layer_12_o_proj o7 compute_only 5 0.5273600220680237
layer_12_o_proj o7 compute_only 4 0.5160959959030151
layer_12_o_proj o7 cold 4 0.6543359756469727
layer_12_o_proj o7 cold 5 0.5719040036201477
layer_12_o_proj o7 steady_state 5 0.5468159914016724
layer_12_o_proj o7 steady_state 4 0.6266880035400391
layer_12_o_proj o8 conversion_only 5 0.0761241614818573
layer_12_o_proj o8 conversion_only 4 0.12894207239151
layer_12_o_proj o8 compute_only 4 0.5160959959030151
layer_12_o_proj o8 compute_only 5 0.52019202709198
layer_12_o_proj o8 cold 5 0.6021119952201843
layer_12_o_proj o8 cold 4 0.66457599401474
layer_12_o_proj o8 steady_state 4 0.6010879874229431
layer_12_o_proj o8 steady_state 5 0.5898240208625793
layer_18_q_proj o7 conversion_only 5 0.04776959866285324
layer_18_q_proj o7 conversion_only 4 0.1170739196240902
layer_18_q_proj o7 compute_only 4 0.5335040092468262
layer_18_q_proj o7 compute_only 5 0.5089280009269714
layer_18_q_proj o7 cold 5 0.5816320180892944
layer_18_q_proj o7 cold 4 0.6512640118598938
layer_18_q_proj o7 steady_state 4 0.5980160236358643
layer_18_q_proj o7 steady_state 5 0.5800960063934326
layer_18_q_proj o8 conversion_only 4 0.128501757979393
layer_18_q_proj o8 conversion_only 5 0.07608319818973541
layer_18_q_proj o8 compute_only 5 0.5304319858551025
layer_18_q_proj o8 compute_only 4 0.52019202709198
layer_18_q_proj o8 cold 4 0.6594560146331787
layer_18_q_proj o8 cold 5 0.6236159801483154
layer_18_q_proj o8 steady_state 5 0.5811200141906738
layer_18_q_proj o8 steady_state 4 0.6195200085639954
layer_18_k_proj o7 conversion_only 4 0.11762687563896179
layer_18_k_proj o7 conversion_only 5 0.04686848074197769
layer_18_k_proj o7 compute_only 5 0.5273600220680237
layer_18_k_proj o7 compute_only 4 0.5089280009269714
layer_18_k_proj o7 cold 4 0.647167980670929
layer_18_k_proj o7 cold 5 0.5713919997215271
layer_18_k_proj o7 steady_state 5 0.5416960120201111
layer_18_k_proj o7 steady_state 4 0.609279990196228
layer_18_k_proj o8 conversion_only 5 0.07552000135183334
layer_18_k_proj o8 conversion_only 4 0.12874752283096313
layer_18_k_proj o8 compute_only 4 0.5160959959030151
layer_18_k_proj o8 compute_only 5 0.52019202709198
layer_18_k_proj o8 cold 5 0.6021119952201843
layer_18_k_proj o8 cold 4 0.6584320068359375
layer_18_k_proj o8 steady_state 4 0.6082559823989868
layer_18_k_proj o8 steady_state 5 0.5816320180892944
layer_18_v_proj o7 conversion_only 5 0.04751360043883324
layer_18_v_proj o7 conversion_only 4 0.11704319715499878
layer_18_v_proj o7 compute_only 4 0.5171200037002563
layer_18_v_proj o7 compute_only 5 0.5130239725112915
layer_18_v_proj o7 cold 5 0.502784013748169
layer_18_v_proj o7 cold 4 0.6430720090866089
layer_18_v_proj o7 steady_state 4 0.5908480286598206
layer_18_v_proj o7 steady_state 5 0.5754879713058472
layer_18_v_proj o8 conversion_only 4 0.12849152088165283
layer_18_v_proj o8 conversion_only 5 0.0760524794459343
layer_18_v_proj o8 compute_only 5 0.5242879986763
layer_18_v_proj o8 compute_only 4 0.5140479803085327
layer_18_v_proj o8 cold 4 0.652288019657135
layer_18_v_proj o8 cold 5 0.6154239773750305
layer_18_v_proj o8 steady_state 5 0.5785599946975708
layer_18_v_proj o8 steady_state 4 0.6236159801483154
layer_18_o_proj o7 conversion_only 4 0.11762689054012299
layer_18_o_proj o7 conversion_only 5 0.046796802431344986
layer_18_o_proj o7 compute_only 5 0.5253120064735413
layer_18_o_proj o7 compute_only 4 0.5089280009269714
layer_18_o_proj o7 cold 4 0.6492159962654114
layer_18_o_proj o7 cold 5 0.5652480125427246
layer_18_o_proj o7 steady_state 5 0.5468159914016724
layer_18_o_proj o7 steady_state 4 0.6676480174064636
layer_18_o_proj o8 conversion_only 5 0.07522304356098175
layer_18_o_proj o8 conversion_only 4 0.12880895286798477
layer_18_o_proj o8 compute_only 4 0.5160959959030151
layer_18_o_proj o8 compute_only 5 0.5145599842071533
layer_18_o_proj o8 cold 5 0.6041600108146667
layer_18_o_proj o8 cold 4 0.6666240096092224
layer_18_o_proj o8 steady_state 4 0.5939199924468994
layer_18_o_proj o8 steady_state 5 0.5826560258865356
layer_24_q_proj o7 conversion_only 5 0.04749312065541744
layer_24_q_proj o7 conversion_only 4 0.1170329600572586
layer_24_q_proj o7 compute_only 4 0.5335040092468262
layer_24_q_proj o7 compute_only 5 0.45158401131629944
layer_24_q_proj o7 cold 5 0.5898240208625793
layer_24_q_proj o7 cold 4 0.5785599946975708
layer_24_q_proj o7 steady_state 4 0.5980160236358643
layer_24_q_proj o7 steady_state 5 0.5806080102920532
layer_24_q_proj o8 conversion_only 4 0.12844032049179077
layer_24_q_proj o8 conversion_only 5 0.07607296109199524
layer_24_q_proj o8 compute_only 5 0.5232639908790588
layer_24_q_proj o8 compute_only 4 0.5109760165214539
layer_24_q_proj o8 cold 4 0.6594560146331787
layer_24_q_proj o8 cold 5 0.6225919723510742
layer_24_q_proj o8 steady_state 5 0.5754879713058472
layer_24_q_proj o8 steady_state 4 0.6246399879455566
layer_24_k_proj o7 conversion_only 4 0.11763200163841248
layer_24_k_proj o7 conversion_only 5 0.04700160026550293
layer_24_k_proj o7 compute_only 5 0.5089280009269714
layer_24_k_proj o7 compute_only 4 0.5140479803085327
layer_24_k_proj o7 cold 4 0.6543359756469727
layer_24_k_proj o7 cold 5 0.5713919997215271
layer_24_k_proj o7 steady_state 5 0.5478399991989136
layer_24_k_proj o7 steady_state 4 0.6266880035400391
layer_24_k_proj o8 conversion_only 5 0.07522304356098175
layer_24_k_proj o8 conversion_only 4 0.1287987232208252
layer_24_k_proj o8 compute_only 4 0.5150719881057739
layer_24_k_proj o8 compute_only 5 0.5150719881057739
layer_24_k_proj o8 cold 5 0.6031360030174255
layer_24_k_proj o8 cold 4 0.66457599401474
layer_24_k_proj o8 steady_state 4 0.6103039979934692
layer_24_k_proj o8 steady_state 5 0.5816320180892944
layer_24_v_proj o7 conversion_only 5 0.04752384126186371
layer_24_v_proj o7 conversion_only 4 0.11726335808634758
layer_24_v_proj o7 compute_only 4 0.5242879986763
layer_24_v_proj o7 compute_only 5 0.5038080215454102
layer_24_v_proj o7 cold 5 0.5683199763298035
layer_24_v_proj o7 cold 4 0.6430720090866089
layer_24_v_proj o7 steady_state 4 0.5908480286598206
layer_24_v_proj o7 steady_state 5 0.5662720203399658
layer_24_v_proj o8 conversion_only 4 0.12851199507713318
layer_24_v_proj o8 conversion_only 5 0.0760524794459343
layer_24_v_proj o8 compute_only 5 0.5253120064735413
layer_24_v_proj o8 compute_only 4 0.5227520167827606
layer_24_v_proj o8 cold 4 0.652288019657135
layer_24_v_proj o8 cold 5 0.6236159801483154
layer_24_v_proj o8 steady_state 5 0.5857279896736145
layer_24_v_proj o8 steady_state 4 0.6225919723510742
layer_24_o_proj o7 conversion_only 4 0.11763711273670197
layer_24_o_proj o7 conversion_only 5 0.046919677406549454
layer_24_o_proj o7 compute_only 5 0.5048320293426514
layer_24_o_proj o7 compute_only 4 0.5099520087242126
layer_24_o_proj o7 cold 4 0.6553599834442139
layer_24_o_proj o7 cold 5 0.5724160075187683
layer_24_o_proj o7 steady_state 5 0.5468159914016724
layer_24_o_proj o7 steady_state 4 0.6256639957427979
layer_24_o_proj o8 conversion_only 5 0.07537663727998734
layer_24_o_proj o8 conversion_only 4 0.1289830505847931
layer_24_o_proj o8 compute_only 4 0.5160959959030151
layer_24_o_proj o8 compute_only 5 0.5140479803085327
layer_24_o_proj o8 cold 5 0.5964800119400024
layer_24_o_proj o8 cold 4 0.6563839912414551
layer_24_o_proj o8 steady_state 4 0.609279990196228
layer_24_o_proj o8 steady_state 5 0.5816320180892944
layer_31_q_proj o7 conversion_only 5 0.047503359615802765
layer_31_q_proj o7 conversion_only 4 0.1170329600572586
layer_31_q_proj o7 compute_only 4 0.5089280009269714
layer_31_q_proj o7 compute_only 5 0.5191680192947388
layer_31_q_proj o7 cold 5 0.5631999969482422
layer_31_q_proj o7 cold 4 0.6010879874229431
layer_31_q_proj o7 steady_state 4 0.5908480286598206
layer_31_q_proj o7 steady_state 5 0.5775359869003296
layer_31_q_proj o8 conversion_only 4 0.12814847379922867
layer_31_q_proj o8 conversion_only 5 0.07598079741001129
layer_31_q_proj o8 compute_only 5 0.5314559936523438
layer_31_q_proj o8 compute_only 4 0.5273600220680237
layer_31_q_proj o8 cold 4 0.6594560146331787
layer_31_q_proj o8 cold 5 0.6225919723510742
layer_31_q_proj o8 steady_state 5 0.5744640231132507
layer_31_q_proj o8 steady_state 4 0.634880006313324
layer_31_k_proj o7 conversion_only 4 0.11762688308954239
layer_31_k_proj o7 conversion_only 5 0.046981118619441986
layer_31_k_proj o7 compute_only 5 0.5335040092468262
layer_31_k_proj o7 compute_only 4 0.5140479803085327
layer_31_k_proj o7 cold 4 0.6487039923667908
layer_31_k_proj o7 cold 5 0.5847039818763733
layer_31_k_proj o7 steady_state 5 0.5468159914016724
layer_31_k_proj o7 steady_state 4 0.6440960168838501
layer_31_k_proj o8 conversion_only 5 0.07540223747491837
layer_31_k_proj o8 conversion_only 4 0.1289830505847931
layer_31_k_proj o8 compute_only 4 0.5171200037002563
layer_31_k_proj o8 compute_only 5 0.5140479803085327
layer_31_k_proj o8 cold 5 0.6021119952201843
layer_31_k_proj o8 cold 4 0.66457599401474
layer_31_k_proj o8 steady_state 4 0.6103039979934692
layer_31_k_proj o8 steady_state 5 0.5765119791030884
layer_31_v_proj o7 conversion_only 5 0.04752384126186371
layer_31_v_proj o7 conversion_only 4 0.11704320088028908
layer_31_v_proj o7 compute_only 4 0.5089280009269714
layer_31_v_proj o7 compute_only 5 0.5160959959030151
layer_31_v_proj o7 cold 5 0.5693439841270447
layer_31_v_proj o7 cold 4 0.6359040141105652
layer_31_v_proj o7 steady_state 4 0.5908480286598206
layer_31_v_proj o7 steady_state 5 0.5785599946975708
layer_31_v_proj o8 conversion_only 4 0.1281740814447403
layer_31_v_proj o8 conversion_only 5 0.075868159532547
layer_31_v_proj o8 compute_only 5 0.5329920053482056
layer_31_v_proj o8 compute_only 4 0.5212159752845764
layer_31_v_proj o8 cold 4 0.6666240096092224
layer_31_v_proj o8 cold 5 0.6297599971294403
layer_31_v_proj o8 steady_state 5 0.5816320180892944
layer_31_v_proj o8 steady_state 4 0.6231039762496948
layer_31_o_proj o7 conversion_only 4 0.11760640144348145
layer_31_o_proj o7 conversion_only 5 0.046837760135531425
layer_31_o_proj o7 compute_only 5 0.5222399830818176
layer_31_o_proj o7 compute_only 4 0.5120000243186951
layer_31_o_proj o7 cold 4 0.6430720090866089
layer_31_o_proj o7 cold 5 0.5847039818763733
layer_31_o_proj o7 steady_state 5 0.5744640231132507
layer_31_o_proj o7 steady_state 4 0.6041600108146667
layer_31_o_proj o8 conversion_only 5 0.07525375857949257
layer_31_o_proj o8 conversion_only 4 0.12891647964715958
layer_31_o_proj o8 compute_only 4 0.5160959959030151
layer_31_o_proj o8 compute_only 5 0.5186560153961182
layer_31_o_proj o8 cold 5 0.5949440002441406
layer_31_o_proj o8 cold 4 0.6563839912414551
layer_31_o_proj o8 steady_state 4 0.6174719929695129
layer_31_o_proj o8 steady_state 5 0.5734400153160095
VECTOR FOUR MODE PIPELINE PASSED
