layer_00_q_proj o7 conversion_only 4 0.11494399607181549
layer_00_q_proj o7 conversion_only 5 0.04674559831619263
layer_00_q_proj o7 compute_only 5 0.5007359981536865
layer_00_q_proj o7 compute_only 4 0.4843519926071167
layer_00_q_proj o7 cold 4 0.6236159801483154
layer_00_q_proj o7 cold 5 0.532480001449585
layer_00_q_proj o7 steady_state 5 0.5150719881057739
layer_00_q_proj o7 steady_state 4 0.5662720203399658
layer_00_q_proj o8 conversion_only 5 0.07044608145952225
layer_00_q_proj o8 conversion_only 4 0.1247539222240448
layer_00_q_proj o8 compute_only 4 0.4843519926071167
layer_00_q_proj o8 compute_only 5 0.48230400681495667
layer_00_q_proj o8 cold 5 0.5560320019721985
layer_00_q_proj o8 cold 4 0.6420480012893677
layer_00_q_proj o8 steady_state 4 0.5580800175666809
layer_00_q_proj o8 steady_state 5 0.5283839702606201
layer_00_k_proj o7 conversion_only 5 0.04679679870605469
layer_00_k_proj o7 conversion_only 4 0.11505663394927979
layer_00_k_proj o7 compute_only 4 0.5053440034389496
layer_00_k_proj o7 compute_only 5 0.49459201097488403
layer_00_k_proj o7 cold 5 0.5447679758071899
layer_00_k_proj o7 cold 4 0.6205440163612366
layer_00_k_proj o7 steady_state 4 0.5765119791030884
layer_00_k_proj o7 steady_state 5 0.5509120225906372
layer_00_k_proj o8 conversion_only 4 0.1243852823972702
layer_00_k_proj o8 conversion_only 5 0.07095295935869217
layer_00_k_proj o8 compute_only 5 0.49663999676704407
layer_00_k_proj o8 compute_only 4 0.48844799399375916
layer_00_k_proj o8 cold 4 0.6164479851722717
layer_00_k_proj o8 cold 5 0.5888000130653381
layer_00_k_proj o8 steady_state 5 0.5529599785804749
layer_00_k_proj o8 steady_state 4 0.5631999969482422
layer_00_v_proj o7 conversion_only 4 0.11650047823786736
layer_00_v_proj o7 conversion_only 5 0.04627456143498421
layer_00_v_proj o7 compute_only 5 0.49663999676704407
layer_00_v_proj o7 compute_only 4 0.5007359981536865
layer_00_v_proj o7 cold 4 0.6440960168838501
layer_00_v_proj o7 cold 5 0.5580800175666809
layer_00_v_proj o7 steady_state 5 0.5406720042228699
layer_00_v_proj o7 steady_state 4 0.6103039979934692
layer_00_v_proj o8 conversion_only 5 0.0712703987956047
layer_00_v_proj o8 conversion_only 4 0.125788152217865
layer_00_v_proj o8 compute_only 4 0.4976640045642853
layer_00_v_proj o8 compute_only 5 0.4976640045642853
layer_00_v_proj o8 cold 5 0.5775359869003296
layer_00_v_proj o8 cold 4 0.6440960168838501
layer_00_v_proj o8 steady_state 4 0.591871976852417
layer_00_v_proj o8 steady_state 5 0.5631999969482422
layer_00_o_proj o7 conversion_only 5 0.0469401590526104
layer_00_o_proj o7 conversion_only 4 0.11666431277990341
layer_00_o_proj o7 compute_only 4 0.49459201097488403
layer_00_o_proj o7 compute_only 5 0.5058559775352478
layer_00_o_proj o7 cold 5 0.5509120225906372
layer_00_o_proj o7 cold 4 0.634880006313324
layer_00_o_proj o7 steady_state 4 0.5765119791030884
layer_00_o_proj o7 steady_state 5 0.5652480125427246
layer_00_o_proj o8 conversion_only 4 0.12566527724266052
layer_00_o_proj o8 conversion_only 5 0.07095295935869217
layer_00_o_proj o8 compute_only 5 0.4915199875831604
layer_00_o_proj o8 compute_only 4 0.4971520006656647
layer_00_o_proj o8 cold 4 0.6282240152359009
layer_00_o_proj o8 cold 5 0.5918720066547394
layer_00_o_proj o8 steady_state 5 0.5478399991989136
layer_00_o_proj o8 steady_state 4 0.5703679919242859
layer_06_q_proj o7 conversion_only 4 0.1176576018333435
layer_06_q_proj o7 conversion_only 5 0.046848002821207047
layer_06_q_proj o7 compute_only 5 0.5150719881057739
layer_06_q_proj o7 compute_only 4 0.5130239725112915
layer_06_q_proj o7 cold 4 0.6481919884681702
layer_06_q_proj o7 cold 5 0.579584002494812
layer_06_q_proj o7 steady_state 5 0.5468159914016724
layer_06_q_proj o7 steady_state 4 0.6159359812736511
layer_06_q_proj o8 conversion_only 5 0.07501824200153351
layer_06_q_proj o8 conversion_only 4 0.12847104668617249
layer_06_q_proj o8 compute_only 4 0.5114880204200745
layer_06_q_proj o8 compute_only 5 0.5160959959030151
layer_06_q_proj o8 cold 5 0.5990399718284607
layer_06_q_proj o8 cold 4 0.6553599834442139
layer_06_q_proj o8 steady_state 4 0.6164479851722717
layer_06_q_proj o8 steady_state 5 0.5806080102920532
layer_06_k_proj o7 conversion_only 5 0.04775936156511307
layer_06_k_proj o7 conversion_only 4 0.11799551919102669
layer_06_k_proj o7 compute_only 4 0.535040020942688
layer_06_k_proj o7 compute_only 5 0.52019202709198
layer_06_k_proj o7 cold 5 0.5754879713058472
layer_06_k_proj o7 cold 4 0.6727679967880249
layer_06_k_proj o7 steady_state 4 0.6256639957427979
layer_06_k_proj o7 steady_state 5 0.5703679919242859
layer_06_k_proj o8 conversion_only 4 0.12822528183460236
layer_06_k_proj o8 conversion_only 5 0.07563264295458794
layer_06_k_proj o8 compute_only 5 0.5314559936523438
layer_06_k_proj o8 compute_only 4 0.5263360142707825
layer_06_k_proj o8 cold 4 0.6594560146331787
layer_06_k_proj o8 cold 5 0.6154239773750305
layer_06_k_proj o8 steady_state 5 0.5836799740791321
layer_06_k_proj o8 steady_state 4 0.6312959790229797
layer_06_v_proj o7 conversion_only 4 0.11851264163851738
layer_06_v_proj o7 conversion_only 5 0.04702208191156387
layer_06_v_proj o7 compute_only 5 0.536575973033905
layer_06_v_proj o7 compute_only 4 0.52019202709198
layer_06_v_proj o7 cold 4 0.6481919884681702
layer_06_v_proj o7 cold 5 0.5877760052680969
layer_06_v_proj o7 steady_state 5 0.5703679919242859
layer_06_v_proj o7 steady_state 4 0.596992015838623
layer_06_v_proj o8 conversion_only 5 0.07548928260803223
layer_06_v_proj o8 conversion_only 4 0.12903423607349396
layer_06_v_proj o8 compute_only 4 0.5375999808311462
layer_06_v_proj o8 compute_only 5 0.5283839702606201
layer_06_v_proj o8 cold 5 0.6072319746017456
layer_06_v_proj o8 cold 4 0.66457599401474
layer_06_v_proj o8 steady_state 4 0.609279990196228
layer_06_v_proj o8 steady_state 5 0.5652480125427246
layer_06_o_proj o7 conversion_only 5 0.04772864282131195
layer_06_o_proj o7 conversion_only 4 0.11817983910441399
layer_06_o_proj o7 compute_only 4 0.5140479803085327
layer_06_o_proj o7 compute_only 5 0.5109760165214539
layer_06_o_proj o7 cold 5 0.5713919997215271
layer_06_o_proj o7 cold 4 0.6553599834442139
layer_06_o_proj o7 steady_state 4 0.5273600220680237
layer_06_o_proj o7 steady_state 5 0.5488640069961548
layer_06_o_proj o8 conversion_only 4 0.12849152088165283
layer_06_o_proj o8 conversion_only 5 0.07601151615381241
layer_06_o_proj o8 compute_only 5 0.5242879986763
layer_06_o_proj o8 compute_only 4 0.5253120064735413
layer_06_o_proj o8 cold 4 0.6553599834442139
layer_06_o_proj o8 cold 5 0.5990399718284607
layer_06_o_proj o8 steady_state 5 0.5734400153160095
layer_06_o_proj o8 steady_state 4 0.5928959846496582
layer_12_q_proj o7 conversion_only 4 0.1180620864033699
layer_12_q_proj o7 conversion_only 5 0.04686848074197769
layer_12_q_proj o7 compute_only 5 0.5171200037002563
layer_12_q_proj o7 compute_only 4 0.5171200037002563
layer_12_q_proj o7 cold 4 0.6481919884681702
layer_12_q_proj o7 cold 5 0.579584002494812
layer_12_q_proj o7 steady_state 5 0.5478399991989136
layer_12_q_proj o7 steady_state 4 0.605184018611908
layer_12_q_proj o8 conversion_only 5 0.07566335797309875
layer_12_q_proj o8 conversion_only 4 0.12863487005233765
layer_12_q_proj o8 compute_only 4 0.5171200037002563
layer_12_q_proj o8 compute_only 5 0.5242879986763
layer_12_q_proj o8 cold 5 0.5980160236358643
layer_12_q_proj o8 cold 4 0.6553599834442139
layer_12_q_proj o8 steady_state 4 0.596992015838623
layer_12_q_proj o8 steady_state 5 0.5652480125427246
layer_12_k_proj o7 conversion_only 5 0.047564804553985596
layer_12_k_proj o7 conversion_only 4 0.11701247841119766
layer_12_k_proj o7 compute_only 4 0.5140479803085327
layer_12_k_proj o7 compute_only 5 0.5089280009269714
layer_12_k_proj o7 cold 5 0.5713919997215271
layer_12_k_proj o7 cold 4 0.6512640118598938
layer_12_k_proj o7 steady_state 4 0.6010879874229431
layer_12_k_proj o7 steady_state 5 0.562175989151001
layer_12_k_proj o8 conversion_only 4 0.12837886810302734
layer_12_k_proj o8 conversion_only 5 0.07581695914268494
layer_12_k_proj o8 compute_only 5 0.5160959959030151
layer_12_k_proj o8 compute_only 4 0.5191680192947388
layer_12_k_proj o8 cold 4 0.6512640118598938
layer_12_k_proj o8 cold 5 0.5990399718284607
layer_12_k_proj o8 steady_state 5 0.5662720203399658
layer_12_k_proj o8 steady_state 4 0.609279990196228
layer_12_v_proj o7 conversion_only 4 0.11763712763786316
layer_12_v_proj o7 conversion_only 5 0.046786561608314514
layer_12_v_proj o7 compute_only 5 0.5038080215454102
layer_12_v_proj o7 compute_only 4 0.5099520087242126
layer_12_v_proj o7 cold 4 0.6553599834442139
layer_12_v_proj o7 cold 5 0.5724160075187683
layer_12_v_proj o7 steady_state 5 0.5468159914016724
layer_12_v_proj o7 steady_state 4 0.6123520135879517
layer_12_v_proj o8 conversion_only 5 0.07495680078864098
layer_12_v_proj o8 conversion_only 4 0.12862464785575867
layer_12_v_proj o8 compute_only 4 0.5160959959030151
layer_12_v_proj o8 compute_only 5 0.5166079998016357
layer_12_v_proj o8 cold 5 0.5980160236358643
layer_12_v_proj o8 cold 4 0.647167980670929
layer_12_v_proj o8 steady_state 4 0.6000639796257019
layer_12_v_proj o8 steady_state 5 0.5652480125427246
layer_12_o_proj o7 conversion_only 5 0.047503359615802765
layer_12_o_proj o7 conversion_only 4 0.11704319715499878
layer_12_o_proj o7 compute_only 4 0.5089280009269714
layer_12_o_proj o7 compute_only 5 0.5089280009269714
layer_12_o_proj o7 cold 5 0.5713919997215271
layer_12_o_proj o7 cold 4 0.6430720090866089
layer_12_o_proj o7 steady_state 4 0.5908480286598206
layer_12_o_proj o7 steady_state 5 0.5478399991989136
layer_12_o_proj o8 conversion_only 4 0.12804096937179565
layer_12_o_proj o8 conversion_only 5 0.07620607316493988
layer_12_o_proj o8 compute_only 5 0.5022720098495483
layer_12_o_proj o8 compute_only 4 0.5130239725112915
layer_12_o_proj o8 cold 4 0.647167980670929
layer_12_o_proj o8 cold 5 0.5990399718284607
layer_12_o_proj o8 steady_state 5 0.5662720203399658
layer_12_o_proj o8 steady_state 4 0.5857279896736145
layer_18_q_proj o7 conversion_only 4 0.11764223873615265
layer_18_q_proj o7 conversion_only 5 0.04681728035211563
layer_18_q_proj o7 compute_only 5 0.5160959959030151
layer_18_q_proj o7 compute_only 4 0.5099520087242126
layer_18_q_proj o7 cold 4 0.6440960168838501
layer_18_q_proj o7 cold 5 0.5713919997215271
layer_18_q_proj o7 steady_state 5 0.5478399991989136
layer_18_q_proj o7 steady_state 4 0.5990399718284607
layer_18_q_proj o8 conversion_only 5 0.07518208026885986
layer_18_q_proj o8 conversion_only 4 0.1287270486354828
layer_18_q_proj o8 compute_only 4 0.4505600035190582
layer_18_q_proj o8 compute_only 5 0.5099520087242126
layer_18_q_proj o8 cold 5 0.5980160236358643
layer_18_q_proj o8 cold 4 0.647167980670929
layer_18_q_proj o8 steady_state 4 0.5928959846496582
layer_18_q_proj o8 steady_state 5 0.5662720203399658
layer_18_k_proj o7 conversion_only 5 0.04749312251806259
layer_18_k_proj o7 conversion_only 4 0.11730431765317917
layer_18_k_proj o7 compute_only 4 0.5089280009269714
layer_18_k_proj o7 compute_only 5 0.5099520087242126
layer_18_k_proj o7 cold 5 0.5662720203399658
layer_18_k_proj o7 cold 4 0.6430720090866089
layer_18_k_proj o7 steady_state 4 0.5980160236358643
layer_18_k_proj o7 steady_state 5 0.5478399991989136
layer_18_k_proj o8 conversion_only 4 0.12792831659317017
layer_18_k_proj o8 conversion_only 5 0.07609343901276588
layer_18_k_proj o8 compute_only 5 0.5099520087242126
layer_18_k_proj o8 compute_only 4 0.5160959959030151
layer_18_k_proj o8 cold 4 0.6553599834442139
layer_18_k_proj o8 cold 5 0.6000639796257019
layer_18_k_proj o8 steady_state 5 0.5662720203399658
layer_18_k_proj o8 steady_state 4 0.5928959846496582
layer_18_v_proj o7 conversion_only 4 0.11764735728502274
layer_18_v_proj o7 conversion_only 5 0.046745602041482925
layer_18_v_proj o7 compute_only 5 0.5120000243186951
layer_18_v_proj o7 compute_only 4 0.44543999433517456
layer_18_v_proj o7 cold 4 0.6430720090866089
layer_18_v_proj o7 cold 5 0.5713919997215271
layer_18_v_proj o7 steady_state 5 0.5483520030975342
layer_18_v_proj o7 steady_state 4 0.5980160236358643
layer_18_v_proj o8 conversion_only 5 0.07514112070202827
layer_18_v_proj o8 conversion_only 4 0.12862463295459747
layer_18_v_proj o8 compute_only 4 0.5160959959030151
layer_18_v_proj o8 compute_only 5 0.5089280009269714
layer_18_v_proj o8 cold 5 0.5980160236358643
layer_18_v_proj o8 cold 4 0.6553599834442139
layer_18_v_proj o8 steady_state 4 0.5928959846496582
layer_18_v_proj o8 steady_state 5 0.5652480125427246
layer_18_o_proj o7 conversion_only 5 0.04747264087200165
layer_18_o_proj o7 conversion_only 4 0.11699199676513672
layer_18_o_proj o7 compute_only 4 0.5089280009269714
layer_18_o_proj o7 compute_only 5 0.5089280009269714
layer_18_o_proj o7 cold 5 0.5662720203399658
layer_18_o_proj o7 cold 4 0.6430720090866089
layer_18_o_proj o7 steady_state 4 0.5980160236358643
layer_18_o_proj o7 steady_state 5 0.48025599122047424
layer_18_o_proj o8 conversion_only 4 0.12740609049797058
layer_18_o_proj o8 conversion_only 5 0.0753151997923851
layer_18_o_proj o8 compute_only 5 0.5089280009269714
layer_18_o_proj o8 compute_only 4 0.5099520087242126
layer_18_o_proj o8 cold 4 0.647167980670929
layer_18_o_proj o8 cold 5 0.5980160236358643
layer_18_o_proj o8 steady_state 5 0.5596159994602203
layer_18_o_proj o8 steady_state 4 0.5222399830818176
layer_24_q_proj o7 conversion_only 4 0.1167769581079483
layer_24_q_proj o7 conversion_only 5 0.04648960009217262
layer_24_q_proj o7 compute_only 5 0.5089280009269714
layer_24_q_proj o7 compute_only 4 0.5089280009269714
layer_24_q_proj o7 cold 4 0.6440960168838501
layer_24_q_proj o7 cold 5 0.5652480125427246
layer_24_q_proj o7 steady_state 5 0.5478399991989136
layer_24_q_proj o7 steady_state 4 0.5242879986763
layer_24_q_proj o8 conversion_only 5 0.07518208026885986
layer_24_q_proj o8 conversion_only 4 0.1275903880596161
layer_24_q_proj o8 compute_only 4 0.5099520087242126
layer_24_q_proj o8 compute_only 5 0.5089280009269714
layer_24_q_proj o8 cold 5 0.5908480286598206
layer_24_q_proj o8 cold 4 0.5959680080413818
layer_24_q_proj o8 steady_state 4 0.5775359869003296
layer_24_q_proj o8 steady_state 5 0.5601279735565186
layer_24_k_proj o7 conversion_only 5 0.04715520143508911
layer_24_k_proj o7 conversion_only 4 0.11619327962398529
layer_24_k_proj o7 compute_only 4 0.503808006644249
layer_24_k_proj o7 compute_only 5 0.5099520087242126
layer_24_k_proj o7 cold 5 0.5652480125427246
layer_24_k_proj o7 cold 4 0.6440960168838501
layer_24_k_proj o7 steady_state 4 0.5980160236358643
layer_24_k_proj o7 steady_state 5 0.5437440276145935
layer_24_k_proj o8 conversion_only 4 0.1273651123046875
layer_24_k_proj o8 conversion_only 5 0.07532031834125519
layer_24_k_proj o8 compute_only 5 0.5089280009269714
layer_24_k_proj o8 compute_only 4 0.5114880204200745
layer_24_k_proj o8 cold 4 0.6461439728736877
layer_24_k_proj o8 cold 5 0.5713919997215271
layer_24_k_proj o8 steady_state 5 0.5652480125427246
layer_24_k_proj o8 steady_state 4 0.5928959846496582
layer_24_v_proj o7 conversion_only 4 0.11656703799962997
layer_24_v_proj o7 conversion_only 5 0.04648960009217262
layer_24_v_proj o7 compute_only 5 0.502784013748169
layer_24_v_proj o7 compute_only 4 0.502784013748169
layer_24_v_proj o7 cold 4 0.6430720090866089
layer_24_v_proj o7 cold 5 0.5642240047454834
layer_24_v_proj o7 steady_state 5 0.5478399991989136
layer_24_v_proj o7 steady_state 4 0.5908480286598206
layer_24_v_proj o8 conversion_only 5 0.07518208026885986
layer_24_v_proj o8 conversion_only 4 0.12763136625289917
layer_24_v_proj o8 compute_only 4 0.5089280009269714
layer_24_v_proj o8 compute_only 5 0.5150719881057739
layer_24_v_proj o8 cold 5 0.5898240208625793
layer_24_v_proj o8 cold 4 0.647167980670929
layer_24_v_proj o8 steady_state 4 0.5857279896736145
layer_24_v_proj o8 steady_state 5 0.5652480125427246
layer_24_o_proj o7 conversion_only 5 0.04733952134847641
layer_24_o_proj o7 conversion_only 4 0.11704319715499878
layer_24_o_proj o7 compute_only 4 0.5043200254440308
layer_24_o_proj o7 compute_only 5 0.5038080215454102
layer_24_o_proj o7 cold 5 0.5713919997215271
layer_24_o_proj o7 cold 4 0.6440960168838501
layer_24_o_proj o7 steady_state 4 0.5898240208625793
layer_24_o_proj o7 steady_state 5 0.5478399991989136
layer_24_o_proj o8 conversion_only 4 0.12755967676639557
layer_24_o_proj o8 conversion_only 5 0.07577599585056305
layer_24_o_proj o8 compute_only 5 0.5160959959030151
layer_24_o_proj o8 compute_only 4 0.5160959959030151
layer_24_o_proj o8 cold 4 0.647167980670929
layer_24_o_proj o8 cold 5 0.5294079780578613
layer_24_o_proj o8 steady_state 5 0.5662720203399658
layer_24_o_proj o8 steady_state 4 0.5928959846496582
layer_31_q_proj o7 conversion_only 4 0.11760640144348145
layer_31_q_proj o7 conversion_only 5 0.04677632078528404
layer_31_q_proj o7 compute_only 5 0.5099520087242126
layer_31_q_proj o7 compute_only 4 0.5089280009269714
layer_31_q_proj o7 cold 4 0.6430720090866089
layer_31_q_proj o7 cold 5 0.5652480125427246
layer_31_q_proj o7 steady_state 5 0.5478399991989136
layer_31_q_proj o7 steady_state 4 0.5980160236358643
layer_31_q_proj o8 conversion_only 5 0.07561727613210678
layer_31_q_proj o8 conversion_only 4 0.12899327278137207
layer_31_q_proj o8 compute_only 4 0.5155839920043945
layer_31_q_proj o8 compute_only 5 0.5160959959030151
layer_31_q_proj o8 cold 5 0.5980160236358643
layer_31_q_proj o8 cold 4 0.6553599834442139
layer_31_q_proj o8 steady_state 4 0.5928959846496582
layer_31_q_proj o8 steady_state 5 0.4971520006656647
layer_31_k_proj o7 conversion_only 5 0.04753407835960388
layer_31_k_proj o7 conversion_only 4 0.11701248586177826
layer_31_k_proj o7 compute_only 4 0.5099520087242126
layer_31_k_proj o7 compute_only 5 0.5089280009269714
layer_31_k_proj o7 cold 5 0.5724160075187683
layer_31_k_proj o7 cold 4 0.6430720090866089
layer_31_k_proj o7 steady_state 4 0.5980160236358643
layer_31_k_proj o7 steady_state 5 0.5631999969482422
layer_31_k_proj o8 conversion_only 4 0.1287577599287033
layer_31_k_proj o8 conversion_only 5 0.07657472044229507
layer_31_k_proj o8 compute_only 5 0.5345280170440674
layer_31_k_proj o8 compute_only 4 0.5283839702606201
layer_31_k_proj o8 cold 4 0.6604800224304199
layer_31_k_proj o8 cold 5 0.6062080264091492
layer_31_k_proj o8 steady_state 5 0.5826560258865356
layer_31_k_proj o8 steady_state 4 0.6297600269317627
layer_31_v_proj o7 conversion_only 4 0.1176627166569233
layer_31_v_proj o7 conversion_only 5 0.04714496061205864
layer_31_v_proj o7 compute_only 5 0.5355520248413086
layer_31_v_proj o7 compute_only 4 0.52019202709198
layer_31_v_proj o7 cold 4 0.6451200246810913
layer_31_v_proj o7 cold 5 0.591871976852417
layer_31_v_proj o7 steady_state 5 0.579584002494812
layer_31_v_proj o7 steady_state 4 0.5980160236358643
layer_31_v_proj o8 conversion_only 5 0.07619071751832962
layer_31_v_proj o8 conversion_only 4 0.12957695871591568
layer_31_v_proj o8 compute_only 4 0.5386239886283875
layer_31_v_proj o8 compute_only 5 0.5345280170440674
layer_31_v_proj o8 cold 5 0.6103039979934692
layer_31_v_proj o8 cold 4 0.6553599834442139
layer_31_v_proj o8 steady_state 4 0.6164479851722717
layer_31_v_proj o8 steady_state 5 0.5898240208625793
layer_31_o_proj o7 conversion_only 5 0.047790080308914185
layer_31_o_proj o7 conversion_only 4 0.11794943362474442
layer_31_o_proj o7 compute_only 4 0.5160959959030151
layer_31_o_proj o7 compute_only 5 0.4423680007457733
layer_31_o_proj o7 cold 5 0.5724160075187683
layer_31_o_proj o7 cold 4 0.6430720090866089
layer_31_o_proj o7 steady_state 4 0.5908480286598206
layer_31_o_proj o7 steady_state 5 0.5631999969482422
layer_31_o_proj o8 conversion_only 4 0.12871679663658142
layer_31_o_proj o8 conversion_only 5 0.07616511732339859
layer_31_o_proj o8 compute_only 5 0.5160959959030151
layer_31_o_proj o8 compute_only 4 0.5212159752845764
layer_31_o_proj o8 cold 4 0.6676480174064636
layer_31_o_proj o8 cold 5 0.6236159801483154
layer_31_o_proj o8 steady_state 5 0.5662720203399658
layer_31_o_proj o8 steady_state 4 0.6113280057907104
VECTOR FOUR MODE PIPELINE PASSED
