ptxas info    : 0 bytes gmem
ptxas info    : Compiling entry function 'adangel_capacity_small_observed' for 'sm_80'
ptxas info    : Function properties for adangel_capacity_small_observed
    0 bytes stack frame, 0 bytes spill stores, 0 bytes spill loads
ptxas info    : Used 47 registers, used 0 barriers, 372 bytes cmem[0]
ptxas info    : Compile time = 25.068 ms
ptxas info    : Compiling entry function 'adangel_capacity_large_observed' for 'sm_80'
ptxas info    : Function properties for adangel_capacity_large_observed
    0 bytes stack frame, 0 bytes spill stores, 0 bytes spill loads
ptxas info    : Used 49 registers, used 0 barriers, 372 bytes cmem[0]
ptxas info    : Compile time = 12.830 ms

native INT4 matched-work capacity audit passed
{
  "records": [
    {
      "mode": 0,
      "shape": [
        16,
        8,
        64
      ],
      "statistics": {
        "count": 200,
        "median_ms": 2.85081601,
        "mean_ms": 2.85626877185,
        "cv_percent": 0.31965463801672067,
        "min_ms": 2.84467196,
        "max_ms": 2.87743998,
        "p5_ms": 2.84671998,
        "p95_ms": 2.87027192,
        "iqr_ms": 0.01740788999999987
      },
      "physical_int4_ops": 2199023255552,
      "measured_physical_tops": 771.3662501677896,
      "normalized_32_group_ms": 0.35635200125,
      "cv_passed": true
    },
    {
      "mode": 1,
      "shape": [
        8,
        8,
        32
      ],
      "statistics": {
        "count": 200,
        "median_ms": 3.71916795,
        "mean_ms": 3.7325977191499997,
        "cv_percent": 0.47054058871671245,
        "min_ms": 3.71711993,
        "max_ms": 3.757056,
        "p5_ms": 3.71711993,
        "p95_ms": 3.75603199,
        "iqr_ms": 0.036864039999999765
      },
      "physical_int4_ops": 2199023255552,
      "measured_physical_tops": 591.2675321779969,
      "normalized_32_group_ms": 0.46489599375,
      "cv_passed": true
    }
  ],
  "paired_capacity_ratio": 0.7657583346855037,
  "paired_bootstrap_95_ci": [
    0.7654185071152809,
    0.765904719116388
  ],
  "full_GEMM_worth_implementing": false,
  "gate": "Require >=10% lower-CI capacity gain before a real GEMM implementation; no retry-to-pass.",
  "scope": "matched_MMA_capacity_only_not_GEMM_MSE_attainable_peak_or_real_case_speedup",
  "no_filtering": true,
  "production_default_changed": false,
  "new_experiment_MSE_measured": false,
  "note": "Both modes use the same32 affine C seeds to prevent common starts, include64 checksum additions/group and observe every D register. No real payload/shared loads, group factors, full-K accumulator or FP32 output. Source chain count is not measured hardware concurrency. Do not compare absolute timing with v82, whose checksum work differs."
}
