{
  "passed": true,
  "controls_exact_sass": {
    "_ZN57_GLOBAL__N__8d9f31c7_24_roof_fused_conversion_cu_c376a65f40adangel_sm80_mixed_fused_g128_conversionILN23adangel_sm80_experiment17GroupedSourceKindE3EEEvPKhS4_PKfS4_S4_PhPfiii": true,
    "_ZN57_GLOBAL__N__8d9f31c7_24_roof_fused_conversion_cu_c376a65f40adangel_sm80_mixed_fused_g128_conversionILN23adangel_sm80_experiment17GroupedSourceKindE2EEEvPKhS4_PKfS4_S4_PhPfiii": true,
    "_ZN57_GLOBAL__N__8d9f31c7_24_roof_fused_conversion_cu_c376a65f40adangel_sm80_mixed_fused_g128_conversionILN23adangel_sm80_experiment17GroupedSourceKindE1EEEvPKhS4_PKfS4_S4_PhPfiii": true,
    "_ZN57_GLOBAL__N__8d9f31c7_24_roof_fused_conversion_cu_c376a65f40adangel_sm80_mixed_fused_g128_conversionILN23adangel_sm80_experiment17GroupedSourceKindE0EEEvPKhS4_PKfS4_S4_PhPfiii": true,
    "_ZN59_GLOBAL__N__66d5dbb8_26_roof_integer_conversion_cu_5a2927eb37adangel_sm80_integer_fixed_conversionILN23adangel_sm80_experiment17GroupedSourceKindE3ELb0EEEvPKhS4_PKfS4_S4_PhPfiii": true,
    "_ZN59_GLOBAL__N__66d5dbb8_26_roof_integer_conversion_cu_5a2927eb37adangel_sm80_integer_fixed_conversionILN23adangel_sm80_experiment17GroupedSourceKindE3ELb1EEEvPKhS4_PKfS4_S4_PhPfiii": true,
    "_ZN59_GLOBAL__N__66d5dbb8_26_roof_integer_conversion_cu_5a2927eb37adangel_sm80_integer_fixed_conversionILN23adangel_sm80_experiment17GroupedSourceKindE2ELb0EEEvPKhS4_PKfS4_S4_PhPfiii": true,
    "_ZN59_GLOBAL__N__66d5dbb8_26_roof_integer_conversion_cu_5a2927eb37adangel_sm80_integer_fixed_conversionILN23adangel_sm80_experiment17GroupedSourceKindE2ELb1EEEvPKhS4_PKfS4_S4_PhPfiii": true,
    "_ZN59_GLOBAL__N__66d5dbb8_26_roof_integer_conversion_cu_5a2927eb37adangel_sm80_integer_fixed_conversionILN23adangel_sm80_experiment17GroupedSourceKindE1ELb0EEEvPKhS4_PKfS4_S4_PhPfiii": true,
    "_ZN59_GLOBAL__N__66d5dbb8_26_roof_integer_conversion_cu_5a2927eb37adangel_sm80_integer_fixed_conversionILN23adangel_sm80_experiment17GroupedSourceKindE1ELb1EEEvPKhS4_PKfS4_S4_PhPfiii": true,
    "_ZN59_GLOBAL__N__66d5dbb8_26_roof_integer_conversion_cu_5a2927eb37adangel_sm80_integer_fixed_conversionILN23adangel_sm80_experiment17GroupedSourceKindE0ELb0EEEvPKhS4_PKfS4_S4_PhPfiii": true,
    "_ZN59_GLOBAL__N__66d5dbb8_26_roof_integer_conversion_cu_5a2927eb37adangel_sm80_integer_fixed_conversionILN23adangel_sm80_experiment17GroupedSourceKindE0ELb1EEEvPKhS4_PKfS4_S4_PhPfiii": true
  },
  "functions": [
    {
      "symbol": "_ZN12vector_probe36adangel_sm80_vector_fixed_conversionILN23adangel_sm80_experiment17GroupedSourceKindE3ELi16EEEvPKhS4_PKfS4_S4_PhPfjj",
      "resources": {
        "REG": 19,
        "STACK": 0,
        "LOCAL": 0
      },
      "local_sass": false,
      "vector_load": true,
      "static_instructions": 488
    },
    {
      "symbol": "_ZN12vector_probe36adangel_sm80_vector_fixed_conversionILN23adangel_sm80_experiment17GroupedSourceKindE3ELi8EEEvPKhS4_PKfS4_S4_PhPfjj",
      "resources": {
        "REG": 15,
        "STACK": 0,
        "LOCAL": 0
      },
      "local_sass": false,
      "vector_load": true,
      "static_instructions": 280
    },
    {
      "symbol": "_ZN12vector_probe36adangel_sm80_vector_fixed_conversionILN23adangel_sm80_experiment17GroupedSourceKindE2ELi16EEEvPKhS4_PKfS4_S4_PhPfjj",
      "resources": {
        "REG": 30,
        "STACK": 0,
        "LOCAL": 0
      },
      "local_sass": false,
      "vector_load": true,
      "static_instructions": 344
    },
    {
      "symbol": "_ZN12vector_probe36adangel_sm80_vector_fixed_conversionILN23adangel_sm80_experiment17GroupedSourceKindE2ELi8EEEvPKhS4_PKfS4_S4_PhPfjj",
      "resources": {
        "REG": 22,
        "STACK": 0,
        "LOCAL": 0
      },
      "local_sass": false,
      "vector_load": true,
      "static_instructions": 192
    },
    {
      "symbol": "_ZN12vector_probe36adangel_sm80_vector_fixed_conversionILN23adangel_sm80_experiment17GroupedSourceKindE1ELi16EEEvPKhS4_PKfS4_S4_PhPfjj",
      "resources": {
        "REG": 32,
        "STACK": 0,
        "LOCAL": 0
      },
      "local_sass": false,
      "vector_load": true,
      "static_instructions": 384
    },
    {
      "symbol": "_ZN12vector_probe36adangel_sm80_vector_fixed_conversionILN23adangel_sm80_experiment17GroupedSourceKindE1ELi8EEEvPKhS4_PKfS4_S4_PhPfjj",
      "resources": {
        "REG": 30,
        "STACK": 0,
        "LOCAL": 0
      },
      "local_sass": false,
      "vector_load": true,
      "static_instructions": 216
    },
    {
      "symbol": "_ZN12vector_probe36adangel_sm80_vector_fixed_conversionILN23adangel_sm80_experiment17GroupedSourceKindE0ELi16EEEvPKhS4_PKfS4_S4_PhPfjj",
      "resources": {
        "REG": 26,
        "STACK": 0,
        "LOCAL": 0
      },
      "local_sass": false,
      "vector_load": true,
      "static_instructions": 176
    },
    {
      "symbol": "_ZN12vector_probe36adangel_sm80_vector_fixed_conversionILN23adangel_sm80_experiment17GroupedSourceKindE0ELi8EEEvPKhS4_PKfS4_S4_PhPfjj",
      "resources": {
        "REG": 17,
        "STACK": 0,
        "LOCAL": 0
      },
      "local_sass": false,
      "vector_load": true,
      "static_instructions": 120
    }
  ],
  "scope": "isolated_conversion_scalar_best_controls_and_vector_resources_not_gemm"
}
