ptxas info    : 0 bytes gmem
ptxas info    : Compiling entry function '_ZN12vector_probe36adangel_sm80_vector_fixed_conversionILN23adangel_sm80_experiment17GroupedSourceKindE3ELi16EEEvPKhS4_PKfS4_S4_PhPfjj' for 'sm_80'
ptxas info    : Function properties for _ZN12vector_probe36adangel_sm80_vector_fixed_conversionILN23adangel_sm80_experiment17GroupedSourceKindE3ELi16EEEvPKhS4_PKfS4_S4_PhPfjj
    0 bytes stack frame, 0 bytes spill stores, 0 bytes spill loads
ptxas info    : Used 19 registers, used 0 barriers, 416 bytes cmem[0]
ptxas info    : Compile time = 14.254 ms
ptxas info    : Compiling entry function '_ZN12vector_probe36adangel_sm80_vector_fixed_conversionILN23adangel_sm80_experiment17GroupedSourceKindE3ELi8EEEvPKhS4_PKfS4_S4_PhPfjj' for 'sm_80'
ptxas info    : Function properties for _ZN12vector_probe36adangel_sm80_vector_fixed_conversionILN23adangel_sm80_experiment17GroupedSourceKindE3ELi8EEEvPKhS4_PKfS4_S4_PhPfjj
    0 bytes stack frame, 0 bytes spill stores, 0 bytes spill loads
ptxas info    : Used 15 registers, used 0 barriers, 416 bytes cmem[0]
ptxas info    : Compile time = 7.718 ms
ptxas info    : Compiling entry function '_ZN12vector_probe36adangel_sm80_vector_fixed_conversionILN23adangel_sm80_experiment17GroupedSourceKindE2ELi16EEEvPKhS4_PKfS4_S4_PhPfjj' for 'sm_80'
ptxas info    : Function properties for _ZN12vector_probe36adangel_sm80_vector_fixed_conversionILN23adangel_sm80_experiment17GroupedSourceKindE2ELi16EEEvPKhS4_PKfS4_S4_PhPfjj
    0 bytes stack frame, 0 bytes spill stores, 0 bytes spill loads
ptxas info    : Used 30 registers, used 0 barriers, 416 bytes cmem[0]
ptxas info    : Compile time = 9.487 ms
ptxas info    : Compiling entry function '_ZN12vector_probe36adangel_sm80_vector_fixed_conversionILN23adangel_sm80_experiment17GroupedSourceKindE2ELi8EEEvPKhS4_PKfS4_S4_PhPfjj' for 'sm_80'
ptxas info    : Function properties for _ZN12vector_probe36adangel_sm80_vector_fixed_conversionILN23adangel_sm80_experiment17GroupedSourceKindE2ELi8EEEvPKhS4_PKfS4_S4_PhPfjj
    0 bytes stack frame, 0 bytes spill stores, 0 bytes spill loads
ptxas info    : Used 22 registers, used 0 barriers, 416 bytes cmem[0]
ptxas info    : Compile time = 5.389 ms
ptxas info    : Compiling entry function '_ZN12vector_probe36adangel_sm80_vector_fixed_conversionILN23adangel_sm80_experiment17GroupedSourceKindE1ELi16EEEvPKhS4_PKfS4_S4_PhPfjj' for 'sm_80'
ptxas info    : Function properties for _ZN12vector_probe36adangel_sm80_vector_fixed_conversionILN23adangel_sm80_experiment17GroupedSourceKindE1ELi16EEEvPKhS4_PKfS4_S4_PhPfjj
    0 bytes stack frame, 0 bytes spill stores, 0 bytes spill loads
ptxas info    : Used 32 registers, used 0 barriers, 416 bytes cmem[0]
ptxas info    : Compile time = 12.072 ms
ptxas info    : Compiling entry function '_ZN12vector_probe36adangel_sm80_vector_fixed_conversionILN23adangel_sm80_experiment17GroupedSourceKindE1ELi8EEEvPKhS4_PKfS4_S4_PhPfjj' for 'sm_80'
ptxas info    : Function properties for _ZN12vector_probe36adangel_sm80_vector_fixed_conversionILN23adangel_sm80_experiment17GroupedSourceKindE1ELi8EEEvPKhS4_PKfS4_S4_PhPfjj
    0 bytes stack frame, 0 bytes spill stores, 0 bytes spill loads
ptxas info    : Used 30 registers, used 0 barriers, 416 bytes cmem[0]
ptxas info    : Compile time = 6.636 ms
ptxas info    : Compiling entry function '_ZN12vector_probe36adangel_sm80_vector_fixed_conversionILN23adangel_sm80_experiment17GroupedSourceKindE0ELi16EEEvPKhS4_PKfS4_S4_PhPfjj' for 'sm_80'
ptxas info    : Function properties for _ZN12vector_probe36adangel_sm80_vector_fixed_conversionILN23adangel_sm80_experiment17GroupedSourceKindE0ELi16EEEvPKhS4_PKfS4_S4_PhPfjj
    0 bytes stack frame, 0 bytes spill stores, 0 bytes spill loads
ptxas info    : Used 26 registers, used 0 barriers, 416 bytes cmem[0]
ptxas info    : Compile time = 4.947 ms
ptxas info    : Compiling entry function '_ZN12vector_probe36adangel_sm80_vector_fixed_conversionILN23adangel_sm80_experiment17GroupedSourceKindE0ELi8EEEvPKhS4_PKfS4_S4_PhPfjj' for 'sm_80'
ptxas info    : Function properties for _ZN12vector_probe36adangel_sm80_vector_fixed_conversionILN23adangel_sm80_experiment17GroupedSourceKindE0ELi8EEEvPKhS4_PKfS4_S4_PhPfjj
    0 bytes stack frame, 0 bytes spill stores, 0 bytes spill loads
ptxas info    : Used 17 registers, used 0 barriers, 416 bytes cmem[0]
ptxas info    : Compile time = 3.397 ms
ptxas info    : 0 bytes gmem
ptxas info    : Compiling entry function '_ZN57_GLOBAL__N__8d9f31c7_24_roof_fused_conversion_cu_c376a65f40adangel_sm80_mixed_fused_g128_conversionILN23adangel_sm80_experiment17GroupedSourceKindE3EEEvPKhS4_PKfS4_S4_PhPfiii' for 'sm_80'
ptxas info    : Function properties for _ZN57_GLOBAL__N__8d9f31c7_24_roof_fused_conversion_cu_c376a65f40adangel_sm80_mixed_fused_g128_conversionILN23adangel_sm80_experiment17GroupedSourceKindE3EEEvPKhS4_PKfS4_S4_PhPfiii
    0 bytes stack frame, 0 bytes spill stores, 0 bytes spill loads
ptxas info    : Used 22 registers, used 0 barriers, 420 bytes cmem[0]
ptxas info    : Compile time = 8.653 ms
ptxas info    : Compiling entry function '_ZN57_GLOBAL__N__8d9f31c7_24_roof_fused_conversion_cu_c376a65f40adangel_sm80_mixed_fused_g128_conversionILN23adangel_sm80_experiment17GroupedSourceKindE2EEEvPKhS4_PKfS4_S4_PhPfiii' for 'sm_80'
ptxas info    : Function properties for _ZN57_GLOBAL__N__8d9f31c7_24_roof_fused_conversion_cu_c376a65f40adangel_sm80_mixed_fused_g128_conversionILN23adangel_sm80_experiment17GroupedSourceKindE2EEEvPKhS4_PKfS4_S4_PhPfiii
    0 bytes stack frame, 0 bytes spill stores, 0 bytes spill loads
ptxas info    : Used 21 registers, used 0 barriers, 420 bytes cmem[0]
ptxas info    : Compile time = 5.332 ms
ptxas info    : Compiling entry function '_ZN57_GLOBAL__N__8d9f31c7_24_roof_fused_conversion_cu_c376a65f40adangel_sm80_mixed_fused_g128_conversionILN23adangel_sm80_experiment17GroupedSourceKindE1EEEvPKhS4_PKfS4_S4_PhPfiii' for 'sm_80'
ptxas info    : Function properties for _ZN57_GLOBAL__N__8d9f31c7_24_roof_fused_conversion_cu_c376a65f40adangel_sm80_mixed_fused_g128_conversionILN23adangel_sm80_experiment17GroupedSourceKindE1EEEvPKhS4_PKfS4_S4_PhPfiii
    0 bytes stack frame, 0 bytes spill stores, 0 bytes spill loads
ptxas info    : Used 20 registers, used 0 barriers, 420 bytes cmem[0]
ptxas info    : Compile time = 5.898 ms
ptxas info    : Compiling entry function '_ZN57_GLOBAL__N__8d9f31c7_24_roof_fused_conversion_cu_c376a65f40adangel_sm80_mixed_fused_g128_conversionILN23adangel_sm80_experiment17GroupedSourceKindE0EEEvPKhS4_PKfS4_S4_PhPfiii' for 'sm_80'
ptxas info    : Function properties for _ZN57_GLOBAL__N__8d9f31c7_24_roof_fused_conversion_cu_c376a65f40adangel_sm80_mixed_fused_g128_conversionILN23adangel_sm80_experiment17GroupedSourceKindE0EEEvPKhS4_PKfS4_S4_PhPfiii
    8 bytes stack frame, 0 bytes spill stores, 0 bytes spill loads
ptxas info    : Used 20 registers, used 0 barriers, 8 bytes cumulative stack size, 420 bytes cmem[0]
ptxas info    : Compile time = 4.984 ms
ptxas info    : Compiling entry function '_ZN57_GLOBAL__N__8d9f31c7_24_roof_fused_conversion_cu_c376a65f37adangel_sm80_o3_fused_g128_conversionILb1EEEvPKhPhiii' for 'sm_80'
ptxas info    : Function properties for _ZN57_GLOBAL__N__8d9f31c7_24_roof_fused_conversion_cu_c376a65f37adangel_sm80_o3_fused_g128_conversionILb1EEEvPKhPhiii
    0 bytes stack frame, 0 bytes spill stores, 0 bytes spill loads
ptxas info    : Used 18 registers, used 0 barriers, 380 bytes cmem[0]
ptxas info    : Compile time = 3.047 ms
ptxas info    : Compiling entry function '_ZN57_GLOBAL__N__8d9f31c7_24_roof_fused_conversion_cu_c376a65f37adangel_sm80_o3_fused_g128_conversionILb0EEEvPKhPhiii' for 'sm_80'
ptxas info    : Function properties for _ZN57_GLOBAL__N__8d9f31c7_24_roof_fused_conversion_cu_c376a65f37adangel_sm80_o3_fused_g128_conversionILb0EEEvPKhPhiii
    8 bytes stack frame, 0 bytes spill stores, 0 bytes spill loads
ptxas info    : Used 20 registers, used 0 barriers, 8 bytes cumulative stack size, 380 bytes cmem[0]
ptxas info    : Compile time = 3.394 ms
ptxas info    : 0 bytes gmem
ptxas info    : Compiling entry function '_ZN59_GLOBAL__N__66d5dbb8_26_roof_integer_conversion_cu_5a2927eb37adangel_sm80_integer_fixed_conversionILN23adangel_sm80_experiment17GroupedSourceKindE3ELb0EEEvPKhS4_PKfS4_S4_PhPfiii' for 'sm_80'
ptxas info    : Function properties for _ZN59_GLOBAL__N__66d5dbb8_26_roof_integer_conversion_cu_5a2927eb37adangel_sm80_integer_fixed_conversionILN23adangel_sm80_experiment17GroupedSourceKindE3ELb0EEEvPKhS4_PKfS4_S4_PhPfiii
    0 bytes stack frame, 0 bytes spill stores, 0 bytes spill loads
ptxas info    : Used 20 registers, used 0 barriers, 420 bytes cmem[0]
ptxas info    : Compile time = 7.957 ms
ptxas info    : Compiling entry function '_ZN59_GLOBAL__N__66d5dbb8_26_roof_integer_conversion_cu_5a2927eb37adangel_sm80_integer_fixed_conversionILN23adangel_sm80_experiment17GroupedSourceKindE3ELb1EEEvPKhS4_PKfS4_S4_PhPfiii' for 'sm_80'
ptxas info    : Function properties for _ZN59_GLOBAL__N__66d5dbb8_26_roof_integer_conversion_cu_5a2927eb37adangel_sm80_integer_fixed_conversionILN23adangel_sm80_experiment17GroupedSourceKindE3ELb1EEEvPKhS4_PKfS4_S4_PhPfiii
    0 bytes stack frame, 0 bytes spill stores, 0 bytes spill loads
ptxas info    : Used 15 registers, used 0 barriers, 420 bytes cmem[0]
ptxas info    : Compile time = 4.610 ms
ptxas info    : Compiling entry function '_ZN59_GLOBAL__N__66d5dbb8_26_roof_integer_conversion_cu_5a2927eb37adangel_sm80_integer_fixed_conversionILN23adangel_sm80_experiment17GroupedSourceKindE2ELb0EEEvPKhS4_PKfS4_S4_PhPfiii' for 'sm_80'
ptxas info    : Function properties for _ZN59_GLOBAL__N__66d5dbb8_26_roof_integer_conversion_cu_5a2927eb37adangel_sm80_integer_fixed_conversionILN23adangel_sm80_experiment17GroupedSourceKindE2ELb0EEEvPKhS4_PKfS4_S4_PhPfiii
    0 bytes stack frame, 0 bytes spill stores, 0 bytes spill loads
ptxas info    : Used 22 registers, used 0 barriers, 420 bytes cmem[0]
ptxas info    : Compile time = 5.282 ms
ptxas info    : Compiling entry function '_ZN59_GLOBAL__N__66d5dbb8_26_roof_integer_conversion_cu_5a2927eb37adangel_sm80_integer_fixed_conversionILN23adangel_sm80_experiment17GroupedSourceKindE2ELb1EEEvPKhS4_PKfS4_S4_PhPfiii' for 'sm_80'
ptxas info    : Function properties for _ZN59_GLOBAL__N__66d5dbb8_26_roof_integer_conversion_cu_5a2927eb37adangel_sm80_integer_fixed_conversionILN23adangel_sm80_experiment17GroupedSourceKindE2ELb1EEEvPKhS4_PKfS4_S4_PhPfiii
    0 bytes stack frame, 0 bytes spill stores, 0 bytes spill loads
ptxas info    : Used 16 registers, used 0 barriers, 420 bytes cmem[0]
ptxas info    : Compile time = 3.135 ms
ptxas info    : Compiling entry function '_ZN59_GLOBAL__N__66d5dbb8_26_roof_integer_conversion_cu_5a2927eb37adangel_sm80_integer_fixed_conversionILN23adangel_sm80_experiment17GroupedSourceKindE1ELb0EEEvPKhS4_PKfS4_S4_PhPfiii' for 'sm_80'
ptxas info    : Function properties for _ZN59_GLOBAL__N__66d5dbb8_26_roof_integer_conversion_cu_5a2927eb37adangel_sm80_integer_fixed_conversionILN23adangel_sm80_experiment17GroupedSourceKindE1ELb0EEEvPKhS4_PKfS4_S4_PhPfiii
    0 bytes stack frame, 0 bytes spill stores, 0 bytes spill loads
ptxas info    : Used 19 registers, used 0 barriers, 420 bytes cmem[0]
ptxas info    : Compile time = 5.340 ms
ptxas info    : Compiling entry function '_ZN59_GLOBAL__N__66d5dbb8_26_roof_integer_conversion_cu_5a2927eb37adangel_sm80_integer_fixed_conversionILN23adangel_sm80_experiment17GroupedSourceKindE1ELb1EEEvPKhS4_PKfS4_S4_PhPfiii' for 'sm_80'
ptxas info    : Function properties for _ZN59_GLOBAL__N__66d5dbb8_26_roof_integer_conversion_cu_5a2927eb37adangel_sm80_integer_fixed_conversionILN23adangel_sm80_experiment17GroupedSourceKindE1ELb1EEEvPKhS4_PKfS4_S4_PhPfiii
    0 bytes stack frame, 0 bytes spill stores, 0 bytes spill loads
ptxas info    : Used 16 registers, used 0 barriers, 420 bytes cmem[0]
ptxas info    : Compile time = 3.744 ms
ptxas info    : Compiling entry function '_ZN59_GLOBAL__N__66d5dbb8_26_roof_integer_conversion_cu_5a2927eb37adangel_sm80_integer_fixed_conversionILN23adangel_sm80_experiment17GroupedSourceKindE0ELb0EEEvPKhS4_PKfS4_S4_PhPfiii' for 'sm_80'
ptxas info    : Function properties for _ZN59_GLOBAL__N__66d5dbb8_26_roof_integer_conversion_cu_5a2927eb37adangel_sm80_integer_fixed_conversionILN23adangel_sm80_experiment17GroupedSourceKindE0ELb0EEEvPKhS4_PKfS4_S4_PhPfiii
    0 bytes stack frame, 0 bytes spill stores, 0 bytes spill loads
ptxas info    : Used 18 registers, used 0 barriers, 420 bytes cmem[0]
ptxas info    : Compile time = 4.167 ms
ptxas info    : Compiling entry function '_ZN59_GLOBAL__N__66d5dbb8_26_roof_integer_conversion_cu_5a2927eb37adangel_sm80_integer_fixed_conversionILN23adangel_sm80_experiment17GroupedSourceKindE0ELb1EEEvPKhS4_PKfS4_S4_PhPfiii' for 'sm_80'
ptxas info    : Function properties for _ZN59_GLOBAL__N__66d5dbb8_26_roof_integer_conversion_cu_5a2927eb37adangel_sm80_integer_fixed_conversionILN23adangel_sm80_experiment17GroupedSourceKindE0ELb1EEEvPKhS4_PKfS4_S4_PhPfiii
    0 bytes stack frame, 0 bytes spill stores, 0 bytes spill loads
ptxas info    : Used 14 registers, used 0 barriers, 420 bytes cmem[0]
ptxas info    : Compile time = 2.697 ms
