layer_00_q_proj nvfp4_g128 0 0 0.03638271987438202
layer_00_q_proj nvfp4_g128 0 1 0.017909759655594826
layer_00_q_proj nvfp4_g128 0 2 0.015104000456631184
layer_00_q_proj nvfp4_g128 1 1 0.01788927987217903
layer_00_q_proj nvfp4_g128 1 2 0.015104000456631184
layer_00_q_proj nvfp4_g128 1 0 0.0362803190946579
layer_00_q_proj nvfp4_g128 2 2 0.015042560175061226
layer_00_q_proj nvfp4_g128 2 0 0.03634176030755043
layer_00_q_proj nvfp4_g128 2 1 0.017909759655594826
layer_00_q_proj mxfp8_e4m3_g128 0 1 0.03685376048088074
layer_00_q_proj mxfp8_e4m3_g128 0 2 0.03165183961391449
layer_00_q_proj mxfp8_e4m3_g128 0 0 0.07860223948955536
layer_00_q_proj mxfp8_e4m3_g128 1 2 0.03141631931066513
layer_00_q_proj mxfp8_e4m3_g128 1 0 0.07901696115732193
layer_00_q_proj mxfp8_e4m3_g128 1 1 0.03711999952793121
layer_00_q_proj mxfp8_e4m3_g128 2 0 0.07868415862321854
layer_00_q_proj mxfp8_e4m3_g128 2 1 0.03725311905145645
layer_00_q_proj mxfp8_e4m3_g128 2 2 0.03171328082680702
layer_00_q_proj hif4_g128 0 2 0.030238719657063484
layer_00_q_proj hif4_g128 0 0 0.05368832126259804
layer_00_q_proj hif4_g128 0 1 0.03193856030702591
layer_00_q_proj hif4_g128 1 0 0.0537395179271698
layer_00_q_proj hif4_g128 1 1 0.03183615952730179
layer_00_q_proj hif4_g128 1 2 0.030238719657063484
layer_00_q_proj hif4_g128 2 1 0.03183615952730179
layer_00_q_proj hif4_g128 2 2 0.030228478834033012
layer_00_q_proj hif4_g128 2 0 0.05368832126259804
layer_00_q_proj nvstyle_fp6_e2m3_g128 0 0 0.07107584178447723
layer_00_q_proj nvstyle_fp6_e2m3_g128 0 1 0.04403200000524521
layer_00_q_proj nvstyle_fp6_e2m3_g128 0 2 0.04093952104449272
layer_00_q_proj nvstyle_fp6_e2m3_g128 1 1 0.04382719844579697
layer_00_q_proj nvstyle_fp6_e2m3_g128 1 2 0.04060159996151924
layer_00_q_proj nvstyle_fp6_e2m3_g128 1 0 0.07110656052827835
layer_00_q_proj nvstyle_fp6_e2m3_g128 2 2 0.04097023978829384
layer_00_q_proj nvstyle_fp6_e2m3_g128 2 0 0.0710143968462944
layer_00_q_proj nvstyle_fp6_e2m3_g128 2 1 0.04446208104491234
layer_00_k_proj nvfp4_g128 0 1 0.018278399482369423
layer_00_k_proj nvfp4_g128 0 2 0.015042560175061226
layer_00_k_proj nvfp4_g128 0 0 0.03629055991768837
layer_00_k_proj nvfp4_g128 1 2 0.01520640030503273
layer_00_k_proj nvfp4_g128 1 0 0.03630080074071884
layer_00_k_proj nvfp4_g128 1 1 0.018083838745951653
layer_00_k_proj nvfp4_g128 2 0 0.03682303801178932
layer_00_k_proj nvfp4_g128 2 1 0.018104320392012596
layer_00_k_proj nvfp4_g128 2 2 0.015052800066769123
layer_00_k_proj mxfp8_e4m3_g128 0 2 0.03193856030702591
layer_00_k_proj mxfp8_e4m3_g128 0 0 0.07970815896987915
layer_00_k_proj mxfp8_e4m3_g128 0 1 0.03748863935470581
layer_00_k_proj mxfp8_e4m3_g128 1 0 0.0800563246011734
layer_00_k_proj mxfp8_e4m3_g128 1 1 0.03700736165046692
layer_00_k_proj mxfp8_e4m3_g128 1 2 0.03204096108675003
layer_00_k_proj mxfp8_e4m3_g128 2 1 0.03746815770864487
layer_00_k_proj mxfp8_e4m3_g128 2 2 0.03166208043694496
layer_00_k_proj mxfp8_e4m3_g128 2 0 0.08004608005285263
layer_00_k_proj hif4_g128 0 0 0.053862400352954865
layer_00_k_proj hif4_g128 0 1 0.03208192065358162
layer_00_k_proj hif4_g128 0 2 0.03025919944047928
layer_00_k_proj hif4_g128 1 1 0.03209216147661209
layer_00_k_proj hif4_g128 1 2 0.03032063879072666
layer_00_k_proj hif4_g128 1 0 0.05370880290865898
layer_00_k_proj hif4_g128 2 2 0.030351359397172928
layer_00_k_proj hif4_g128 2 0 0.05394943989813328
layer_00_k_proj hif4_g128 2 1 0.03198976069688797
layer_00_k_proj nvstyle_fp6_e2m3_g128 0 1 0.04479999840259552
layer_00_k_proj nvstyle_fp6_e2m3_g128 0 2 0.0414617583155632
layer_00_k_proj nvstyle_fp6_e2m3_g128 0 0 0.071454718708992
layer_00_k_proj nvstyle_fp6_e2m3_g128 1 2 0.04140031710267067
layer_00_k_proj nvstyle_fp6_e2m3_g128 1 0 0.0718233585357666
layer_00_k_proj nvstyle_fp6_e2m3_g128 1 1 0.04462592303752899
layer_00_k_proj nvstyle_fp6_e2m3_g128 2 0 0.07166975736618042
layer_00_k_proj nvstyle_fp6_e2m3_g128 2 1 0.045015040785074234
layer_00_k_proj nvstyle_fp6_e2m3_g128 2 2 0.04116480052471161
layer_00_v_proj nvfp4_g128 0 2 0.015247360803186893
layer_00_v_proj nvfp4_g128 0 0 0.036623360589146614
layer_00_v_proj nvfp4_g128 0 1 0.018472960218787193
layer_00_v_proj nvfp4_g128 1 0 0.03665919974446297
layer_00_v_proj nvfp4_g128 1 1 0.01864703930914402
layer_00_v_proj nvfp4_g128 1 2 0.015421438962221146
layer_00_v_proj nvfp4_g128 2 1 0.0184524804353714
layer_00_v_proj nvfp4_g128 2 2 0.015595519915223122
layer_00_v_proj nvfp4_g128 2 0 0.03661311976611614
layer_00_v_proj mxfp8_e4m3_g128 0 0 0.08002559840679169
layer_00_v_proj mxfp8_e4m3_g128 0 1 0.03786752000451088
layer_00_v_proj mxfp8_e4m3_g128 0 2 0.0321638397872448
layer_00_v_proj mxfp8_e4m3_g128 1 1 0.037847038358449936
layer_00_v_proj mxfp8_e4m3_g128 1 2 0.03209216147661209
layer_00_v_proj mxfp8_e4m3_g128 1 0 0.08082431554794312
layer_00_v_proj mxfp8_e4m3_g128 2 2 0.03207167983055115
layer_00_v_proj mxfp8_e4m3_g128 2 0 0.08076288551092148
layer_00_v_proj mxfp8_e4m3_g128 2 1 0.03804672136902809
layer_00_v_proj hif4_g128 0 1 0.032348159700632095
layer_00_v_proj hif4_g128 0 2 0.030197761952877045
layer_00_v_proj hif4_g128 0 0 0.054865919053554535
layer_00_v_proj hif4_g128 1 2 0.030248958617448807
layer_00_v_proj hif4_g128 1 0 0.054784003645181656
layer_00_v_proj hif4_g128 1 1 0.032337918877601624
layer_00_v_proj hif4_g128 2 0 0.05483520030975342
layer_00_v_proj hif4_g128 2 1 0.032194558531045914
layer_00_v_proj hif4_g128 2 2 0.030566399917006493
layer_00_v_proj nvstyle_fp6_e2m3_g128 0 2 0.04149248078465462
layer_00_v_proj nvstyle_fp6_e2m3_g128 0 0 0.07180287688970566
layer_00_v_proj nvstyle_fp6_e2m3_g128 0 1 0.045352958142757416
layer_00_v_proj nvstyle_fp6_e2m3_g128 1 0 0.07172095775604248
layer_00_v_proj nvstyle_fp6_e2m3_g128 1 1 0.04538368061184883
layer_00_v_proj nvstyle_fp6_e2m3_g128 1 2 0.04193280264735222
layer_00_v_proj nvstyle_fp6_e2m3_g128 2 1 0.04538368061184883
layer_00_v_proj nvstyle_fp6_e2m3_g128 2 2 0.0419020801782608
layer_00_v_proj nvstyle_fp6_e2m3_g128 2 0 0.07242751866579056
layer_00_o_proj nvfp4_g128 0 0 0.03695616126060486
layer_00_o_proj nvfp4_g128 0 1 0.018493440002202988
layer_00_o_proj nvfp4_g128 0 2 0.01568767987191677
layer_00_o_proj nvfp4_g128 1 1 0.018493440002202988
layer_00_o_proj nvfp4_g128 1 2 0.015400960110127926
layer_00_o_proj nvfp4_g128 1 0 0.037155838683247566
layer_00_o_proj nvfp4_g128 2 2 0.015559680294245481
layer_00_o_proj nvfp4_g128 2 0 0.03663872182369232
layer_00_o_proj nvfp4_g128 2 1 0.018821120262145996
layer_00_o_proj mxfp8_e4m3_g128 0 1 0.03790847957134247
layer_00_o_proj mxfp8_e4m3_g128 0 2 0.032399360090494156
layer_00_o_proj mxfp8_e4m3_g128 0 0 0.08107008039951324
layer_00_o_proj mxfp8_e4m3_g128 1 2 0.031943680718541145
layer_00_o_proj mxfp8_e4m3_g128 1 0 0.0813823975622654
layer_00_o_proj mxfp8_e4m3_g128 1 1 0.038225919008255005
layer_00_o_proj mxfp8_e4m3_g128 2 0 0.08074239641427994
layer_00_o_proj mxfp8_e4m3_g128 2 1 0.0382822398096323
layer_00_o_proj mxfp8_e4m3_g128 2 2 0.032440319657325745
layer_00_o_proj hif4_g128 0 2 0.030586879700422287
layer_00_o_proj hif4_g128 0 0 0.05493760108947754
layer_00_o_proj hif4_g128 0 1 0.03291136026382446
layer_00_o_proj hif4_g128 1 0 0.05492736026644707
layer_00_o_proj hif4_g128 1 1 0.03273727744817734
layer_00_o_proj hif4_g128 1 2 0.030801920220255852
layer_00_o_proj hif4_g128 2 1 0.03257856145501137
layer_00_o_proj hif4_g128 2 2 0.03060735948383808
layer_00_o_proj hif4_g128 2 0 0.05519359931349754
layer_00_o_proj nvstyle_fp6_e2m3_g128 0 0 0.07261183857917786
layer_00_o_proj nvstyle_fp6_e2m3_g128 0 1 0.045137919485569
layer_00_o_proj nvstyle_fp6_e2m3_g128 0 2 0.04093952104449272
layer_00_o_proj nvstyle_fp6_e2m3_g128 1 1 0.04519936069846153
layer_00_o_proj nvstyle_fp6_e2m3_g128 1 2 0.04111360013484955
layer_00_o_proj nvstyle_fp6_e2m3_g128 1 0 0.07235583662986755
layer_00_o_proj nvstyle_fp6_e2m3_g128 2 2 0.040960002690553665
layer_00_o_proj nvstyle_fp6_e2m3_g128 2 0 0.07262208312749863
layer_00_o_proj nvstyle_fp6_e2m3_g128 2 1 0.04499455913901329
layer_06_q_proj nvfp4_g128 0 1 0.018831361085176468
layer_06_q_proj nvfp4_g128 0 2 0.015431679785251617
layer_06_q_proj nvfp4_g128 0 0 0.03753983974456787
layer_06_q_proj nvfp4_g128 1 2 0.01556480024009943
layer_06_q_proj nvfp4_g128 1 0 0.03705856204032898
layer_06_q_proj nvfp4_g128 1 1 0.018780160695314407
layer_06_q_proj nvfp4_g128 2 0 0.03747839853167534
layer_06_q_proj nvfp4_g128 2 1 0.01869823969900608
layer_06_q_proj nvfp4_g128 2 2 0.01582079939544201
layer_06_q_proj mxfp8_e4m3_g128 0 2 0.03232768177986145
layer_06_q_proj mxfp8_e4m3_g128 0 0 0.08140288293361664
layer_06_q_proj mxfp8_e4m3_g128 0 1 0.037872640416026115
layer_06_q_proj mxfp8_e4m3_g128 1 0 0.08172543346881866
layer_06_q_proj mxfp8_e4m3_g128 1 1 0.038041602820158005
layer_06_q_proj mxfp8_e4m3_g128 1 2 0.031866878271102905
layer_06_q_proj mxfp8_e4m3_g128 2 1 0.03805183991789818
layer_06_q_proj mxfp8_e4m3_g128 2 2 0.03185664117336273
layer_06_q_proj mxfp8_e4m3_g128 2 0 0.08138751983642578
layer_06_q_proj hif4_g128 0 0 0.055152639746665955
layer_06_q_proj hif4_g128 0 1 0.03299327939748764
layer_06_q_proj hif4_g128 0 2 0.03102719970047474
layer_06_q_proj hif4_g128 1 1 0.03291136026382446
layer_06_q_proj hif4_g128 1 2 0.031201278790831566
layer_06_q_proj hif4_g128 1 0 0.05539328046143055
layer_06_q_proj hif4_g128 2 2 0.03084287792444229
layer_06_q_proj hif4_g128 2 0 0.055751681327819824
layer_06_q_proj hif4_g128 2 1 0.033024001866579056
layer_06_q_proj nvstyle_fp6_e2m3_g128 0 1 0.04799488186836243
layer_06_q_proj nvstyle_fp6_e2m3_g128 0 2 0.045301761478185654
layer_06_q_proj nvstyle_fp6_e2m3_g128 0 0 0.07369216158986092
layer_06_q_proj nvstyle_fp6_e2m3_g128 1 2 0.045404158532619476
layer_06_q_proj nvstyle_fp6_e2m3_g128 1 0 0.07391232252120972
layer_06_q_proj nvstyle_fp6_e2m3_g128 1 1 0.04785151779651642
layer_06_q_proj nvstyle_fp6_e2m3_g128 2 0 0.07377920299768448
layer_06_q_proj nvstyle_fp6_e2m3_g128 2 1 0.04805631935596466
layer_06_q_proj nvstyle_fp6_e2m3_g128 2 2 0.045117441564798355
layer_06_k_proj nvfp4_g128 0 2 0.015431679785251617
layer_06_k_proj nvfp4_g128 0 0 0.03704832121729851
layer_06_k_proj nvfp4_g128 0 1 0.018734079785645008
layer_06_k_proj nvfp4_g128 1 0 0.0371609590947628
layer_06_k_proj nvfp4_g128 1 1 0.01869823969900608
layer_06_k_proj nvfp4_g128 1 2 0.015656959265470505
layer_06_k_proj nvfp4_g128 2 1 0.018677759915590286
layer_06_k_proj nvfp4_g128 2 2 0.01558527909219265
layer_06_k_proj nvfp4_g128 2 0 0.037171199917793274
layer_06_k_proj mxfp8_e4m3_g128 0 0 0.08166911825537682
layer_06_k_proj mxfp8_e4m3_g128 0 1 0.038522880524396896
layer_06_k_proj mxfp8_e4m3_g128 0 2 0.03250176087021828
layer_06_k_proj mxfp8_e4m3_g128 1 1 0.038184959441423416
layer_06_k_proj mxfp8_e4m3_g128 1 2 0.03222528100013733
layer_06_k_proj mxfp8_e4m3_g128 1 0 0.0816025659441948
layer_06_k_proj mxfp8_e4m3_g128 2 2 0.03235840052366257
layer_06_k_proj mxfp8_e4m3_g128 2 0 0.08169471472501755
layer_06_k_proj mxfp8_e4m3_g128 2 1 0.03842560015618801
layer_06_k_proj hif4_g128 0 1 0.03251199796795845
layer_06_k_proj hif4_g128 0 2 0.030863359570503235
layer_06_k_proj hif4_g128 0 0 0.05535232089459896
layer_06_k_proj hif4_g128 1 2 0.03055615909397602
layer_06_k_proj hif4_g128 1 0 0.05568511784076691
layer_06_k_proj hif4_g128 1 1 0.03252223879098892
layer_06_k_proj hif4_g128 2 0 0.05479424074292183
layer_06_k_proj hif4_g128 2 1 0.03291136026382446
layer_06_k_proj hif4_g128 2 2 0.03088383935391903
layer_06_k_proj nvstyle_fp6_e2m3_g128 0 2 0.045445118099451065
layer_06_k_proj nvstyle_fp6_e2m3_g128 0 0 0.07394304126501083
layer_06_k_proj nvstyle_fp6_e2m3_g128 0 1 0.04752384126186371
layer_06_k_proj nvstyle_fp6_e2m3_g128 1 0 0.07393279671669006
layer_06_k_proj nvstyle_fp6_e2m3_g128 1 1 0.04809728264808655
layer_06_k_proj nvstyle_fp6_e2m3_g128 1 2 0.04496384039521217
layer_06_k_proj nvstyle_fp6_e2m3_g128 2 1 0.04809728264808655
layer_06_k_proj nvstyle_fp6_e2m3_g128 2 2 0.04546559974551201
layer_06_k_proj nvstyle_fp6_e2m3_g128 2 0 0.07345151901245117
layer_06_v_proj nvfp4_g128 0 0 0.037038080394268036
layer_06_v_proj nvfp4_g128 0 1 0.018677759915590286
layer_06_v_proj nvfp4_g128 0 2 0.01558527909219265
layer_06_v_proj nvfp4_g128 1 1 0.018677759915590286
layer_06_v_proj nvfp4_g128 1 2 0.01558527909219265
layer_06_v_proj nvfp4_g128 1 0 0.03704832121729851
layer_06_v_proj nvfp4_g128 2 2 0.015595519915223122
layer_06_v_proj nvfp4_g128 2 0 0.03705856204032898
layer_06_v_proj nvfp4_g128 2 1 0.018688000738620758
layer_06_v_proj mxfp8_e4m3_g128 0 1 0.03807231783866882
layer_06_v_proj mxfp8_e4m3_g128 0 2 0.032686080783605576
layer_06_v_proj mxfp8_e4m3_g128 0 0 0.08179712295532227
layer_06_v_proj mxfp8_e4m3_g128 1 2 0.03202047944068909
layer_06_v_proj mxfp8_e4m3_g128 1 0 0.08176639676094055
layer_06_v_proj mxfp8_e4m3_g128 1 1 0.03855359926819801
layer_06_v_proj mxfp8_e4m3_g128 2 0 0.08165375888347626
layer_06_v_proj mxfp8_e4m3_g128 2 1 0.0385945588350296
layer_06_v_proj mxfp8_e4m3_g128 2 2 0.03275775909423828
layer_06_v_proj hif4_g128 0 2 0.03060735948383808
layer_06_v_proj hif4_g128 0 0 0.05488639697432518
layer_06_v_proj hif4_g128 0 1 0.032972801476716995
layer_06_v_proj hif4_g128 1 0 0.055060483515262604
layer_06_v_proj hif4_g128 1 1 0.032686080783605576
layer_06_v_proj hif4_g128 1 2 0.03074048087000847
layer_06_v_proj hif4_g128 2 1 0.03276799991726875
layer_06_v_proj hif4_g128 2 2 0.030617600306868553
layer_06_v_proj hif4_g128 2 0 0.05557247996330261
layer_06_v_proj nvstyle_fp6_e2m3_g128 0 0 0.07394304126501083
layer_06_v_proj nvstyle_fp6_e2m3_g128 0 1 0.048076801002025604
layer_06_v_proj nvstyle_fp6_e2m3_g128 0 2 0.04529152065515518
layer_06_v_proj nvstyle_fp6_e2m3_g128 1 1 0.048025596886873245
layer_06_v_proj nvstyle_fp6_e2m3_g128 1 2 0.04543488100171089
layer_06_v_proj nvstyle_fp6_e2m3_g128 1 0 0.07397887855768204
layer_06_v_proj nvstyle_fp6_e2m3_g128 2 2 0.04543488100171089
layer_06_v_proj nvstyle_fp6_e2m3_g128 2 0 0.07382015883922577
layer_06_v_proj nvstyle_fp6_e2m3_g128 2 1 0.04799488186836243
layer_06_o_proj nvfp4_g128 0 1 0.018472960218787193
layer_06_o_proj nvfp4_g128 0 2 0.015575040131807327
layer_06_o_proj nvfp4_g128 0 0 0.03706879913806915
layer_06_o_proj nvfp4_g128 1 2 0.015575040131807327
layer_06_o_proj nvfp4_g128 1 0 0.03711999952793121
layer_06_o_proj nvfp4_g128 1 1 0.018688000738620758
layer_06_o_proj nvfp4_g128 2 0 0.037038080394268036
layer_06_o_proj nvfp4_g128 2 1 0.018688000738620758
layer_06_o_proj nvfp4_g128 2 2 0.01558527909219265
layer_06_o_proj mxfp8_e4m3_g128 0 2 0.032440319657325745
layer_06_o_proj mxfp8_e4m3_g128 0 0 0.08173055574297905
layer_06_o_proj mxfp8_e4m3_g128 0 1 0.03845119848847389
layer_06_o_proj mxfp8_e4m3_g128 1 0 0.08165375888347626
layer_06_o_proj mxfp8_e4m3_g128 1 1 0.0384102389216423
layer_06_o_proj mxfp8_e4m3_g128 1 2 0.03252223879098892
layer_06_o_proj mxfp8_e4m3_g128 2 1 0.038277119398117065
layer_06_o_proj mxfp8_e4m3_g128 2 2 0.03218431770801544
layer_06_o_proj mxfp8_e4m3_g128 2 0 0.08163328468799591
layer_06_o_proj hif4_g128 0 0 0.05488127842545509
layer_06_o_proj hif4_g128 0 1 0.032660480588674545
layer_06_o_proj hif4_g128 0 2 0.030760960653424263
layer_06_o_proj hif4_g128 1 1 0.03252223879098892
layer_06_o_proj hif4_g128 1 2 0.030566399917006493
layer_06_o_proj hif4_g128 1 0 0.05550079792737961
layer_06_o_proj hif4_g128 2 2 0.030638080090284348
layer_06_o_proj hif4_g128 2 0 0.055439356714487076
layer_06_o_proj hif4_g128 2 1 0.03279871866106987
layer_06_o_proj nvstyle_fp6_e2m3_g128 0 1 0.0484454408288002
layer_06_o_proj nvstyle_fp6_e2m3_g128 0 2 0.045731838792562485
layer_06_o_proj nvstyle_fp6_e2m3_g128 0 0 0.07374847680330276
layer_06_o_proj nvstyle_fp6_e2m3_g128 1 2 0.04580351710319519
layer_06_o_proj nvstyle_fp6_e2m3_g128 1 0 0.07401472330093384
layer_06_o_proj nvstyle_fp6_e2m3_g128 1 1 0.048271361738443375
layer_06_o_proj nvstyle_fp6_e2m3_g128 2 0 0.07391232252120972
layer_06_o_proj nvstyle_fp6_e2m3_g128 2 1 0.04839424043893814
layer_06_o_proj nvstyle_fp6_e2m3_g128 2 2 0.04563456028699875
layer_12_q_proj nvfp4_g128 0 2 0.015421438962221146
layer_12_q_proj nvfp4_g128 0 0 0.03705856204032898
layer_12_q_proj nvfp4_g128 0 1 0.018708478659391403
layer_12_q_proj nvfp4_g128 1 0 0.036986880004405975
layer_12_q_proj nvfp4_g128 1 1 0.01869823969900608
layer_12_q_proj nvfp4_g128 1 2 0.015575040131807327
layer_12_q_proj nvfp4_g128 2 1 0.018708478659391403
layer_12_q_proj nvfp4_g128 2 2 0.01558527909219265
layer_12_q_proj nvfp4_g128 2 0 0.03710975870490074
layer_12_q_proj mxfp8_e4m3_g128 0 0 0.08161279559135437
layer_12_q_proj mxfp8_e4m3_g128 0 1 0.03855359926819801
layer_12_q_proj mxfp8_e4m3_g128 0 2 0.03244544006884098
layer_12_q_proj mxfp8_e4m3_g128 1 1 0.03762175887823105
layer_12_q_proj mxfp8_e4m3_g128 1 2 0.03264000080525875
layer_12_q_proj mxfp8_e4m3_g128 1 0 0.08165375888347626
layer_12_q_proj mxfp8_e4m3_g128 2 2 0.03236864134669304
layer_12_q_proj mxfp8_e4m3_g128 2 0 0.08177664130926132
layer_12_q_proj mxfp8_e4m3_g128 2 1 0.03841535933315754
layer_12_q_proj hif4_g128 0 1 0.03273727744817734
layer_12_q_proj hif4_g128 0 2 0.03064831905066967
layer_12_q_proj hif4_g128 0 0 0.055449601262807846
layer_12_q_proj hif4_g128 1 2 0.030730240046977997
layer_12_q_proj hif4_g128 1 0 0.05547007918357849
layer_12_q_proj hif4_g128 1 1 0.03271679952740669
layer_12_q_proj hif4_g128 2 0 0.05487615987658501
layer_12_q_proj hif4_g128 2 1 0.03274751827120781
layer_12_q_proj hif4_g128 2 2 0.030576638877391815
layer_12_q_proj nvstyle_fp6_e2m3_g128 0 2 0.045629438012838364
layer_12_q_proj nvstyle_fp6_e2m3_g128 0 0 0.07399936020374298
layer_12_q_proj nvstyle_fp6_e2m3_g128 0 1 0.04829183965921402
layer_12_q_proj nvstyle_fp6_e2m3_g128 1 0 0.07395327836275101
layer_12_q_proj nvstyle_fp6_e2m3_g128 1 1 0.04823039844632149
layer_12_q_proj nvstyle_fp6_e2m3_g128 1 2 0.045639682561159134
layer_12_q_proj nvstyle_fp6_e2m3_g128 2 1 0.04824063926935196
layer_12_q_proj nvstyle_fp6_e2m3_g128 2 2 0.04556800052523613
layer_12_q_proj nvstyle_fp6_e2m3_g128 2 0 0.07397376000881195
layer_12_k_proj nvfp4_g128 0 0 0.03704832121729851
layer_12_k_proj nvfp4_g128 0 1 0.018677759915590286
layer_12_k_proj nvfp4_g128 0 2 0.015595519915223122
layer_12_k_proj nvfp4_g128 1 1 0.018862079828977585
layer_12_k_proj nvfp4_g128 1 2 0.015575040131807327
layer_12_k_proj nvfp4_g128 1 0 0.037053441628813744
layer_12_k_proj nvfp4_g128 2 2 0.01558527909219265
layer_12_k_proj nvfp4_g128 2 0 0.037089280784130096
layer_12_k_proj nvfp4_g128 2 1 0.01869312021881342
layer_12_k_proj mxfp8_e4m3_g128 0 1 0.038225919008255005
layer_12_k_proj mxfp8_e4m3_g128 0 2 0.03214335814118385
layer_12_k_proj mxfp8_e4m3_g128 0 0 0.0816025659441948
layer_12_k_proj mxfp8_e4m3_g128 1 2 0.03202047944068909
layer_12_k_proj mxfp8_e4m3_g128 1 0 0.08163328468799591
layer_12_k_proj mxfp8_e4m3_g128 1 1 0.03830784186720848
layer_12_k_proj mxfp8_e4m3_g128 2 0 0.08170495927333832
layer_12_k_proj mxfp8_e4m3_g128 2 1 0.03843072056770325
layer_12_k_proj mxfp8_e4m3_g128 2 2 0.03218431770801544
layer_12_k_proj hif4_g128 0 2 0.030525440350174904
layer_12_k_proj hif4_g128 0 0 0.055050238966941833
layer_12_k_proj hif4_g128 0 1 0.032542720437049866
layer_12_k_proj hif4_g128 1 0 0.05488639697432518
layer_12_k_proj hif4_g128 1 1 0.03265536203980446
layer_12_k_proj hif4_g128 1 2 0.03051520138978958
layer_12_k_proj hif4_g128 2 1 0.032532479614019394
layer_12_k_proj hif4_g128 2 2 0.030520320869982243
layer_12_k_proj hif4_g128 2 0 0.05531648173928261
layer_12_k_proj nvstyle_fp6_e2m3_g128 0 0 0.07414784282445908
layer_12_k_proj nvstyle_fp6_e2m3_g128 0 1 0.04804607853293419
layer_12_k_proj nvstyle_fp6_e2m3_g128 0 2 0.0455424003303051
layer_12_k_proj nvstyle_fp6_e2m3_g128 1 1 0.04777984321117401
layer_12_k_proj nvstyle_fp6_e2m3_g128 1 2 0.04524032026529312
layer_12_k_proj nvstyle_fp6_e2m3_g128 1 0 0.07474175840616226
layer_12_k_proj nvstyle_fp6_e2m3_g128 2 2 0.0455782413482666
layer_12_k_proj nvstyle_fp6_e2m3_g128 2 0 0.07375872135162354
layer_12_k_proj nvstyle_fp6_e2m3_g128 2 1 0.04829183965921402
layer_12_v_proj nvfp4_g128 0 1 0.018493440002202988
layer_12_v_proj nvfp4_g128 0 2 0.01573376078158617
layer_12_v_proj nvfp4_g128 0 0 0.03798016160726547
layer_12_v_proj nvfp4_g128 1 2 0.015810560435056686
layer_12_v_proj nvfp4_g128 1 0 0.037324801087379456
layer_12_v_proj nvfp4_g128 1 1 0.019251199439167976
layer_12_v_proj nvfp4_g128 2 0 0.037130240350961685
layer_12_v_proj nvfp4_g128 2 1 0.018923519179224968
layer_12_v_proj nvfp4_g128 2 2 0.016020480543375015
layer_12_v_proj mxfp8_e4m3_g128 0 2 0.031815677881240845
layer_12_v_proj mxfp8_e4m3_g128 0 0 0.08177664130926132
layer_12_v_proj mxfp8_e4m3_g128 0 1 0.03787776082754135
layer_12_v_proj mxfp8_e4m3_g128 1 0 0.08159232139587402
layer_12_v_proj mxfp8_e4m3_g128 1 1 0.03854335844516754
layer_12_v_proj mxfp8_e4m3_g128 1 2 0.03214335814118385
layer_12_v_proj mxfp8_e4m3_g128 2 1 0.037847038358449936
layer_12_v_proj mxfp8_e4m3_g128 2 2 0.032440319657325745
layer_12_v_proj mxfp8_e4m3_g128 2 0 0.08144383877515793
layer_12_v_proj hif4_g128 0 0 0.055152639746665955
layer_12_v_proj hif4_g128 0 1 0.03299327939748764
layer_12_v_proj hif4_g128 0 2 0.03099135961383581
layer_12_v_proj hif4_g128 1 1 0.032870400696992874
layer_12_v_proj hif4_g128 1 2 0.031242240220308304
layer_12_v_proj hif4_g128 1 0 0.05562368035316467
layer_12_v_proj hif4_g128 2 2 0.030638080090284348
layer_12_v_proj hif4_g128 2 0 0.05584895983338356
layer_12_v_proj hif4_g128 2 1 0.03286528028547764
layer_12_v_proj nvstyle_fp6_e2m3_g128 0 1 0.04811776056885719
layer_12_v_proj nvstyle_fp6_e2m3_g128 0 2 0.0455782413482666
layer_12_v_proj nvstyle_fp6_e2m3_g128 0 0 0.07477248460054398
layer_12_v_proj nvstyle_fp6_e2m3_g128 1 2 0.04560896009206772
layer_12_v_proj nvstyle_fp6_e2m3_g128 1 0 0.07392255961894989
layer_12_v_proj nvstyle_fp6_e2m3_g128 1 1 0.04832255840301514
layer_12_v_proj nvstyle_fp6_e2m3_g128 2 0 0.0738816037774086
layer_12_v_proj nvstyle_fp6_e2m3_g128 2 1 0.04819968342781067
layer_12_v_proj nvstyle_fp6_e2m3_g128 2 2 0.045690879225730896
layer_12_o_proj nvfp4_g128 0 2 0.015421438962221146
layer_12_o_proj nvfp4_g128 0 0 0.03715071827173233
layer_12_o_proj nvfp4_g128 0 1 0.018688000738620758
layer_12_o_proj nvfp4_g128 1 0 0.03715071827173233
layer_12_o_proj nvfp4_g128 1 1 0.018708478659391403
layer_12_o_proj nvfp4_g128 1 2 0.015595519915223122
layer_12_o_proj nvfp4_g128 2 1 0.018688000738620758
layer_12_o_proj nvfp4_g128 2 2 0.015605759806931019
layer_12_o_proj nvfp4_g128 2 0 0.03706879913806915
layer_12_o_proj mxfp8_e4m3_g128 0 0 0.08167936280369759
layer_12_o_proj mxfp8_e4m3_g128 0 1 0.03864575922489166
layer_12_o_proj mxfp8_e4m3_g128 0 2 0.03243519924581051
layer_12_o_proj mxfp8_e4m3_g128 1 1 0.038277119398117065
layer_12_o_proj mxfp8_e4m3_g128 1 2 0.03257343918085098
layer_12_o_proj mxfp8_e4m3_g128 1 0 0.08165375888347626
layer_12_o_proj mxfp8_e4m3_g128 2 2 0.032230399549007416
layer_12_o_proj mxfp8_e4m3_g128 2 0 0.08184831589460373
layer_12_o_proj mxfp8_e4m3_g128 2 1 0.03835903853178024
layer_12_o_proj hif4_g128 0 1 0.032532479614019394
layer_12_o_proj hif4_g128 0 2 0.030525440350174904
layer_12_o_proj hif4_g128 0 0 0.05569536238908768
layer_12_o_proj hif4_g128 1 2 0.030566399917006493
layer_12_o_proj hif4_g128 1 0 0.055592961609363556
layer_12_o_proj hif4_g128 1 1 0.03294207900762558
layer_12_o_proj hif4_g128 2 0 0.054804477840662
layer_12_o_proj hif4_g128 2 1 0.03283967822790146
layer_12_o_proj hif4_g128 2 2 0.0311705581843853
layer_12_o_proj nvstyle_fp6_e2m3_g128 0 2 0.046028800308704376
layer_12_o_proj nvstyle_fp6_e2m3_g128 0 0 0.07393279671669006
layer_12_o_proj nvstyle_fp6_e2m3_g128 0 1 0.04872192069888115
layer_12_o_proj nvstyle_fp6_e2m3_g128 1 0 0.07420928031206131
layer_12_o_proj nvstyle_fp6_e2m3_g128 1 1 0.04866047948598862
layer_12_o_proj nvstyle_fp6_e2m3_g128 1 2 0.045977603644132614
layer_12_o_proj nvstyle_fp6_e2m3_g128 2 1 0.04873216152191162
layer_12_o_proj nvstyle_fp6_e2m3_g128 2 2 0.0459468811750412
layer_12_o_proj nvstyle_fp6_e2m3_g128 2 0 0.07430143654346466
layer_18_q_proj nvfp4_g128 0 0 0.03668992221355438
layer_18_q_proj nvfp4_g128 0 1 0.018667520955204964
layer_18_q_proj nvfp4_g128 0 2 0.01558527909219265
layer_18_q_proj nvfp4_g128 1 1 0.018493440002202988
layer_18_q_proj nvfp4_g128 1 2 0.015595519915223122
layer_18_q_proj nvfp4_g128 1 0 0.03704832121729851
layer_18_q_proj nvfp4_g128 2 2 0.015615999698638916
layer_18_q_proj nvfp4_g128 2 0 0.03706879913806915
layer_18_q_proj nvfp4_g128 2 1 0.018688000738620758
layer_18_q_proj mxfp8_e4m3_g128 0 1 0.038277119398117065
layer_18_q_proj mxfp8_e4m3_g128 0 2 0.0324761588126421
layer_18_q_proj mxfp8_e4m3_g128 0 0 0.0816025659441948
layer_18_q_proj mxfp8_e4m3_g128 1 2 0.03235840052366257
layer_18_q_proj mxfp8_e4m3_g128 1 0 0.08168448507785797
layer_18_q_proj mxfp8_e4m3_g128 1 1 0.03823103941977024
layer_18_q_proj mxfp8_e4m3_g128 2 0 0.0817868784070015
layer_18_q_proj mxfp8_e4m3_g128 2 1 0.03844095766544342
layer_18_q_proj mxfp8_e4m3_g128 2 2 0.03214335814118385
layer_18_q_proj hif4_g128 0 2 0.03054591827094555
layer_18_q_proj hif4_g128 0 0 0.05499904230237007
layer_18_q_proj hif4_g128 0 1 0.03252223879098892
layer_18_q_proj hif4_g128 1 0 0.05479424074292183
layer_18_q_proj hif4_g128 1 1 0.032532479614019394
layer_18_q_proj hif4_g128 1 2 0.030525440350174904
layer_18_q_proj hif4_g128 2 1 0.03251199796795845
layer_18_q_proj hif4_g128 2 2 0.030525440350174904
layer_18_q_proj hif4_g128 2 0 0.05477888137102127
layer_18_q_proj nvstyle_fp6_e2m3_g128 0 0 0.07390207797288895
layer_18_q_proj nvstyle_fp6_e2m3_g128 0 1 0.04847616329789162
layer_18_q_proj nvstyle_fp6_e2m3_g128 0 2 0.045547518879175186
layer_18_q_proj nvstyle_fp6_e2m3_g128 1 1 0.04852224141359329
layer_18_q_proj nvstyle_fp6_e2m3_g128 1 2 0.045808639377355576
layer_18_q_proj nvstyle_fp6_e2m3_g128 1 0 0.07391232252120972
layer_18_q_proj nvstyle_fp6_e2m3_g128 2 2 0.04577280208468437
layer_18_q_proj nvstyle_fp6_e2m3_g128 2 0 0.07409664243459702
layer_18_q_proj nvstyle_fp6_e2m3_g128 2 1 0.04808703809976578
layer_18_k_proj nvfp4_g128 0 1 0.01850368082523346
layer_18_k_proj nvfp4_g128 0 2 0.015411200933158398
layer_18_k_proj nvfp4_g128 0 0 0.03705856204032898
layer_18_k_proj nvfp4_g128 1 2 0.01573888026177883
layer_18_k_proj nvfp4_g128 1 0 0.03709952160716057
layer_18_k_proj nvfp4_g128 1 1 0.018513919785618782
layer_18_k_proj nvfp4_g128 2 0 0.037079039961099625
layer_18_k_proj nvfp4_g128 2 1 0.01850368082523346
layer_18_k_proj nvfp4_g128 2 2 0.01558527909219265
layer_18_k_proj mxfp8_e4m3_g128 0 2 0.03240959718823433
layer_18_k_proj mxfp8_e4m3_g128 0 0 0.08180735260248184
layer_18_k_proj mxfp8_e4m3_g128 0 1 0.03814399987459183
layer_18_k_proj mxfp8_e4m3_g128 1 0 0.08072192221879959
layer_18_k_proj mxfp8_e4m3_g128 1 1 0.03857920132577419
layer_18_k_proj mxfp8_e4m3_g128 1 2 0.032348159700632095
layer_18_k_proj mxfp8_e4m3_g128 2 1 0.038174718618392944
layer_18_k_proj mxfp8_e4m3_g128 2 2 0.03251199796795845
layer_18_k_proj mxfp8_e4m3_g128 2 0 0.08172543346881866
layer_18_k_proj hif4_g128 0 0 0.054968319833278656
layer_18_k_proj hif4_g128 0 1 0.03275775909423828
layer_18_k_proj hif4_g128 0 2 0.030566399917006493
layer_18_k_proj hif4_g128 1 1 0.03274751827120781
layer_18_k_proj hif4_g128 1 2 0.030730240046977997
layer_18_k_proj hif4_g128 1 0 0.05502976104617119
layer_18_k_proj hif4_g128 2 2 0.030771201476454735
layer_18_k_proj hif4_g128 2 0 0.054917119443416595
layer_18_k_proj hif4_g128 2 1 0.03266559913754463
layer_18_k_proj nvstyle_fp6_e2m3_g128 0 1 0.04824063926935196
layer_18_k_proj nvstyle_fp6_e2m3_g128 0 2 0.04591616243124008
layer_18_k_proj nvstyle_fp6_e2m3_g128 0 0 0.07414784282445908
layer_18_k_proj nvstyle_fp6_e2m3_g128 1 2 0.04561920091509819
layer_18_k_proj nvstyle_fp6_e2m3_g128 1 0 0.07430143654346466
layer_18_k_proj nvstyle_fp6_e2m3_g128 1 1 0.04847616329789162
layer_18_k_proj nvstyle_fp6_e2m3_g128 2 0 0.07405567914247513
layer_18_k_proj nvstyle_fp6_e2m3_g128 2 1 0.04852735996246338
layer_18_k_proj nvstyle_fp6_e2m3_g128 2 2 0.04584448039531708
layer_18_v_proj nvfp4_g128 0 2 0.015411200933158398
layer_18_v_proj nvfp4_g128 0 0 0.037037281319499016
layer_18_v_proj nvfp4_g128 0 1 0.01850880030542612
layer_18_v_proj nvfp4_g128 1 0 0.037130240350961685
layer_18_v_proj nvfp4_g128 1 1 0.018493440002202988
layer_18_v_proj nvfp4_g128 1 2 0.015605759806931019
layer_18_v_proj nvfp4_g128 2 1 0.018483199179172516
layer_18_v_proj nvfp4_g128 2 2 0.01558527909219265
layer_18_v_proj nvfp4_g128 2 0 0.03715071827173233
layer_18_v_proj mxfp8_e4m3_g128 0 0 0.08171520382165909
layer_18_v_proj mxfp8_e4m3_g128 0 1 0.03850751928985119
layer_18_v_proj mxfp8_e4m3_g128 0 2 0.03227648138999939
layer_18_v_proj mxfp8_e4m3_g128 1 1 0.038108160719275475
layer_18_v_proj mxfp8_e4m3_g128 1 2 0.032532479614019394
layer_18_v_proj mxfp8_e4m3_g128 1 0 0.08152064681053162
layer_18_v_proj mxfp8_e4m3_g128 2 2 0.032542720437049866
layer_18_v_proj mxfp8_e4m3_g128 2 0 0.08171520382165909
layer_18_v_proj mxfp8_e4m3_g128 2 1 0.037990402430295944
layer_18_v_proj hif4_g128 0 1 0.03252223879098892
layer_18_v_proj hif4_g128 0 2 0.030566399917006493
layer_18_v_proj hif4_g128 0 0 0.0549887977540493
layer_18_v_proj hif4_g128 1 2 0.030576638877391815
layer_18_v_proj hif4_g128 1 0 0.0547327995300293
layer_18_v_proj hif4_g128 1 1 0.03257343918085098
layer_18_v_proj hif4_g128 2 0 0.054773759096860886
layer_18_v_proj hif4_g128 2 1 0.032558079808950424
layer_18_v_proj hif4_g128 2 2 0.030566399917006493
layer_18_v_proj nvstyle_fp6_e2m3_g128 0 2 0.045783039182424545
layer_18_v_proj nvstyle_fp6_e2m3_g128 0 0 0.07422976195812225
layer_18_v_proj nvstyle_fp6_e2m3_g128 0 1 0.04839424043893814
layer_18_v_proj nvstyle_fp6_e2m3_g128 1 0 0.07364607602357864
layer_18_v_proj nvstyle_fp6_e2m3_g128 1 1 0.04868607968091965
layer_18_v_proj nvstyle_fp6_e2m3_g128 1 2 0.045793281868100166
layer_18_v_proj nvstyle_fp6_e2m3_g128 2 1 0.04839424043893814
layer_18_v_proj nvstyle_fp6_e2m3_g128 2 2 0.04587520286440849
layer_18_v_proj nvstyle_fp6_e2m3_g128 2 0 0.07411712408065796
layer_18_o_proj nvfp4_g128 0 0 0.03661824017763138
layer_18_o_proj nvfp4_g128 0 1 0.01869823969900608
layer_18_o_proj nvfp4_g128 0 2 0.015575040131807327
layer_18_o_proj nvfp4_g128 1 1 0.018493440002202988
layer_18_o_proj nvfp4_g128 1 2 0.015605759806931019
layer_18_o_proj nvfp4_g128 1 0 0.037038080394268036
layer_18_o_proj nvfp4_g128 2 2 0.015595519915223122
layer_18_o_proj nvfp4_g128 2 0 0.037038080394268036
layer_18_o_proj nvfp4_g128 2 1 0.01869823969900608
layer_18_o_proj mxfp8_e4m3_g128 0 1 0.03811328113079071
layer_18_o_proj mxfp8_e4m3_g128 0 2 0.03198976069688797
layer_18_o_proj mxfp8_e4m3_g128 0 0 0.0817868784070015
layer_18_o_proj mxfp8_e4m3_g128 1 2 0.03194880113005638
layer_18_o_proj mxfp8_e4m3_g128 1 0 0.0816742405295372
layer_18_o_proj mxfp8_e4m3_g128 1 1 0.038563840091228485
layer_18_o_proj mxfp8_e4m3_g128 2 0 0.08172543346881866
layer_18_o_proj mxfp8_e4m3_g128 2 1 0.03849215805530548
layer_18_o_proj mxfp8_e4m3_g128 2 2 0.03273727744817734
layer_18_o_proj hif4_g128 0 2 0.03055615909397602
layer_18_o_proj hif4_g128 0 0 0.05501952022314072
layer_18_o_proj hif4_g128 0 1 0.03261439874768257
layer_18_o_proj hif4_g128 1 0 0.054784003645181656
layer_18_o_proj hif4_g128 1 1 0.03251199796795845
layer_18_o_proj hif4_g128 1 2 0.030566399917006493
layer_18_o_proj hif4_g128 2 1 0.032517118379473686
layer_18_o_proj hif4_g128 2 2 0.030566399917006493
layer_18_o_proj hif4_g128 2 0 0.05540864169597626
layer_18_o_proj nvstyle_fp6_e2m3_g128 0 0 0.07409152016043663
layer_18_o_proj nvstyle_fp6_e2m3_g128 0 1 0.0486297607421875
layer_18_o_proj nvstyle_fp6_e2m3_g128 0 2 0.04612607881426811
layer_18_o_proj nvstyle_fp6_e2m3_g128 1 1 0.048522237688302994
layer_18_o_proj nvstyle_fp6_e2m3_g128 1 2 0.04591616243124008
layer_18_o_proj nvstyle_fp6_e2m3_g128 1 0 0.07430143654346466
layer_18_o_proj nvstyle_fp6_e2m3_g128 2 2 0.04572159796953201
layer_18_o_proj nvstyle_fp6_e2m3_g128 2 0 0.07420928031206131
layer_18_o_proj nvstyle_fp6_e2m3_g128 2 1 0.048650242388248444
layer_24_q_proj nvfp4_g128 0 1 0.01873919926583767
layer_24_q_proj nvfp4_g128 0 2 0.015411200933158398
layer_24_q_proj nvfp4_g128 0 0 0.03705856204032898
layer_24_q_proj nvfp4_g128 1 2 0.015575040131807327
layer_24_q_proj nvfp4_g128 1 0 0.037130240350961685
layer_24_q_proj nvfp4_g128 1 1 0.018688000738620758
layer_24_q_proj nvfp4_g128 2 0 0.03735551983118057
layer_24_q_proj nvfp4_g128 2 1 0.018677759915590286
layer_24_q_proj nvfp4_g128 2 2 0.015595519915223122
layer_24_q_proj mxfp8_e4m3_g128 0 2 0.032399360090494156
layer_24_q_proj mxfp8_e4m3_g128 0 0 0.08170495927333832
layer_24_q_proj mxfp8_e4m3_g128 0 1 0.03855359926819801
layer_24_q_proj mxfp8_e4m3_g128 1 0 0.08165375888347626
layer_24_q_proj mxfp8_e4m3_g128 1 1 0.03857408091425896
layer_24_q_proj mxfp8_e4m3_g128 1 2 0.0324198380112648
layer_24_q_proj mxfp8_e4m3_g128 2 1 0.03814399987459183
layer_24_q_proj mxfp8_e4m3_g128 2 2 0.032686080783605576
layer_24_q_proj mxfp8_e4m3_g128 2 0 0.08170495927333832
layer_24_q_proj hif4_g128 0 0 0.054814718663692474
layer_24_q_proj hif4_g128 0 1 0.03261439874768257
layer_24_q_proj hif4_g128 0 2 0.03064831905066967
layer_24_q_proj hif4_g128 1 1 0.03250176087021828
layer_24_q_proj hif4_g128 1 2 0.03064831905066967
layer_24_q_proj hif4_g128 1 0 0.05533696338534355
layer_24_q_proj hif4_g128 2 2 0.030566399917006493
layer_24_q_proj hif4_g128 2 0 0.05484543740749359
layer_24_q_proj hif4_g128 2 1 0.03271679952740669
layer_24_q_proj nvstyle_fp6_e2m3_g128 0 1 0.04854784160852432
layer_24_q_proj nvstyle_fp6_e2m3_g128 0 2 0.04577792063355446
layer_24_q_proj nvstyle_fp6_e2m3_g128 0 0 0.07416831701993942
layer_24_q_proj nvstyle_fp6_e2m3_g128 1 2 0.04572159796953201
layer_24_q_proj nvstyle_fp6_e2m3_g128 1 0 0.07414784282445908
layer_24_q_proj nvstyle_fp6_e2m3_g128 1 1 0.04854271933436394
layer_24_q_proj nvstyle_fp6_e2m3_g128 2 0 0.07431168109178543
layer_24_q_proj nvstyle_fp6_e2m3_g128 2 1 0.04846591874957085
layer_24_q_proj nvstyle_fp6_e2m3_g128 2 2 0.045885439962148666
layer_24_k_proj nvfp4_g128 0 2 0.015380480326712132
layer_24_k_proj nvfp4_g128 0 0 0.03700736165046692
layer_24_k_proj nvfp4_g128 0 1 0.018524160608649254
layer_24_k_proj nvfp4_g128 1 0 0.03705856204032898
layer_24_k_proj nvfp4_g128 1 1 0.018677759915590286
layer_24_k_proj nvfp4_g128 1 2 0.01558527909219265
layer_24_k_proj nvfp4_g128 2 1 0.018524160608649254
layer_24_k_proj nvfp4_g128 2 2 0.01558527909219265
layer_24_k_proj nvfp4_g128 2 0 0.03705856204032898
layer_24_k_proj mxfp8_e4m3_g128 0 0 0.08082431554794312
layer_24_k_proj mxfp8_e4m3_g128 0 1 0.03857408091425896
layer_24_k_proj mxfp8_e4m3_g128 0 2 0.03226624056696892
layer_24_k_proj mxfp8_e4m3_g128 1 1 0.03823615983128548
layer_24_k_proj mxfp8_e4m3_g128 1 2 0.03264512121677399
layer_24_k_proj mxfp8_e4m3_g128 1 0 0.08164352178573608
layer_24_k_proj mxfp8_e4m3_g128 2 2 0.03178495913743973
layer_24_k_proj mxfp8_e4m3_g128 2 0 0.08168448507785797
layer_24_k_proj mxfp8_e4m3_g128 2 1 0.03814399987459183
layer_24_k_proj hif4_g128 0 1 0.03276799991726875
layer_24_k_proj hif4_g128 0 2 0.031206399202346802
layer_24_k_proj hif4_g128 0 0 0.0554291196167469
layer_24_k_proj hif4_g128 1 2 0.03064831905066967
layer_24_k_proj hif4_g128 1 0 0.05526527762413025
layer_24_k_proj hif4_g128 1 1 0.03294207900762558
layer_24_k_proj hif4_g128 2 0 0.05492736026644707
layer_24_k_proj hif4_g128 2 1 0.03298304229974747
layer_24_k_proj hif4_g128 2 2 0.031191039830446243
layer_24_k_proj nvstyle_fp6_e2m3_g128 0 2 0.0453939214348793
layer_24_k_proj nvstyle_fp6_e2m3_g128 0 0 0.07427071779966354
layer_24_k_proj nvstyle_fp6_e2m3_g128 0 1 0.04849664121866226
layer_24_k_proj nvstyle_fp6_e2m3_g128 1 0 0.07421951740980148
layer_24_k_proj nvstyle_fp6_e2m3_g128 1 1 0.04858880117535591
layer_24_k_proj nvstyle_fp6_e2m3_g128 1 2 0.0458905603736639
layer_24_k_proj nvstyle_fp6_e2m3_g128 2 1 0.04801535978913307
layer_24_k_proj nvstyle_fp6_e2m3_g128 2 2 0.0459468811750412
layer_24_k_proj nvstyle_fp6_e2m3_g128 2 0 0.07417856156826019
layer_24_v_proj nvfp4_g128 0 0 0.03663872182369232
layer_24_v_proj nvfp4_g128 0 1 0.01907712034881115
layer_24_v_proj nvfp4_g128 0 2 0.01558527909219265
layer_24_v_proj nvfp4_g128 1 1 0.018810879439115524
layer_24_v_proj nvfp4_g128 1 2 0.01596415974199772
layer_24_v_proj nvfp4_g128 1 0 0.037027839571237564
layer_24_v_proj nvfp4_g128 2 2 0.015575040131807327
layer_24_v_proj nvfp4_g128 2 0 0.03798016160726547
layer_24_v_proj nvfp4_g128 2 1 0.018513919785618782
layer_24_v_proj mxfp8_e4m3_g128 0 1 0.03805183991789818
layer_24_v_proj mxfp8_e4m3_g128 0 2 0.03276799991726875
layer_24_v_proj mxfp8_e4m3_g128 0 0 0.08171520382165909
layer_24_v_proj mxfp8_e4m3_g128 1 2 0.0322355180978775
layer_24_v_proj mxfp8_e4m3_g128 1 0 0.08175104111433029
layer_24_v_proj mxfp8_e4m3_g128 1 1 0.03854335844516754
layer_24_v_proj mxfp8_e4m3_g128 2 0 0.08074239641427994
layer_24_v_proj mxfp8_e4m3_g128 2 1 0.03857408091425896
layer_24_v_proj mxfp8_e4m3_g128 2 2 0.03270144201815128
layer_24_v_proj hif4_g128 0 2 0.03055615909397602
layer_24_v_proj hif4_g128 0 0 0.05473791994154453
layer_24_v_proj hif4_g128 0 1 0.03252223879098892
layer_24_v_proj hif4_g128 1 0 0.05474304035305977
layer_24_v_proj hif4_g128 1 1 0.03251199796795845
layer_24_v_proj hif4_g128 1 2 0.03054591827094555
layer_24_v_proj hif4_g128 2 1 0.03251199796795845
layer_24_v_proj hif4_g128 2 2 0.03055615909397602
layer_24_v_proj hif4_g128 2 0 0.054773759096860886
layer_24_v_proj nvstyle_fp6_e2m3_g128 0 0 0.07418879866600037
layer_24_v_proj nvstyle_fp6_e2m3_g128 0 1 0.04846591874957085
layer_24_v_proj nvstyle_fp6_e2m3_g128 0 2 0.04598784074187279
layer_24_v_proj nvstyle_fp6_e2m3_g128 1 1 0.04854271933436394
layer_24_v_proj nvstyle_fp6_e2m3_g128 1 2 0.04574207961559296
layer_24_v_proj nvstyle_fp6_e2m3_g128 1 0 0.07419904321432114
layer_24_v_proj nvstyle_fp6_e2m3_g128 2 2 0.0453939214348793
layer_24_v_proj nvstyle_fp6_e2m3_g128 2 0 0.07410687953233719
layer_24_v_proj nvstyle_fp6_e2m3_g128 2 1 0.048506878316402435
layer_24_o_proj nvfp4_g128 0 1 0.018872318789362907
layer_24_o_proj nvfp4_g128 0 2 0.015421438962221146
layer_24_o_proj nvfp4_g128 0 0 0.037232641130685806
layer_24_o_proj nvfp4_g128 1 2 0.015544320456683636
layer_24_o_proj nvfp4_g128 1 0 0.03706879913806915
layer_24_o_proj nvfp4_g128 1 1 0.018657280132174492
layer_24_o_proj nvfp4_g128 2 0 0.03764224052429199
layer_24_o_proj nvfp4_g128 2 1 0.018493440002202988
layer_24_o_proj nvfp4_g128 2 2 0.01573888026177883
layer_24_o_proj mxfp8_e4m3_g128 0 2 0.03195904195308685
layer_24_o_proj mxfp8_e4m3_g128 0 0 0.08169471472501755
layer_24_o_proj mxfp8_e4m3_g128 0 1 0.03820544108748436
layer_24_o_proj mxfp8_e4m3_g128 1 0 0.08076288551092148
layer_24_o_proj mxfp8_e4m3_g128 1 1 0.038563840091228485
layer_24_o_proj mxfp8_e4m3_g128 1 2 0.03246079757809639
layer_24_o_proj mxfp8_e4m3_g128 2 1 0.03803136199712753
layer_24_o_proj mxfp8_e4m3_g128 2 2 0.0326041616499424
layer_24_o_proj mxfp8_e4m3_g128 2 0 0.08168448507785797
layer_24_o_proj hif4_g128 0 0 0.05476352199912071
layer_24_o_proj hif4_g128 0 1 0.03250176087021828
layer_24_o_proj hif4_g128 0 2 0.03055615909397602
layer_24_o_proj hif4_g128 1 1 0.03271679952740669
layer_24_o_proj hif4_g128 1 2 0.03055615909397602
layer_24_o_proj hif4_g128 1 0 0.05476352199912071
layer_24_o_proj hif4_g128 2 2 0.03055615909397602
layer_24_o_proj hif4_g128 2 0 0.054784003645181656
layer_24_o_proj hif4_g128 2 1 0.0326041616499424
layer_24_o_proj nvstyle_fp6_e2m3_g128 0 1 0.04786176234483719
layer_24_o_proj nvstyle_fp6_e2m3_g128 0 2 0.04585472121834755
layer_24_o_proj nvstyle_fp6_e2m3_g128 0 0 0.07441408187150955
layer_24_o_proj nvstyle_fp6_e2m3_g128 1 2 0.045352958142757416
layer_24_o_proj nvstyle_fp6_e2m3_g128 1 0 0.07440383732318878
layer_24_o_proj nvstyle_fp6_e2m3_g128 1 1 0.0486297607421875
layer_24_o_proj nvstyle_fp6_e2m3_g128 2 0 0.07401472330093384
layer_24_o_proj nvstyle_fp6_e2m3_g128 2 1 0.048675838857889175
layer_24_o_proj nvstyle_fp6_e2m3_g128 2 2 0.045885439962148666
layer_31_q_proj nvfp4_g128 0 2 0.015421438962221146
layer_31_q_proj nvfp4_g128 0 0 0.03706879913806915
layer_31_q_proj nvfp4_g128 0 1 0.018636800348758698
layer_31_q_proj nvfp4_g128 1 0 0.037089280784130096
layer_31_q_proj nvfp4_g128 1 1 0.0188006404787302
layer_31_q_proj nvfp4_g128 1 2 0.01558527909219265
layer_31_q_proj nvfp4_g128 2 1 0.01850368082523346
layer_31_q_proj nvfp4_g128 2 2 0.01582079939544201
layer_31_q_proj nvfp4_g128 2 0 0.037027839571237564
layer_31_q_proj mxfp8_e4m3_g128 0 0 0.08087040111422539
layer_31_q_proj mxfp8_e4m3_g128 0 1 0.03853312134742737
layer_31_q_proj mxfp8_e4m3_g128 0 2 0.03246079757809639
layer_31_q_proj mxfp8_e4m3_g128 1 1 0.03809279948472977
layer_31_q_proj mxfp8_e4m3_g128 1 2 0.032583680003881454
layer_31_q_proj mxfp8_e4m3_g128 1 0 0.08170495927333832
layer_31_q_proj mxfp8_e4m3_g128 2 2 0.03212288022041321
layer_31_q_proj mxfp8_e4m3_g128 2 0 0.08170495927333832
layer_31_q_proj mxfp8_e4m3_g128 2 1 0.03844095952808857
layer_31_q_proj hif4_g128 0 1 0.032532479614019394
layer_31_q_proj hif4_g128 0 2 0.03055615909397602
layer_31_q_proj hif4_g128 0 0 0.05494783818721771
layer_31_q_proj hif4_g128 1 2 0.030617600306868553
layer_31_q_proj hif4_g128 1 0 0.05474304035305977
layer_31_q_proj hif4_g128 1 1 0.03278335928916931
layer_31_q_proj hif4_g128 2 0 0.054814718663692474
layer_31_q_proj hif4_g128 2 1 0.03251199796795845
layer_31_q_proj hif4_g128 2 2 0.030679039657115936
layer_31_q_proj nvstyle_fp6_e2m3_g128 0 2 0.045352958142757416
layer_31_q_proj nvstyle_fp6_e2m3_g128 0 0 0.07433216273784637
layer_31_q_proj nvstyle_fp6_e2m3_g128 0 1 0.04857855662703514
layer_31_q_proj nvstyle_fp6_e2m3_g128 1 0 0.07440383732318878
layer_31_q_proj nvstyle_fp6_e2m3_g128 1 1 0.04871167987585068
layer_31_q_proj nvstyle_fp6_e2m3_g128 1 2 0.04579328000545502
layer_31_q_proj nvstyle_fp6_e2m3_g128 2 1 0.04806656017899513
layer_31_q_proj nvstyle_fp6_e2m3_g128 2 2 0.045731838792562485
layer_31_q_proj nvstyle_fp6_e2m3_g128 2 0 0.07414784282445908
layer_31_k_proj nvfp4_g128 0 0 0.036648958921432495
layer_31_k_proj nvfp4_g128 0 1 0.018995201215147972
layer_31_k_proj nvfp4_g128 0 2 0.015421438962221146
layer_31_k_proj nvfp4_g128 1 1 0.018831361085176468
layer_31_k_proj nvfp4_g128 1 2 0.015646720305085182
layer_31_k_proj nvfp4_g128 1 0 0.037089280784130096
layer_31_k_proj nvfp4_g128 2 2 0.015569920185953379
layer_31_k_proj nvfp4_g128 2 0 0.03751935809850693
layer_31_k_proj nvfp4_g128 2 1 0.018493440002202988
layer_31_k_proj mxfp8_e4m3_g128 0 1 0.03798016160726547
layer_31_k_proj mxfp8_e4m3_g128 0 2 0.03247103840112686
layer_31_k_proj mxfp8_e4m3_g128 0 0 0.08150527998805046
layer_31_k_proj mxfp8_e4m3_g128 1 2 0.03235840052366257
layer_31_k_proj mxfp8_e4m3_g128 1 0 0.08136192336678505
layer_31_k_proj mxfp8_e4m3_g128 1 1 0.038184959441423416
layer_31_k_proj mxfp8_e4m3_g128 2 0 0.08070144057273865
layer_31_k_proj mxfp8_e4m3_g128 2 1 0.038369279354810715
layer_31_k_proj mxfp8_e4m3_g128 2 2 0.032348159700632095
layer_31_k_proj hif4_g128 0 2 0.03055615909397602
layer_31_k_proj hif4_g128 0 0 0.054773759096860886
layer_31_k_proj hif4_g128 0 1 0.03273727744817734
layer_31_k_proj hif4_g128 1 0 0.055009279400110245
layer_31_k_proj hif4_g128 1 1 0.03252223879098892
layer_31_k_proj hif4_g128 1 2 0.03060735948383808
layer_31_k_proj hif4_g128 2 1 0.03252223879098892
layer_31_k_proj hif4_g128 2 2 0.03054591827094555
layer_31_k_proj hif4_g128 2 0 0.05493760108947754
layer_31_k_proj nvstyle_fp6_e2m3_g128 0 0 0.07436288148164749
layer_31_k_proj nvstyle_fp6_e2m3_g128 0 1 0.048650242388248444
layer_31_k_proj nvstyle_fp6_e2m3_g128 0 2 0.04595712199807167
layer_31_k_proj nvstyle_fp6_e2m3_g128 1 1 0.048414722084999084
layer_31_k_proj nvstyle_fp6_e2m3_g128 1 2 0.04587520286440849
layer_31_k_proj nvstyle_fp6_e2m3_g128 1 0 0.0742502436041832
layer_31_k_proj nvstyle_fp6_e2m3_g128 2 2 0.04556800052523613
layer_31_k_proj nvstyle_fp6_e2m3_g128 2 0 0.07429119944572449
layer_31_k_proj nvstyle_fp6_e2m3_g128 2 1 0.048609279096126556
layer_31_v_proj nvfp4_g128 0 1 0.01850368082523346
layer_31_v_proj nvfp4_g128 0 2 0.015441919676959515
layer_31_v_proj nvfp4_g128 0 0 0.03699712082743645
layer_31_v_proj nvfp4_g128 1 2 0.015441919676959515
layer_31_v_proj nvfp4_g128 1 0 0.03711999952793121
layer_31_v_proj nvfp4_g128 1 1 0.01850368082523346
layer_31_v_proj nvfp4_g128 2 0 0.037089280784130096
layer_31_v_proj nvfp4_g128 2 1 0.018483199179172516
layer_31_v_proj nvfp4_g128 2 2 0.015615999698638916
layer_31_v_proj mxfp8_e4m3_g128 0 2 0.03243007883429527
layer_31_v_proj mxfp8_e4m3_g128 0 0 0.08165375888347626
layer_31_v_proj mxfp8_e4m3_g128 0 1 0.03825664147734642
layer_31_v_proj mxfp8_e4m3_g128 1 0 0.080793596804142
layer_31_v_proj mxfp8_e4m3_g128 1 1 0.038225919008255005
layer_31_v_proj mxfp8_e4m3_g128 1 2 0.032491520047187805
layer_31_v_proj mxfp8_e4m3_g128 2 1 0.03805183991789818
layer_31_v_proj mxfp8_e4m3_g128 2 2 0.032491520047187805
layer_31_v_proj mxfp8_e4m3_g128 2 0 0.08171520382165909
layer_31_v_proj hif4_g128 0 0 0.05494783818721771
layer_31_v_proj hif4_g128 0 1 0.032819200307130814
layer_31_v_proj hif4_g128 0 2 0.03059711866080761
layer_31_v_proj hif4_g128 1 1 0.03275775909423828
layer_31_v_proj hif4_g128 1 2 0.03074048087000847
layer_31_v_proj hif4_g128 1 0 0.05485568195581436
layer_31_v_proj hif4_g128 2 2 0.03074048087000847
layer_31_v_proj hif4_g128 2 0 0.0549887977540493
layer_31_v_proj hif4_g128 2 1 0.032727040350437164
layer_31_v_proj nvstyle_fp6_e2m3_g128 0 1 0.048220157623291016
layer_31_v_proj nvstyle_fp6_e2m3_g128 0 2 0.04567552171647549
layer_31_v_proj nvstyle_fp6_e2m3_g128 0 0 0.07404544204473495
layer_31_v_proj nvstyle_fp6_e2m3_g128 1 2 0.04572159796953201
layer_31_v_proj nvstyle_fp6_e2m3_g128 1 0 0.07438335567712784
layer_31_v_proj nvstyle_fp6_e2m3_g128 1 1 0.04863999783992767
layer_31_v_proj nvstyle_fp6_e2m3_g128 2 0 0.07402496039867401
layer_31_v_proj nvstyle_fp6_e2m3_g128 2 1 0.04880383983254433
layer_31_v_proj nvstyle_fp6_e2m3_g128 2 2 0.04590591788291931
layer_31_o_proj nvfp4_g128 0 2 0.015626240521669388
layer_31_o_proj nvfp4_g128 0 0 0.036556798964738846
layer_31_o_proj nvfp4_g128 0 1 0.01879039965569973
layer_31_o_proj nvfp4_g128 1 0 0.03711999952793121
layer_31_o_proj nvfp4_g128 1 1 0.018493440002202988
layer_31_o_proj nvfp4_g128 1 2 0.015615999698638916
layer_31_o_proj nvfp4_g128 2 1 0.018810879439115524
layer_31_o_proj nvfp4_g128 2 2 0.015406080521643162
layer_31_o_proj nvfp4_g128 2 0 0.037560321390628815
layer_31_o_proj mxfp8_e4m3_g128 0 0 0.08070144057273865
layer_31_o_proj mxfp8_e4m3_g128 0 1 0.0385945588350296
layer_31_o_proj mxfp8_e4m3_g128 0 2 0.032337918877601624
layer_31_o_proj mxfp8_e4m3_g128 1 1 0.03773440048098564
layer_31_o_proj mxfp8_e4m3_g128 1 2 0.03251199796795845
layer_31_o_proj mxfp8_e4m3_g128 1 0 0.0817459225654602
layer_31_o_proj mxfp8_e4m3_g128 2 2 0.03236864134669304
layer_31_o_proj mxfp8_e4m3_g128 2 0 0.0817868784070015
layer_31_o_proj mxfp8_e4m3_g128 2 1 0.0381542406976223
layer_31_o_proj hif4_g128 0 1 0.03255296126008034
layer_31_o_proj hif4_g128 0 2 0.030566399917006493
layer_31_o_proj hif4_g128 0 0 0.05479424074292183
layer_31_o_proj hif4_g128 1 2 0.03055615909397602
layer_31_o_proj hif4_g128 1 0 0.05484543740749359
layer_31_o_proj hif4_g128 1 1 0.032532479614019394
layer_31_o_proj hif4_g128 2 0 0.05479424074292183
layer_31_o_proj hif4_g128 2 1 0.03269632160663605
layer_31_o_proj hif4_g128 2 2 0.03055615909397602
layer_31_o_proj nvstyle_fp6_e2m3_g128 0 2 0.04577792063355446
layer_31_o_proj nvstyle_fp6_e2m3_g128 0 0 0.07442431896924973
layer_31_o_proj nvstyle_fp6_e2m3_g128 0 1 0.048573438078165054
layer_31_o_proj nvstyle_fp6_e2m3_g128 1 0 0.07376895844936371
layer_31_o_proj nvstyle_fp6_e2m3_g128 1 1 0.04872192069888115
layer_31_o_proj nvstyle_fp6_e2m3_g128 1 2 0.04572159796953201
layer_31_o_proj nvstyle_fp6_e2m3_g128 2 1 0.04823039844632149
layer_31_o_proj nvstyle_fp6_e2m3_g128 2 2 0.045834239572286606
layer_31_o_proj nvstyle_fp6_e2m3_g128 2 0 0.07435264438390732
CONVERSION PROBE PASSED
