ptxas info    : 10 bytes gmem, 80 bytes cmem[4]
ptxas info    : Compiling entry function 'adangel_roof_o3_dp2a_candidate' for 'sm_80'
ptxas info    : Function properties for adangel_roof_o3_dp2a_candidate
    32 bytes stack frame, 36 bytes spill stores, 40 bytes spill loads
ptxas info    : Used 168 registers, used 1 barriers, 32 bytes cumulative stack size, 420 bytes cmem[0]
ptxas info    : Compile time = 250.635 ms
ptxas info    : Compiling entry function 'adangel_roof_o3_dp2a_pack_metadata' for 'sm_80'
ptxas info    : Function properties for adangel_roof_o3_dp2a_pack_metadata
    0 bytes stack frame, 0 bytes spill stores, 0 bytes spill loads
ptxas info    : Used 32 registers, used 1 barriers, 372 bytes cmem[0]
ptxas info    : Compile time = 13.505 ms
ptxas info    : Compiling entry function 'adangel_roof_o3_grouped_cta_candidate' for 'sm_80'
ptxas info    : Function properties for adangel_roof_o3_grouped_cta_candidate
    16 bytes stack frame, 16 bytes spill stores, 16 bytes spill loads
ptxas info    : Used 168 registers, used 1 barriers, 16 bytes cumulative stack size, 420 bytes cmem[0]
ptxas info    : Compile time = 147.937 ms
ptxas info    : Compiling entry function 'adangel_roof_o3_eight_chain_candidate' for 'sm_80'
ptxas info    : Function properties for adangel_roof_o3_eight_chain_candidate
    24 bytes stack frame, 28 bytes spill stores, 28 bytes spill loads
ptxas info    : Used 168 registers, used 1 barriers, 24 bytes cumulative stack size, 420 bytes cmem[0]
ptxas info    : Compile time = 146.843 ms
ptxas info    : Compiling entry function 'adangel_roof_fullk_integer_o78' for 'sm_80'
ptxas info    : Function properties for adangel_roof_fullk_integer_o78
    8 bytes stack frame, 8 bytes spill stores, 8 bytes spill loads
ptxas info    : Used 168 registers, used 1 barriers, 8 bytes cumulative stack size, 404 bytes cmem[0]
ptxas info    : Compile time = 63.174 ms
ptxas info    : Compiling entry function 'adangel_roof_device_factor_o3' for 'sm_80'
ptxas info    : Function properties for adangel_roof_device_factor_o3
    32 bytes stack frame, 52 bytes spill stores, 52 bytes spill loads
ptxas info    : Used 168 registers, used 1 barriers, 32 bytes cumulative stack size, 420 bytes cmem[0]
ptxas info    : Compile time = 148.135 ms
