synthetic_seed_61001 nvfp4_g128 0 0 0.08452095836400986
synthetic_seed_61001 nvfp4_g128 0 1 0.07666687667369843
synthetic_seed_61001 nvfp4_g128 0 2 0.0553574413061142
synthetic_seed_61001 nvfp4_g128 0 3 0.03635712154209614
synthetic_seed_61001 nvfp4_g128 1 1 0.07761920243501663
synthetic_seed_61001 nvfp4_g128 1 2 0.0553574413061142
synthetic_seed_61001 nvfp4_g128 1 3 0.03630080074071884
synthetic_seed_61001 nvfp4_g128 1 0 0.08436736464500427
synthetic_seed_61001 nvfp4_g128 2 2 0.0553574413061142
synthetic_seed_61001 nvfp4_g128 2 3 0.03633151948451996
synthetic_seed_61001 nvfp4_g128 2 0 0.08525311946868896
synthetic_seed_61001 nvfp4_g128 2 1 0.07769599929451942
synthetic_seed_61001 mxfp8_e4m3_g128 0 1 0.07919616252183914
synthetic_seed_61001 mxfp8_e4m3_g128 0 2 0.0965631976723671
synthetic_seed_61001 mxfp8_e4m3_g128 0 3 0.08600576221942902
synthetic_seed_61001 mxfp8_e4m3_g128 0 0 0.08709631860256195
synthetic_seed_61001 mxfp8_e4m3_g128 1 2 0.09653247892856598
synthetic_seed_61001 mxfp8_e4m3_g128 1 3 0.08630272001028061
synthetic_seed_61001 mxfp8_e4m3_g128 1 0 0.08753152191638947
synthetic_seed_61001 mxfp8_e4m3_g128 1 1 0.08006143942475319
synthetic_seed_61001 mxfp8_e4m3_g128 2 3 0.08648703247308731
synthetic_seed_61001 mxfp8_e4m3_g128 2 0 0.08771583437919617
synthetic_seed_61001 mxfp8_e4m3_g128 2 1 0.07973887771368027
synthetic_seed_61001 mxfp8_e4m3_g128 2 2 0.09752576053142548
synthetic_seed_61001 hif4_g128 0 2 0.0751308798789978
synthetic_seed_61001 hif4_g128 0 3 0.054784003645181656
synthetic_seed_61001 hif4_g128 0 0 0.06193151883780956
synthetic_seed_61001 hif4_g128 0 1 0.0718233585357666
synthetic_seed_61001 hif4_g128 1 3 0.054200321435928345
synthetic_seed_61001 hif4_g128 1 0 0.06292480230331421
synthetic_seed_61001 hif4_g128 1 1 0.07172095775604248
synthetic_seed_61001 hif4_g128 1 2 0.07588864117860794
synthetic_seed_61001 hif4_g128 2 0 0.0623411163687706
synthetic_seed_61001 hif4_g128 2 1 0.07187455892562866
synthetic_seed_61001 hif4_g128 2 2 0.07581695914268494
synthetic_seed_61001 hif4_g128 2 3 0.05446656048297882
synthetic_seed_61001 nvstyle_fp6_e2m3_g128 0 3 0.07373823970556259
synthetic_seed_61001 nvstyle_fp6_e2m3_g128 0 0 0.08845312148332596
synthetic_seed_61001 nvstyle_fp6_e2m3_g128 0 1 0.08585215359926224
synthetic_seed_61001 nvstyle_fp6_e2m3_g128 0 2 0.08355839550495148
synthetic_seed_61001 nvstyle_fp6_e2m3_g128 1 0 0.0884019210934639
synthetic_seed_61001 nvstyle_fp6_e2m3_g128 1 1 0.08570367842912674
synthetic_seed_61001 nvstyle_fp6_e2m3_g128 1 2 0.0837324783205986
synthetic_seed_61001 nvstyle_fp6_e2m3_g128 1 3 0.07339008152484894
synthetic_seed_61001 nvstyle_fp6_e2m3_g128 2 1 0.08568832278251648
synthetic_seed_61001 nvstyle_fp6_e2m3_g128 2 2 0.08367615565657616
synthetic_seed_61001 nvstyle_fp6_e2m3_g128 2 3 0.07392255961894989
synthetic_seed_61001 nvstyle_fp6_e2m3_g128 2 0 0.0884019210934639
CONVERSION PROBE PASSED
