layer_00_q_proj nvfp4_g128 0 0 0.08438272029161453
layer_00_q_proj nvfp4_g128 0 1 0.07833600044250488
layer_00_q_proj nvfp4_g128 0 2 0.05647359788417816
layer_00_q_proj nvfp4_g128 0 3 0.03633151948451996
layer_00_q_proj mxfp8_e4m3_g128 0 1 0.0800563246011734
layer_00_q_proj mxfp8_e4m3_g128 0 2 0.09727999567985535
layer_00_q_proj mxfp8_e4m3_g128 0 3 0.08706048130989075
layer_00_q_proj mxfp8_e4m3_g128 0 0 0.08771583437919617
layer_00_q_proj hif4_g128 0 2 0.07576575875282288
layer_00_q_proj hif4_g128 0 3 0.05416959896683693
layer_00_q_proj hif4_g128 0 0 0.06149119883775711
layer_00_q_proj hif4_g128 0 1 0.07164928317070007
layer_00_q_proj nvstyle_fp6_e2m3_g128 0 3 0.07174143940210342
layer_00_q_proj nvstyle_fp6_e2m3_g128 0 0 0.0868556797504425
layer_00_q_proj nvstyle_fp6_e2m3_g128 0 1 0.08444416150450706
layer_00_q_proj nvstyle_fp6_e2m3_g128 0 2 0.0813465565443039
layer_00_k_proj nvfp4_g128 0 1 0.07935488224029541
layer_00_k_proj nvfp4_g128 0 2 0.05651455745100975
layer_00_k_proj nvfp4_g128 0 3 0.037079039961099625
layer_00_k_proj nvfp4_g128 0 0 0.08423423767089844
layer_00_k_proj mxfp8_e4m3_g128 0 2 0.09733119606971741
layer_00_k_proj mxfp8_e4m3_g128 0 3 0.0872960016131401
layer_00_k_proj mxfp8_e4m3_g128 0 0 0.0879615992307663
layer_00_k_proj mxfp8_e4m3_g128 0 1 0.08094208315014839
layer_00_k_proj hif4_g128 0 3 0.054773759096860886
layer_00_k_proj hif4_g128 0 0 0.06133760139346123
layer_00_k_proj hif4_g128 0 1 0.07235583662986755
layer_00_k_proj hif4_g128 0 2 0.07624703645706177
layer_00_k_proj nvstyle_fp6_e2m3_g128 0 0 0.08718336373567581
layer_00_k_proj nvstyle_fp6_e2m3_g128 0 1 0.08452095836400986
layer_00_k_proj nvstyle_fp6_e2m3_g128 0 2 0.08138751983642578
layer_00_k_proj nvstyle_fp6_e2m3_g128 0 3 0.07247360050678253
layer_00_v_proj nvfp4_g128 0 2 0.057077761739492416
layer_00_v_proj nvfp4_g128 0 3 0.036986880004405975
layer_00_v_proj nvfp4_g128 0 0 0.08620032668113708
layer_00_v_proj nvfp4_g128 0 1 0.08036864176392555
layer_00_v_proj mxfp8_e4m3_g128 0 3 0.08825856447219849
layer_00_v_proj mxfp8_e4m3_g128 0 0 0.08876031637191772
layer_00_v_proj mxfp8_e4m3_g128 0 1 0.08118784055113792
layer_00_v_proj mxfp8_e4m3_g128 0 2 0.09856512024998665
layer_00_v_proj hif4_g128 0 0 0.062371838837862015
layer_00_v_proj hif4_g128 0 1 0.07235583662986755
layer_00_v_proj hif4_g128 0 2 0.07665663957595825
layer_00_v_proj hif4_g128 0 3 0.0553011205047369
layer_00_v_proj nvstyle_fp6_e2m3_g128 0 1 0.08476672321557999
layer_00_v_proj nvstyle_fp6_e2m3_g128 0 2 0.0824115201830864
layer_00_v_proj nvstyle_fp6_e2m3_g128 0 3 0.0725196823477745
layer_00_v_proj nvstyle_fp6_e2m3_g128 0 0 0.08801279962062836
layer_00_o_proj nvfp4_g128 0 3 0.03689983859658241
layer_00_o_proj nvfp4_g128 0 0 0.08648191764950752
layer_00_o_proj nvfp4_g128 0 1 0.07996416091918945
layer_00_o_proj nvfp4_g128 0 2 0.057108476758003235
layer_00_o_proj mxfp8_e4m3_g128 0 0 0.0889139175415039
layer_00_o_proj mxfp8_e4m3_g128 0 1 0.08117247372865677
layer_00_o_proj mxfp8_e4m3_g128 0 2 0.0994303971529007
layer_00_o_proj mxfp8_e4m3_g128 0 3 0.08804351836442947
layer_00_o_proj hif4_g128 0 1 0.07245823740959167
layer_00_o_proj hif4_g128 0 2 0.07661568373441696
layer_00_o_proj hif4_g128 0 3 0.05526015907526016
layer_00_o_proj hif4_g128 0 0 0.0627097636461258
layer_00_o_proj nvstyle_fp6_e2m3_g128 0 2 0.0824831947684288
layer_00_o_proj nvstyle_fp6_e2m3_g128 0 3 0.07267327606678009
layer_00_o_proj nvstyle_fp6_e2m3_g128 0 0 0.08727552741765976
layer_00_o_proj nvstyle_fp6_e2m3_g128 0 1 0.08548352122306824
layer_06_q_proj nvfp4_g128 0 0 0.08744959533214569
layer_06_q_proj nvfp4_g128 0 1 0.08023039996623993
layer_06_q_proj nvfp4_g128 0 2 0.05708799883723259
layer_06_q_proj nvfp4_g128 0 3 0.03704832121729851
layer_06_q_proj mxfp8_e4m3_g128 0 1 0.08177664130926132
layer_06_q_proj mxfp8_e4m3_g128 0 2 0.09896960109472275
layer_06_q_proj mxfp8_e4m3_g128 0 3 0.08941568434238434
layer_06_q_proj mxfp8_e4m3_g128 0 0 0.08949760347604752
layer_06_q_proj hif4_g128 0 2 0.07660543918609619
layer_06_q_proj hif4_g128 0 3 0.054865919053554535
layer_06_q_proj hif4_g128 0 0 0.06316032260656357
layer_06_q_proj hif4_g128 0 1 0.0727039985358715
layer_06_q_proj nvstyle_fp6_e2m3_g128 0 3 0.07363583892583847
layer_06_q_proj nvstyle_fp6_e2m3_g128 0 0 0.08899583667516708
layer_06_q_proj nvstyle_fp6_e2m3_g128 0 1 0.08668160438537598
layer_06_q_proj nvstyle_fp6_e2m3_g128 0 2 0.08397824317216873
layer_06_k_proj nvfp4_g128 0 1 0.07982079684734344
layer_06_k_proj nvfp4_g128 0 2 0.057067517191171646
layer_06_k_proj nvfp4_g128 0 3 0.03701759874820709
layer_06_k_proj nvfp4_g128 0 0 0.08599552512168884
layer_06_k_proj mxfp8_e4m3_g128 0 2 0.09918463975191116
layer_06_k_proj mxfp8_e4m3_g128 0 3 0.08906751871109009
layer_06_k_proj mxfp8_e4m3_g128 0 0 0.08949760347604752
layer_06_k_proj mxfp8_e4m3_g128 0 1 0.08176639676094055
layer_06_k_proj hif4_g128 0 3 0.05521408095955849
layer_06_k_proj hif4_g128 0 0 0.06268928200006485
layer_06_k_proj hif4_g128 0 1 0.07319551706314087
layer_06_k_proj hif4_g128 0 2 0.0766361653804779
layer_06_k_proj nvstyle_fp6_e2m3_g128 0 0 0.0889548808336258
layer_06_k_proj nvstyle_fp6_e2m3_g128 0 1 0.0865279957652092
layer_06_k_proj nvstyle_fp6_e2m3_g128 0 2 0.0837324783205986
layer_06_k_proj nvstyle_fp6_e2m3_g128 0 3 0.07445504516363144
layer_06_v_proj nvfp4_g128 0 2 0.05710335820913315
layer_06_v_proj nvfp4_g128 0 3 0.03700736165046692
layer_06_v_proj nvfp4_g128 0 0 0.08647680282592773
layer_06_v_proj nvfp4_g128 0 1 0.0801689624786377
layer_06_v_proj mxfp8_e4m3_g128 0 3 0.0890982449054718
layer_06_v_proj mxfp8_e4m3_g128 0 0 0.08915968239307404
layer_06_v_proj mxfp8_e4m3_g128 0 1 0.08245759829878807
layer_06_v_proj mxfp8_e4m3_g128 0 2 0.09896960109472275
layer_06_v_proj hif4_g128 0 0 0.06330367922782898
layer_06_v_proj hif4_g128 0 1 0.07323648035526276
layer_06_v_proj hif4_g128 0 2 0.07668735831975937
layer_06_v_proj hif4_g128 0 3 0.055490560829639435
layer_06_v_proj nvstyle_fp6_e2m3_g128 0 1 0.08640512824058533
layer_06_v_proj nvstyle_fp6_e2m3_g128 0 2 0.08397824317216873
layer_06_v_proj nvstyle_fp6_e2m3_g128 0 3 0.07387135922908783
layer_06_v_proj nvstyle_fp6_e2m3_g128 0 0 0.08897536247968674
layer_06_o_proj nvfp4_g128 0 3 0.037038080394268036
layer_06_o_proj nvfp4_g128 0 0 0.08517631888389587
layer_06_o_proj nvfp4_g128 0 1 0.08017919212579727
layer_06_o_proj nvfp4_g128 0 2 0.05776383727788925
layer_06_o_proj mxfp8_e4m3_g128 0 0 0.08889344334602356
layer_06_o_proj mxfp8_e4m3_g128 0 1 0.0817459225654602
layer_06_o_proj mxfp8_e4m3_g128 0 2 0.09909248352050781
layer_06_o_proj mxfp8_e4m3_g128 0 3 0.08851455897092819
layer_06_o_proj hif4_g128 0 1 0.07319551706314087
layer_06_o_proj hif4_g128 0 2 0.07668735831975937
layer_06_o_proj hif4_g128 0 3 0.055726081132888794
layer_06_o_proj hif4_g128 0 0 0.06418432295322418
layer_06_o_proj nvstyle_fp6_e2m3_g128 0 2 0.08422912284731865
layer_06_o_proj nvstyle_fp6_e2m3_g128 0 3 0.07477248460054398
layer_06_o_proj nvstyle_fp6_e2m3_g128 0 0 0.08869888633489609
layer_06_o_proj nvstyle_fp6_e2m3_g128 0 1 0.08582143858075142
layer_12_q_proj nvfp4_g128 0 0 0.08558592200279236
layer_12_q_proj nvfp4_g128 0 1 0.08086015656590462
layer_12_q_proj nvfp4_g128 0 2 0.05773312225937843
layer_12_q_proj nvfp4_g128 0 3 0.037027839571237564
layer_12_q_proj mxfp8_e4m3_g128 0 1 0.08180735260248184
layer_12_q_proj mxfp8_e4m3_g128 0 2 0.09895935654640198
layer_12_q_proj mxfp8_e4m3_g128 0 3 0.08905216306447983
layer_12_q_proj mxfp8_e4m3_g128 0 0 0.08875007927417755
layer_12_q_proj hif4_g128 0 2 0.07659520208835602
layer_12_q_proj hif4_g128 0 3 0.0554291196167469
layer_12_q_proj hif4_g128 0 0 0.06272000074386597
layer_12_q_proj hif4_g128 0 1 0.0731084793806076
layer_12_q_proj nvstyle_fp6_e2m3_g128 0 3 0.07383039593696594
layer_12_q_proj nvstyle_fp6_e2m3_g128 0 0 0.08899583667516708
layer_12_q_proj nvstyle_fp6_e2m3_g128 0 1 0.0866713598370552
layer_12_q_proj nvstyle_fp6_e2m3_g128 0 2 0.08322560414671898
layer_12_k_proj nvfp4_g128 0 1 0.07993343472480774
layer_12_k_proj nvfp4_g128 0 2 0.05721599981188774
layer_12_k_proj nvfp4_g128 0 3 0.037662722170352936
layer_12_k_proj nvfp4_g128 0 0 0.08506367355585098
layer_12_k_proj mxfp8_e4m3_g128 0 2 0.09816576167941093
layer_12_k_proj mxfp8_e4m3_g128 0 3 0.08898559212684631
layer_12_k_proj mxfp8_e4m3_g128 0 0 0.08866303786635399
layer_12_k_proj mxfp8_e4m3_g128 0 1 0.0817459225654602
layer_12_k_proj hif4_g128 0 3 0.05479424074292183
layer_12_k_proj hif4_g128 0 0 0.06326272338628769
layer_12_k_proj hif4_g128 0 1 0.07253503799438477
layer_12_k_proj hif4_g128 0 2 0.07659520208835602
layer_12_k_proj nvstyle_fp6_e2m3_g128 0 0 0.08834048360586166
layer_12_k_proj nvstyle_fp6_e2m3_g128 0 1 0.08557567745447159
layer_12_k_proj nvstyle_fp6_e2m3_g128 0 2 0.08282112330198288
layer_12_k_proj nvstyle_fp6_e2m3_g128 0 3 0.0738099217414856
layer_12_v_proj nvfp4_g128 0 2 0.057077761739492416
layer_12_v_proj nvfp4_g128 0 3 0.037130240350961685
layer_12_v_proj nvfp4_g128 0 0 0.08564736694097519
layer_12_v_proj nvfp4_g128 0 1 0.08007679879665375
layer_12_v_proj mxfp8_e4m3_g128 0 3 0.08901632577180862
layer_12_v_proj mxfp8_e4m3_g128 0 0 0.08911871910095215
layer_12_v_proj mxfp8_e4m3_g128 0 1 0.08169471472501755
layer_12_v_proj mxfp8_e4m3_g128 0 2 0.09811455756425858
layer_12_v_proj hif4_g128 0 0 0.06258688122034073
layer_12_v_proj hif4_g128 0 1 0.07236608117818832
layer_12_v_proj hif4_g128 0 2 0.07665663957595825
layer_12_v_proj hif4_g128 0 3 0.05483520030975342
layer_12_v_proj nvstyle_fp6_e2m3_g128 0 1 0.08548352122306824
layer_12_v_proj nvstyle_fp6_e2m3_g128 0 2 0.08413184434175491
layer_12_v_proj nvstyle_fp6_e2m3_g128 0 3 0.07405567914247513
layer_12_v_proj nvstyle_fp6_e2m3_g128 0 0 0.08893439918756485
layer_12_o_proj nvfp4_g128 0 3 0.03663872182369232
layer_12_o_proj nvfp4_g128 0 0 0.08631808310747147
layer_12_o_proj nvfp4_g128 0 1 0.07839743793010712
layer_12_o_proj nvfp4_g128 0 2 0.05713920295238495
layer_12_o_proj mxfp8_e4m3_g128 0 0 0.08880127966403961
layer_12_o_proj mxfp8_e4m3_g128 0 1 0.08175615966320038
layer_12_o_proj mxfp8_e4m3_g128 0 2 0.09901056438684464
layer_12_o_proj mxfp8_e4m3_g128 0 3 0.08757247775793076
layer_12_o_proj hif4_g128 0 1 0.07235583662986755
layer_12_o_proj hif4_g128 0 2 0.07662592083215714
layer_12_o_proj hif4_g128 0 3 0.05492736026644707
layer_12_o_proj hif4_g128 0 0 0.06260736286640167
layer_12_o_proj nvstyle_fp6_e2m3_g128 0 2 0.08445952087640762
layer_12_o_proj nvstyle_fp6_e2m3_g128 0 3 0.07428095489740372
layer_12_o_proj nvstyle_fp6_e2m3_g128 0 0 0.08868864178657532
layer_12_o_proj nvstyle_fp6_e2m3_g128 0 1 0.08547327667474747
layer_18_q_proj nvfp4_g128 0 0 0.08648191764950752
layer_18_q_proj nvfp4_g128 0 1 0.08036864176392555
layer_18_q_proj nvfp4_g128 0 2 0.05708799883723259
layer_18_q_proj nvfp4_g128 0 3 0.037079039961099625
layer_18_q_proj mxfp8_e4m3_g128 0 1 0.08085503429174423
layer_18_q_proj mxfp8_e4m3_g128 0 2 0.09800191968679428
layer_18_q_proj mxfp8_e4m3_g128 0 3 0.08901632577180862
layer_18_q_proj mxfp8_e4m3_g128 0 0 0.08876543864607811
layer_18_q_proj hif4_g128 0 2 0.07659520208835602
layer_18_q_proj hif4_g128 0 3 0.05474304035305977
layer_18_q_proj hif4_g128 0 0 0.061967361718416214
layer_18_q_proj hif4_g128 0 1 0.0723763182759285
layer_18_q_proj nvstyle_fp6_e2m3_g128 0 3 0.07391232252120972
layer_18_q_proj nvstyle_fp6_e2m3_g128 0 0 0.0889548808336258
layer_18_q_proj nvstyle_fp6_e2m3_g128 0 1 0.08654335886240005
layer_18_q_proj nvstyle_fp6_e2m3_g128 0 2 0.08424448221921921
layer_18_k_proj nvfp4_g128 0 1 0.08099327981472015
layer_18_k_proj nvfp4_g128 0 2 0.05705728009343147
layer_18_k_proj nvfp4_g128 0 3 0.037079039961099625
layer_18_k_proj nvfp4_g128 0 0 0.08527871966362
layer_18_k_proj mxfp8_e4m3_g128 0 2 0.09815039485692978
layer_18_k_proj mxfp8_e4m3_g128 0 3 0.08892928063869476
layer_18_k_proj mxfp8_e4m3_g128 0 0 0.08863744139671326
layer_18_k_proj mxfp8_e4m3_g128 0 1 0.08175615966320038
layer_18_k_proj hif4_g128 0 3 0.05476352199912071
layer_18_k_proj hif4_g128 0 0 0.06193152070045471
layer_18_k_proj hif4_g128 0 1 0.07236608117818832
layer_18_k_proj hif4_g128 0 2 0.07659520208835602
layer_18_k_proj nvstyle_fp6_e2m3_g128 0 0 0.08848896250128746
layer_18_k_proj nvstyle_fp6_e2m3_g128 0 1 0.08580096065998077
layer_18_k_proj nvstyle_fp6_e2m3_g128 0 2 0.0831078439950943
layer_18_k_proj nvstyle_fp6_e2m3_g128 0 3 0.07403519749641418
layer_18_v_proj nvfp4_g128 0 2 0.05705728009343147
layer_18_v_proj nvfp4_g128 0 3 0.03706879913806915
layer_18_v_proj nvfp4_g128 0 0 0.08611840009689331
layer_18_v_proj nvfp4_g128 0 1 0.07933951914310455
layer_18_v_proj mxfp8_e4m3_g128 0 3 0.08834048360586166
layer_18_v_proj mxfp8_e4m3_g128 0 0 0.08844287693500519
layer_18_v_proj mxfp8_e4m3_g128 0 1 0.08170495927333832
layer_18_v_proj mxfp8_e4m3_g128 0 2 0.09795583784580231
layer_18_v_proj hif4_g128 0 0 0.06244351714849472
layer_18_v_proj hif4_g128 0 1 0.07241728156805038
layer_18_v_proj hif4_g128 0 2 0.07681024074554443
layer_18_v_proj hif4_g128 0 3 0.054814718663692474
layer_18_v_proj nvstyle_fp6_e2m3_g128 0 1 0.08556544035673141
layer_18_v_proj nvstyle_fp6_e2m3_g128 0 2 0.0841728001832962
layer_18_v_proj nvstyle_fp6_e2m3_g128 0 3 0.07420928031206131
layer_18_v_proj nvstyle_fp6_e2m3_g128 0 0 0.08876032009720802
layer_18_o_proj nvfp4_g128 0 3 0.03667968139052391
layer_18_o_proj nvfp4_g128 0 0 0.08548352122306824
layer_18_o_proj nvfp4_g128 0 1 0.07933951914310455
layer_18_o_proj nvfp4_g128 0 2 0.05708799883723259
layer_18_o_proj mxfp8_e4m3_g128 0 0 0.08873984217643738
layer_18_o_proj mxfp8_e4m3_g128 0 1 0.08141312375664711
layer_18_o_proj mxfp8_e4m3_g128 0 2 0.09892864152789116
layer_18_o_proj mxfp8_e4m3_g128 0 3 0.0883302390575409
layer_18_o_proj hif4_g128 0 1 0.07236608117818832
layer_18_o_proj hif4_g128 0 2 0.07676927745342255
layer_18_o_proj hif4_g128 0 3 0.05519359931349754
layer_18_o_proj hif4_g128 0 0 0.06445056200027466
layer_18_o_proj nvstyle_fp6_e2m3_g128 0 2 0.0834764763712883
layer_18_o_proj nvstyle_fp6_e2m3_g128 0 3 0.07430143654346466
layer_18_o_proj nvstyle_fp6_e2m3_g128 0 0 0.08850432559847832
layer_18_o_proj nvstyle_fp6_e2m3_g128 0 1 0.0854630395770073
layer_24_q_proj nvfp4_g128 0 0 0.08545280247926712
layer_24_q_proj nvfp4_g128 0 1 0.08030207455158234
layer_24_q_proj nvfp4_g128 0 2 0.05713920295238495
layer_24_q_proj nvfp4_g128 0 3 0.036597758531570435
layer_24_q_proj mxfp8_e4m3_g128 0 1 0.08085503429174423
layer_24_q_proj mxfp8_e4m3_g128 0 2 0.09796608239412308
layer_24_q_proj mxfp8_e4m3_g128 0 3 0.08900608122348785
layer_24_q_proj mxfp8_e4m3_g128 0 0 0.08870911598205566
layer_24_q_proj hif4_g128 0 2 0.07627776265144348
layer_24_q_proj hif4_g128 0 3 0.054773759096860886
layer_24_q_proj hif4_g128 0 0 0.062371838837862015
layer_24_q_proj hif4_g128 0 1 0.07236608117818832
layer_24_q_proj nvstyle_fp6_e2m3_g128 0 3 0.07398399710655212
layer_24_q_proj nvstyle_fp6_e2m3_g128 0 0 0.08894464001059532
layer_24_q_proj nvstyle_fp6_e2m3_g128 0 1 0.08603135868906975
layer_24_q_proj nvstyle_fp6_e2m3_g128 0 2 0.08425471931695938
layer_24_k_proj nvfp4_g128 0 1 0.08095232024788857
layer_24_k_proj nvfp4_g128 0 2 0.057077761739492416
layer_24_k_proj nvfp4_g128 0 3 0.037416957318782806
layer_24_k_proj nvfp4_g128 0 0 0.08589311689138412
layer_24_k_proj mxfp8_e4m3_g128 0 2 0.09812992066144943
layer_24_k_proj mxfp8_e4m3_g128 0 3 0.08825856447219849
layer_24_k_proj mxfp8_e4m3_g128 0 0 0.08867839723825455
layer_24_k_proj mxfp8_e4m3_g128 0 1 0.08175615966320038
layer_24_k_proj hif4_g128 0 3 0.054865919053554535
layer_24_k_proj hif4_g128 0 0 0.06312960386276245
layer_24_k_proj hif4_g128 0 1 0.07250943779945374
layer_24_k_proj hif4_g128 0 2 0.07669760286808014
layer_24_k_proj nvstyle_fp6_e2m3_g128 0 0 0.08839167654514313
layer_24_k_proj nvstyle_fp6_e2m3_g128 0 1 0.08564736694097519
layer_24_k_proj nvstyle_fp6_e2m3_g128 0 2 0.08386559784412384
layer_24_k_proj nvstyle_fp6_e2m3_g128 0 3 0.07397376000881195
layer_24_v_proj nvfp4_g128 0 2 0.057067517191171646
layer_24_v_proj nvfp4_g128 0 3 0.03663872182369232
layer_24_v_proj nvfp4_g128 0 0 0.08610816299915314
layer_24_v_proj nvfp4_g128 0 1 0.0792832002043724
layer_24_v_proj mxfp8_e4m3_g128 0 3 0.08820735663175583
layer_24_v_proj mxfp8_e4m3_g128 0 0 0.08849408477544785
layer_24_v_proj mxfp8_e4m3_g128 0 1 0.08173055574297905
layer_24_v_proj mxfp8_e4m3_g128 0 2 0.09800703823566437
layer_24_v_proj hif4_g128 0 0 0.06340095773339272
layer_24_v_proj hif4_g128 0 1 0.07235583662986755
layer_24_v_proj hif4_g128 0 2 0.07665663957595825
layer_24_v_proj hif4_g128 0 3 0.05483520030975342
layer_24_v_proj nvstyle_fp6_e2m3_g128 0 1 0.08559615910053253
layer_24_v_proj nvstyle_fp6_e2m3_g128 0 2 0.08333311975002289
layer_24_v_proj nvstyle_fp6_e2m3_g128 0 3 0.07429119944572449
layer_24_v_proj nvstyle_fp6_e2m3_g128 0 0 0.08908800035715103
layer_24_o_proj nvfp4_g128 0 3 0.03671040013432503
layer_24_o_proj nvfp4_g128 0 0 0.08599552512168884
layer_24_o_proj nvfp4_g128 0 1 0.07882752269506454
layer_24_o_proj nvfp4_g128 0 2 0.057077761739492416
layer_24_o_proj mxfp8_e4m3_g128 0 0 0.08882176131010056
layer_24_o_proj mxfp8_e4m3_g128 0 1 0.08173567801713943
layer_24_o_proj mxfp8_e4m3_g128 0 2 0.09902079403400421
layer_24_o_proj mxfp8_e4m3_g128 0 3 0.08756223320960999
layer_24_o_proj hif4_g128 0 1 0.07235583662986755
layer_24_o_proj hif4_g128 0 2 0.0766361653804779
layer_24_o_proj hif4_g128 0 3 0.055111680179834366
layer_24_o_proj hif4_g128 0 0 0.06311935931444168
layer_24_o_proj nvstyle_fp6_e2m3_g128 0 2 0.0844697579741478
layer_24_o_proj nvstyle_fp6_e2m3_g128 0 3 0.07445504516363144
layer_24_o_proj nvstyle_fp6_e2m3_g128 0 0 0.08869888633489609
layer_24_o_proj nvstyle_fp6_e2m3_g128 0 1 0.08548352122306824
layer_31_q_proj nvfp4_g128 0 0 0.08465408533811569
layer_31_q_proj nvfp4_g128 0 1 0.0813465565443039
layer_31_q_proj nvfp4_g128 0 2 0.057108476758003235
layer_31_q_proj nvfp4_g128 0 3 0.037089280784130096
layer_31_q_proj mxfp8_e4m3_g128 0 1 0.080865278840065
layer_31_q_proj mxfp8_e4m3_g128 0 2 0.09800703823566437
layer_31_q_proj mxfp8_e4m3_g128 0 3 0.08875519782304764
layer_31_q_proj mxfp8_e4m3_g128 0 0 0.08872959762811661
layer_31_q_proj hif4_g128 0 2 0.07659520208835602
layer_31_q_proj hif4_g128 0 3 0.05477888137102127
layer_31_q_proj hif4_g128 0 0 0.06238207966089249
layer_31_q_proj hif4_g128 0 1 0.07234559953212738
layer_31_q_proj nvstyle_fp6_e2m3_g128 0 3 0.07415807992219925
layer_31_q_proj nvstyle_fp6_e2m3_g128 0 0 0.08900608122348785
layer_31_q_proj nvstyle_fp6_e2m3_g128 0 1 0.08669183403253555
layer_31_q_proj nvstyle_fp6_e2m3_g128 0 2 0.0844697579741478
layer_31_k_proj nvfp4_g128 0 1 0.0816742405295372
layer_31_k_proj nvfp4_g128 0 2 0.057077761739492416
layer_31_k_proj nvfp4_g128 0 3 0.03711999952793121
layer_31_k_proj nvfp4_g128 0 0 0.08507391810417175
layer_31_k_proj mxfp8_e4m3_g128 0 2 0.09821183979511261
layer_31_k_proj mxfp8_e4m3_g128 0 3 0.08818688243627548
layer_31_k_proj mxfp8_e4m3_g128 0 0 0.08866815268993378
layer_31_k_proj mxfp8_e4m3_g128 0 1 0.08177664130926132
layer_31_k_proj hif4_g128 0 3 0.054917119443416595
layer_31_k_proj hif4_g128 0 0 0.06373375654220581
layer_31_k_proj hif4_g128 0 1 0.07283199951052666
layer_31_k_proj hif4_g128 0 2 0.0766361653804779
layer_31_k_proj nvstyle_fp6_e2m3_g128 0 0 0.08836095780134201
layer_31_k_proj nvstyle_fp6_e2m3_g128 0 1 0.08558592200279236
layer_31_k_proj nvstyle_fp6_e2m3_g128 0 2 0.08400383964180946
layer_31_k_proj nvstyle_fp6_e2m3_g128 0 3 0.07427071779966354
layer_31_v_proj nvfp4_g128 0 2 0.057067517191171646
layer_31_v_proj nvfp4_g128 0 3 0.037079039961099625
layer_31_v_proj nvfp4_g128 0 0 0.0854630395770073
layer_31_v_proj nvfp4_g128 0 1 0.0798719972372055
layer_31_v_proj mxfp8_e4m3_g128 0 3 0.08815615624189377
layer_31_v_proj mxfp8_e4m3_g128 0 0 0.08849408477544785
layer_31_v_proj mxfp8_e4m3_g128 0 1 0.08173567801713943
layer_31_v_proj mxfp8_e4m3_g128 0 2 0.09800703823566437
layer_31_v_proj hif4_g128 0 0 0.06305792182683945
layer_31_v_proj hif4_g128 0 1 0.07254015654325485
layer_31_v_proj hif4_g128 0 2 0.07674368098378181
layer_31_v_proj hif4_g128 0 3 0.0549324806779623
layer_31_v_proj nvstyle_fp6_e2m3_g128 0 1 0.08561663329601288
layer_31_v_proj nvstyle_fp6_e2m3_g128 0 2 0.08352767676115036
layer_31_v_proj nvstyle_fp6_e2m3_g128 0 3 0.07451136037707329
layer_31_v_proj nvstyle_fp6_e2m3_g128 0 0 0.08896511793136597
layer_31_o_proj nvfp4_g128 0 3 0.03673088178038597
layer_31_o_proj nvfp4_g128 0 0 0.08531968295574188
layer_31_o_proj nvfp4_g128 0 1 0.07932928204536438
layer_31_o_proj nvfp4_g128 0 2 0.057077761739492416
layer_31_o_proj mxfp8_e4m3_g128 0 0 0.08878080546855927
layer_31_o_proj mxfp8_e4m3_g128 0 1 0.08169471472501755
layer_31_o_proj mxfp8_e4m3_g128 0 2 0.09893888235092163
layer_31_o_proj mxfp8_e4m3_g128 0 3 0.08756223320960999
layer_31_o_proj hif4_g128 0 1 0.07234559953212738
layer_31_o_proj hif4_g128 0 2 0.07660543918609619
layer_31_o_proj hif4_g128 0 3 0.055060479789972305
layer_31_o_proj hif4_g128 0 0 0.06261759996414185
layer_31_o_proj nvstyle_fp6_e2m3_g128 0 2 0.08351743966341019
layer_31_o_proj nvstyle_fp6_e2m3_g128 0 3 0.07442431896924973
layer_31_o_proj nvstyle_fp6_e2m3_g128 0 0 0.0886579230427742
layer_31_o_proj nvstyle_fp6_e2m3_g128 0 1 0.08548352122306824
CONVERSION PROBE PASSED
