{
  "source_commit": "eec7206dc09f6dc839bd2e95b03df9eac1e7bf39",
  "nvcc": "nvcc: NVIDIA (R) Cuda compiler driver\nCopyright (c) 2005-2025 NVIDIA Corporation\nBuilt on Fri_Feb_21_20:23:50_PST_2025\nCuda compilation tools, release 12.8, V12.8.93\nBuild cuda_12.8.r12.8/compiler.35583870_0\n",
  "cutlass_commit": "db1c288993354c88e551c40c19a8fb93a774a241",
  "scope": "compile_and_static_SASS_only_not_runtime_correctness_or_performance",
  "variants": {
    "0": {
      "cubin_sha256": "b19fb9e9fe0399a076f87b6cd1bc674e6a6b154b7fdb1befd831027f32122d5f",
      "entries": {
        "adangel_roof_warp_aspect_o78": {
          "instructions": 880,
          "opcode_counts": {
            "IMAD": 139,
            "S2R": 2,
            "S2UR": 1,
            "ULDC": 3,
            "IADD3": 88,
            "USHF": 3,
            "CS2R": 32,
            "UIMAD": 1,
            "ISETP": 37,
            "SHF": 21,
            "LOP3": 75,
            "LEA": 44,
            "STL": 1,
            "LDGSTS": 20,
            "LDGDEPBAR": 2,
            "BRA": 4,
            "MOV": 4,
            "DEPBAR": 1,
            "BAR": 1,
            "LDL": 1,
            "LDS": 15,
            "LDSM": 16,
            "IMMA": 64,
            "FMUL": 64,
            "I2F": 64,
            "FFMA": 64,
            "CALL": 1,
            "STG": 96,
            "EXIT": 2,
            "NOP;": 14
          },
          "copies": [
            "LDGSTS.E.BYPASS.128 [R143+0x200], [R16.64] ;",
            "LDGSTS.E.BYPASS.128 [R143+0x2200], [R2.64] ;",
            "LDGSTS.E.BYPASS.128 [R142+0x200], [R164.64] ;",
            "LDGSTS.E.BYPASS.128 [R142+0x2200], [R4.64] ;",
            "LDGSTS.E.BYPASS.128 [R143+0x4200], [R162.64] ;",
            "LDGSTS.E.BYPASS.128 [R142+0x4200], [R160.64] ;",
            "LDGSTS.E.BYPASS.128 [R140+0x4200], [R158.64] ;",
            "LDGSTS.E.BYPASS.128 [R139+0x4200], [R156.64] ;",
            "@!P0 LDGSTS.E.BYPASS.128 [R55], [R6.64] ;",
            "@!P1 LDGSTS.E.BYPASS.128 [R55+0x8200], [R8.64] ;",
            "LDGSTS.E.BYPASS.128 [R71+0x200], [R58.64] ;",
            "LDGSTS.E.BYPASS.128 [R71+0x2200], [R60.64] ;",
            "LDGSTS.E.BYPASS.128 [R73+0x200], [R62.64] ;",
            "LDGSTS.E.BYPASS.128 [R73+0x2200], [R64.64] ;",
            "LDGSTS.E.BYPASS.128 [R75+0x4200], [R66.64] ;",
            "LDGSTS.E.BYPASS.128 [R77+0x4200], [R58.64] ;",
            "LDGSTS.E.BYPASS.128 [R65+0x4200], [R60.64] ;",
            "LDGSTS.E.BYPASS.128 [R69+0x4200], [R62.64] ;",
            "@!P0 LDGSTS.E.BYPASS.128 [R59], [R54.64] ;",
            "@!P1 LDGSTS.E.BYPASS.128 [R71+0x8200], [R52.64] ;"
          ],
          "all_copies_bypass_l1": true,
          "native_u4_s4": true,
          "native_s4_s4": true,
          "int8_mma": false
        },
        "adangel_roof_warp_aspect_o3": {
          "instructions": 944,
          "opcode_counts": {
            "IMAD": 142,
            "S2R": 6,
            "S2UR": 1,
            "ULDC": 6,
            "IADD3": 105,
            "ISETP": 36,
            "USHF": 15,
            "LDG": 7,
            "SHF": 15,
            "ULEA": 4,
            "LOP3": 67,
            "UIMAD": 7,
            "CS2R": 29,
            "UISETP": 5,
            "LEA": 38,
            "STL": 3,
            "LDGSTS": 24,
            "PLOP3": 5,
            "MOV": 4,
            "FSEL": 3,
            "STS": 3,
            "LDGDEPBAR": 3,
            "BRA": 7,
            "LDS": 14,
            "UMOV": 1,
            "UIADD3": 2,
            "DEPBAR": 2,
            "BAR": 1,
            "LDL": 3,
            "LDSM": 16,
            "IMMA": 64,
            "I2F": 64,
            "FFMA": 64,
            "CALL": 1,
            "FMUL": 64,
            "STG": 96,
            "EXIT": 2,
            "NOP;": 15
          },
          "copies": [
            "LDGSTS.E.BYPASS.128 [R2], [R18.64] ;",
            "LDGSTS.E.BYPASS.128 [R2+0x3000], [R4.64] ;",
            "LDGSTS.E.BYPASS.128 [R0], [R20.64] ;",
            "LDGSTS.E.BYPASS.128 [R0+0x3000], [R6.64] ;",
            "LDGSTS.E.BYPASS.128 [R2+0x6000], [R22.64] ;",
            "LDGSTS.E.BYPASS.128 [R0+0x6000], [R24.64] ;",
            "LDGSTS.E.BYPASS.128 [R48+0x6000], [R26.64] ;",
            "LDGSTS.E.BYPASS.128 [R165+0x6000], [R28.64] ;",
            "LDGSTS.E.BYPASS.128 [R2+0x1000], [R38.64] ;",
            "LDGSTS.E.BYPASS.128 [R2+0x4000], [R34.64] ;",
            "LDGSTS.E.BYPASS.128 [R0+0x1000], [R32.64] ;",
            "LDGSTS.E.BYPASS.128 [R0+0x4000], [R36.64] ;",
            "LDGSTS.E.BYPASS.128 [R2+0x8000], [R14.64] ;",
            "LDGSTS.E.BYPASS.128 [R0+0x8000], [R40.64] ;",
            "LDGSTS.E.BYPASS.128 [R48+0x8000], [R42.64] ;",
            "LDGSTS.E.BYPASS.128 [R165+0x8000], [R38.64] ;",
            "LDGSTS.E.BYPASS.128 [R31], [R40.64] ;",
            "LDGSTS.E.BYPASS.128 [R31+0x3000], [R38.64] ;",
            "LDGSTS.E.BYPASS.128 [R43], [R32.64] ;",
            "LDGSTS.E.BYPASS.128 [R43+0x3000], [R36.64] ;",
            "LDGSTS.E.BYPASS.128 [R31], [R34.64] ;",
            "LDGSTS.E.BYPASS.128 [R45], [R32.64] ;",
            "LDGSTS.E.BYPASS.128 [R37], [R38.64] ;",
            "LDGSTS.E.BYPASS.128 [R43], [R40.64] ;"
          ],
          "all_copies_bypass_l1": true,
          "native_u4_s4": true,
          "native_s4_s4": true,
          "int8_mma": false
        }
      }
    },
    "1": {
      "cubin_sha256": "330c1b0707ddc4badb9f88ba6ddacb17c4f1bca649386a2be6e5d43b65dc8f4d",
      "entries": {
        "adangel_roof_warp_aspect_o78": {
          "instructions": 888,
          "opcode_counts": {
            "IMAD": 141,
            "S2R": 7,
            "S2UR": 1,
            "ULDC": 3,
            "CS2R": 32,
            "USHF": 3,
            "UIMAD": 1,
            "ISETP": 37,
            "SHF": 23,
            "IADD3": 88,
            "LOP3": 74,
            "LEA": 46,
            "LDGSTS": 20,
            "LDGDEPBAR": 2,
            "BRA": 4,
            "MOV": 1,
            "DEPBAR": 1,
            "BAR": 1,
            "LDS": 15,
            "LDSM": 20,
            "IMMA": 64,
            "FMUL": 64,
            "I2F": 64,
            "FFMA": 64,
            "CALL": 1,
            "STG": 96,
            "EXIT": 2,
            "NOP;": 13
          },
          "copies": [
            "LDGSTS.E.BYPASS.128 [R11+0x200], [R148.64] ;",
            "LDGSTS.E.BYPASS.128 [R11+0x2200], [R2.64] ;",
            "LDGSTS.E.BYPASS.128 [R158+0x200], [R146.64] ;",
            "LDGSTS.E.BYPASS.128 [R158+0x2200], [R4.64] ;",
            "LDGSTS.E.BYPASS.128 [R11+0x4200], [R156.64] ;",
            "LDGSTS.E.BYPASS.128 [R158+0x4200], [R154.64] ;",
            "LDGSTS.E.BYPASS.128 [R161+0x4200], [R152.64] ;",
            "LDGSTS.E.BYPASS.128 [R160+0x4200], [R150.64] ;",
            "@!P0 LDGSTS.E.BYPASS.128 [R37], [R6.64] ;",
            "@!P1 LDGSTS.E.BYPASS.128 [R37+0x8200], [R8.64] ;",
            "LDGSTS.E.BYPASS.128 [R55+0x200], [R38.64] ;",
            "LDGSTS.E.BYPASS.128 [R55+0x2200], [R40.64] ;",
            "LDGSTS.E.BYPASS.128 [R57+0x200], [R44.64] ;",
            "LDGSTS.E.BYPASS.128 [R57+0x2200], [R46.64] ;",
            "LDGSTS.E.BYPASS.128 [R59+0x4200], [R48.64] ;",
            "LDGSTS.E.BYPASS.128 [R55+0x4200], [R38.64] ;",
            "LDGSTS.E.BYPASS.128 [R47+0x4200], [R40.64] ;",
            "LDGSTS.E.BYPASS.128 [R51+0x4200], [R44.64] ;",
            "@!P0 LDGSTS.E.BYPASS.128 [R39], [R36.64] ;",
            "@!P1 LDGSTS.E.BYPASS.128 [R49+0x8200], [R34.64] ;"
          ],
          "all_copies_bypass_l1": true,
          "native_u4_s4": true,
          "native_s4_s4": true,
          "int8_mma": false
        },
        "adangel_roof_warp_aspect_o3": {
          "instructions": 960,
          "opcode_counts": {
            "IMAD": 144,
            "S2R": 5,
            "S2UR": 2,
            "ULDC": 6,
            "IADD3": 105,
            "ISETP": 36,
            "USHF": 16,
            "LDG": 11,
            "SHF": 14,
            "ULEA": 4,
            "LEA": 37,
            "LOP3": 66,
            "UIMAD": 7,
            "UISETP": 5,
            "CS2R": 29,
            "STL": 5,
            "LDGSTS": 24,
            "PLOP3": 5,
            "MOV": 9,
            "FSEL": 3,
            "STS": 3,
            "LDGDEPBAR": 3,
            "BRA": 7,
            "LDS": 10,
            "UMOV": 1,
            "UIADD3": 2,
            "DEPBAR": 2,
            "BAR": 1,
            "LDL": 5,
            "LDSM": 20,
            "IMMA": 64,
            "NOP": 6,
            "I2F": 64,
            "FFMA": 64,
            "CALL": 1,
            "FMUL": 64,
            "STG": 96,
            "EXIT": 2,
            "NOP;": 12
          },
          "copies": [
            "LDGSTS.E.BYPASS.128 [R2], [R18.64] ;",
            "LDGSTS.E.BYPASS.128 [R2+0x3000], [R4.64] ;",
            "LDGSTS.E.BYPASS.128 [R0], [R20.64] ;",
            "LDGSTS.E.BYPASS.128 [R0+0x3000], [R6.64] ;",
            "LDGSTS.E.BYPASS.128 [R2+0x6000], [R22.64] ;",
            "LDGSTS.E.BYPASS.128 [R0+0x6000], [R24.64] ;",
            "LDGSTS.E.BYPASS.128 [R48+0x6000], [R26.64] ;",
            "LDGSTS.E.BYPASS.128 [R47+0x6000], [R100.64] ;",
            "LDGSTS.E.BYPASS.128 [R2+0x1000], [R36.64] ;",
            "LDGSTS.E.BYPASS.128 [R2+0x4000], [R32.64] ;",
            "LDGSTS.E.BYPASS.128 [R0+0x1000], [R30.64] ;",
            "LDGSTS.E.BYPASS.128 [R0+0x4000], [R34.64] ;",
            "LDGSTS.E.BYPASS.128 [R2+0x8000], [R28.64] ;",
            "LDGSTS.E.BYPASS.128 [R0+0x8000], [R38.64] ;",
            "LDGSTS.E.BYPASS.128 [R48+0x8000], [R40.64] ;",
            "LDGSTS.E.BYPASS.128 [R47+0x8000], [R36.64] ;",
            "LDGSTS.E.BYPASS.128 [R5], [R36.64] ;",
            "LDGSTS.E.BYPASS.128 [R5+0x3000], [R34.64] ;",
            "LDGSTS.E.BYPASS.128 [R39], [R28.64] ;",
            "LDGSTS.E.BYPASS.128 [R39+0x3000], [R32.64] ;",
            "LDGSTS.E.BYPASS.128 [R5], [R30.64] ;",
            "LDGSTS.E.BYPASS.128 [R41], [R28.64] ;",
            "LDGSTS.E.BYPASS.128 [R33], [R34.64] ;",
            "LDGSTS.E.BYPASS.128 [R39], [R36.64] ;"
          ],
          "all_copies_bypass_l1": true,
          "native_u4_s4": true,
          "native_s4_s4": true,
          "int8_mma": false
        }
      },
      "encoded_comparison_to_control": {
        "passed": false,
        "missing": [],
        "changed": [
          "adangel_roof_warp_aspect_o78",
          "adangel_roof_warp_aspect_o3"
        ],
        "old_symbols": 2,
        "new_symbols": 2,
        "unchanged": [],
        "scope": "exact_SASS_words_of_matched_old_entries_not_full_binary_or_performance"
      }
    },
    "2": {
      "cubin_sha256": "e6536dd5f4be11958d09176db27c8b40d322dcea789fcf200171d34ab372c849",
      "entries": {
        "adangel_roof_warp_aspect_o78": {
          "instructions": 904,
          "opcode_counts": {
            "IMAD": 141,
            "S2R": 8,
            "S2UR": 1,
            "ULDC": 3,
            "IADD3": 91,
            "USHF": 3,
            "CS2R": 32,
            "UIMAD": 1,
            "ISETP": 37,
            "SHF": 20,
            "LOP3": 76,
            "LEA": 45,
            "LDGSTS": 20,
            "LDGDEPBAR": 2,
            "BRA": 4,
            "STL": 3,
            "MOV": 2,
            "LDL": 3,
            "DEPBAR": 1,
            "BAR": 1,
            "LDS": 21,
            "LDSM": 20,
            "IMMA": 64,
            "I2F": 64,
            "FMUL": 64,
            "FFMA": 64,
            "CALL": 1,
            "NOP": 1,
            "STG": 96,
            "EXIT": 2,
            "NOP;": 13
          },
          "copies": [
            "LDGSTS.E.BYPASS.128 [R13+0x200], [R148.64] ;",
            "LDGSTS.E.BYPASS.128 [R13+0x2200], [R2.64] ;",
            "LDGSTS.E.BYPASS.128 [R145+0x200], [R146.64] ;",
            "LDGSTS.E.BYPASS.128 [R145+0x2200], [R4.64] ;",
            "LDGSTS.E.BYPASS.128 [R13+0x4200], [R156.64] ;",
            "LDGSTS.E.BYPASS.128 [R145+0x4200], [R154.64] ;",
            "LDGSTS.E.BYPASS.128 [R164+0x4200], [R152.64] ;",
            "LDGSTS.E.BYPASS.128 [R163+0x4200], [R150.64] ;",
            "@!P0 LDGSTS.E.BYPASS.128 [R46], [R8.64] ;",
            "@!P1 LDGSTS.E.BYPASS.128 [R46+0x8200], [R10.64] ;",
            "LDGSTS.E.BYPASS.128 [R59+0x200], [R46.64] ;",
            "LDGSTS.E.BYPASS.128 [R59+0x2200], [R48.64] ;",
            "LDGSTS.E.BYPASS.128 [R61+0x200], [R50.64] ;",
            "LDGSTS.E.BYPASS.128 [R61+0x2200], [R52.64] ;",
            "LDGSTS.E.BYPASS.128 [R63+0x4200], [R54.64] ;",
            "LDGSTS.E.BYPASS.128 [R59+0x4200], [R46.64] ;",
            "LDGSTS.E.BYPASS.128 [R53+0x4200], [R48.64] ;",
            "LDGSTS.E.BYPASS.128 [R57+0x4200], [R50.64] ;",
            "@!P0 LDGSTS.E.BYPASS.128 [R47], [R44.64] ;",
            "@!P1 LDGSTS.E.BYPASS.128 [R55+0x8200], [R4.64] ;"
          ],
          "all_copies_bypass_l1": true,
          "native_u4_s4": true,
          "native_s4_s4": true,
          "int8_mma": false
        },
        "adangel_roof_warp_aspect_o3": {
          "instructions": 936,
          "opcode_counts": {
            "IMAD": 154,
            "S2R": 9,
            "ULDC": 2,
            "IADD3": 98,
            "ISETP": 41,
            "LDG": 5,
            "SHF": 26,
            "MOV": 2,
            "LOP3": 68,
            "LEA": 47,
            "LDGSTS": 24,
            "FSEL": 3,
            "STS": 3,
            "LDGDEPBAR": 3,
            "BRA": 7,
            "USHF": 4,
            "LDS": 22,
            "CS2R": 30,
            "STL": 1,
            "DEPBAR": 2,
            "BAR": 1,
            "LDL": 1,
            "LDSM": 20,
            "IMMA": 64,
            "I2F": 64,
            "FFMA": 64,
            "CALL": 1,
            "FMUL": 64,
            "STG": 96,
            "EXIT": 2,
            "NOP;": 8
          },
          "copies": [
            "LDGSTS.E.BYPASS.128 [R31], [R18.64] ;",
            "LDGSTS.E.BYPASS.128 [R31+0x3000], [R4.64] ;",
            "LDGSTS.E.BYPASS.128 [R0], [R20.64] ;",
            "LDGSTS.E.BYPASS.128 [R0+0x3000], [R6.64] ;",
            "LDGSTS.E.BYPASS.128 [R31+0x6000], [R22.64] ;",
            "LDGSTS.E.BYPASS.128 [R0+0x6000], [R24.64] ;",
            "LDGSTS.E.BYPASS.128 [R162+0x6000], [R26.64] ;",
            "LDGSTS.E.BYPASS.128 [R161+0x6000], [R28.64] ;",
            "LDGSTS.E.BYPASS.128 [R31+0x1000], [R4.64] ;",
            "LDGSTS.E.BYPASS.128 [R31+0x4000], [R6.64] ;",
            "LDGSTS.E.BYPASS.128 [R0+0x1000], [R8.64] ;",
            "LDGSTS.E.BYPASS.128 [R0+0x4000], [R10.64] ;",
            "LDGSTS.E.BYPASS.128 [R31+0x8000], [R12.64] ;",
            "LDGSTS.E.BYPASS.128 [R0+0x8000], [R14.64] ;",
            "LDGSTS.E.BYPASS.128 [R162+0x8000], [R16.64] ;",
            "LDGSTS.E.BYPASS.128 [R161+0x8000], [R4.64] ;",
            "LDGSTS.E.BYPASS.128 [R17], [R34.64] ;",
            "LDGSTS.E.BYPASS.128 [R17+0x3000], [R32.64] ;",
            "LDGSTS.E.BYPASS.128 [R5], [R36.64] ;",
            "LDGSTS.E.BYPASS.128 [R5+0x3000], [R34.64] ;",
            "LDGSTS.E.BYPASS.128 [R17], [R32.64] ;",
            "LDGSTS.E.BYPASS.128 [R43], [R36.64] ;",
            "LDGSTS.E.BYPASS.128 [R5], [R32.64] ;",
            "LDGSTS.E.BYPASS.128 [R41], [R34.64] ;"
          ],
          "all_copies_bypass_l1": true,
          "native_u4_s4": true,
          "native_s4_s4": true,
          "int8_mma": false
        }
      },
      "encoded_comparison_to_control": {
        "passed": false,
        "missing": [],
        "changed": [
          "adangel_roof_warp_aspect_o78",
          "adangel_roof_warp_aspect_o3"
        ],
        "old_symbols": 2,
        "new_symbols": 2,
        "unchanged": [],
        "scope": "exact_SASS_words_of_matched_old_entries_not_full_binary_or_performance"
      }
    }
  },
  "host_coordinate_check_passed": true,
  "commands": [
    [
      "/usr/local/cuda-12.8/bin/nvcc",
      "-O2",
      "-std=c++17",
      "--expt-relaxed-constexpr",
      "-arch=sm_80",
      "-I/home/zlouyang/ADAngel_oyzl/third_party/cutlass-src/include",
      "tests/cuda/validate_roof_warp_aspect_coordinates.cu",
      "-o",
      "/home/zlouyang/ADAngel_oyzl/reports/o378_roof_v47/validate_coordinates"
    ],
    [
      "/home/zlouyang/ADAngel_oyzl/reports/o378_roof_v47/validate_coordinates"
    ],
    [
      "/usr/local/cuda-12.8/bin/nvcc",
      "-O3",
      "-std=c++17",
      "--expt-relaxed-constexpr",
      "-lineinfo",
      "-arch=sm_80",
      "-DADANGEL_WARP_ASPECT=0",
      "-I/home/zlouyang/ADAngel_oyzl/third_party/cutlass-src/include",
      "-I/home/zlouyang/ADAngel_oyzl/third_party/cutlass-src/tools/util/include",
      "csrc/sm80/roof_warp_aspect_probe.cu",
      "-cubin",
      "-o",
      "/home/zlouyang/ADAngel_oyzl/reports/o378_roof_v47/warp_aspect_0.cubin",
      "-Xptxas=-v"
    ],
    [
      "/usr/local/cuda-12.8/bin/nvcc",
      "-O3",
      "-std=c++17",
      "--expt-relaxed-constexpr",
      "-lineinfo",
      "-arch=sm_80",
      "-DADANGEL_WARP_ASPECT=0",
      "-I/home/zlouyang/ADAngel_oyzl/third_party/cutlass-src/include",
      "-I/home/zlouyang/ADAngel_oyzl/third_party/cutlass-src/tools/util/include",
      "csrc/sm80/roof_warp_aspect_probe.cu",
      "-ptx",
      "-o",
      "/home/zlouyang/ADAngel_oyzl/reports/o378_roof_v47/warp_aspect_0.ptx"
    ],
    [
      "/usr/local/cuda-12.8/bin/cuobjdump",
      "--dump-sass",
      "/home/zlouyang/ADAngel_oyzl/reports/o378_roof_v47/warp_aspect_0.cubin"
    ],
    [
      "/usr/local/cuda-12.8/bin/cuobjdump",
      "--dump-resource-usage",
      "/home/zlouyang/ADAngel_oyzl/reports/o378_roof_v47/warp_aspect_0.cubin"
    ],
    [
      "/usr/local/cuda-12.8/bin/nvcc",
      "-O3",
      "-std=c++17",
      "--expt-relaxed-constexpr",
      "-lineinfo",
      "-arch=sm_80",
      "-DADANGEL_WARP_ASPECT=1",
      "-I/home/zlouyang/ADAngel_oyzl/third_party/cutlass-src/include",
      "-I/home/zlouyang/ADAngel_oyzl/third_party/cutlass-src/tools/util/include",
      "csrc/sm80/roof_warp_aspect_probe.cu",
      "-cubin",
      "-o",
      "/home/zlouyang/ADAngel_oyzl/reports/o378_roof_v47/warp_aspect_1.cubin",
      "-Xptxas=-v"
    ],
    [
      "/usr/local/cuda-12.8/bin/nvcc",
      "-O3",
      "-std=c++17",
      "--expt-relaxed-constexpr",
      "-lineinfo",
      "-arch=sm_80",
      "-DADANGEL_WARP_ASPECT=1",
      "-I/home/zlouyang/ADAngel_oyzl/third_party/cutlass-src/include",
      "-I/home/zlouyang/ADAngel_oyzl/third_party/cutlass-src/tools/util/include",
      "csrc/sm80/roof_warp_aspect_probe.cu",
      "-ptx",
      "-o",
      "/home/zlouyang/ADAngel_oyzl/reports/o378_roof_v47/warp_aspect_1.ptx"
    ],
    [
      "/usr/local/cuda-12.8/bin/cuobjdump",
      "--dump-sass",
      "/home/zlouyang/ADAngel_oyzl/reports/o378_roof_v47/warp_aspect_1.cubin"
    ],
    [
      "/usr/local/cuda-12.8/bin/cuobjdump",
      "--dump-resource-usage",
      "/home/zlouyang/ADAngel_oyzl/reports/o378_roof_v47/warp_aspect_1.cubin"
    ],
    [
      "/usr/local/cuda-12.8/bin/nvcc",
      "-O3",
      "-std=c++17",
      "--expt-relaxed-constexpr",
      "-lineinfo",
      "-arch=sm_80",
      "-DADANGEL_WARP_ASPECT=2",
      "-I/home/zlouyang/ADAngel_oyzl/third_party/cutlass-src/include",
      "-I/home/zlouyang/ADAngel_oyzl/third_party/cutlass-src/tools/util/include",
      "csrc/sm80/roof_warp_aspect_probe.cu",
      "-cubin",
      "-o",
      "/home/zlouyang/ADAngel_oyzl/reports/o378_roof_v47/warp_aspect_2.cubin",
      "-Xptxas=-v"
    ],
    [
      "/usr/local/cuda-12.8/bin/nvcc",
      "-O3",
      "-std=c++17",
      "--expt-relaxed-constexpr",
      "-lineinfo",
      "-arch=sm_80",
      "-DADANGEL_WARP_ASPECT=2",
      "-I/home/zlouyang/ADAngel_oyzl/third_party/cutlass-src/include",
      "-I/home/zlouyang/ADAngel_oyzl/third_party/cutlass-src/tools/util/include",
      "csrc/sm80/roof_warp_aspect_probe.cu",
      "-ptx",
      "-o",
      "/home/zlouyang/ADAngel_oyzl/reports/o378_roof_v47/warp_aspect_2.ptx"
    ],
    [
      "/usr/local/cuda-12.8/bin/cuobjdump",
      "--dump-sass",
      "/home/zlouyang/ADAngel_oyzl/reports/o378_roof_v47/warp_aspect_2.cubin"
    ],
    [
      "/usr/local/cuda-12.8/bin/cuobjdump",
      "--dump-resource-usage",
      "/home/zlouyang/ADAngel_oyzl/reports/o378_roof_v47/warp_aspect_2.cubin"
    ]
  ],
  "all_probe_copies_bypass_l1": true,
  "native_int4_entries": true
}
