{
  "cost_gate": {
    "passed": false,
    "checks": {
      "allocation": true,
      "hot_local": false,
      "work": false,
      "integer_service": true,
      "payload_int4": true,
      "metadata_int8": true,
      "supply": true,
      "hot_barrier": true
    },
    "limits": {
      "max_allocated_gpr": 168,
      "max_hot_local": 1,
      "max_work_ratio": 1.01,
      "min_imad_reduction": 0.2,
      "min_runtime_cta": 3,
      "min_opportunity_fraction": 0.5,
      "payload_mma_each": 32,
      "coefficient_mma": 16,
      "ldsm": 16,
      "copies": 10,
      "barriers": 1
    },
    "old_static": 383,
    "new_static": 406,
    "work_ratio": 1.0600522193211488,
    "old_imad": 158,
    "new_imad": 102,
    "imad_reduction": 0.35443037974683544,
    "extra_INT8_scope": "scale_outer_product_only_not_payload",
    "scope": "predeclared_compile_gate_excludes_online_range_guard_not_performance",
    "control_encoding_unchanged": true
  },
  "liveness": {
    "adangel_roof_o78_eight_chain_candidate": {
      "symbol": "adangel_roof_o78_eight_chain_candidate",
      "allocated_gpr": 168,
      "function_max_live_gpr": 166,
      "loops": [
        {
          "kind": "integer",
          "begin_pc": "0xa60",
          "end_pc": "0x2240",
          "static_instructions": 383,
          "max_live_gpr": 166,
          "opcode_counts": {
            "BAR.SYNC.DEFER_BLOCKING": 1,
            "BRA": 2,
            "CALL.REL.NOINC": 1,
            "DEPBAR.LE": 1,
            "IADD3": 20,
            "IADD3.X": 5,
            "IMAD": 128,
            "IMAD.IADD": 1,
            "IMAD.SHL.U32": 24,
            "IMAD.X": 5,
            "IMMA.16864.S4.S4": 32,
            "IMMA.16864.U4.S4": 32,
            "ISETP.GT.U32.AND": 1,
            "LDGDEPBAR": 1,
            "LDGSTS.E.BYPASS.128": 10,
            "LDS": 7,
            "LDS.64": 8,
            "LDSM.16.M88.4": 16,
            "LEA": 2,
            "LEA.HI.X": 2,
            "LOP3.LUT": 6,
            "MOV": 2,
            "PLOP3.LUT": 2,
            "S2R": 5,
            "SHF.L.U32": 48,
            "UIADD3": 1,
            "UIMAD": 2,
            "UISETP.GT.U32.AND": 1,
            "UISETP.NE.AND": 1,
            "ULDC.64": 1,
            "ULOP3.LUT": 6,
            "UMOV": 1,
            "USHF.L.U32": 8
          },
          "peak_pcs": [
            "0x1880",
            "0x1890",
            "0x1950",
            "0x1960",
            "0x1970",
            "0x1980"
          ]
        },
        {
          "kind": "fp32_fallback",
          "begin_pc": "0x4d40",
          "end_pc": "0x68b0",
          "static_instructions": 440,
          "max_live_gpr": 162,
          "opcode_counts": {
            "BAR.SYNC.DEFER_BLOCKING": 1,
            "BRA": 2,
            "CALL.REL.NOINC": 1,
            "DEPBAR.LE": 1,
            "FFMA": 64,
            "FMUL": 64,
            "I2F": 64,
            "IADD3": 19,
            "IADD3.X": 8,
            "IMAD": 23,
            "IMAD.IADD": 5,
            "IMAD.SHL.U32": 5,
            "IMAD.X": 2,
            "IMMA.16864.S4.S4": 32,
            "IMMA.16864.U4.S4": 32,
            "ISETP.GE.U32.AND": 2,
            "LDGDEPBAR": 1,
            "LDGSTS.E.BYPASS.128": 10,
            "LDS": 7,
            "LDS.64": 8,
            "LDSM.16.M88.4": 16,
            "LEA": 45,
            "LEA.HI.X": 2,
            "LOP3.LUT": 12,
            "MOV": 1,
            "NOP": 2,
            "S2R": 2,
            "SHF.L.U32": 9
          },
          "peak_pcs": [
            "0x58a0",
            "0x5f50"
          ]
        }
      ],
      "cta_threads": 128,
      "register_only_four_cta_limit_per_thread": 128,
      "interpretation": "static_binary_live_range_not_runtime_timing_or_universal_register_lower_bound"
    },
    "adangel_roof_o78_tensor_factor_words_candidate": {
      "symbol": "adangel_roof_o78_tensor_factor_words_candidate",
      "allocated_gpr": 168,
      "loops": [
        {
          "kind": "integer_fallback",
          "begin_pc": "0xd00",
          "end_pc": "0x23f0",
          "static_instructions": 368,
          "max_live_gpr": 162,
          "opcode_counts": {
            "BAR.SYNC.DEFER_BLOCKING": 1,
            "BRA": 2,
            "CALL.REL.NOINC": 1,
            "DEPBAR.LE": 1,
            "IADD3": 13,
            "IADD3.X": 8,
            "IMAD": 132,
            "IMAD.IADD": 6,
            "IMAD.MOV.U32": 1,
            "IMAD.SHL.U32": 25,
            "IMAD.X": 2,
            "IMMA.16864.S4.S4": 32,
            "IMMA.16864.U4.S4": 32,
            "ISETP.GT.U32.AND": 2,
            "ISETP.NE.AND": 1,
            "LDGDEPBAR": 1,
            "LDGSTS.E.BYPASS.128": 10,
            "LDL": 5,
            "LDS": 7,
            "LDS.64": 8,
            "LDSM.16.M88.4": 16,
            "LEA": 8,
            "LEA.HI.X": 2,
            "LOP3.LUT": 4,
            "S2R": 1,
            "SHF.L.U32": 45,
            "SHF.R.U32.HI": 1,
            "WARPSYNC": 1
          }
        },
        {
          "kind": "tensor_factor_integer",
          "begin_pc": "0x4c20",
          "end_pc": "0x6570",
          "static_instructions": 406,
          "max_live_gpr": 166,
          "opcode_counts": {
            "BAR.SYNC.DEFER_BLOCKING": 1,
            "BRA": 2,
            "BSSY": 1,
            "BSYNC": 1,
            "CALL.REL.NOINC": 1,
            "CS2R": 10,
            "DEPBAR.LE": 1,
            "IADD3": 20,
            "IADD3.X": 9,
            "IMAD": 68,
            "IMAD.IADD": 4,
            "IMAD.MOV.U32": 2,
            "IMAD.SHL.U32": 27,
            "IMAD.X": 1,
            "IMMA.16816.U8.U8": 16,
            "IMMA.16864.S4.S4": 32,
            "IMMA.16864.U4.S4": 32,
            "ISETP.GT.U32.AND": 2,
            "ISETP.NE.AND": 2,
            "LDGDEPBAR": 1,
            "LDGSTS.E.BYPASS.128": 10,
            "LDL.LU": 3,
            "LDS": 27,
            "LDSM.16.M88.4": 16,
            "LEA": 8,
            "LEA.HI": 4,
            "LEA.HI.X": 2,
            "LOP3.LUT": 30,
            "MOV": 4,
            "NOP": 6,
            "S2R": 3,
            "SHF.L.U32": 49,
            "SHF.R.U32.HI": 7,
            "STL": 3,
            "WARPSYNC": 1
          }
        },
        {
          "kind": "fp32_fallback",
          "begin_pc": "0x9100",
          "end_pc": "0xac40",
          "static_instructions": 437,
          "max_live_gpr": 162,
          "opcode_counts": {
            "BAR.SYNC.DEFER_BLOCKING": 1,
            "BRA": 2,
            "CALL.REL.NOINC": 1,
            "DEPBAR.LE": 1,
            "FFMA": 64,
            "FMUL": 64,
            "I2F": 64,
            "IADD3": 16,
            "IADD3.X": 7,
            "IMAD": 23,
            "IMAD.SHL.U32": 2,
            "IMAD.U32": 1,
            "IMAD.X": 3,
            "IMMA.16864.S4.S4": 32,
            "IMMA.16864.U4.S4": 32,
            "LDGDEPBAR": 1,
            "LDGSTS.E.BYPASS.128": 10,
            "LDL": 8,
            "LDS": 7,
            "LDS.64": 8,
            "LDSM.16.M88.4": 16,
            "LEA": 49,
            "LEA.HI.X": 2,
            "MOV": 4,
            "PLOP3.LUT": 2,
            "S2R": 1,
            "SHF.L.U32": 1,
            "UIADD3": 1,
            "UIMAD": 2,
            "UISETP.GE.U32.AND": 2,
            "ULDC.64": 1,
            "ULEA": 1,
            "ULOP3.LUT": 4,
            "USHF.L.U32": 4
          }
        }
      ],
      "function_max_live_gpr": 166,
      "cta_threads": 128,
      "interpretation": "static_binary_cost_not_dynamic_work_or_runtime_safety"
    }
  }
}
FAILED: stop this exact-word repair without GPU timing or further packing scans
