layer_00_q_proj o7 conversion_only 0 0.17135103791952133
layer_00_q_proj o7 conversion_only 4 0.11486208438873291
layer_00_q_proj o7 compute_only 4 0.502784013748169
layer_00_q_proj o7 compute_only 0 0.49459201097488403
layer_00_q_proj o7 cold 0 0.6553599834442139
layer_00_q_proj o7 cold 4 0.6246399879455566
layer_00_q_proj o7 steady_state 4 0.5928959846496582
layer_00_q_proj o7 steady_state 0 0.5765119791030884
layer_00_q_proj o8 conversion_only 4 0.12433408200740814
layer_00_q_proj o8 conversion_only 0 0.1476915180683136
layer_00_q_proj o8 compute_only 0 0.4986880123615265
layer_00_q_proj o8 compute_only 4 0.48844799399375916
layer_00_q_proj o8 cold 4 0.6154239773750305
layer_00_q_proj o8 cold 0 0.6461439728736877
layer_00_q_proj o8 steady_state 0 0.5847039818763733
layer_00_q_proj o8 steady_state 4 0.5775359869003296
layer_00_k_proj o7 conversion_only 4 0.11649023368954659
layer_00_k_proj o7 conversion_only 0 0.1721753627061844
layer_00_k_proj o7 compute_only 0 0.5099520087242126
layer_00_k_proj o7 compute_only 4 0.4997119903564453
layer_00_k_proj o7 cold 4 0.6246399879455566
layer_00_k_proj o7 cold 0 0.6712319850921631
layer_00_k_proj o7 steady_state 0 0.5836799740791321
layer_00_k_proj o7 steady_state 4 0.5908480286598206
layer_00_k_proj o8 conversion_only 0 0.14822911471128464
layer_00_k_proj o8 conversion_only 4 0.12575744092464447
layer_00_k_proj o8 compute_only 4 0.5160959959030151
layer_00_k_proj o8 compute_only 0 0.4997119903564453
layer_00_k_proj o8 cold 0 0.6481919884681702
layer_00_k_proj o8 cold 4 0.6297600269317627
layer_00_k_proj o8 steady_state 4 0.5693439841270447
layer_00_k_proj o8 steady_state 0 0.6041600108146667
layer_00_v_proj o7 conversion_only 0 0.1729075163602829
layer_00_v_proj o7 conversion_only 4 0.11709439754486084
layer_00_v_proj o7 compute_only 4 0.5232639908790588
layer_00_v_proj o7 compute_only 0 0.5125119984149933
layer_00_v_proj o7 cold 0 0.6922240257263184
layer_00_v_proj o7 cold 4 0.6425600051879883
layer_00_v_proj o7 steady_state 4 0.596992015838623
layer_00_v_proj o7 steady_state 0 0.6184960007667542
layer_00_v_proj o8 conversion_only 4 0.12665855884552002
layer_00_v_proj o8 conversion_only 0 0.15056896209716797
layer_00_v_proj o8 compute_only 0 0.5171200037002563
layer_00_v_proj o8 compute_only 4 0.5089280009269714
layer_00_v_proj o8 cold 4 0.6379520297050476
layer_00_v_proj o8 cold 0 0.6594560146331787
layer_00_v_proj o8 steady_state 0 0.6133760213851929
layer_00_v_proj o8 steady_state 4 0.5928959846496582
layer_00_o_proj o7 conversion_only 4 0.1181747242808342
layer_00_o_proj o7 conversion_only 0 0.1741619110107422
layer_00_o_proj o7 compute_only 0 0.5253120064735413
layer_00_o_proj o7 compute_only 4 0.506879985332489
layer_00_o_proj o7 cold 4 0.6399999856948853
layer_00_o_proj o7 cold 0 0.6993920207023621
layer_00_o_proj o7 steady_state 0 0.5908480286598206
layer_00_o_proj o7 steady_state 4 0.6062080264091492
layer_00_o_proj o8 conversion_only 0 0.15039488673210144
layer_00_o_proj o8 conversion_only 4 0.12722176313400269
layer_00_o_proj o8 compute_only 4 0.49561598896980286
layer_00_o_proj o8 compute_only 0 0.4997119903564453
layer_00_o_proj o8 cold 0 0.66457599401474
layer_00_o_proj o8 cold 4 0.6543359756469727
layer_00_o_proj o8 steady_state 4 0.5985279977321625
layer_00_o_proj o8 steady_state 0 0.6123520135879517
layer_06_q_proj o7 conversion_only 0 0.17497087270021439
layer_06_q_proj o7 conversion_only 4 0.11840000003576279
layer_06_q_proj o7 compute_only 4 0.5314559936523438
layer_06_q_proj o7 compute_only 0 0.5160959959030151
layer_06_q_proj o7 cold 0 0.6932479739189148
layer_06_q_proj o7 cold 4 0.6594560146331787
layer_06_q_proj o7 steady_state 4 0.6164479851722717
layer_06_q_proj o7 steady_state 0 0.6328319907188416
layer_06_q_proj o8 conversion_only 4 0.12818431854248047
layer_06_q_proj o8 conversion_only 0 0.1526169627904892
layer_06_q_proj o8 compute_only 0 0.5386239886283875
layer_06_q_proj o8 compute_only 4 0.5294079780578613
layer_06_q_proj o8 cold 4 0.6584320068359375
layer_06_q_proj o8 cold 0 0.6850559711456299
layer_06_q_proj o8 steady_state 0 0.6231039762496948
layer_06_q_proj o8 steady_state 4 0.5928959846496582
layer_06_k_proj o7 conversion_only 4 0.11897855997085571
layer_06_k_proj o7 conversion_only 0 0.17487871646881104
layer_06_k_proj o7 compute_only 0 0.5160959959030151
layer_06_k_proj o7 compute_only 4 0.52019202709198
layer_06_k_proj o7 cold 4 0.6574079990386963
layer_06_k_proj o7 cold 0 0.707584023475647
layer_06_k_proj o7 steady_state 0 0.6205440163612366
layer_06_k_proj o7 steady_state 4 0.605184018611908
layer_06_k_proj o8 conversion_only 0 0.1516646444797516
layer_06_k_proj o8 conversion_only 4 0.1290547251701355
layer_06_k_proj o8 compute_only 4 0.5457919836044312
layer_06_k_proj o8 compute_only 0 0.5253120064735413
layer_06_k_proj o8 cold 0 0.6891520023345947
layer_06_k_proj o8 cold 4 0.6799359917640686
layer_06_k_proj o8 steady_state 4 0.611840009689331
layer_06_k_proj o8 steady_state 0 0.5396479964256287
layer_06_v_proj o7 conversion_only 0 0.1743360161781311
layer_06_v_proj o7 conversion_only 4 0.1183948740363121
layer_06_v_proj o7 compute_only 4 0.5283839702606201
layer_06_v_proj o7 compute_only 0 0.5130239725112915
layer_06_v_proj o7 cold 0 0.6983680129051208
layer_06_v_proj o7 cold 4 0.6512640118598938
layer_06_v_proj o7 steady_state 4 0.596992015838623
layer_06_v_proj o7 steady_state 0 0.6062080264091492
layer_06_v_proj o8 conversion_only 4 0.12816384434700012
layer_06_v_proj o8 conversion_only 0 0.1523609608411789
layer_06_v_proj o8 compute_only 0 0.5386239886283875
layer_06_v_proj o8 compute_only 4 0.5396479964256287
layer_06_v_proj o8 cold 4 0.6256639957427979
layer_06_v_proj o8 cold 0 0.6758400201797485
layer_06_v_proj o8 steady_state 0 0.6205440163612366
layer_06_v_proj o8 steady_state 4 0.6082559823989868
layer_06_o_proj o7 conversion_only 4 0.1179903969168663
layer_06_o_proj o7 conversion_only 0 0.17458687722682953
layer_06_o_proj o7 compute_only 0 0.5335040092468262
layer_06_o_proj o7 compute_only 4 0.5273600220680237
layer_06_o_proj o7 cold 4 0.6440960168838501
layer_06_o_proj o7 cold 0 0.6952959895133972
layer_06_o_proj o7 steady_state 0 0.6215680241584778
layer_06_o_proj o7 steady_state 4 0.596992015838623
layer_06_o_proj o8 conversion_only 0 0.15139327198266983
layer_06_o_proj o8 conversion_only 4 0.12873728573322296
layer_06_o_proj o8 compute_only 4 0.5381119847297668
layer_06_o_proj o8 compute_only 0 0.5355520248413086
layer_06_o_proj o8 cold 0 0.6727679967880249
layer_06_o_proj o8 cold 4 0.6737920045852661
layer_06_o_proj o8 steady_state 4 0.6174719929695129
layer_06_o_proj o8 steady_state 0 0.605184018611908
layer_12_q_proj o7 conversion_only 0 0.17424383759498596
layer_12_q_proj o7 conversion_only 4 0.11798015981912613
layer_12_q_proj o7 compute_only 4 0.5314559936523438
layer_12_q_proj o7 compute_only 0 0.5273600220680237
layer_12_q_proj o7 cold 0 0.6891520023345947
layer_12_q_proj o7 cold 4 0.6686720252037048
layer_12_q_proj o7 steady_state 4 0.596992015838623
layer_12_q_proj o7 steady_state 0 0.6343680024147034
layer_12_q_proj o8 conversion_only 4 0.12833791971206665
layer_12_q_proj o8 conversion_only 0 0.152023047208786
layer_12_q_proj o8 compute_only 0 0.5375999808311462
layer_12_q_proj o8 compute_only 4 0.5283839702606201
layer_12_q_proj o8 cold 4 0.6533120274543762
layer_12_q_proj o8 cold 0 0.6860799789428711
layer_12_q_proj o8 steady_state 0 0.6297600269317627
layer_12_q_proj o8 steady_state 4 0.6103039979934692
layer_12_k_proj o7 conversion_only 4 0.11764735355973244
layer_12_k_proj o7 conversion_only 0 0.17417216300964355
layer_12_k_proj o7 compute_only 0 0.5391359925270081
layer_12_k_proj o7 compute_only 4 0.52019202709198
layer_12_k_proj o7 cold 4 0.6430720090866089
layer_12_k_proj o7 cold 0 0.6932479739189148
layer_12_k_proj o7 steady_state 0 0.6256639957427979
layer_12_k_proj o7 steady_state 4 0.5959680080413818
layer_12_k_proj o8 conversion_only 0 0.1511116847395897
layer_12_k_proj o8 conversion_only 4 0.128645122051239
layer_12_k_proj o8 compute_only 4 0.532480001449585
layer_12_k_proj o8 compute_only 0 0.5273600220680237
layer_12_k_proj o8 cold 0 0.6789119839668274
layer_12_k_proj o8 cold 4 0.6727679967880249
layer_12_k_proj o8 steady_state 4 0.6149120032787323
layer_12_k_proj o8 steady_state 0 0.6041600108146667
layer_12_v_proj o7 conversion_only 0 0.174008309841156
layer_12_v_proj o7 conversion_only 4 0.11776512116193771
layer_12_v_proj o7 compute_only 4 0.5242879986763
layer_12_v_proj o7 compute_only 0 0.52019202709198
layer_12_v_proj o7 cold 0 0.6983680129051208
layer_12_v_proj o7 cold 4 0.6696959733963013
layer_12_v_proj o7 steady_state 4 0.596992015838623
layer_12_v_proj o7 steady_state 0 0.6231039762496948
layer_12_v_proj o8 conversion_only 4 0.12834815680980682
layer_12_v_proj o8 conversion_only 0 0.152023047208786
layer_12_v_proj o8 compute_only 0 0.5375999808311462
layer_12_v_proj o8 compute_only 4 0.5283839702606201
layer_12_v_proj o8 cold 4 0.6461439728736877
layer_12_v_proj o8 cold 0 0.6917120218276978
layer_12_v_proj o8 steady_state 0 0.6215680241584778
layer_12_v_proj o8 steady_state 4 0.6164479851722717
layer_12_o_proj o7 conversion_only 4 0.11765248328447342
layer_12_o_proj o7 conversion_only 0 0.17413632571697235
layer_12_o_proj o7 compute_only 0 0.5038080215454102
layer_12_o_proj o7 compute_only 4 0.5089280009269714
layer_12_o_proj o7 cold 4 0.6553599834442139
layer_12_o_proj o7 cold 0 0.6993920207023621
layer_12_o_proj o7 steady_state 0 0.6236159801483154
layer_12_o_proj o7 steady_state 4 0.596992015838623
layer_12_o_proj o8 conversion_only 0 0.15111680328845978
layer_12_o_proj o8 conversion_only 4 0.12891647964715958
layer_12_o_proj o8 compute_only 4 0.536575973033905
layer_12_o_proj o8 compute_only 0 0.5355520248413086
layer_12_o_proj o8 cold 0 0.6727679967880249
layer_12_o_proj o8 cold 4 0.6727679967880249
layer_12_o_proj o8 steady_state 4 0.6164479851722717
layer_12_o_proj o8 steady_state 0 0.5375999808311462
layer_18_q_proj o7 conversion_only 0 0.17405952513217926
layer_18_q_proj o7 conversion_only 4 0.11778047680854797
layer_18_q_proj o7 compute_only 4 0.5242879986763
layer_18_q_proj o7 compute_only 0 0.5109760165214539
layer_18_q_proj o7 cold 0 0.7055360078811646
layer_18_q_proj o7 cold 4 0.6727679967880249
layer_18_q_proj o7 steady_state 4 0.5283839702606201
layer_18_q_proj o7 steady_state 0 0.638975977897644
layer_18_q_proj o8 conversion_only 4 0.1284659132361412
layer_18_q_proj o8 conversion_only 0 0.15201279520988464
layer_18_q_proj o8 compute_only 0 0.5375999808311462
layer_18_q_proj o8 compute_only 4 0.5222399830818176
layer_18_q_proj o8 cold 4 0.6461439728736877
layer_18_q_proj o8 cold 0 0.6932479739189148
layer_18_q_proj o8 steady_state 0 0.6261759996414185
layer_18_q_proj o8 steady_state 4 0.6174719929695129
layer_18_k_proj o7 conversion_only 4 0.11763712763786316
layer_18_k_proj o7 conversion_only 0 0.1741619110107422
layer_18_k_proj o7 compute_only 0 0.5099520087242126
layer_18_k_proj o7 compute_only 4 0.5140479803085327
layer_18_k_proj o7 cold 4 0.6492159962654114
layer_18_k_proj o7 cold 0 0.6952959895133972
layer_18_k_proj o7 steady_state 0 0.6297600269317627
layer_18_k_proj o7 steady_state 4 0.5253120064735413
layer_18_k_proj o8 conversion_only 0 0.15117311477661133
layer_18_k_proj o8 conversion_only 4 0.12874752283096313
layer_18_k_proj o8 compute_only 4 0.5375999808311462
layer_18_k_proj o8 compute_only 0 0.5283839702606201
layer_18_k_proj o8 cold 0 0.6727679967880249
layer_18_k_proj o8 cold 4 0.6717439889907837
layer_18_k_proj o8 steady_state 4 0.611840009689331
layer_18_k_proj o8 steady_state 0 0.6041600108146667
layer_18_v_proj o7 conversion_only 0 0.17416191846132278
layer_18_v_proj o7 conversion_only 4 0.1179187186062336
layer_18_v_proj o7 compute_only 4 0.5263360142707825
layer_18_v_proj o7 compute_only 0 0.5089280009269714
layer_18_v_proj o7 cold 0 0.7065600156784058
layer_18_v_proj o7 cold 4 0.6758400201797485
layer_18_v_proj o7 steady_state 4 0.6225919723510742
layer_18_v_proj o7 steady_state 0 0.6215680241584778
layer_18_v_proj o8 conversion_only 4 0.12845055758953094
layer_18_v_proj o8 conversion_only 0 0.15204863995313644
layer_18_v_proj o8 compute_only 0 0.5447679758071899
layer_18_v_proj o8 compute_only 4 0.5212159752845764
layer_18_v_proj o8 cold 4 0.652288019657135
layer_18_v_proj o8 cold 0 0.6922240257263184
layer_18_v_proj o8 steady_state 0 0.6297600269317627
layer_18_v_proj o8 steady_state 4 0.5928959846496582
layer_18_o_proj o7 conversion_only 4 0.11764735355973244
layer_18_o_proj o7 conversion_only 0 0.1743001565337181
layer_18_o_proj o7 compute_only 0 0.5375999808311462
layer_18_o_proj o7 compute_only 4 0.5212159752845764
layer_18_o_proj o7 cold 4 0.6487039923667908
layer_18_o_proj o7 cold 0 0.7127040028572083
layer_18_o_proj o7 steady_state 0 0.6133760213851929
layer_18_o_proj o7 steady_state 4 0.6190080046653748
layer_18_o_proj o8 conversion_only 0 0.15121407806873322
layer_18_o_proj o8 conversion_only 4 0.1288294494152069
layer_18_o_proj o8 compute_only 4 0.5104640126228333
layer_18_o_proj o8 compute_only 0 0.5171200037002563
layer_18_o_proj o8 cold 0 0.6727679967880249
layer_18_o_proj o8 cold 4 0.6717439889907837
layer_18_o_proj o8 steady_state 4 0.6190080046653748
layer_18_o_proj o8 steady_state 0 0.6236159801483154
layer_24_q_proj o7 conversion_only 0 0.17414142936468124
layer_24_q_proj o7 conversion_only 4 0.11801088228821754
layer_24_q_proj o7 compute_only 4 0.5314559936523438
layer_24_q_proj o7 compute_only 0 0.5273600220680237
layer_24_q_proj o7 cold 0 0.7004160284996033
layer_24_q_proj o7 cold 4 0.6686720252037048
layer_24_q_proj o7 steady_state 4 0.596992015838623
layer_24_q_proj o7 steady_state 0 0.6410239934921265
layer_24_q_proj o8 conversion_only 4 0.12851199507713318
layer_24_q_proj o8 conversion_only 0 0.15201792120933533
layer_24_q_proj o8 compute_only 0 0.5329920053482056
layer_24_q_proj o8 compute_only 4 0.5038080215454102
layer_24_q_proj o8 cold 4 0.6492159962654114
layer_24_q_proj o8 cold 0 0.6922240257263184
layer_24_q_proj o8 steady_state 0 0.6302720010280609
layer_24_q_proj o8 steady_state 4 0.6164479851722717
layer_24_k_proj o7 conversion_only 4 0.11804160103201866
layer_24_k_proj o7 conversion_only 0 0.17422336339950562
layer_24_k_proj o7 compute_only 0 0.5386239886283875
layer_24_k_proj o7 compute_only 4 0.5212159752845764
layer_24_k_proj o7 cold 4 0.6492159962654114
layer_24_k_proj o7 cold 0 0.7045120000839233
layer_24_k_proj o7 steady_state 0 0.6123520135879517
layer_24_k_proj o7 steady_state 4 0.6144000291824341
layer_24_k_proj o8 conversion_only 0 0.1511424034833908
layer_24_k_proj o8 conversion_only 4 0.1287935972213745
layer_24_k_proj o8 compute_only 4 0.5150719881057739
layer_24_k_proj o8 compute_only 0 0.52019202709198
layer_24_k_proj o8 cold 0 0.6732800006866455
layer_24_k_proj o8 cold 4 0.6722559928894043
layer_24_k_proj o8 steady_state 4 0.6184960007667542
layer_24_k_proj o8 steady_state 0 0.6251519918441772
layer_24_v_proj o7 conversion_only 0 0.1734553575515747
layer_24_v_proj o7 conversion_only 4 0.11747327819466591
layer_24_v_proj o7 compute_only 4 0.5263360142707825
layer_24_v_proj o7 compute_only 0 0.506879985332489
layer_24_v_proj o7 cold 0 0.6922240257263184
layer_24_v_proj o7 cold 4 0.6707199811935425
layer_24_v_proj o7 steady_state 4 0.6174719929695129
layer_24_v_proj o7 steady_state 0 0.6113280057907104
layer_24_v_proj o8 conversion_only 4 0.12852224707603455
layer_24_v_proj o8 conversion_only 0 0.152023047208786
layer_24_v_proj o8 compute_only 0 0.5309439897537231
layer_24_v_proj o8 compute_only 4 0.5355520248413086
layer_24_v_proj o8 cold 4 0.5847039818763733
layer_24_v_proj o8 cold 0 0.6840320229530334
layer_24_v_proj o8 steady_state 0 0.6287360191345215
layer_24_v_proj o8 steady_state 4 0.6292480230331421
layer_24_o_proj o7 conversion_only 4 0.11761663854122162
layer_24_o_proj o7 conversion_only 0 0.17417216300964355
layer_24_o_proj o7 compute_only 0 0.5345280170440674
layer_24_o_proj o7 compute_only 4 0.52019202709198
layer_24_o_proj o7 cold 4 0.6492159962654114
layer_24_o_proj o7 cold 0 0.707584023475647
layer_24_o_proj o7 steady_state 0 0.605184018611908
layer_24_o_proj o7 steady_state 4 0.6205439865589142
layer_24_o_proj o8 conversion_only 0 0.15131647139787674
layer_24_o_proj o8 conversion_only 4 0.12898816168308258
layer_24_o_proj o8 compute_only 4 0.5375999808311462
layer_24_o_proj o8 compute_only 0 0.521727979183197
layer_24_o_proj o8 cold 0 0.6666240096092224
layer_24_o_proj o8 cold 4 0.6717439889907837
layer_24_o_proj o8 steady_state 4 0.6144000291824341
layer_24_o_proj o8 steady_state 0 0.6277120113372803
layer_31_q_proj o7 conversion_only 0 0.17380350828170776
layer_31_q_proj o7 conversion_only 4 0.11773952469229698
layer_31_q_proj o7 compute_only 4 0.5242879986763
layer_31_q_proj o7 compute_only 0 0.5130239725112915
layer_31_q_proj o7 cold 0 0.6932479739189148
layer_31_q_proj o7 cold 4 0.6696959733963013
layer_31_q_proj o7 steady_state 4 0.596992015838623
layer_31_q_proj o7 steady_state 0 0.6225919723510742
layer_31_q_proj o8 conversion_only 4 0.12869632244110107
layer_31_q_proj o8 conversion_only 0 0.15204352140426636
layer_31_q_proj o8 compute_only 0 0.5299199819564819
layer_31_q_proj o8 compute_only 4 0.536575973033905
layer_31_q_proj o8 cold 4 0.5847039818763733
layer_31_q_proj o8 cold 0 0.6932479739189148
layer_31_q_proj o8 steady_state 0 0.6338559985160828
layer_31_q_proj o8 steady_state 4 0.632319986820221
layer_31_k_proj o7 conversion_only 4 0.11766272038221359
layer_31_k_proj o7 conversion_only 0 0.1741926372051239
layer_31_k_proj o7 compute_only 0 0.5375999808311462
layer_31_k_proj o7 compute_only 4 0.5212159752845764
layer_31_k_proj o7 cold 4 0.6492159962654114
layer_31_k_proj o7 cold 0 0.707584023475647
layer_31_k_proj o7 steady_state 0 0.605184018611908
layer_31_k_proj o7 steady_state 4 0.6225919723510742
layer_31_k_proj o8 conversion_only 0 0.15115264058113098
layer_31_k_proj o8 conversion_only 4 0.12897279858589172
layer_31_k_proj o8 compute_only 4 0.5160959959030151
layer_31_k_proj o8 compute_only 0 0.52019202709198
layer_31_k_proj o8 cold 0 0.6727679967880249
layer_31_k_proj o8 cold 4 0.66457599401474
layer_31_k_proj o8 steady_state 4 0.6082559823989868
layer_31_k_proj o8 steady_state 0 0.6277120113372803
layer_31_v_proj o7 conversion_only 0 0.1741619110107422
layer_31_v_proj o7 conversion_only 4 0.11744255945086479
layer_31_v_proj o7 compute_only 4 0.5263360142707825
layer_31_v_proj o7 compute_only 0 0.48998400568962097
layer_31_v_proj o7 cold 0 0.6901760101318359
layer_31_v_proj o7 cold 4 0.6681600213050842
layer_31_v_proj o7 steady_state 4 0.6174719929695129
layer_31_v_proj o7 steady_state 0 0.6164479851722717
layer_31_v_proj o8 conversion_only 4 0.12867584824562073
layer_31_v_proj o8 conversion_only 0 0.15213055908679962
layer_31_v_proj o8 compute_only 0 0.5375999808311462
layer_31_v_proj o8 compute_only 4 0.5207040011882782
layer_31_v_proj o8 cold 4 0.6666240096092224
layer_31_v_proj o8 cold 0 0.6912000179290771
layer_31_v_proj o8 steady_state 0 0.6307839751243591
layer_31_v_proj o8 steady_state 4 0.5928959846496582
layer_31_o_proj o7 conversion_only 4 0.11762687563896179
layer_31_o_proj o7 conversion_only 0 0.17418240010738373
layer_31_o_proj o7 compute_only 0 0.5253120064735413
layer_31_o_proj o7 compute_only 4 0.5089280009269714
layer_31_o_proj o7 cold 4 0.6481919884681702
layer_31_o_proj o7 cold 0 0.6860799789428711
layer_31_o_proj o7 steady_state 0 0.6184960007667542
layer_31_o_proj o7 steady_state 4 0.596992015838623
layer_31_o_proj o8 conversion_only 0 0.15139839798212051
layer_31_o_proj o8 conversion_only 4 0.12893185019493103
layer_31_o_proj o8 compute_only 4 0.5447679758071899
layer_31_o_proj o8 compute_only 0 0.5294079780578613
layer_31_o_proj o8 cold 0 0.6727679967880249
layer_31_o_proj o8 cold 4 0.6778880059719086
layer_31_o_proj o8 steady_state 4 0.609279990196228
layer_31_o_proj o8 steady_state 0 0.5375999808311462
FOUR MODE CONVERSION PIPELINE PASSED
