layer_00_q_proj compute_only 0 0.40140798687934875
layer_00_q_proj compute_only 1 0.4485119879245758
layer_00_q_proj compute_only 1 0.43212801218032837
layer_00_q_proj compute_only 0 0.4249599874019623
layer_00_q_proj compute_only 0 0.40140798687934875
layer_00_q_proj compute_only 1 0.45260798931121826
layer_00_k_proj compute_only 1 0.4331519901752472
layer_00_k_proj compute_only 0 0.4270080029964447
layer_00_k_proj compute_only 0 0.4116480052471161
layer_00_k_proj compute_only 1 0.4341759979724884
layer_00_k_proj compute_only 1 0.43724799156188965
layer_00_k_proj compute_only 0 0.41728000342845917
layer_00_v_proj compute_only 0 0.4177919924259186
layer_00_v_proj compute_only 1 0.449535995721817
layer_00_v_proj compute_only 1 0.4485119879245758
layer_00_v_proj compute_only 0 0.4177919924259186
layer_00_v_proj compute_only 0 0.42188799381256104
layer_00_v_proj compute_only 1 0.45977601408958435
layer_00_o_proj compute_only 1 0.4433920085430145
layer_00_o_proj compute_only 0 0.42188799381256104
layer_00_o_proj compute_only 0 0.41676801443099976
layer_00_o_proj compute_only 1 0.45875200629234314
layer_00_o_proj compute_only 1 0.4485119879245758
layer_00_o_proj compute_only 0 0.4270080029964447
layer_06_q_proj compute_only 0 0.4352000057697296
layer_06_q_proj compute_only 1 0.4607999920845032
layer_06_q_proj compute_only 1 0.4618239998817444
layer_06_q_proj compute_only 0 0.4341759979724884
layer_06_q_proj compute_only 0 0.4352000057697296
layer_06_q_proj compute_only 1 0.4607999920845032
layer_06_k_proj compute_only 1 0.45977601408958435
layer_06_k_proj compute_only 0 0.4362240135669708
layer_06_k_proj compute_only 0 0.4341759979724884
layer_06_k_proj compute_only 1 0.46592000126838684
layer_06_k_proj compute_only 1 0.45977601408958435
layer_06_k_proj compute_only 0 0.4341759979724884
layer_06_v_proj compute_only 0 0.43929600715637207
layer_06_v_proj compute_only 1 0.46592000126838684
layer_06_v_proj compute_only 1 0.45977601408958435
layer_06_v_proj compute_only 0 0.4352000057697296
layer_06_v_proj compute_only 0 0.4341759979724884
layer_06_v_proj compute_only 1 0.46694400906562805
layer_06_o_proj compute_only 1 0.4607999920845032
layer_06_o_proj compute_only 0 0.4331519901752472
layer_06_o_proj compute_only 0 0.4341759979724884
layer_06_o_proj compute_only 1 0.4638719856739044
layer_06_o_proj compute_only 1 0.4607999920845032
layer_06_o_proj compute_only 0 0.4341759979724884
layer_12_q_proj compute_only 0 0.43929600715637207
layer_12_q_proj compute_only 1 0.46592000126838684
layer_12_q_proj compute_only 1 0.45977601408958435
layer_12_q_proj compute_only 0 0.4357120096683502
layer_12_q_proj compute_only 0 0.4341759979724884
layer_12_q_proj compute_only 1 0.4638719856739044
layer_12_k_proj compute_only 1 0.45977601408958435
layer_12_k_proj compute_only 0 0.4352000057697296
layer_12_k_proj compute_only 0 0.43827199935913086
layer_12_k_proj compute_only 1 0.4607999920845032
layer_12_k_proj compute_only 1 0.46592000126838684
layer_12_k_proj compute_only 0 0.43724799156188965
layer_12_v_proj compute_only 0 0.4352000057697296
layer_12_v_proj compute_only 1 0.4638719856739044
layer_12_v_proj compute_only 1 0.4628480076789856
layer_12_v_proj compute_only 0 0.43212801218032837
layer_12_v_proj compute_only 0 0.4352000057697296
layer_12_v_proj compute_only 1 0.46489599347114563
layer_12_o_proj compute_only 1 0.4638719856739044
layer_12_o_proj compute_only 0 0.4362240135669708
layer_12_o_proj compute_only 0 0.4341759979724884
layer_12_o_proj compute_only 1 0.4638719856739044
layer_12_o_proj compute_only 1 0.46592000126838684
layer_12_o_proj compute_only 0 0.43929600715637207
layer_18_q_proj compute_only 0 0.4331519901752472
layer_18_q_proj compute_only 1 0.4607999920845032
layer_18_q_proj compute_only 1 0.46694400906562805
layer_18_q_proj compute_only 0 0.4331519901752472
layer_18_q_proj compute_only 0 0.43929600715637207
layer_18_q_proj compute_only 1 0.46592000126838684
layer_18_k_proj compute_only 1 0.46694400906562805
layer_18_k_proj compute_only 0 0.4362240135669708
layer_18_k_proj compute_only 0 0.43929600715637207
layer_18_k_proj compute_only 1 0.45875200629234314
layer_18_k_proj compute_only 1 0.46694400906562805
layer_18_k_proj compute_only 0 0.43724799156188965
layer_18_v_proj compute_only 0 0.43929600715637207
layer_18_v_proj compute_only 1 0.46643200516700745
layer_18_v_proj compute_only 1 0.46592000126838684
layer_18_v_proj compute_only 0 0.43929600715637207
layer_18_v_proj compute_only 0 0.43929600715637207
layer_18_v_proj compute_only 1 0.4628480076789856
layer_18_o_proj compute_only 1 0.46694400906562805
layer_18_o_proj compute_only 0 0.4341759979724884
layer_18_o_proj compute_only 0 0.43929600715637207
layer_18_o_proj compute_only 1 0.46489599347114563
layer_18_o_proj compute_only 1 0.46592000126838684
layer_18_o_proj compute_only 0 0.43929600715637207
layer_24_q_proj compute_only 0 0.4403199851512909
layer_24_q_proj compute_only 1 0.46489599347114563
layer_24_q_proj compute_only 1 0.4679679870605469
layer_24_q_proj compute_only 0 0.43929600715637207
layer_24_q_proj compute_only 0 0.4413439929485321
layer_24_q_proj compute_only 1 0.46592000126838684
layer_24_k_proj compute_only 1 0.46592000126838684
layer_24_k_proj compute_only 0 0.4362240135669708
layer_24_k_proj compute_only 0 0.43929600715637207
layer_24_k_proj compute_only 1 0.46592000126838684
layer_24_k_proj compute_only 1 0.46592000126838684
layer_24_k_proj compute_only 0 0.43929600715637207
layer_24_v_proj compute_only 0 0.43929600715637207
layer_24_v_proj compute_only 1 0.46592000126838684
layer_24_v_proj compute_only 1 0.46592000126838684
layer_24_v_proj compute_only 0 0.43929600715637207
layer_24_v_proj compute_only 0 0.43929600715637207
layer_24_v_proj compute_only 1 0.47206398844718933
layer_24_o_proj compute_only 1 0.4607999920845032
layer_24_o_proj compute_only 0 0.4341759979724884
layer_24_o_proj compute_only 0 0.43929600715637207
layer_24_o_proj compute_only 1 0.46592000126838684
layer_24_o_proj compute_only 1 0.46694400906562805
layer_24_o_proj compute_only 0 0.43929600715637207
layer_31_q_proj compute_only 0 0.43929600715637207
layer_31_q_proj compute_only 1 0.46592000126838684
layer_31_q_proj compute_only 1 0.46592000126838684
layer_31_q_proj compute_only 0 0.43929600715637207
layer_31_q_proj compute_only 0 0.43929600715637207
layer_31_q_proj compute_only 1 0.4638719856739044
layer_31_k_proj compute_only 1 0.46592000126838684
layer_31_k_proj compute_only 0 0.4413439929485321
layer_31_k_proj compute_only 0 0.43929600715637207
layer_31_k_proj compute_only 1 0.46694400906562805
layer_31_k_proj compute_only 1 0.46592000126838684
layer_31_k_proj compute_only 0 0.44441598653793335
layer_31_v_proj compute_only 0 0.4413439929485321
layer_31_v_proj compute_only 1 0.47206398844718933
layer_31_v_proj compute_only 1 0.4679679870605469
layer_31_v_proj compute_only 0 0.44646400213241577
layer_31_v_proj compute_only 0 0.4408319890499115
layer_31_v_proj compute_only 1 0.46694400906562805
layer_31_o_proj compute_only 1 0.46592000126838684
layer_31_o_proj compute_only 0 0.4362240135669708
layer_31_o_proj compute_only 0 0.43929600715637207
layer_31_o_proj compute_only 1 0.4700160026550293
layer_31_o_proj compute_only 1 0.46592000126838684
layer_31_o_proj compute_only 0 0.43929600715637207
