{
  "cost_gate": {
    "passed": false,
    "checks": {
      "work": true,
      "allocation": true,
      "hot_local": false,
      "shorter_independent_chains": true,
      "native_math": true,
      "same_supply": true,
      "same_barrier": true
    },
    "limits": {
      "max_work_ratio": 1.08,
      "max_allocated_gpr": 168,
      "max_hot_local": 0,
      "chains": 32,
      "mma_per_chain": 2,
      "min_chain_peak": 8,
      "mma_each": 32,
      "ldsm": 16,
      "copies": 9,
      "barriers": 1
    },
    "old_static": 323,
    "new_static": 337,
    "work_ratio": 1.043343653250774,
    "scope": "predeclared_compile_gate_not_measured_speedup",
    "control_encoding_unchanged": true
  },
  "liveness": {
    "adangel_roof_o3_grouped_cta_candidate": {
      "symbol": "adangel_roof_o3_grouped_cta_candidate",
      "allocated_gpr": 168,
      "function_max_live_gpr": 166,
      "loops": [
        {
          "kind": "fp32_fallback",
          "begin_pc": "0x1240",
          "end_pc": "0x2a20",
          "static_instructions": 383,
          "max_live_gpr": 162,
          "opcode_counts": {
            "BAR.SYNC.DEFER_BLOCKING": 1,
            "BRA": 4,
            "CALL.REL.NOINC": 1,
            "DEPBAR.LE": 2,
            "FFMA": 64,
            "FSEL": 1,
            "I2F": 64,
            "IADD3": 17,
            "IADD3.X": 9,
            "IMAD": 35,
            "IMAD.SHL.U32": 1,
            "IMAD.U32": 4,
            "IMMA.16864.S4.S4": 32,
            "IMMA.16864.U4.S4": 32,
            "ISETP.NE.AND": 1,
            "LDG.E.U8": 1,
            "LDGDEPBAR": 1,
            "LDGSTS.E.BYPASS.128": 8,
            "LDL": 3,
            "LDS": 3,
            "LDS.64": 8,
            "LDSM.16.M88.4": 16,
            "LEA": 36,
            "LOP3.LUT": 6,
            "MOV": 3,
            "PLOP3.LUT": 3,
            "S2R": 2,
            "SHF.L.U32": 3,
            "SHF.R.U32.HI": 1,
            "STS": 1,
            "UIADD3": 2,
            "UIMAD": 4,
            "UIMAD.WIDE.U32": 2,
            "UISETP.GE.AND": 3,
            "ULDC.64": 1,
            "ULEA": 2,
            "USHF.L.U32": 2,
            "USHF.R.S32.HI": 2,
            "USHF.R.U32.HI": 2
          },
          "peak_pcs": [
            "0x21d0",
            "0x21e0",
            "0x21f0",
            "0x2200",
            "0x2210",
            "0x2220",
            "0x2230",
            "0x2240"
          ]
        },
        {
          "kind": "integer",
          "begin_pc": "0x4d70",
          "end_pc": "0x6190",
          "static_instructions": 323,
          "max_live_gpr": 166,
          "opcode_counts": {
            "BAR.SYNC.DEFER_BLOCKING": 1,
            "BRA": 5,
            "BSSY": 1,
            "BSYNC": 1,
            "CALL.REL.NOINC": 1,
            "DEPBAR.LE": 2,
            "IADD3": 14,
            "IADD3.X": 9,
            "IMAD": 65,
            "IMAD.SHL.U32": 23,
            "IMAD.U32": 3,
            "IMMA.16864.S4.S4": 32,
            "IMMA.16864.U4.S4": 32,
            "LDGDEPBAR": 1,
            "LDGSTS.E.BYPASS.128": 9,
            "LDS": 3,
            "LDS.64": 8,
            "LDSM.16.M88.4": 16,
            "LEA": 6,
            "LEA.HI.X": 1,
            "LOP3.LUT": 4,
            "MOV": 4,
            "PLOP3.LUT": 3,
            "S2R": 2,
            "SHF.L.U32": 44,
            "UIADD3": 6,
            "UIMAD": 6,
            "UISETP.GE.U32.AND": 1,
            "UISETP.GT.U32.AND": 1,
            "UISETP.NE.AND": 1,
            "ULDC.64": 1,
            "ULEA": 2,
            "ULOP3.LUT": 4,
            "UPRMT": 4,
            "USHF.L.U32": 2,
            "USHF.R.S32.HI": 3,
            "USHF.R.U32.HI": 2
          },
          "peak_pcs": [
            "0x56e0",
            "0x56f0",
            "0x5700",
            "0x5710",
            "0x5720",
            "0x5730",
            "0x5740",
            "0x5760"
          ]
        }
      ],
      "cta_threads": 128,
      "register_only_four_cta_limit_per_thread": 128,
      "interpretation": "static_binary_live_range_not_runtime_timing_or_universal_register_lower_bound"
    },
    "adangel_roof_o3_split_weighted_candidate": {
      "symbol": "adangel_roof_o3_split_weighted_candidate",
      "allocated_gpr": 168,
      "function_max_live_gpr": 163,
      "loops": [
        {
          "kind": "fp32_fallback",
          "begin_pc": "0x1260",
          "end_pc": "0x2960",
          "static_instructions": 369,
          "max_live_gpr": 162,
          "opcode_counts": {
            "BAR.SYNC.DEFER_BLOCKING": 1,
            "BRA": 4,
            "CALL.REL.NOINC": 1,
            "DEPBAR.LE": 2,
            "FFMA": 64,
            "FSEL": 1,
            "I2F": 64,
            "IADD3": 14,
            "IADD3.X": 9,
            "IMAD": 13,
            "IMMA.16864.S4.S4": 32,
            "IMMA.16864.U4.S4": 32,
            "ISETP.NE.AND": 1,
            "LDG.E.U8": 1,
            "LDGDEPBAR": 1,
            "LDGSTS.E.BYPASS.128": 8,
            "LDL": 2,
            "LDS": 3,
            "LDS.64": 8,
            "LDSM.16.M88.4": 16,
            "LEA": 57,
            "LOP3.LUT": 2,
            "MOV": 5,
            "PLOP3.LUT": 3,
            "S2R": 1,
            "SHF.L.U32": 2,
            "SHF.R.U32.HI": 1,
            "STS": 1,
            "UIADD3": 2,
            "UIMAD": 4,
            "UIMAD.WIDE.U32": 2,
            "UISETP.GE.AND": 3,
            "ULDC.64": 1,
            "ULEA": 2,
            "USHF.L.U32": 2,
            "USHF.R.S32.HI": 2,
            "USHF.R.U32.HI": 2
          },
          "peak_pcs": [
            "0x1f70",
            "0x1f80",
            "0x1f90",
            "0x1fa0",
            "0x1fb0",
            "0x1fc0",
            "0x1fd0",
            "0x1ff0"
          ]
        },
        {
          "kind": "integer",
          "begin_pc": "0x4c60",
          "end_pc": "0x6160",
          "static_instructions": 337,
          "max_live_gpr": 163,
          "opcode_counts": {
            "BAR.SYNC.DEFER_BLOCKING": 1,
            "BRA": 5,
            "BSSY": 1,
            "BSYNC": 1,
            "CALL.REL.NOINC": 1,
            "DEPBAR.LE": 2,
            "IADD3": 13,
            "IADD3.X": 8,
            "IMAD": 129,
            "IMAD.SHL.U32": 2,
            "IMAD.U32": 2,
            "IMMA.16864.S4.S4": 32,
            "IMMA.16864.U4.S4": 32,
            "LDGDEPBAR": 1,
            "LDGSTS.E.BYPASS.128": 9,
            "LDL": 4,
            "LDS": 3,
            "LDS.64": 8,
            "LDSM.16.M88.4": 16,
            "LEA": 6,
            "LEA.HI.X": 1,
            "LEA.HI.X.SX32": 1,
            "LOP3.LUT": 2,
            "MOV": 3,
            "PLOP3.LUT": 3,
            "S2R": 2,
            "SHF.L.U32": 16,
            "SHF.R.U32.HI": 1,
            "UIADD3": 6,
            "UIMAD": 6,
            "UISETP.GE.U32.AND": 1,
            "UISETP.GT.U32.AND": 1,
            "UISETP.NE.AND": 1,
            "ULDC.64": 1,
            "ULEA": 2,
            "ULOP3.LUT": 4,
            "UPRMT": 4,
            "USHF.L.U32": 2,
            "USHF.R.S32.HI": 2,
            "USHF.R.U32.HI": 2
          },
          "peak_pcs": [
            "0x5870",
            "0x5880"
          ]
        }
      ],
      "cta_threads": 128,
      "register_only_four_cta_limit_per_thread": 128,
      "interpretation": "static_binary_live_range_not_runtime_timing_or_universal_register_lower_bound"
    }
  },
  "chains": {
    "chain_count": 32,
    "mma_per_chain": 2,
    "peak_started_not_finished": 8,
    "scope": "static programmed dataflow, not hardware inflight count"
  }
}
FAILED: no candidate GPU execution or adjacent schedule scan
