ptxas info    : 10 bytes gmem, 80 bytes cmem[4]
ptxas info    : Compiling entry function 'adangel_roof_o3_eight_warp_fullk_candidate' for 'sm_80'
ptxas info    : Function properties for adangel_roof_o3_eight_warp_fullk_candidate
    0 bytes stack frame, 0 bytes spill stores, 0 bytes spill loads
ptxas info    : Used 121 registers, used 1 barriers, 420 bytes cmem[0]
ptxas info    : Compile time = 73.132 ms
ptxas info    : Compiling entry function 'adangel_roof_o3_grouped_cta_candidate' for 'sm_80'
ptxas info    : Function properties for adangel_roof_o3_grouped_cta_candidate
    16 bytes stack frame, 16 bytes spill stores, 16 bytes spill loads
ptxas info    : Used 168 registers, used 1 barriers, 16 bytes cumulative stack size, 420 bytes cmem[0]
ptxas info    : Compile time = 162.050 ms
ptxas info    : Compiling entry function 'adangel_roof_o3_eight_chain_candidate' for 'sm_80'
ptxas info    : Function properties for adangel_roof_o3_eight_chain_candidate
    24 bytes stack frame, 28 bytes spill stores, 28 bytes spill loads
ptxas info    : Used 168 registers, used 1 barriers, 24 bytes cumulative stack size, 420 bytes cmem[0]
ptxas info    : Compile time = 156.928 ms
ptxas info    : Compiling entry function 'adangel_roof_fullk_integer_o78' for 'sm_80'
ptxas info    : Function properties for adangel_roof_fullk_integer_o78
    8 bytes stack frame, 8 bytes spill stores, 8 bytes spill loads
ptxas info    : Used 168 registers, used 1 barriers, 8 bytes cumulative stack size, 404 bytes cmem[0]
ptxas info    : Compile time = 67.625 ms
ptxas info    : Compiling entry function 'adangel_roof_device_factor_o3' for 'sm_80'
ptxas info    : Function properties for adangel_roof_device_factor_o3
    32 bytes stack frame, 52 bytes spill stores, 52 bytes spill loads
ptxas info    : Used 168 registers, used 1 barriers, 32 bytes cumulative stack size, 420 bytes cmem[0]
ptxas info    : Compile time = 157.127 ms
