==WARNING== Note: Running with uncontrolled GPU caches. Profiling results may be inconsistent.
==WARNING== Note: Running with unmodified GPU clocks. If not controlled otherwise, profiling results may be inconsistent.
==PROF== Connected to process 2986352 (/home/zlouyang/miniconda3/envs/adangel-a100/bin/python3.10)
==PROF== Profiling "adangel_roof_o78_eight_chain_candidate": Application replay pass 1
warm O8 profile pass identity/output checks passed 2986352
==PROF== Disconnected from process 2986352
==PROF== Connected to process 2986482 (/home/zlouyang/miniconda3/envs/adangel-a100/bin/python3.10)
==PROF== Profiling "adangel_roof_o78_eight_chain_candidate": Application replay pass 2
warm O8 profile pass identity/output checks passed 2986482
==PROF== Disconnected from process 2986482
==PROF== Connected to process 2986678 (/home/zlouyang/miniconda3/envs/adangel-a100/bin/python3.10)
==PROF== Profiling "adangel_roof_o78_eight_chain_candidate": Application replay pass 3
warm O8 profile pass identity/output checks passed 2986678
==PROF== Disconnected from process 2986678
==PROF== Connected to process 2986882 (/home/zlouyang/miniconda3/envs/adangel-a100/bin/python3.10)
==PROF== Profiling "adangel_roof_o78_eight_chain_candidate": Application replay pass 4
warm O8 profile pass identity/output checks passed 2986882
==PROF== Disconnected from process 2986882
==PROF== Connected to process 2987047 (/home/zlouyang/miniconda3/envs/adangel-a100/bin/python3.10)
==PROF== Profiling "adangel_roof_o78_eight_chain_candidate": Application replay pass 5
warm O8 profile pass identity/output checks passed 2987047
==PROF== Disconnected from process 2987047
==PROF== Connected to process 2987168 (/home/zlouyang/miniconda3/envs/adangel-a100/bin/python3.10)
==PROF== Profiling "adangel_roof_o78_eight_chain_candidate": Application replay pass 6
warm O8 profile pass identity/output checks passed 2987168
==PROF== Disconnected from process 2987168
==PROF== Connected to process 2987374 (/home/zlouyang/miniconda3/envs/adangel-a100/bin/python3.10)
==PROF== Profiling "adangel_roof_o78_eight_chain_candidate": Application replay pass 7
warm O8 profile pass identity/output checks passed 2987374
==PROF== Disconnected from process 2987374
==PROF== Connected to process 2987491 (/home/zlouyang/miniconda3/envs/adangel-a100/bin/python3.10)
==PROF== Profiling "adangel_roof_o78_eight_chain_candidate": Application replay pass 8
warm O8 profile pass identity/output checks passed 2987491
==PROF== Disconnected from process 2987491
==PROF== Connected to process 2987724 (/home/zlouyang/miniconda3/envs/adangel-a100/bin/python3.10)
==PROF== Profiling "adangel_roof_o78_eight_chain_candidate": Application replay pass 9
warm O8 profile pass identity/output checks passed 2987724
==PROF== Disconnected from process 2987724
==PROF== Connected to process 2987907 (/home/zlouyang/miniconda3/envs/adangel-a100/bin/python3.10)
==PROF== Profiling "adangel_roof_o78_eight_chain_candidate": Application replay pass 10
warm O8 profile pass identity/output checks passed 2987907
==PROF== Disconnected from process 2987907
==PROF== Connected to process 2988042 (/home/zlouyang/miniconda3/envs/adangel-a100/bin/python3.10)
==PROF== Profiling "adangel_roof_o78_eight_chain_candidate": Application replay pass 11
warm O8 profile pass identity/output checks passed 2988042
==PROF== Disconnected from process 2988042
==PROF== Connected to process 2988251 (/home/zlouyang/miniconda3/envs/adangel-a100/bin/python3.10)
==PROF== Profiling "adangel_roof_o78_eight_chain_candidate": Application replay pass 12
warm O8 profile pass identity/output checks passed 2988251
==PROF== Disconnected from process 2988251
==PROF== Connected to process 2988425 (/home/zlouyang/miniconda3/envs/adangel-a100/bin/python3.10)
==PROF== Profiling "adangel_roof_o78_eight_chain_candidate": Application replay pass 13
warm O8 profile pass identity/output checks passed 2988425
==PROF== Disconnected from process 2988425
==PROF== Connected to process 2988544 (/home/zlouyang/miniconda3/envs/adangel-a100/bin/python3.10)
==PROF== Profiling "adangel_roof_o78_eight_chain_candidate": Application replay pass 14
warm O8 profile pass identity/output checks passed 2988544
==PROF== Disconnected from process 2988544
==PROF== Connected to process 2988729 (/home/zlouyang/miniconda3/envs/adangel-a100/bin/python3.10)
==PROF== Profiling "adangel_roof_o78_eight_chain_candidate": Application replay pass 15
warm O8 profile pass identity/output checks passed 2988729
==PROF== Disconnected from process 2988729
==PROF== Connected to process 2988874 (/home/zlouyang/miniconda3/envs/adangel-a100/bin/python3.10)
==PROF== Profiling "adangel_roof_o78_eight_chain_candidate": Application replay pass 16
warm O8 profile pass identity/output checks passed 2988874
==PROF== Disconnected from process 2988874
==PROF== Connected to process 2988996 (/home/zlouyang/miniconda3/envs/adangel-a100/bin/python3.10)
==PROF== Profiling "adangel_roof_o78_eight_chain_candidate": Application replay pass 17
warm O8 profile pass identity/output checks passed 2988996
==PROF== Disconnected from process 2988996
==PROF== Connected to process 2989176 (/home/zlouyang/miniconda3/envs/adangel-a100/bin/python3.10)
==PROF== Profiling "adangel_roof_o78_eight_chain_candidate": Application replay pass 18
warm O8 profile pass identity/output checks passed 2989176
==PROF== Disconnected from process 2989176
==PROF== Connected to process 2989292 (/home/zlouyang/miniconda3/envs/adangel-a100/bin/python3.10)
==PROF== Profiling "adangel_roof_o78_eight_chain_candidate": Application replay pass 19
warm O8 profile pass identity/output checks passed 2989292
==PROF== Disconnected from process 2989292
==PROF== Connected to process 2989407 (/home/zlouyang/miniconda3/envs/adangel-a100/bin/python3.10)
==PROF== Profiling "adangel_roof_o78_eight_chain_candidate": Application replay pass 20
warm O8 profile pass identity/output checks passed 2989407
==PROF== Disconnected from process 2989407
==PROF== Connected to process 2989686 (/home/zlouyang/miniconda3/envs/adangel-a100/bin/python3.10)
==PROF== Profiling "adangel_roof_o78_eight_chain_candidate": Application replay pass 21
warm O8 profile pass identity/output checks passed 2989686
==PROF== Disconnected from process 2989686
==PROF== Connected to process 2989842 (/home/zlouyang/miniconda3/envs/adangel-a100/bin/python3.10)
==PROF== Profiling "adangel_roof_o78_eight_chain_candidate": Application replay pass 22
warm O8 profile pass identity/output checks passed 2989842
==PROF== Disconnected from process 2989842
==PROF== Connected to process 2989974 (/home/zlouyang/miniconda3/envs/adangel-a100/bin/python3.10)
==PROF== Profiling "adangel_roof_o78_eight_chain_candidate": Application replay pass 23
warm O8 profile pass identity/output checks passed 2989974
==PROF== Disconnected from process 2989974
==PROF== Connected to process 2990172 (/home/zlouyang/miniconda3/envs/adangel-a100/bin/python3.10)
==PROF== Profiling "adangel_roof_o78_eight_chain_candidate": Application replay pass 24
warm O8 profile pass identity/output checks passed 2990172
==PROF== Disconnected from process 2990172
==PROF== Connected to process 2990287 (/home/zlouyang/miniconda3/envs/adangel-a100/bin/python3.10)
==PROF== Profiling "adangel_roof_o78_eight_chain_candidate": Application replay pass 25
warm O8 profile pass identity/output checks passed 2990287
==PROF== Disconnected from process 2990287
==PROF== Connected to process 2990477 (/home/zlouyang/miniconda3/envs/adangel-a100/bin/python3.10)
==PROF== Profiling "adangel_roof_o78_eight_chain_candidate": Application replay pass 26
warm O8 profile pass identity/output checks passed 2990477
==PROF== Disconnected from process 2990477
==PROF== Connected to process 2990688 (/home/zlouyang/miniconda3/envs/adangel-a100/bin/python3.10)
==PROF== Profiling "adangel_roof_o78_eight_chain_candidate": Application replay pass 27
warm O8 profile pass identity/output checks passed 2990688
==PROF== Disconnected from process 2990688
==PROF== Connected to process 2990829 (/home/zlouyang/miniconda3/envs/adangel-a100/bin/python3.10)
==PROF== Profiling "adangel_roof_o78_eight_chain_candidate": Application replay pass 28
warm O8 profile pass identity/output checks passed 2990829
==PROF== Disconnected from process 2990829
==PROF== Connected to process 2991023 (/home/zlouyang/miniconda3/envs/adangel-a100/bin/python3.10)
==PROF== Profiling "adangel_roof_o78_eight_chain_candidate": Application replay pass 29
warm O8 profile pass identity/output checks passed 2991023
==PROF== Disconnected from process 2991023
==PROF== Connected to process 2991212 (/home/zlouyang/miniconda3/envs/adangel-a100/bin/python3.10)
==PROF== Profiling "adangel_roof_o78_eight_chain_candidate": Application replay pass 30
warm O8 profile pass identity/output checks passed 2991212
==PROF== Disconnected from process 2991212
==PROF== Connected to process 2991343 (/home/zlouyang/miniconda3/envs/adangel-a100/bin/python3.10)
==PROF== Profiling "adangel_roof_o78_eight_chain_candidate": Application replay pass 31
warm O8 profile pass identity/output checks passed 2991343
==PROF== Disconnected from process 2991343
==PROF== Connected to process 2991485 (/home/zlouyang/miniconda3/envs/adangel-a100/bin/python3.10)
==PROF== Profiling "adangel_roof_o78_eight_chain_candidate": Application replay pass 32
warm O8 profile pass identity/output checks passed 2991485
==PROF== Disconnected from process 2991485
==PROF== Connected to process 2991662 (/home/zlouyang/miniconda3/envs/adangel-a100/bin/python3.10)
==PROF== Profiling "adangel_roof_o78_eight_chain_candidate": Application replay pass 33
warm O8 profile pass identity/output checks passed 2991662
==PROF== Disconnected from process 2991662
==PROF== Connected to process 2991788 (/home/zlouyang/miniconda3/envs/adangel-a100/bin/python3.10)
==PROF== Profiling "adangel_roof_o78_eight_chain_candidate": Application replay pass 34
warm O8 profile pass identity/output checks passed 2991788
==PROF== Disconnected from process 2991788
==PROF== Connected to process 2991972 (/home/zlouyang/miniconda3/envs/adangel-a100/bin/python3.10)
==PROF== Profiling "adangel_roof_o78_eight_chain_candidate": Application replay pass 35
warm O8 profile pass identity/output checks passed 2991972
==PROF== Disconnected from process 2991972
==PROF== Connected to process 2992092 (/home/zlouyang/miniconda3/envs/adangel-a100/bin/python3.10)
==PROF== Profiling "adangel_roof_o78_eight_chain_candidate": Application replay pass 36
warm O8 profile pass identity/output checks passed 2992092
==PROF== Disconnected from process 2992092
==PROF== Connected to process 2992208 (/home/zlouyang/miniconda3/envs/adangel-a100/bin/python3.10)
==PROF== Profiling "adangel_roof_o78_eight_chain_candidate": Application replay pass 37
warm O8 profile pass identity/output checks passed 2992208
==PROF== Disconnected from process 2992208
==PROF== Connected to process 2992383 (/home/zlouyang/miniconda3/envs/adangel-a100/bin/python3.10)
==PROF== Profiling "adangel_roof_o78_eight_chain_candidate": Application replay pass 38
warm O8 profile pass identity/output checks passed 2992383
==PROF== Disconnected from process 2992383
==PROF== Connected to process 2992623 (/home/zlouyang/miniconda3/envs/adangel-a100/bin/python3.10)
==PROF== Profiling "adangel_roof_o78_eight_chain_candidate": Application replay pass 39
warm O8 profile pass identity/output checks passed 2992623
==PROF== Disconnected from process 2992623
==PROF== Connected to process 2992759 (/home/zlouyang/miniconda3/envs/adangel-a100/bin/python3.10)
==PROF== Profiling "adangel_roof_o78_eight_chain_candidate": Application replay pass 40
warm O8 profile pass identity/output checks passed 2992759
==PROF== Disconnected from process 2992759
==PROF== Connected to process 2992887 (/home/zlouyang/miniconda3/envs/adangel-a100/bin/python3.10)
==PROF== Profiling "adangel_roof_o78_eight_chain_candidate": Application replay pass 41
warm O8 profile pass identity/output checks passed 2992887
==PROF== Disconnected from process 2992887
==PROF== Connected to process 2993082 (/home/zlouyang/miniconda3/envs/adangel-a100/bin/python3.10)
==PROF== Profiling "adangel_roof_o78_eight_chain_candidate": Application replay pass 42
warm O8 profile pass identity/output checks passed 2993082
==PROF== Disconnected from process 2993082
==PROF== Connected to process 2993241 (/home/zlouyang/miniconda3/envs/adangel-a100/bin/python3.10)
==PROF== Profiling "adangel_roof_o78_eight_chain_candidate": Application replay pass 43
warm O8 profile pass identity/output checks passed 2993241
==PROF== Disconnected from process 2993241
==PROF== Connected to process 2993460 (/home/zlouyang/miniconda3/envs/adangel-a100/bin/python3.10)
==PROF== Profiling "adangel_roof_o78_eight_chain_candidate": Application replay pass 44
warm O8 profile pass identity/output checks passed 2993460
==PROF== Disconnected from process 2993460
==PROF== Connected to process 2993614 (/home/zlouyang/miniconda3/envs/adangel-a100/bin/python3.10)
==PROF== Profiling "adangel_roof_o78_eight_chain_candidate": Application replay pass 45
warm O8 profile pass identity/output checks passed 2993614
==PROF== Disconnected from process 2993614
==PROF== Connected to process 2993797 (/home/zlouyang/miniconda3/envs/adangel-a100/bin/python3.10)
==PROF== Profiling "adangel_roof_o78_eight_chain_candidate": Application replay pass 46
warm O8 profile pass identity/output checks passed 2993797
==PROF== Disconnected from process 2993797
==PROF== Connected to process 2993976 (/home/zlouyang/miniconda3/envs/adangel-a100/bin/python3.10)
==PROF== Profiling "adangel_roof_o78_eight_chain_candidate": Application replay pass 47
warm O8 profile pass identity/output checks passed 2993976
==PROF== Disconnected from process 2993976
==PROF== Connected to process 2994134 (/home/zlouyang/miniconda3/envs/adangel-a100/bin/python3.10)
==PROF== Profiling "adangel_roof_o78_eight_chain_candidate": Application replay pass 48
warm O8 profile pass identity/output checks passed 2994134
==PROF== Disconnected from process 2994134
==PROF== Connected to process 2994268 (/home/zlouyang/miniconda3/envs/adangel-a100/bin/python3.10)
==PROF== Profiling "adangel_roof_o78_eight_chain_candidate": Application replay pass 49
warm O8 profile pass identity/output checks passed 2994268
==PROF== Disconnected from process 2994268
==PROF== Connected to process 2994454 (/home/zlouyang/miniconda3/envs/adangel-a100/bin/python3.10)
==PROF== Profiling "adangel_roof_o78_eight_chain_candidate": Application replay pass 50
warm O8 profile pass identity/output checks passed 2994454
==PROF== Disconnected from process 2994454
==PROF== Creating report from application replay data: 0%..................100%
==PROF== Report: /home/zlouyang/ADAngel_oyzl/reports/o378_roof_v114_o8_warm_ncu/o8_warm.ncu-rep
