{
  "cost_gate": {
    "passed": false,
    "checks": {
      "work": false,
      "allocation": true,
      "hot_local": true,
      "native_math": true,
      "same_supply": true,
      "same_barrier": true,
      "next_A_really_moved": true,
      "useful_tail_work": true
    },
    "limits": {
      "max_work_ratio": 1.05,
      "max_allocated_gpr": 168,
      "max_hot_local": 1,
      "min_actual_cta": 3,
      "mma_each": 32,
      "ldsm": 16,
      "copies": 9,
      "barriers": 1,
      "next_a_loads_after_last_mma": 8,
      "min_weighted_updates_after_first_next_load": 8
    },
    "old_static": 323,
    "new_static": 374,
    "work_ratio": 1.1578947368421053,
    "scope": "predeclared_compile_gate_not_measured_speedup",
    "control_encoding_unchanged": true
  },
  "liveness": {
    "adangel_roof_o3_grouped_cta_candidate": {
      "symbol": "adangel_roof_o3_grouped_cta_candidate",
      "allocated_gpr": 168,
      "function_max_live_gpr": 166,
      "loops": [
        {
          "kind": "fp32_fallback",
          "begin_pc": "0x1240",
          "end_pc": "0x2a20",
          "static_instructions": 383,
          "max_live_gpr": 162,
          "opcode_counts": {
            "BAR.SYNC.DEFER_BLOCKING": 1,
            "BRA": 4,
            "CALL.REL.NOINC": 1,
            "DEPBAR.LE": 2,
            "FFMA": 64,
            "FSEL": 1,
            "I2F": 64,
            "IADD3": 17,
            "IADD3.X": 9,
            "IMAD": 35,
            "IMAD.SHL.U32": 1,
            "IMAD.U32": 4,
            "IMMA.16864.S4.S4": 32,
            "IMMA.16864.U4.S4": 32,
            "ISETP.NE.AND": 1,
            "LDG.E.U8": 1,
            "LDGDEPBAR": 1,
            "LDGSTS.E.BYPASS.128": 8,
            "LDL": 3,
            "LDS": 3,
            "LDS.64": 8,
            "LDSM.16.M88.4": 16,
            "LEA": 36,
            "LOP3.LUT": 6,
            "MOV": 3,
            "PLOP3.LUT": 3,
            "S2R": 2,
            "SHF.L.U32": 3,
            "SHF.R.U32.HI": 1,
            "STS": 1,
            "UIADD3": 2,
            "UIMAD": 4,
            "UIMAD.WIDE.U32": 2,
            "UISETP.GE.AND": 3,
            "ULDC.64": 1,
            "ULEA": 2,
            "USHF.L.U32": 2,
            "USHF.R.S32.HI": 2,
            "USHF.R.U32.HI": 2
          },
          "peak_pcs": [
            "0x21d0",
            "0x21e0",
            "0x21f0",
            "0x2200",
            "0x2210",
            "0x2220",
            "0x2230",
            "0x2240"
          ]
        },
        {
          "kind": "integer",
          "begin_pc": "0x4d70",
          "end_pc": "0x6190",
          "static_instructions": 323,
          "max_live_gpr": 166,
          "opcode_counts": {
            "BAR.SYNC.DEFER_BLOCKING": 1,
            "BRA": 5,
            "BSSY": 1,
            "BSYNC": 1,
            "CALL.REL.NOINC": 1,
            "DEPBAR.LE": 2,
            "IADD3": 14,
            "IADD3.X": 9,
            "IMAD": 65,
            "IMAD.SHL.U32": 23,
            "IMAD.U32": 3,
            "IMMA.16864.S4.S4": 32,
            "IMMA.16864.U4.S4": 32,
            "LDGDEPBAR": 1,
            "LDGSTS.E.BYPASS.128": 9,
            "LDS": 3,
            "LDS.64": 8,
            "LDSM.16.M88.4": 16,
            "LEA": 6,
            "LEA.HI.X": 1,
            "LOP3.LUT": 4,
            "MOV": 4,
            "PLOP3.LUT": 3,
            "S2R": 2,
            "SHF.L.U32": 44,
            "UIADD3": 6,
            "UIMAD": 6,
            "UISETP.GE.U32.AND": 1,
            "UISETP.GT.U32.AND": 1,
            "UISETP.NE.AND": 1,
            "ULDC.64": 1,
            "ULEA": 2,
            "ULOP3.LUT": 4,
            "UPRMT": 4,
            "USHF.L.U32": 2,
            "USHF.R.S32.HI": 3,
            "USHF.R.U32.HI": 2
          },
          "peak_pcs": [
            "0x56e0",
            "0x56f0",
            "0x5700",
            "0x5710",
            "0x5720",
            "0x5730",
            "0x5740",
            "0x5760"
          ]
        }
      ],
      "cta_threads": 128,
      "register_only_four_cta_limit_per_thread": 128,
      "interpretation": "static_binary_live_range_not_runtime_timing_or_universal_register_lower_bound"
    },
    "adangel_roof_o3_crossk_load_candidate": {
      "symbol": "adangel_roof_o3_crossk_load_candidate",
      "allocated_gpr": 168,
      "function_max_live_gpr": 160,
      "loops": [
        {
          "kind": "fp32_fallback",
          "begin_pc": "0x1250",
          "end_pc": "0x29b0",
          "static_instructions": 375,
          "max_live_gpr": 160,
          "opcode_counts": {
            "BAR.SYNC.DEFER_BLOCKING": 1,
            "BRA": 4,
            "CALL.REL.NOINC": 1,
            "DEPBAR.LE": 2,
            "FFMA": 64,
            "FSEL": 1,
            "I2F": 64,
            "IADD3": 16,
            "IADD3.X": 9,
            "IMAD": 35,
            "IMAD.SHL.U32": 1,
            "IMAD.U32": 3,
            "IMMA.16864.S4.S4": 32,
            "IMMA.16864.U4.S4": 32,
            "ISETP.NE.AND": 1,
            "LDG.E.U8": 1,
            "LDGDEPBAR": 1,
            "LDGSTS.E.BYPASS.128": 8,
            "LDL": 3,
            "LDS": 3,
            "LDS.64": 8,
            "LDSM.16.M88.4": 16,
            "LEA": 35,
            "LOP3.LUT": 4,
            "MOV": 1,
            "PLOP3.LUT": 3,
            "S2R": 2,
            "SHF.L.U32": 2,
            "SHF.R.U32.HI": 2,
            "STS": 1,
            "UIADD3": 2,
            "UIMAD": 4,
            "UIMAD.WIDE.U32": 2,
            "UISETP.GE.AND": 3,
            "ULDC": 1,
            "ULEA": 2,
            "USHF.L.U32": 1,
            "USHF.R.S32.HI": 2,
            "USHF.R.U32.HI": 2
          },
          "peak_pcs": [
            "0x2050",
            "0x2060",
            "0x2070",
            "0x2080",
            "0x2090",
            "0x20a0",
            "0x20b0",
            "0x20c0",
            "0x20d0",
            "0x2190",
            "0x21a0",
            "0x21b0",
            "0x21c0",
            "0x21d0",
            "0x21e0",
            "0x21f0",
            "0x2200",
            "0x2210",
            "0x2220",
            "0x2230"
          ]
        },
        {
          "kind": "integer",
          "begin_pc": "0x4c50",
          "end_pc": "0x63a0",
          "static_instructions": 374,
          "max_live_gpr": 153,
          "opcode_counts": {
            "BAR.SYNC.DEFER_BLOCKING": 1,
            "BRA": 6,
            "BSSY": 1,
            "BSYNC": 1,
            "CALL.REL.NOINC": 1,
            "DEPBAR.LE": 2,
            "IADD3": 18,
            "IADD3.X": 9,
            "IMAD": 67,
            "IMAD.IADD": 1,
            "IMAD.SHL.U32": 26,
            "IMAD.U32": 1,
            "IMMA.16864.S4.S4": 32,
            "IMMA.16864.U4.S4": 32,
            "LDGDEPBAR": 1,
            "LDGSTS.E.BYPASS.128": 9,
            "LDS": 3,
            "LDS.64": 8,
            "LDSM.16.M88.4": 16,
            "LEA": 4,
            "LEA.HI": 2,
            "LEA.HI.X": 1,
            "LOP3.LUT": 21,
            "MOV": 8,
            "PLOP3.LUT": 4,
            "S2R": 8,
            "SHF.L.U32": 50,
            "SHF.R.U32.HI": 3,
            "UIADD3": 7,
            "UIMAD": 7,
            "UIMAD.WIDE.U32": 1,
            "UISETP.GE.U32.AND": 1,
            "UISETP.GT.U32.AND": 2,
            "UISETP.NE.AND": 1,
            "ULDC.64": 1,
            "ULEA": 2,
            "ULOP3.LUT": 4,
            "UPRMT": 4,
            "USHF.L.U32": 2,
            "USHF.R.S32.HI": 3,
            "USHF.R.U32.HI": 3
          },
          "peak_pcs": [
            "0x6160",
            "0x6170"
          ]
        }
      ],
      "cta_threads": 128,
      "register_only_four_cta_limit_per_thread": 128,
      "interpretation": "static_binary_live_range_not_runtime_timing_or_universal_register_lower_bound"
    }
  },
  "next_A_loads": 8,
  "later_weighted_updates": 32
}
FAILED: no candidate GPU execution or adjacent schedule scan
