{
  "passed": true,
  "strict_passed": false,
  "policy": "spill_warnings_isa_required",
  "functions": [
    {
      "symbol": "_ZN40_GLOBAL__N__7f9b572e_8_o1_o3_cu_ac14f08f27adangel_sm80_roof_candidateILb1ELb0ELi17EEEvPKhS2_PKfS2_Pfiii",
      "checks": {
        "resource_metadata_present": true,
        "sass_async": true,
        "sass_no_local": false,
        "resource_no_local": true,
        "resource_no_stack": false,
        "ptx_async": true,
        "sass_u4s4": true,
        "sass_s4s4": true,
        "sass_no_int8": true,
        "ptx_u4s4": true,
        "ptx_s4s4": true,
        "pipeline_ptx_wait_one": true,
        "pipeline_ptx_drain": true,
        "pipeline_sass_wait_one": true,
        "pipeline_sass_drain": true
      },
      "passed": true,
      "strict_passed": false,
      "errors": [],
      "warnings": [
        "sass_no_local",
        "resource_no_stack"
      ],
      "resource": "Function _ZN40_GLOBAL__N__7f9b572e_8_o1_o3_cu_ac14f08f27adangel_sm80_roof_candidateILb1ELb0ELi17EEEvPKhS2_PKfS2_Pfiii:\n  REG:80 STACK:144 SHARED:0 LOCAL:0 CONSTANT[0]:404 TEXTURE:0 SURFACE:0 SAMPLER:0",
      "instruction_counts": {
        "I2F": 32,
        "FADD": 0,
        "FMUL": 32,
        "FFMA": 32,
        "IMAD": 230,
        "IADD3": 83,
        "IMMA": 32,
        "BMMA": 0,
        "LDSM": 12,
        "LDGSTS": 12,
        "LDL": 83,
        "STL": 75,
        "STG64": 16,
        "LDG_U16": 0
      }
    },
    {
      "symbol": "_ZN40_GLOBAL__N__7f9b572e_8_o1_o3_cu_ac14f08f27adangel_sm80_roof_candidateILb0ELb0ELi17EEEvPKhS2_PKfS2_Pfiii",
      "checks": {
        "resource_metadata_present": true,
        "sass_async": true,
        "sass_no_local": false,
        "resource_no_local": true,
        "resource_no_stack": false,
        "ptx_async": true,
        "sass_u4s4": true,
        "sass_s4s4": true,
        "sass_no_int8": true,
        "ptx_u4s4": true,
        "ptx_s4s4": true,
        "pipeline_ptx_wait_one": true,
        "pipeline_ptx_drain": true,
        "pipeline_sass_wait_one": true,
        "pipeline_sass_drain": true
      },
      "passed": true,
      "strict_passed": false,
      "errors": [],
      "warnings": [
        "sass_no_local",
        "resource_no_stack"
      ],
      "resource": "Function _ZN40_GLOBAL__N__7f9b572e_8_o1_o3_cu_ac14f08f27adangel_sm80_roof_candidateILb0ELb0ELi17EEEvPKhS2_PKfS2_Pfiii:\n  REG:80 STACK:144 SHARED:0 LOCAL:0 CONSTANT[0]:404 TEXTURE:0 SURFACE:0 SAMPLER:0",
      "instruction_counts": {
        "I2F": 32,
        "FADD": 0,
        "FMUL": 32,
        "FFMA": 32,
        "IMAD": 227,
        "IADD3": 91,
        "IMMA": 32,
        "BMMA": 0,
        "LDSM": 12,
        "LDGSTS": 12,
        "LDL": 84,
        "STL": 76,
        "STG64": 16,
        "LDG_U16": 0
      }
    },
    {
      "symbol": "_ZN40_GLOBAL__N__7f9b572e_8_o1_o3_cu_ac14f08f27adangel_sm80_roof_candidateILb0ELb1ELi17EEEvPKhS2_PKfS2_Pfiii",
      "checks": {
        "resource_metadata_present": true,
        "sass_async": true,
        "sass_no_local": false,
        "resource_no_local": true,
        "resource_no_stack": false,
        "ptx_async": true,
        "sass_u4s4": true,
        "sass_s4s4": true,
        "sass_no_int8": true,
        "ptx_u4s4": true,
        "ptx_s4s4": true,
        "pipeline_ptx_wait_one": true,
        "pipeline_ptx_drain": true,
        "pipeline_sass_wait_one": true,
        "pipeline_sass_drain": true
      },
      "passed": true,
      "strict_passed": false,
      "errors": [],
      "warnings": [
        "sass_no_local",
        "resource_no_stack"
      ],
      "resource": "Function _ZN40_GLOBAL__N__7f9b572e_8_o1_o3_cu_ac14f08f27adangel_sm80_roof_candidateILb0ELb1ELi17EEEvPKhS2_PKfS2_Pfiii:\n  REG:80 STACK:144 SHARED:0 LOCAL:0 CONSTANT[0]:404 TEXTURE:0 SURFACE:0 SAMPLER:0",
      "instruction_counts": {
        "I2F": 32,
        "FADD": 0,
        "FMUL": 0,
        "FFMA": 32,
        "IMAD": 256,
        "IADD3": 92,
        "IMMA": 32,
        "BMMA": 0,
        "LDSM": 12,
        "LDGSTS": 12,
        "LDL": 84,
        "STL": 76,
        "STG64": 16,
        "LDG_U16": 0
      }
    },
    {
      "symbol": "_ZN40_GLOBAL__N__7f9b572e_8_o1_o3_cu_ac14f08f27adangel_sm80_roof_candidateILb1ELb0ELi16EEEvPKhS2_PKfS2_Pfiii",
      "checks": {
        "resource_metadata_present": true,
        "sass_async": true,
        "sass_no_local": false,
        "resource_no_local": true,
        "resource_no_stack": false,
        "ptx_async": true,
        "sass_u4s4": true,
        "sass_s4s4": true,
        "sass_no_int8": true,
        "ptx_u4s4": true,
        "ptx_s4s4": true,
        "pipeline_ptx_wait_one": true,
        "pipeline_ptx_drain": true,
        "pipeline_sass_wait_one": true,
        "pipeline_sass_drain": true
      },
      "passed": true,
      "strict_passed": false,
      "errors": [],
      "warnings": [
        "sass_no_local",
        "resource_no_stack"
      ],
      "resource": "Function _ZN40_GLOBAL__N__7f9b572e_8_o1_o3_cu_ac14f08f27adangel_sm80_roof_candidateILb1ELb0ELi16EEEvPKhS2_PKfS2_Pfiii:\n  REG:80 STACK:96 SHARED:0 LOCAL:0 CONSTANT[0]:404 TEXTURE:0 SURFACE:0 SAMPLER:0",
      "instruction_counts": {
        "I2F": 32,
        "FADD": 0,
        "FMUL": 32,
        "FFMA": 32,
        "IMAD": 377,
        "IADD3": 122,
        "IMMA": 32,
        "BMMA": 0,
        "LDSM": 12,
        "LDGSTS": 12,
        "LDL": 149,
        "STL": 128,
        "STG64": 16,
        "LDG_U16": 0
      }
    },
    {
      "symbol": "_ZN40_GLOBAL__N__7f9b572e_8_o1_o3_cu_ac14f08f27adangel_sm80_roof_candidateILb0ELb0ELi16EEEvPKhS2_PKfS2_Pfiii",
      "checks": {
        "resource_metadata_present": true,
        "sass_async": true,
        "sass_no_local": false,
        "resource_no_local": true,
        "resource_no_stack": false,
        "ptx_async": true,
        "sass_u4s4": true,
        "sass_s4s4": true,
        "sass_no_int8": true,
        "ptx_u4s4": true,
        "ptx_s4s4": true,
        "pipeline_ptx_wait_one": true,
        "pipeline_ptx_drain": true,
        "pipeline_sass_wait_one": true,
        "pipeline_sass_drain": true
      },
      "passed": true,
      "strict_passed": false,
      "errors": [],
      "warnings": [
        "sass_no_local",
        "resource_no_stack"
      ],
      "resource": "Function _ZN40_GLOBAL__N__7f9b572e_8_o1_o3_cu_ac14f08f27adangel_sm80_roof_candidateILb0ELb0ELi16EEEvPKhS2_PKfS2_Pfiii:\n  REG:80 STACK:112 SHARED:0 LOCAL:0 CONSTANT[0]:404 TEXTURE:0 SURFACE:0 SAMPLER:0",
      "instruction_counts": {
        "I2F": 32,
        "FADD": 0,
        "FMUL": 32,
        "FFMA": 32,
        "IMAD": 369,
        "IADD3": 129,
        "IMMA": 32,
        "BMMA": 0,
        "LDSM": 12,
        "LDGSTS": 12,
        "LDL": 152,
        "STL": 131,
        "STG64": 16,
        "LDG_U16": 0
      }
    },
    {
      "symbol": "_ZN40_GLOBAL__N__7f9b572e_8_o1_o3_cu_ac14f08f27adangel_sm80_roof_candidateILb0ELb1ELi16EEEvPKhS2_PKfS2_Pfiii",
      "checks": {
        "resource_metadata_present": true,
        "sass_async": true,
        "sass_no_local": false,
        "resource_no_local": true,
        "resource_no_stack": false,
        "ptx_async": true,
        "sass_u4s4": true,
        "sass_s4s4": true,
        "sass_no_int8": true,
        "ptx_u4s4": true,
        "ptx_s4s4": true,
        "pipeline_ptx_wait_one": true,
        "pipeline_ptx_drain": true,
        "pipeline_sass_wait_one": true,
        "pipeline_sass_drain": true
      },
      "passed": true,
      "strict_passed": false,
      "errors": [],
      "warnings": [
        "sass_no_local",
        "resource_no_stack"
      ],
      "resource": "Function _ZN40_GLOBAL__N__7f9b572e_8_o1_o3_cu_ac14f08f27adangel_sm80_roof_candidateILb0ELb1ELi16EEEvPKhS2_PKfS2_Pfiii:\n  REG:80 STACK:112 SHARED:0 LOCAL:0 CONSTANT[0]:404 TEXTURE:0 SURFACE:0 SAMPLER:0",
      "instruction_counts": {
        "I2F": 32,
        "FADD": 0,
        "FMUL": 0,
        "FFMA": 32,
        "IMAD": 398,
        "IADD3": 129,
        "IMMA": 32,
        "BMMA": 0,
        "LDSM": 12,
        "LDGSTS": 12,
        "LDL": 152,
        "STL": 131,
        "STG64": 16,
        "LDG_U16": 0
      }
    },
    {
      "symbol": "_ZN40_GLOBAL__N__7f9b572e_8_o1_o3_cu_ac14f08f27adangel_sm80_roof_candidateILb1ELb0ELi10EEEvPKhS2_PKfS2_Pfiii",
      "checks": {
        "resource_metadata_present": true,
        "sass_async": true,
        "sass_no_local": false,
        "resource_no_local": true,
        "resource_no_stack": false,
        "ptx_async": true,
        "sass_u4s4": true,
        "sass_s4s4": true,
        "sass_no_int8": true,
        "ptx_u4s4": true,
        "ptx_s4s4": true
      },
      "passed": true,
      "strict_passed": false,
      "errors": [],
      "warnings": [
        "sass_no_local",
        "resource_no_stack"
      ],
      "resource": "Function _ZN40_GLOBAL__N__7f9b572e_8_o1_o3_cu_ac14f08f27adangel_sm80_roof_candidateILb1ELb0ELi10EEEvPKhS2_PKfS2_Pfiii:\n  REG:72 STACK:96 SHARED:0 LOCAL:0 CONSTANT[0]:404 TEXTURE:0 SURFACE:0 SAMPLER:0",
      "instruction_counts": {
        "I2F": 16,
        "FADD": 0,
        "FMUL": 16,
        "FFMA": 16,
        "IMAD": 221,
        "IADD3": 92,
        "IMMA": 16,
        "BMMA": 0,
        "LDSM": 8,
        "LDGSTS": 6,
        "LDL": 74,
        "STL": 66,
        "STG64": 8,
        "LDG_U16": 0
      }
    },
    {
      "symbol": "_ZN40_GLOBAL__N__7f9b572e_8_o1_o3_cu_ac14f08f27adangel_sm80_roof_candidateILb0ELb0ELi10EEEvPKhS2_PKfS2_Pfiii",
      "checks": {
        "resource_metadata_present": true,
        "sass_async": true,
        "sass_no_local": false,
        "resource_no_local": true,
        "resource_no_stack": false,
        "ptx_async": true,
        "sass_u4s4": true,
        "sass_s4s4": true,
        "sass_no_int8": true,
        "ptx_u4s4": true,
        "ptx_s4s4": true
      },
      "passed": true,
      "strict_passed": false,
      "errors": [],
      "warnings": [
        "sass_no_local",
        "resource_no_stack"
      ],
      "resource": "Function _ZN40_GLOBAL__N__7f9b572e_8_o1_o3_cu_ac14f08f27adangel_sm80_roof_candidateILb0ELb0ELi10EEEvPKhS2_PKfS2_Pfiii:\n  REG:72 STACK:96 SHARED:0 LOCAL:0 CONSTANT[0]:404 TEXTURE:0 SURFACE:0 SAMPLER:0",
      "instruction_counts": {
        "I2F": 16,
        "FADD": 0,
        "FMUL": 16,
        "FFMA": 16,
        "IMAD": 192,
        "IADD3": 61,
        "IMMA": 16,
        "BMMA": 0,
        "LDSM": 8,
        "LDGSTS": 6,
        "LDL": 74,
        "STL": 66,
        "STG64": 8,
        "LDG_U16": 0
      }
    },
    {
      "symbol": "_ZN40_GLOBAL__N__7f9b572e_8_o1_o3_cu_ac14f08f27adangel_sm80_roof_candidateILb0ELb1ELi10EEEvPKhS2_PKfS2_Pfiii",
      "checks": {
        "resource_metadata_present": true,
        "sass_async": true,
        "sass_no_local": false,
        "resource_no_local": true,
        "resource_no_stack": false,
        "ptx_async": true,
        "sass_u4s4": true,
        "sass_s4s4": true,
        "sass_no_int8": true,
        "ptx_u4s4": true,
        "ptx_s4s4": true
      },
      "passed": true,
      "strict_passed": false,
      "errors": [],
      "warnings": [
        "sass_no_local",
        "resource_no_stack"
      ],
      "resource": "Function _ZN40_GLOBAL__N__7f9b572e_8_o1_o3_cu_ac14f08f27adangel_sm80_roof_candidateILb0ELb1ELi10EEEvPKhS2_PKfS2_Pfiii:\n  REG:72 STACK:96 SHARED:0 LOCAL:0 CONSTANT[0]:404 TEXTURE:0 SURFACE:0 SAMPLER:0",
      "instruction_counts": {
        "I2F": 16,
        "FADD": 0,
        "FMUL": 0,
        "FFMA": 16,
        "IMAD": 206,
        "IADD3": 61,
        "IMMA": 16,
        "BMMA": 0,
        "LDSM": 8,
        "LDGSTS": 6,
        "LDL": 74,
        "STL": 66,
        "STG64": 8,
        "LDG_U16": 0
      }
    },
    {
      "symbol": "_ZN40_GLOBAL__N__7f9b572e_8_o1_o3_cu_ac14f08f27adangel_sm80_roof_candidateILb1ELb0ELi9EEEvPKhS2_PKfS2_Pfiii",
      "checks": {
        "resource_metadata_present": true,
        "sass_async": true,
        "sass_no_local": false,
        "resource_no_local": true,
        "resource_no_stack": false,
        "ptx_async": true,
        "sass_u4s4": true,
        "sass_s4s4": true,
        "sass_no_int8": true,
        "ptx_u4s4": true,
        "ptx_s4s4": true
      },
      "passed": true,
      "strict_passed": false,
      "errors": [],
      "warnings": [
        "sass_no_local",
        "resource_no_stack"
      ],
      "resource": "Function _ZN40_GLOBAL__N__7f9b572e_8_o1_o3_cu_ac14f08f27adangel_sm80_roof_candidateILb1ELb0ELi9EEEvPKhS2_PKfS2_Pfiii:\n  REG:80 STACK:1616 SHARED:0 LOCAL:0 CONSTANT[0]:404 TEXTURE:0 SURFACE:0 SAMPLER:0",
      "instruction_counts": {
        "I2F": 32,
        "FADD": 0,
        "FMUL": 17,
        "FFMA": 17,
        "IMAD": 2186,
        "IADD3": 717,
        "IMMA": 32,
        "BMMA": 0,
        "LDSM": 16,
        "LDGSTS": 12,
        "LDL": 1280,
        "STL": 1045,
        "STG64": 8,
        "LDG_U16": 0
      }
    },
    {
      "symbol": "_ZN40_GLOBAL__N__7f9b572e_8_o1_o3_cu_ac14f08f27adangel_sm80_roof_candidateILb0ELb0ELi9EEEvPKhS2_PKfS2_Pfiii",
      "checks": {
        "resource_metadata_present": true,
        "sass_async": true,
        "sass_no_local": false,
        "resource_no_local": true,
        "resource_no_stack": false,
        "ptx_async": true,
        "sass_u4s4": true,
        "sass_s4s4": true,
        "sass_no_int8": true,
        "ptx_u4s4": true,
        "ptx_s4s4": true
      },
      "passed": true,
      "strict_passed": false,
      "errors": [],
      "warnings": [
        "sass_no_local",
        "resource_no_stack"
      ],
      "resource": "Function _ZN40_GLOBAL__N__7f9b572e_8_o1_o3_cu_ac14f08f27adangel_sm80_roof_candidateILb0ELb0ELi9EEEvPKhS2_PKfS2_Pfiii:\n  REG:80 STACK:1728 SHARED:0 LOCAL:0 CONSTANT[0]:404 TEXTURE:0 SURFACE:0 SAMPLER:0",
      "instruction_counts": {
        "I2F": 32,
        "FADD": 0,
        "FMUL": 17,
        "FFMA": 17,
        "IMAD": 2164,
        "IADD3": 711,
        "IMMA": 32,
        "BMMA": 0,
        "LDSM": 16,
        "LDGSTS": 12,
        "LDL": 1293,
        "STL": 1061,
        "STG64": 8,
        "LDG_U16": 0
      }
    },
    {
      "symbol": "_ZN40_GLOBAL__N__7f9b572e_8_o1_o3_cu_ac14f08f27adangel_sm80_roof_candidateILb0ELb1ELi9EEEvPKhS2_PKfS2_Pfiii",
      "checks": {
        "resource_metadata_present": true,
        "sass_async": true,
        "sass_no_local": false,
        "resource_no_local": true,
        "resource_no_stack": false,
        "ptx_async": true,
        "sass_u4s4": true,
        "sass_s4s4": true,
        "sass_no_int8": true,
        "ptx_u4s4": true,
        "ptx_s4s4": true
      },
      "passed": true,
      "strict_passed": false,
      "errors": [],
      "warnings": [
        "sass_no_local",
        "resource_no_stack"
      ],
      "resource": "Function _ZN40_GLOBAL__N__7f9b572e_8_o1_o3_cu_ac14f08f27adangel_sm80_roof_candidateILb0ELb1ELi9EEEvPKhS2_PKfS2_Pfiii:\n  REG:80 STACK:1728 SHARED:0 LOCAL:0 CONSTANT[0]:404 TEXTURE:0 SURFACE:0 SAMPLER:0",
      "instruction_counts": {
        "I2F": 32,
        "FADD": 0,
        "FMUL": 0,
        "FFMA": 17,
        "IMAD": 2222,
        "IADD3": 711,
        "IMMA": 32,
        "BMMA": 0,
        "LDSM": 16,
        "LDGSTS": 12,
        "LDL": 1293,
        "STL": 1061,
        "STG64": 8,
        "LDG_U16": 0
      }
    },
    {
      "symbol": "_ZN40_GLOBAL__N__7f9b572e_8_o1_o3_cu_ac14f08f27adangel_sm80_roof_candidateILb1ELb0ELi8EEEvPKhS2_PKfS2_Pfiii",
      "checks": {
        "resource_metadata_present": true,
        "sass_async": true,
        "sass_no_local": false,
        "resource_no_local": true,
        "resource_no_stack": false,
        "ptx_async": true,
        "sass_u4s4": true,
        "sass_s4s4": true,
        "sass_no_int8": true,
        "ptx_u4s4": true,
        "ptx_s4s4": true
      },
      "passed": true,
      "strict_passed": false,
      "errors": [],
      "warnings": [
        "sass_no_local",
        "resource_no_stack"
      ],
      "resource": "Function _ZN40_GLOBAL__N__7f9b572e_8_o1_o3_cu_ac14f08f27adangel_sm80_roof_candidateILb1ELb0ELi8EEEvPKhS2_PKfS2_Pfiii:\n  REG:64 STACK:1664 SHARED:0 LOCAL:0 CONSTANT[0]:404 TEXTURE:0 SURFACE:0 SAMPLER:0",
      "instruction_counts": {
        "I2F": 32,
        "FADD": 0,
        "FMUL": 17,
        "FFMA": 17,
        "IMAD": 2234,
        "IADD3": 694,
        "IMMA": 32,
        "BMMA": 0,
        "LDSM": 16,
        "LDGSTS": 8,
        "LDL": 1284,
        "STL": 1049,
        "STG64": 8,
        "LDG_U16": 0
      }
    },
    {
      "symbol": "_ZN40_GLOBAL__N__7f9b572e_8_o1_o3_cu_ac14f08f27adangel_sm80_roof_candidateILb0ELb0ELi8EEEvPKhS2_PKfS2_Pfiii",
      "checks": {
        "resource_metadata_present": true,
        "sass_async": true,
        "sass_no_local": false,
        "resource_no_local": true,
        "resource_no_stack": false,
        "ptx_async": true,
        "sass_u4s4": true,
        "sass_s4s4": true,
        "sass_no_int8": true,
        "ptx_u4s4": true,
        "ptx_s4s4": true
      },
      "passed": true,
      "strict_passed": false,
      "errors": [],
      "warnings": [
        "sass_no_local",
        "resource_no_stack"
      ],
      "resource": "Function _ZN40_GLOBAL__N__7f9b572e_8_o1_o3_cu_ac14f08f27adangel_sm80_roof_candidateILb0ELb0ELi8EEEvPKhS2_PKfS2_Pfiii:\n  REG:64 STACK:1776 SHARED:0 LOCAL:0 CONSTANT[0]:404 TEXTURE:0 SURFACE:0 SAMPLER:0",
      "instruction_counts": {
        "I2F": 32,
        "FADD": 0,
        "FMUL": 17,
        "FFMA": 17,
        "IMAD": 2087,
        "IADD3": 673,
        "IMMA": 32,
        "BMMA": 0,
        "LDSM": 16,
        "LDGSTS": 8,
        "LDL": 1301,
        "STL": 1067,
        "STG64": 8,
        "LDG_U16": 0
      }
    },
    {
      "symbol": "_ZN40_GLOBAL__N__7f9b572e_8_o1_o3_cu_ac14f08f27adangel_sm80_roof_candidateILb0ELb1ELi8EEEvPKhS2_PKfS2_Pfiii",
      "checks": {
        "resource_metadata_present": true,
        "sass_async": true,
        "sass_no_local": false,
        "resource_no_local": true,
        "resource_no_stack": false,
        "ptx_async": true,
        "sass_u4s4": true,
        "sass_s4s4": true,
        "sass_no_int8": true,
        "ptx_u4s4": true,
        "ptx_s4s4": true
      },
      "passed": true,
      "strict_passed": false,
      "errors": [],
      "warnings": [
        "sass_no_local",
        "resource_no_stack"
      ],
      "resource": "Function _ZN40_GLOBAL__N__7f9b572e_8_o1_o3_cu_ac14f08f27adangel_sm80_roof_candidateILb0ELb1ELi8EEEvPKhS2_PKfS2_Pfiii:\n  REG:64 STACK:1776 SHARED:0 LOCAL:0 CONSTANT[0]:404 TEXTURE:0 SURFACE:0 SAMPLER:0",
      "instruction_counts": {
        "I2F": 32,
        "FADD": 0,
        "FMUL": 0,
        "FFMA": 17,
        "IMAD": 2155,
        "IADD3": 691,
        "IMMA": 32,
        "BMMA": 0,
        "LDSM": 16,
        "LDGSTS": 8,
        "LDL": 1301,
        "STL": 1067,
        "STG64": 8,
        "LDG_U16": 0
      }
    },
    {
      "symbol": "_ZN40_GLOBAL__N__7f9b572e_8_o1_o3_cu_ac14f08f27adangel_sm80_roof_candidateILb1ELb0ELi7EEEvPKhS2_PKfS2_Pfiii",
      "checks": {
        "resource_metadata_present": true,
        "sass_async": true,
        "sass_no_local": false,
        "resource_no_local": true,
        "resource_no_stack": false,
        "ptx_async": true,
        "sass_u4s4": true,
        "sass_s4s4": true,
        "sass_no_int8": true,
        "ptx_u4s4": true,
        "ptx_s4s4": true
      },
      "passed": true,
      "strict_passed": false,
      "errors": [],
      "warnings": [
        "sass_no_local",
        "resource_no_stack"
      ],
      "resource": "Function _ZN40_GLOBAL__N__7f9b572e_8_o1_o3_cu_ac14f08f27adangel_sm80_roof_candidateILb1ELb0ELi7EEEvPKhS2_PKfS2_Pfiii:\n  REG:128 STACK:1936 SHARED:0 LOCAL:0 CONSTANT[0]:404 TEXTURE:0 SURFACE:0 SAMPLER:0",
      "instruction_counts": {
        "I2F": 64,
        "FADD": 0,
        "FMUL": 33,
        "FFMA": 33,
        "IMAD": 3060,
        "IADD3": 1232,
        "IMMA": 64,
        "BMMA": 0,
        "LDSM": 24,
        "LDGSTS": 16,
        "LDL": 1992,
        "STL": 1496,
        "STG64": 16,
        "LDG_U16": 0
      }
    },
    {
      "symbol": "_ZN40_GLOBAL__N__7f9b572e_8_o1_o3_cu_ac14f08f27adangel_sm80_roof_candidateILb0ELb0ELi7EEEvPKhS2_PKfS2_Pfiii",
      "checks": {
        "resource_metadata_present": true,
        "sass_async": true,
        "sass_no_local": false,
        "resource_no_local": true,
        "resource_no_stack": false,
        "ptx_async": true,
        "sass_u4s4": true,
        "sass_s4s4": true,
        "sass_no_int8": true,
        "ptx_u4s4": true,
        "ptx_s4s4": true
      },
      "passed": true,
      "strict_passed": false,
      "errors": [],
      "warnings": [
        "sass_no_local",
        "resource_no_stack"
      ],
      "resource": "Function _ZN40_GLOBAL__N__7f9b572e_8_o1_o3_cu_ac14f08f27adangel_sm80_roof_candidateILb0ELb0ELi7EEEvPKhS2_PKfS2_Pfiii:\n  REG:128 STACK:1984 SHARED:0 LOCAL:0 CONSTANT[0]:404 TEXTURE:0 SURFACE:0 SAMPLER:0",
      "instruction_counts": {
        "I2F": 64,
        "FADD": 0,
        "FMUL": 33,
        "FFMA": 33,
        "IMAD": 2902,
        "IADD3": 1437,
        "IMMA": 64,
        "BMMA": 0,
        "LDSM": 24,
        "LDGSTS": 16,
        "LDL": 1958,
        "STL": 1485,
        "STG64": 16,
        "LDG_U16": 0
      }
    },
    {
      "symbol": "_ZN40_GLOBAL__N__7f9b572e_8_o1_o3_cu_ac14f08f27adangel_sm80_roof_candidateILb0ELb1ELi7EEEvPKhS2_PKfS2_Pfiii",
      "checks": {
        "resource_metadata_present": true,
        "sass_async": true,
        "sass_no_local": false,
        "resource_no_local": true,
        "resource_no_stack": false,
        "ptx_async": true,
        "sass_u4s4": true,
        "sass_s4s4": true,
        "sass_no_int8": true,
        "ptx_u4s4": true,
        "ptx_s4s4": true
      },
      "passed": true,
      "strict_passed": false,
      "errors": [],
      "warnings": [
        "sass_no_local",
        "resource_no_stack"
      ],
      "resource": "Function _ZN40_GLOBAL__N__7f9b572e_8_o1_o3_cu_ac14f08f27adangel_sm80_roof_candidateILb0ELb1ELi7EEEvPKhS2_PKfS2_Pfiii:\n  REG:128 STACK:1968 SHARED:0 LOCAL:0 CONSTANT[0]:404 TEXTURE:0 SURFACE:0 SAMPLER:0",
      "instruction_counts": {
        "I2F": 64,
        "FADD": 0,
        "FMUL": 0,
        "FFMA": 33,
        "IMAD": 3025,
        "IADD3": 1437,
        "IMMA": 64,
        "BMMA": 0,
        "LDSM": 24,
        "LDGSTS": 16,
        "LDL": 1954,
        "STL": 1481,
        "STG64": 16,
        "LDG_U16": 0
      }
    },
    {
      "symbol": "_ZN40_GLOBAL__N__7f9b572e_8_o1_o3_cu_ac14f08f27adangel_sm80_roof_candidateILb1ELb0ELi6EEEvPKhS2_PKfS2_Pfiii",
      "checks": {
        "resource_metadata_present": true,
        "sass_async": true,
        "sass_no_local": false,
        "resource_no_local": true,
        "resource_no_stack": false,
        "ptx_async": true,
        "sass_u4s4": true,
        "sass_s4s4": true,
        "sass_no_int8": true,
        "ptx_u4s4": true,
        "ptx_s4s4": true
      },
      "passed": true,
      "strict_passed": false,
      "errors": [],
      "warnings": [
        "sass_no_local",
        "resource_no_stack"
      ],
      "resource": "Function _ZN40_GLOBAL__N__7f9b572e_8_o1_o3_cu_ac14f08f27adangel_sm80_roof_candidateILb1ELb0ELi6EEEvPKhS2_PKfS2_Pfiii:\n  REG:128 STACK:2000 SHARED:0 LOCAL:0 CONSTANT[0]:404 TEXTURE:0 SURFACE:0 SAMPLER:0",
      "instruction_counts": {
        "I2F": 64,
        "FADD": 0,
        "FMUL": 17,
        "FFMA": 17,
        "IMAD": 3810,
        "IADD3": 1428,
        "IMMA": 64,
        "BMMA": 0,
        "LDSM": 24,
        "LDGSTS": 16,
        "LDL": 2416,
        "STL": 1742,
        "STG64": 16,
        "LDG_U16": 0
      }
    },
    {
      "symbol": "_ZN40_GLOBAL__N__7f9b572e_8_o1_o3_cu_ac14f08f27adangel_sm80_roof_candidateILb0ELb0ELi6EEEvPKhS2_PKfS2_Pfiii",
      "checks": {
        "resource_metadata_present": true,
        "sass_async": true,
        "sass_no_local": false,
        "resource_no_local": true,
        "resource_no_stack": false,
        "ptx_async": true,
        "sass_u4s4": true,
        "sass_s4s4": true,
        "sass_no_int8": true,
        "ptx_u4s4": true,
        "ptx_s4s4": true
      },
      "passed": true,
      "strict_passed": false,
      "errors": [],
      "warnings": [
        "sass_no_local",
        "resource_no_stack"
      ],
      "resource": "Function _ZN40_GLOBAL__N__7f9b572e_8_o1_o3_cu_ac14f08f27adangel_sm80_roof_candidateILb0ELb0ELi6EEEvPKhS2_PKfS2_Pfiii:\n  REG:128 STACK:2256 SHARED:0 LOCAL:0 CONSTANT[0]:404 TEXTURE:0 SURFACE:0 SAMPLER:0",
      "instruction_counts": {
        "I2F": 64,
        "FADD": 0,
        "FMUL": 17,
        "FFMA": 17,
        "IMAD": 3697,
        "IADD3": 1434,
        "IMMA": 64,
        "BMMA": 0,
        "LDSM": 24,
        "LDGSTS": 16,
        "LDL": 2462,
        "STL": 1788,
        "STG64": 16,
        "LDG_U16": 0
      }
    },
    {
      "symbol": "_ZN40_GLOBAL__N__7f9b572e_8_o1_o3_cu_ac14f08f27adangel_sm80_roof_candidateILb0ELb1ELi6EEEvPKhS2_PKfS2_Pfiii",
      "checks": {
        "resource_metadata_present": true,
        "sass_async": true,
        "sass_no_local": false,
        "resource_no_local": true,
        "resource_no_stack": false,
        "ptx_async": true,
        "sass_u4s4": true,
        "sass_s4s4": true,
        "sass_no_int8": true,
        "ptx_u4s4": true,
        "ptx_s4s4": true
      },
      "passed": true,
      "strict_passed": false,
      "errors": [],
      "warnings": [
        "sass_no_local",
        "resource_no_stack"
      ],
      "resource": "Function _ZN40_GLOBAL__N__7f9b572e_8_o1_o3_cu_ac14f08f27adangel_sm80_roof_candidateILb0ELb1ELi6EEEvPKhS2_PKfS2_Pfiii:\n  REG:128 STACK:2256 SHARED:0 LOCAL:0 CONSTANT[0]:404 TEXTURE:0 SURFACE:0 SAMPLER:0",
      "instruction_counts": {
        "I2F": 64,
        "FADD": 0,
        "FMUL": 0,
        "FFMA": 17,
        "IMAD": 3847,
        "IADD3": 1435,
        "IMMA": 64,
        "BMMA": 0,
        "LDSM": 24,
        "LDGSTS": 16,
        "LDL": 2461,
        "STL": 1787,
        "STG64": 16,
        "LDG_U16": 0
      }
    },
    {
      "symbol": "_ZN40_GLOBAL__N__7f9b572e_8_o1_o3_cu_ac14f08f27adangel_sm80_roof_candidateILb1ELb0ELi3EEEvPKhS2_PKfS2_Pfiii",
      "checks": {
        "resource_metadata_present": true,
        "sass_async": true,
        "sass_no_local": false,
        "resource_no_local": true,
        "resource_no_stack": false,
        "ptx_async": true,
        "sass_u4s4": true,
        "sass_s4s4": true,
        "sass_no_int8": true,
        "ptx_u4s4": true,
        "ptx_s4s4": true
      },
      "passed": true,
      "strict_passed": false,
      "errors": [],
      "warnings": [
        "sass_no_local",
        "resource_no_stack"
      ],
      "resource": "Function _ZN40_GLOBAL__N__7f9b572e_8_o1_o3_cu_ac14f08f27adangel_sm80_roof_candidateILb1ELb0ELi3EEEvPKhS2_PKfS2_Pfiii:\n  REG:128 STACK:1760 SHARED:0 LOCAL:0 CONSTANT[0]:404 TEXTURE:0 SURFACE:0 SAMPLER:0",
      "instruction_counts": {
        "I2F": 64,
        "FADD": 0,
        "FMUL": 33,
        "FFMA": 33,
        "IMAD": 3357,
        "IADD3": 1394,
        "IMMA": 64,
        "BMMA": 0,
        "LDSM": 24,
        "LDGSTS": 16,
        "LDL": 2073,
        "STL": 1586,
        "STG64": 16,
        "LDG_U16": 0
      }
    },
    {
      "symbol": "_ZN40_GLOBAL__N__7f9b572e_8_o1_o3_cu_ac14f08f27adangel_sm80_roof_candidateILb0ELb0ELi3EEEvPKhS2_PKfS2_Pfiii",
      "checks": {
        "resource_metadata_present": true,
        "sass_async": true,
        "sass_no_local": false,
        "resource_no_local": true,
        "resource_no_stack": false,
        "ptx_async": true,
        "sass_u4s4": true,
        "sass_s4s4": true,
        "sass_no_int8": true,
        "ptx_u4s4": true,
        "ptx_s4s4": true
      },
      "passed": true,
      "strict_passed": false,
      "errors": [],
      "warnings": [
        "sass_no_local",
        "resource_no_stack"
      ],
      "resource": "Function _ZN40_GLOBAL__N__7f9b572e_8_o1_o3_cu_ac14f08f27adangel_sm80_roof_candidateILb0ELb0ELi3EEEvPKhS2_PKfS2_Pfiii:\n  REG:128 STACK:1840 SHARED:0 LOCAL:0 CONSTANT[0]:404 TEXTURE:0 SURFACE:0 SAMPLER:0",
      "instruction_counts": {
        "I2F": 64,
        "FADD": 0,
        "FMUL": 33,
        "FFMA": 33,
        "IMAD": 3223,
        "IADD3": 1488,
        "IMMA": 64,
        "BMMA": 0,
        "LDSM": 24,
        "LDGSTS": 16,
        "LDL": 2044,
        "STL": 1580,
        "STG64": 16,
        "LDG_U16": 0
      }
    },
    {
      "symbol": "_ZN40_GLOBAL__N__7f9b572e_8_o1_o3_cu_ac14f08f27adangel_sm80_roof_candidateILb0ELb1ELi3EEEvPKhS2_PKfS2_Pfiii",
      "checks": {
        "resource_metadata_present": true,
        "sass_async": true,
        "sass_no_local": false,
        "resource_no_local": true,
        "resource_no_stack": false,
        "ptx_async": true,
        "sass_u4s4": true,
        "sass_s4s4": true,
        "sass_no_int8": true,
        "ptx_u4s4": true,
        "ptx_s4s4": true
      },
      "passed": true,
      "strict_passed": false,
      "errors": [],
      "warnings": [
        "sass_no_local",
        "resource_no_stack"
      ],
      "resource": "Function _ZN40_GLOBAL__N__7f9b572e_8_o1_o3_cu_ac14f08f27adangel_sm80_roof_candidateILb0ELb1ELi3EEEvPKhS2_PKfS2_Pfiii:\n  REG:128 STACK:1840 SHARED:0 LOCAL:0 CONSTANT[0]:404 TEXTURE:0 SURFACE:0 SAMPLER:0",
      "instruction_counts": {
        "I2F": 64,
        "FADD": 0,
        "FMUL": 0,
        "FFMA": 33,
        "IMAD": 3347,
        "IADD3": 1488,
        "IMMA": 64,
        "BMMA": 0,
        "LDSM": 24,
        "LDGSTS": 16,
        "LDL": 2044,
        "STL": 1580,
        "STG64": 16,
        "LDG_U16": 0
      }
    },
    {
      "symbol": "_ZN40_GLOBAL__N__7f9b572e_8_o1_o3_cu_ac14f08f27adangel_sm80_roof_candidateILb1ELb0ELi2EEEvPKhS2_PKfS2_Pfiii",
      "checks": {
        "resource_metadata_present": true,
        "sass_async": true,
        "sass_no_local": false,
        "resource_no_local": true,
        "resource_no_stack": false,
        "ptx_async": true,
        "sass_u4s4": true,
        "sass_s4s4": true,
        "sass_no_int8": true,
        "ptx_u4s4": true,
        "ptx_s4s4": true
      },
      "passed": true,
      "strict_passed": false,
      "errors": [],
      "warnings": [
        "sass_no_local",
        "resource_no_stack"
      ],
      "resource": "Function _ZN40_GLOBAL__N__7f9b572e_8_o1_o3_cu_ac14f08f27adangel_sm80_roof_candidateILb1ELb0ELi2EEEvPKhS2_PKfS2_Pfiii:\n  REG:128 STACK:1568 SHARED:0 LOCAL:0 CONSTANT[0]:404 TEXTURE:0 SURFACE:0 SAMPLER:0",
      "instruction_counts": {
        "I2F": 64,
        "FADD": 0,
        "FMUL": 33,
        "FFMA": 33,
        "IMAD": 3131,
        "IADD3": 1198,
        "IMMA": 64,
        "BMMA": 0,
        "LDSM": 24,
        "LDGSTS": 16,
        "LDL": 1890,
        "STL": 1409,
        "STG64": 16,
        "LDG_U16": 0
      }
    },
    {
      "symbol": "_ZN40_GLOBAL__N__7f9b572e_8_o1_o3_cu_ac14f08f27adangel_sm80_roof_candidateILb0ELb0ELi2EEEvPKhS2_PKfS2_Pfiii",
      "checks": {
        "resource_metadata_present": true,
        "sass_async": true,
        "sass_no_local": false,
        "resource_no_local": true,
        "resource_no_stack": false,
        "ptx_async": true,
        "sass_u4s4": true,
        "sass_s4s4": true,
        "sass_no_int8": true,
        "ptx_u4s4": true,
        "ptx_s4s4": true
      },
      "passed": true,
      "strict_passed": false,
      "errors": [],
      "warnings": [
        "sass_no_local",
        "resource_no_stack"
      ],
      "resource": "Function _ZN40_GLOBAL__N__7f9b572e_8_o1_o3_cu_ac14f08f27adangel_sm80_roof_candidateILb0ELb0ELi2EEEvPKhS2_PKfS2_Pfiii:\n  REG:128 STACK:1744 SHARED:0 LOCAL:0 CONSTANT[0]:404 TEXTURE:0 SURFACE:0 SAMPLER:0",
      "instruction_counts": {
        "I2F": 64,
        "FADD": 0,
        "FMUL": 33,
        "FFMA": 33,
        "IMAD": 3168,
        "IADD3": 1205,
        "IMMA": 64,
        "BMMA": 0,
        "LDSM": 24,
        "LDGSTS": 16,
        "LDL": 1910,
        "STL": 1437,
        "STG64": 16,
        "LDG_U16": 0
      }
    },
    {
      "symbol": "_ZN40_GLOBAL__N__7f9b572e_8_o1_o3_cu_ac14f08f27adangel_sm80_roof_candidateILb0ELb1ELi2EEEvPKhS2_PKfS2_Pfiii",
      "checks": {
        "resource_metadata_present": true,
        "sass_async": true,
        "sass_no_local": false,
        "resource_no_local": true,
        "resource_no_stack": false,
        "ptx_async": true,
        "sass_u4s4": true,
        "sass_s4s4": true,
        "sass_no_int8": true,
        "ptx_u4s4": true,
        "ptx_s4s4": true
      },
      "passed": true,
      "strict_passed": false,
      "errors": [],
      "warnings": [
        "sass_no_local",
        "resource_no_stack"
      ],
      "resource": "Function _ZN40_GLOBAL__N__7f9b572e_8_o1_o3_cu_ac14f08f27adangel_sm80_roof_candidateILb0ELb1ELi2EEEvPKhS2_PKfS2_Pfiii:\n  REG:128 STACK:1744 SHARED:0 LOCAL:0 CONSTANT[0]:404 TEXTURE:0 SURFACE:0 SAMPLER:0",
      "instruction_counts": {
        "I2F": 64,
        "FADD": 0,
        "FMUL": 0,
        "FFMA": 33,
        "IMAD": 3293,
        "IADD3": 1205,
        "IMMA": 64,
        "BMMA": 0,
        "LDSM": 24,
        "LDGSTS": 16,
        "LDL": 1910,
        "STL": 1437,
        "STG64": 16,
        "LDG_U16": 0
      }
    },
    {
      "symbol": "_ZN40_GLOBAL__N__7f9b572e_8_o1_o3_cu_ac14f08f27adangel_sm80_roof_candidateILb1ELb0ELi1EEEvPKhS2_PKfS2_Pfiii",
      "checks": {
        "resource_metadata_present": true,
        "sass_async": true,
        "sass_no_local": false,
        "resource_no_local": true,
        "resource_no_stack": false,
        "ptx_async": true,
        "sass_u4s4": true,
        "sass_s4s4": true,
        "sass_no_int8": true,
        "ptx_u4s4": true,
        "ptx_s4s4": true
      },
      "passed": true,
      "strict_passed": false,
      "errors": [],
      "warnings": [
        "sass_no_local",
        "resource_no_stack"
      ],
      "resource": "Function _ZN40_GLOBAL__N__7f9b572e_8_o1_o3_cu_ac14f08f27adangel_sm80_roof_candidateILb1ELb0ELi1EEEvPKhS2_PKfS2_Pfiii:\n  REG:128 STACK:1616 SHARED:0 LOCAL:0 CONSTANT[0]:404 TEXTURE:0 SURFACE:0 SAMPLER:0",
      "instruction_counts": {
        "I2F": 64,
        "FADD": 0,
        "FMUL": 33,
        "FFMA": 33,
        "IMAD": 2527,
        "IADD3": 934,
        "IMMA": 64,
        "BMMA": 0,
        "LDSM": 24,
        "LDGSTS": 16,
        "LDL": 1983,
        "STL": 1528,
        "STG64": 16,
        "LDG_U16": 0
      }
    },
    {
      "symbol": "_ZN40_GLOBAL__N__7f9b572e_8_o1_o3_cu_ac14f08f27adangel_sm80_roof_candidateILb0ELb0ELi1EEEvPKhS2_PKfS2_Pfiii",
      "checks": {
        "resource_metadata_present": true,
        "sass_async": true,
        "sass_no_local": false,
        "resource_no_local": true,
        "resource_no_stack": false,
        "ptx_async": true,
        "sass_u4s4": true,
        "sass_s4s4": true,
        "sass_no_int8": true,
        "ptx_u4s4": true,
        "ptx_s4s4": true
      },
      "passed": true,
      "strict_passed": false,
      "errors": [],
      "warnings": [
        "sass_no_local",
        "resource_no_stack"
      ],
      "resource": "Function _ZN40_GLOBAL__N__7f9b572e_8_o1_o3_cu_ac14f08f27adangel_sm80_roof_candidateILb0ELb0ELi1EEEvPKhS2_PKfS2_Pfiii:\n  REG:128 STACK:1760 SHARED:0 LOCAL:0 CONSTANT[0]:404 TEXTURE:0 SURFACE:0 SAMPLER:0",
      "instruction_counts": {
        "I2F": 64,
        "FADD": 0,
        "FMUL": 33,
        "FFMA": 33,
        "IMAD": 3092,
        "IADD3": 1165,
        "IMMA": 64,
        "BMMA": 0,
        "LDSM": 24,
        "LDGSTS": 16,
        "LDL": 1970,
        "STL": 1538,
        "STG64": 16,
        "LDG_U16": 0
      }
    },
    {
      "symbol": "_ZN40_GLOBAL__N__7f9b572e_8_o1_o3_cu_ac14f08f27adangel_sm80_roof_candidateILb0ELb1ELi1EEEvPKhS2_PKfS2_Pfiii",
      "checks": {
        "resource_metadata_present": true,
        "sass_async": true,
        "sass_no_local": false,
        "resource_no_local": true,
        "resource_no_stack": false,
        "ptx_async": true,
        "sass_u4s4": true,
        "sass_s4s4": true,
        "sass_no_int8": true,
        "ptx_u4s4": true,
        "ptx_s4s4": true
      },
      "passed": true,
      "strict_passed": false,
      "errors": [],
      "warnings": [
        "sass_no_local",
        "resource_no_stack"
      ],
      "resource": "Function _ZN40_GLOBAL__N__7f9b572e_8_o1_o3_cu_ac14f08f27adangel_sm80_roof_candidateILb0ELb1ELi1EEEvPKhS2_PKfS2_Pfiii:\n  REG:128 STACK:1760 SHARED:0 LOCAL:0 CONSTANT[0]:404 TEXTURE:0 SURFACE:0 SAMPLER:0",
      "instruction_counts": {
        "I2F": 64,
        "FADD": 0,
        "FMUL": 0,
        "FFMA": 33,
        "IMAD": 3205,
        "IADD3": 1165,
        "IMMA": 64,
        "BMMA": 0,
        "LDSM": 24,
        "LDGSTS": 16,
        "LDL": 1970,
        "STL": 1538,
        "STG64": 16,
        "LDG_U16": 0
      }
    },
    {
      "symbol": "_ZN40_GLOBAL__N__7f9b572e_8_o1_o3_cu_ac14f08f27adangel_sm80_roof_candidateILb1ELb0ELi0EEEvPKhS2_PKfS2_Pfiii",
      "checks": {
        "resource_metadata_present": true,
        "sass_async": true,
        "sass_no_local": false,
        "resource_no_local": true,
        "resource_no_stack": false,
        "ptx_async": true,
        "sass_u4s4": true,
        "sass_s4s4": true,
        "sass_no_int8": true,
        "ptx_u4s4": true,
        "ptx_s4s4": true
      },
      "passed": true,
      "strict_passed": false,
      "errors": [],
      "warnings": [
        "sass_no_local",
        "resource_no_stack"
      ],
      "resource": "Function _ZN40_GLOBAL__N__7f9b572e_8_o1_o3_cu_ac14f08f27adangel_sm80_roof_candidateILb1ELb0ELi0EEEvPKhS2_PKfS2_Pfiii:\n  REG:128 STACK:1728 SHARED:0 LOCAL:0 CONSTANT[0]:404 TEXTURE:0 SURFACE:0 SAMPLER:0",
      "instruction_counts": {
        "I2F": 64,
        "FADD": 0,
        "FMUL": 9,
        "FFMA": 9,
        "IMAD": 3965,
        "IADD3": 1336,
        "IMMA": 8,
        "BMMA": 0,
        "LDSM": 24,
        "LDGSTS": 16,
        "LDL": 2569,
        "STL": 2020,
        "STG64": 16,
        "LDG_U16": 0
      }
    },
    {
      "symbol": "_ZN40_GLOBAL__N__7f9b572e_8_o1_o3_cu_ac14f08f27adangel_sm80_roof_candidateILb0ELb1ELi0EEEvPKhS2_PKfS2_Pfiii",
      "checks": {
        "resource_metadata_present": true,
        "sass_async": true,
        "sass_no_local": false,
        "resource_no_local": true,
        "resource_no_stack": false,
        "ptx_async": true,
        "sass_u4s4": true,
        "sass_s4s4": true,
        "sass_no_int8": true,
        "ptx_u4s4": true,
        "ptx_s4s4": true
      },
      "passed": true,
      "strict_passed": false,
      "errors": [],
      "warnings": [
        "sass_no_local",
        "resource_no_stack"
      ],
      "resource": "Function _ZN40_GLOBAL__N__7f9b572e_8_o1_o3_cu_ac14f08f27adangel_sm80_roof_candidateILb0ELb1ELi0EEEvPKhS2_PKfS2_Pfiii:\n  REG:128 STACK:1904 SHARED:0 LOCAL:0 CONSTANT[0]:404 TEXTURE:0 SURFACE:0 SAMPLER:0",
      "instruction_counts": {
        "I2F": 64,
        "FADD": 0,
        "FMUL": 0,
        "FFMA": 9,
        "IMAD": 4029,
        "IADD3": 1360,
        "IMMA": 8,
        "BMMA": 0,
        "LDSM": 24,
        "LDGSTS": 16,
        "LDL": 2627,
        "STL": 2062,
        "STG64": 16,
        "LDG_U16": 0
      }
    },
    {
      "symbol": "_ZN40_GLOBAL__N__7f9b572e_8_o1_o3_cu_ac14f08f27adangel_sm80_roof_candidateILb0ELb0ELi11EEEvPKhS2_PKfS2_Pfiii",
      "checks": {
        "resource_metadata_present": true,
        "sass_async": true,
        "sass_no_local": false,
        "resource_no_local": true,
        "resource_no_stack": false,
        "ptx_async": true,
        "sass_u4s4": true,
        "sass_s4s4": true,
        "sass_no_int8": true,
        "ptx_u4s4": true,
        "ptx_s4s4": true
      },
      "passed": true,
      "strict_passed": false,
      "errors": [],
      "warnings": [
        "sass_no_local",
        "resource_no_stack"
      ],
      "resource": "Function _ZN40_GLOBAL__N__7f9b572e_8_o1_o3_cu_ac14f08f27adangel_sm80_roof_candidateILb0ELb0ELi11EEEvPKhS2_PKfS2_Pfiii:\n  REG:128 STACK:2256 SHARED:0 LOCAL:0 CONSTANT[0]:404 TEXTURE:0 SURFACE:0 SAMPLER:0",
      "instruction_counts": {
        "I2F": 64,
        "FADD": 0,
        "FMUL": 17,
        "FFMA": 17,
        "IMAD": 3788,
        "IADD3": 1434,
        "IMMA": 16,
        "BMMA": 0,
        "LDSM": 24,
        "LDGSTS": 16,
        "LDL": 2315,
        "STL": 1785,
        "STG64": 16,
        "LDG_U16": 0
      }
    },
    {
      "symbol": "_ZN40_GLOBAL__N__7f9b572e_8_o1_o3_cu_ac14f08f27adangel_sm80_roof_candidateILb0ELb1ELi11EEEvPKhS2_PKfS2_Pfiii",
      "checks": {
        "resource_metadata_present": true,
        "sass_async": true,
        "sass_no_local": false,
        "resource_no_local": true,
        "resource_no_stack": false,
        "ptx_async": true,
        "sass_u4s4": true,
        "sass_s4s4": true,
        "sass_no_int8": true,
        "ptx_u4s4": true,
        "ptx_s4s4": true
      },
      "passed": true,
      "strict_passed": false,
      "errors": [],
      "warnings": [
        "sass_no_local",
        "resource_no_stack"
      ],
      "resource": "Function _ZN40_GLOBAL__N__7f9b572e_8_o1_o3_cu_ac14f08f27adangel_sm80_roof_candidateILb0ELb1ELi11EEEvPKhS2_PKfS2_Pfiii:\n  REG:128 STACK:2240 SHARED:0 LOCAL:0 CONSTANT[0]:404 TEXTURE:0 SURFACE:0 SAMPLER:0",
      "instruction_counts": {
        "I2F": 64,
        "FADD": 0,
        "FMUL": 0,
        "FFMA": 17,
        "IMAD": 3945,
        "IADD3": 1435,
        "IMMA": 16,
        "BMMA": 0,
        "LDSM": 24,
        "LDGSTS": 16,
        "LDL": 2314,
        "STL": 1784,
        "STG64": 16,
        "LDG_U16": 0
      }
    },
    {
      "symbol": "_ZN40_GLOBAL__N__7f9b572e_8_o1_o3_cu_ac14f08f27adangel_sm80_roof_candidateILb1ELb0ELi11EEEvPKhS2_PKfS2_Pfiii",
      "checks": {
        "resource_metadata_present": true,
        "sass_async": true,
        "sass_no_local": false,
        "resource_no_local": true,
        "resource_no_stack": false,
        "ptx_async": true,
        "sass_u4s4": true,
        "sass_s4s4": true,
        "sass_no_int8": true,
        "ptx_u4s4": true,
        "ptx_s4s4": true
      },
      "passed": true,
      "strict_passed": false,
      "errors": [],
      "warnings": [
        "sass_no_local",
        "resource_no_stack"
      ],
      "resource": "Function _ZN40_GLOBAL__N__7f9b572e_8_o1_o3_cu_ac14f08f27adangel_sm80_roof_candidateILb1ELb0ELi11EEEvPKhS2_PKfS2_Pfiii:\n  REG:128 STACK:2000 SHARED:0 LOCAL:0 CONSTANT[0]:404 TEXTURE:0 SURFACE:0 SAMPLER:0",
      "instruction_counts": {
        "I2F": 64,
        "FADD": 0,
        "FMUL": 17,
        "FFMA": 17,
        "IMAD": 3911,
        "IADD3": 1428,
        "IMMA": 16,
        "BMMA": 0,
        "LDSM": 24,
        "LDGSTS": 16,
        "LDL": 2269,
        "STL": 1739,
        "STG64": 16,
        "LDG_U16": 0
      }
    },
    {
      "symbol": "_ZN40_GLOBAL__N__7f9b572e_8_o1_o3_cu_ac14f08f27adangel_sm80_roof_candidateILb1ELb1ELi11EEEvPKhS2_PKfS2_Pfiii",
      "checks": {
        "resource_metadata_present": true,
        "sass_async": true,
        "sass_no_local": false,
        "resource_no_local": true,
        "resource_no_stack": false,
        "ptx_async": true,
        "sass_u4s4": true,
        "sass_s4s4": true,
        "sass_no_int8": true,
        "ptx_u4s4": true,
        "ptx_s4s4": true,
        "power2_scale_no_fmul": true,
        "power2_scale_keeps_i2f": true,
        "power2_scale_keeps_ffma": true
      },
      "passed": true,
      "strict_passed": false,
      "errors": [],
      "warnings": [
        "sass_no_local",
        "resource_no_stack"
      ],
      "resource": "Function _ZN40_GLOBAL__N__7f9b572e_8_o1_o3_cu_ac14f08f27adangel_sm80_roof_candidateILb1ELb1ELi11EEEvPKhS2_PKfS2_Pfiii:\n  REG:128 STACK:1728 SHARED:0 LOCAL:0 CONSTANT[0]:404 TEXTURE:0 SURFACE:0 SAMPLER:0",
      "instruction_counts": {
        "I2F": 64,
        "FADD": 0,
        "FMUL": 0,
        "FFMA": 33,
        "IMAD": 3065,
        "IADD3": 1072,
        "IMMA": 64,
        "BMMA": 0,
        "LDSM": 24,
        "LDGSTS": 16,
        "LDL": 1824,
        "STL": 1340,
        "STG64": 16,
        "LDG_U16": 0
      }
    },
    {
      "symbol": "_ZN40_GLOBAL__N__7f9b572e_8_o1_o3_cu_ac14f08f27adangel_sm80_roof_candidateILb0ELb0ELi12EEEvPKhS2_PKfS2_Pfiii",
      "checks": {
        "resource_metadata_present": true,
        "sass_async": true,
        "sass_no_local": false,
        "resource_no_local": true,
        "resource_no_stack": false,
        "ptx_async": true,
        "sass_u4s4": true,
        "sass_s4s4": true,
        "sass_no_int8": true,
        "ptx_u4s4": true,
        "ptx_s4s4": true
      },
      "passed": true,
      "strict_passed": false,
      "errors": [],
      "warnings": [
        "sass_no_local",
        "resource_no_stack"
      ],
      "resource": "Function _ZN40_GLOBAL__N__7f9b572e_8_o1_o3_cu_ac14f08f27adangel_sm80_roof_candidateILb0ELb0ELi12EEEvPKhS2_PKfS2_Pfiii:\n  REG:128 STACK:2256 SHARED:0 LOCAL:0 CONSTANT[0]:404 TEXTURE:0 SURFACE:0 SAMPLER:0",
      "instruction_counts": {
        "I2F": 64,
        "FADD": 0,
        "FMUL": 17,
        "FFMA": 17,
        "IMAD": 3788,
        "IADD3": 1434,
        "IMMA": 16,
        "BMMA": 0,
        "LDSM": 24,
        "LDGSTS": 16,
        "LDL": 2315,
        "STL": 1785,
        "STG64": 16,
        "LDG_U16": 0
      }
    },
    {
      "symbol": "_ZN40_GLOBAL__N__7f9b572e_8_o1_o3_cu_ac14f08f27adangel_sm80_roof_candidateILb0ELb1ELi12EEEvPKhS2_PKfS2_Pfiii",
      "checks": {
        "resource_metadata_present": true,
        "sass_async": true,
        "sass_no_local": false,
        "resource_no_local": true,
        "resource_no_stack": false,
        "ptx_async": true,
        "sass_u4s4": true,
        "sass_s4s4": true,
        "sass_no_int8": true,
        "ptx_u4s4": true,
        "ptx_s4s4": true
      },
      "passed": true,
      "strict_passed": false,
      "errors": [],
      "warnings": [
        "sass_no_local",
        "resource_no_stack"
      ],
      "resource": "Function _ZN40_GLOBAL__N__7f9b572e_8_o1_o3_cu_ac14f08f27adangel_sm80_roof_candidateILb0ELb1ELi12EEEvPKhS2_PKfS2_Pfiii:\n  REG:128 STACK:2240 SHARED:0 LOCAL:0 CONSTANT[0]:404 TEXTURE:0 SURFACE:0 SAMPLER:0",
      "instruction_counts": {
        "I2F": 64,
        "FADD": 0,
        "FMUL": 0,
        "FFMA": 17,
        "IMAD": 3945,
        "IADD3": 1435,
        "IMMA": 16,
        "BMMA": 0,
        "LDSM": 24,
        "LDGSTS": 16,
        "LDL": 2314,
        "STL": 1784,
        "STG64": 16,
        "LDG_U16": 0
      }
    },
    {
      "symbol": "_ZN40_GLOBAL__N__7f9b572e_8_o1_o3_cu_ac14f08f27adangel_sm80_roof_candidateILb1ELb0ELi12EEEvPKhS2_PKfS2_Pfiii",
      "checks": {
        "resource_metadata_present": true,
        "sass_async": true,
        "sass_no_local": false,
        "resource_no_local": true,
        "resource_no_stack": false,
        "ptx_async": true,
        "sass_u4s4": true,
        "sass_s4s4": true,
        "sass_no_int8": true,
        "ptx_u4s4": true,
        "ptx_s4s4": true
      },
      "passed": true,
      "strict_passed": false,
      "errors": [],
      "warnings": [
        "sass_no_local",
        "resource_no_stack"
      ],
      "resource": "Function _ZN40_GLOBAL__N__7f9b572e_8_o1_o3_cu_ac14f08f27adangel_sm80_roof_candidateILb1ELb0ELi12EEEvPKhS2_PKfS2_Pfiii:\n  REG:128 STACK:2000 SHARED:0 LOCAL:0 CONSTANT[0]:404 TEXTURE:0 SURFACE:0 SAMPLER:0",
      "instruction_counts": {
        "I2F": 64,
        "FADD": 0,
        "FMUL": 17,
        "FFMA": 17,
        "IMAD": 3911,
        "IADD3": 1428,
        "IMMA": 16,
        "BMMA": 0,
        "LDSM": 24,
        "LDGSTS": 16,
        "LDL": 2269,
        "STL": 1739,
        "STG64": 16,
        "LDG_U16": 0
      }
    },
    {
      "symbol": "_ZN40_GLOBAL__N__7f9b572e_8_o1_o3_cu_ac14f08f27adangel_sm80_roof_candidateILb1ELb1ELi12EEEvPKhS2_PKfS2_Pfiii",
      "checks": {
        "resource_metadata_present": true,
        "sass_async": true,
        "sass_no_local": false,
        "resource_no_local": true,
        "resource_no_stack": false,
        "ptx_async": true,
        "sass_u4s4": true,
        "sass_s4s4": true,
        "sass_no_int8": true,
        "ptx_u4s4": true,
        "ptx_s4s4": true,
        "power2_scale_no_fmul": true,
        "power2_scale_keeps_i2f": true,
        "power2_scale_keeps_ffma": true
      },
      "passed": true,
      "strict_passed": false,
      "errors": [],
      "warnings": [
        "sass_no_local",
        "resource_no_stack"
      ],
      "resource": "Function _ZN40_GLOBAL__N__7f9b572e_8_o1_o3_cu_ac14f08f27adangel_sm80_roof_candidateILb1ELb1ELi12EEEvPKhS2_PKfS2_Pfiii:\n  REG:128 STACK:1728 SHARED:0 LOCAL:0 CONSTANT[0]:404 TEXTURE:0 SURFACE:0 SAMPLER:0",
      "instruction_counts": {
        "I2F": 64,
        "FADD": 0,
        "FMUL": 0,
        "FFMA": 33,
        "IMAD": 2964,
        "IADD3": 1028,
        "IMMA": 64,
        "BMMA": 0,
        "LDSM": 24,
        "LDGSTS": 16,
        "LDL": 1822,
        "STL": 1338,
        "STG64": 16,
        "LDG_U16": 0
      }
    },
    {
      "symbol": "_ZN40_GLOBAL__N__7f9b572e_8_o1_o3_cu_ac14f08f27adangel_sm80_roof_candidateILb0ELb0ELi13EEEvPKhS2_PKfS2_Pfiii",
      "checks": {
        "resource_metadata_present": true,
        "sass_async": true,
        "sass_no_local": false,
        "resource_no_local": true,
        "resource_no_stack": false,
        "ptx_async": true,
        "sass_u4s4": true,
        "sass_s4s4": true,
        "sass_no_int8": true,
        "ptx_u4s4": true,
        "ptx_s4s4": true
      },
      "passed": true,
      "strict_passed": false,
      "errors": [],
      "warnings": [
        "sass_no_local",
        "resource_no_stack"
      ],
      "resource": "Function _ZN40_GLOBAL__N__7f9b572e_8_o1_o3_cu_ac14f08f27adangel_sm80_roof_candidateILb0ELb0ELi13EEEvPKhS2_PKfS2_Pfiii:\n  REG:128 STACK:1808 SHARED:0 LOCAL:0 CONSTANT[0]:404 TEXTURE:0 SURFACE:0 SAMPLER:0",
      "instruction_counts": {
        "I2F": 64,
        "FADD": 0,
        "FMUL": 33,
        "FFMA": 33,
        "IMAD": 2875,
        "IADD3": 1247,
        "IMMA": 64,
        "BMMA": 0,
        "LDSM": 24,
        "LDGSTS": 16,
        "LDL": 1816,
        "STL": 1340,
        "STG64": 16,
        "LDG_U16": 0
      }
    },
    {
      "symbol": "_ZN40_GLOBAL__N__7f9b572e_8_o1_o3_cu_ac14f08f27adangel_sm80_roof_candidateILb0ELb1ELi13EEEvPKhS2_PKfS2_Pfiii",
      "checks": {
        "resource_metadata_present": true,
        "sass_async": true,
        "sass_no_local": false,
        "resource_no_local": true,
        "resource_no_stack": false,
        "ptx_async": true,
        "sass_u4s4": true,
        "sass_s4s4": true,
        "sass_no_int8": true,
        "ptx_u4s4": true,
        "ptx_s4s4": true
      },
      "passed": true,
      "strict_passed": false,
      "errors": [],
      "warnings": [
        "sass_no_local",
        "resource_no_stack"
      ],
      "resource": "Function _ZN40_GLOBAL__N__7f9b572e_8_o1_o3_cu_ac14f08f27adangel_sm80_roof_candidateILb0ELb1ELi13EEEvPKhS2_PKfS2_Pfiii:\n  REG:128 STACK:1808 SHARED:0 LOCAL:0 CONSTANT[0]:404 TEXTURE:0 SURFACE:0 SAMPLER:0",
      "instruction_counts": {
        "I2F": 64,
        "FADD": 0,
        "FMUL": 0,
        "FFMA": 33,
        "IMAD": 3015,
        "IADD3": 1247,
        "IMMA": 64,
        "BMMA": 0,
        "LDSM": 24,
        "LDGSTS": 16,
        "LDL": 1816,
        "STL": 1340,
        "STG64": 16,
        "LDG_U16": 0
      }
    },
    {
      "symbol": "_ZN40_GLOBAL__N__7f9b572e_8_o1_o3_cu_ac14f08f27adangel_sm80_roof_candidateILb1ELb0ELi14EEEvPKhS2_PKfS2_Pfiii",
      "checks": {
        "resource_metadata_present": true,
        "sass_async": true,
        "sass_no_local": false,
        "resource_no_local": true,
        "resource_no_stack": false,
        "ptx_async": true,
        "sass_u4s4": true,
        "sass_s4s4": true,
        "sass_no_int8": true,
        "ptx_u4s4": true,
        "ptx_s4s4": true
      },
      "passed": true,
      "strict_passed": false,
      "errors": [],
      "warnings": [
        "sass_no_local",
        "resource_no_stack"
      ],
      "resource": "Function _ZN40_GLOBAL__N__7f9b572e_8_o1_o3_cu_ac14f08f27adangel_sm80_roof_candidateILb1ELb0ELi14EEEvPKhS2_PKfS2_Pfiii:\n  REG:128 STACK:1728 SHARED:0 LOCAL:0 CONSTANT[0]:404 TEXTURE:0 SURFACE:0 SAMPLER:0",
      "instruction_counts": {
        "I2F": 64,
        "FADD": 0,
        "FMUL": 33,
        "FFMA": 33,
        "IMAD": 2922,
        "IADD3": 1038,
        "IMMA": 64,
        "BMMA": 0,
        "LDSM": 24,
        "LDGSTS": 24,
        "LDL": 1824,
        "STL": 1340,
        "STG64": 16,
        "LDG_U16": 0
      }
    },
    {
      "symbol": "_ZN40_GLOBAL__N__7f9b572e_8_o1_o3_cu_ac14f08f27adangel_sm80_roof_candidateILb1ELb0ELi15EEEvPKhS2_PKfS2_Pfiii",
      "checks": {
        "resource_metadata_present": true,
        "sass_async": true,
        "sass_no_local": false,
        "resource_no_local": true,
        "resource_no_stack": false,
        "ptx_async": true,
        "sass_u4s4": true,
        "sass_s4s4": true,
        "sass_no_int8": true,
        "ptx_u4s4": true,
        "ptx_s4s4": true
      },
      "passed": true,
      "strict_passed": false,
      "errors": [],
      "warnings": [
        "sass_no_local",
        "resource_no_stack"
      ],
      "resource": "Function _ZN40_GLOBAL__N__7f9b572e_8_o1_o3_cu_ac14f08f27adangel_sm80_roof_candidateILb1ELb0ELi15EEEvPKhS2_PKfS2_Pfiii:\n  REG:128 STACK:1728 SHARED:0 LOCAL:0 CONSTANT[0]:404 TEXTURE:0 SURFACE:0 SAMPLER:0",
      "instruction_counts": {
        "I2F": 64,
        "FADD": 0,
        "FMUL": 33,
        "FFMA": 33,
        "IMAD": 2954,
        "IADD3": 1029,
        "IMMA": 64,
        "BMMA": 0,
        "LDSM": 24,
        "LDGSTS": 20,
        "LDL": 1824,
        "STL": 1340,
        "STG64": 16,
        "LDG_U16": 0
      }
    },
    {
      "symbol": "_ZN40_GLOBAL__N__7f9b572e_8_o1_o3_cu_ac14f08f27adangel_sm80_roof_candidateILb0ELb0ELi0EEEvPKhS2_PKfS2_Pfiii",
      "checks": {
        "resource_metadata_present": true,
        "sass_async": true,
        "sass_no_local": false,
        "resource_no_local": true,
        "resource_no_stack": false,
        "ptx_async": true,
        "sass_u4s4": true,
        "sass_s4s4": true,
        "sass_no_int8": true,
        "ptx_u4s4": true,
        "ptx_s4s4": true
      },
      "passed": true,
      "strict_passed": false,
      "errors": [],
      "warnings": [
        "sass_no_local",
        "resource_no_stack"
      ],
      "resource": "Function _ZN40_GLOBAL__N__7f9b572e_8_o1_o3_cu_ac14f08f27adangel_sm80_roof_candidateILb0ELb0ELi0EEEvPKhS2_PKfS2_Pfiii:\n  REG:128 STACK:1904 SHARED:0 LOCAL:0 CONSTANT[0]:404 TEXTURE:0 SURFACE:0 SAMPLER:0",
      "instruction_counts": {
        "I2F": 64,
        "FADD": 0,
        "FMUL": 9,
        "FFMA": 9,
        "IMAD": 3879,
        "IADD3": 1360,
        "IMMA": 8,
        "BMMA": 0,
        "LDSM": 24,
        "LDGSTS": 16,
        "LDL": 2628,
        "STL": 2063,
        "STG64": 16,
        "LDG_U16": 0
      }
    }
  ]
}
