layer_00_q_proj compute_only 0 0.41471999883651733
layer_00_q_proj compute_only 1 0.39321601390838623
layer_00_q_proj compute_only 1 0.3901439905166626
layer_00_q_proj compute_only 0 0.42188799381256104
layer_00_q_proj compute_only 0 0.42188799381256104
layer_00_q_proj compute_only 1 0.3973119854927063
layer_00_k_proj compute_only 1 0.3752959966659546
layer_00_k_proj compute_only 0 0.419840008020401
layer_00_k_proj compute_only 0 0.4280320107936859
layer_00_k_proj compute_only 1 0.40140798687934875
layer_00_k_proj compute_only 1 0.3829759955406189
layer_00_k_proj compute_only 0 0.40755200386047363
layer_00_v_proj compute_only 0 0.4341759979724884
layer_00_v_proj compute_only 1 0.4126720130443573
layer_00_v_proj compute_only 1 0.407039999961853
layer_00_v_proj compute_only 0 0.4423680007457733
layer_00_v_proj compute_only 0 0.43110398948192596
layer_00_v_proj compute_only 1 0.40294399857521057
layer_00_o_proj compute_only 1 0.4116480052471161
layer_00_o_proj compute_only 0 0.4331519901752472
layer_00_o_proj compute_only 0 0.4341759979724884
layer_00_o_proj compute_only 1 0.40959998965263367
layer_00_o_proj compute_only 1 0.4049919992685318
layer_00_o_proj compute_only 0 0.4331519901752472
layer_06_q_proj compute_only 0 0.44543999433517456
layer_06_q_proj compute_only 1 0.4249599874019623
layer_06_q_proj compute_only 1 0.4177919924259186
layer_06_q_proj compute_only 0 0.45209600031375885
layer_06_q_proj compute_only 0 0.4536319971084595
layer_06_q_proj compute_only 1 0.43059200048446655
layer_06_k_proj compute_only 1 0.40755200386047363
layer_06_k_proj compute_only 0 0.4280320107936859
layer_06_k_proj compute_only 0 0.44543999433517456
layer_06_k_proj compute_only 1 0.4249599874019623
layer_06_k_proj compute_only 1 0.4280320107936859
layer_06_k_proj compute_only 0 0.43161600828170776
layer_06_v_proj compute_only 0 0.44543999433517456
layer_06_v_proj compute_only 1 0.4249599874019623
layer_06_v_proj compute_only 1 0.42291200160980225
layer_06_v_proj compute_only 0 0.44646400213241577
layer_06_v_proj compute_only 0 0.44646400213241577
layer_06_v_proj compute_only 1 0.40755200386047363
layer_06_o_proj compute_only 1 0.4188160002231598
layer_06_o_proj compute_only 0 0.4536319971084595
layer_06_o_proj compute_only 0 0.45260798931121826
layer_06_o_proj compute_only 1 0.42291200160980225
layer_06_o_proj compute_only 1 0.42342400550842285
layer_06_o_proj compute_only 0 0.4546560049057007
layer_12_q_proj compute_only 0 0.4505600035190582
layer_12_q_proj compute_only 1 0.4034560024738312
layer_12_q_proj compute_only 1 0.4249599874019623
layer_12_q_proj compute_only 0 0.4490239918231964
layer_12_q_proj compute_only 0 0.4403199851512909
layer_12_q_proj compute_only 1 0.4055039882659912
layer_12_k_proj compute_only 1 0.4188160002231598
layer_12_k_proj compute_only 0 0.44646400213241577
layer_12_k_proj compute_only 0 0.44543999433517456
layer_12_k_proj compute_only 1 0.4280320107936859
layer_12_k_proj compute_only 1 0.42291200160980225
layer_12_k_proj compute_only 0 0.42905598878860474
layer_12_v_proj compute_only 0 0.4485119879245758
layer_12_v_proj compute_only 1 0.4249599874019623
layer_12_v_proj compute_only 1 0.419840008020401
layer_12_v_proj compute_only 0 0.45158401131629944
layer_12_v_proj compute_only 0 0.4541440010070801
layer_12_v_proj compute_only 1 0.3993600010871887
layer_12_o_proj compute_only 1 0.42239999771118164
layer_12_o_proj compute_only 0 0.4567039906978607
layer_12_o_proj compute_only 0 0.4362240135669708
layer_12_o_proj compute_only 1 0.4270080029964447
layer_12_o_proj compute_only 1 0.42393600940704346
layer_12_o_proj compute_only 0 0.44543999433517456
layer_18_q_proj compute_only 0 0.44646400213241577
layer_18_q_proj compute_only 1 0.4331519901752472
layer_18_q_proj compute_only 1 0.4249599874019623
layer_18_q_proj compute_only 0 0.4352000057697296
layer_18_q_proj compute_only 0 0.44543999433517456
layer_18_q_proj compute_only 1 0.4331519901752472
layer_18_k_proj compute_only 1 0.42393600940704346
layer_18_k_proj compute_only 0 0.42905598878860474
layer_18_k_proj compute_only 0 0.44390399754047394
layer_18_k_proj compute_only 1 0.4249599874019623
layer_18_k_proj compute_only 1 0.42444799840450287
layer_18_k_proj compute_only 0 0.4341759979724884
layer_18_v_proj compute_only 0 0.4352000057697296
layer_18_v_proj compute_only 1 0.4249599874019623
layer_18_v_proj compute_only 1 0.4188160002231598
layer_18_v_proj compute_only 0 0.4556800127029419
layer_18_v_proj compute_only 0 0.4413439929485321
layer_18_v_proj compute_only 1 0.4065279960632324
layer_18_o_proj compute_only 1 0.42393600940704346
layer_18_o_proj compute_only 0 0.44646400213241577
layer_18_o_proj compute_only 0 0.4403199851512909
layer_18_o_proj compute_only 1 0.40755200386047363
layer_18_o_proj compute_only 1 0.40857601165771484
layer_18_o_proj compute_only 0 0.4546560049057007
layer_24_q_proj compute_only 0 0.447488009929657
layer_24_q_proj compute_only 1 0.4249599874019623
layer_24_q_proj compute_only 1 0.42393600940704346
layer_24_q_proj compute_only 0 0.4469760060310364
layer_24_q_proj compute_only 0 0.45260798931121826
layer_24_q_proj compute_only 1 0.43007999658584595
layer_24_k_proj compute_only 1 0.419840008020401
layer_24_k_proj compute_only 0 0.45158401131629944
layer_24_k_proj compute_only 0 0.43007999658584595
layer_24_k_proj compute_only 1 0.4065279960632324
layer_24_k_proj compute_only 1 0.4280320107936859
layer_24_k_proj compute_only 0 0.4638719856739044
layer_24_v_proj compute_only 0 0.44646400213241577
layer_24_v_proj compute_only 1 0.4259839951992035
layer_24_v_proj compute_only 1 0.419840008020401
layer_24_v_proj compute_only 0 0.4546560049057007
layer_24_v_proj compute_only 0 0.44646400213241577
layer_24_v_proj compute_only 1 0.42905598878860474
layer_24_o_proj compute_only 1 0.4188160002231598
layer_24_o_proj compute_only 0 0.4505600035190582
layer_24_o_proj compute_only 0 0.4546560049057007
layer_24_o_proj compute_only 1 0.4188160002231598
layer_24_o_proj compute_only 1 0.419840008020401
layer_24_o_proj compute_only 0 0.4546560049057007
layer_31_q_proj compute_only 0 0.42393600940704346
layer_31_q_proj compute_only 1 0.4270080029964447
layer_31_q_proj compute_only 1 0.42342400550842285
layer_31_q_proj compute_only 0 0.4541440010070801
layer_31_q_proj compute_only 0 0.43110400438308716
layer_31_q_proj compute_only 1 0.40038400888442993
layer_31_k_proj compute_only 1 0.4177919924259186
layer_31_k_proj compute_only 0 0.4331519901752472
layer_31_k_proj compute_only 0 0.45260798931121826
layer_31_k_proj compute_only 1 0.4270080029964447
layer_31_k_proj compute_only 1 0.42393600940704346
layer_31_k_proj compute_only 0 0.43929600715637207
layer_31_v_proj compute_only 0 0.45158401131629944
layer_31_v_proj compute_only 1 0.4331519901752472
layer_31_v_proj compute_only 1 0.4177919924259186
layer_31_v_proj compute_only 0 0.45158401131629944
layer_31_v_proj compute_only 0 0.4505600035190582
layer_31_v_proj compute_only 1 0.43827199935913086
layer_31_o_proj compute_only 1 0.42393600940704346
layer_31_o_proj compute_only 0 0.45158401131629944
layer_31_o_proj compute_only 0 0.4413439929485321
layer_31_o_proj compute_only 1 0.4280320107936859
layer_31_o_proj compute_only 1 0.42393600940704346
layer_31_o_proj compute_only 0 0.4546560049057007
