layer_00_q_proj compute_only 0 0.4270080029964447
layer_00_q_proj compute_only 1 0.41420799493789673
layer_00_q_proj compute_only 1 0.4055039882659912
layer_00_q_proj compute_only 0 0.4505600035190582
layer_00_q_proj compute_only 0 0.4280320107936859
layer_00_q_proj compute_only 1 0.4280320107936859
layer_00_k_proj compute_only 1 0.40755200386047363
layer_00_k_proj compute_only 0 0.44441598653793335
layer_00_k_proj compute_only 0 0.42905598878860474
layer_00_k_proj compute_only 1 0.4188160002231598
layer_00_k_proj compute_only 1 0.4136959910392761
layer_00_k_proj compute_only 0 0.46489599347114563
layer_00_v_proj compute_only 0 0.4433920085430145
layer_00_v_proj compute_only 1 0.42291200160980225
layer_00_v_proj compute_only 1 0.42188799381256104
layer_00_v_proj compute_only 0 0.4485119879245758
layer_00_v_proj compute_only 0 0.4433920085430145
layer_00_v_proj compute_only 1 0.4341759979724884
layer_00_o_proj compute_only 1 0.4177919924259186
layer_00_o_proj compute_only 0 0.4556800127029419
layer_00_o_proj compute_only 0 0.43929600715637207
layer_00_o_proj compute_only 1 0.42393600940704346
layer_00_o_proj compute_only 1 0.42188799381256104
layer_00_o_proj compute_only 0 0.4433920085430145
layer_06_q_proj compute_only 0 0.4567039906978607
layer_06_q_proj compute_only 1 0.4352000057697296
layer_06_q_proj compute_only 1 0.4352000057697296
layer_06_q_proj compute_only 0 0.4607999920845032
layer_06_q_proj compute_only 0 0.45772799849510193
layer_06_q_proj compute_only 1 0.4341759979724884
layer_06_k_proj compute_only 1 0.43929600715637207
layer_06_k_proj compute_only 0 0.45977601408958435
layer_06_k_proj compute_only 0 0.4556800127029419
layer_06_k_proj compute_only 1 0.4341759979724884
layer_06_k_proj compute_only 1 0.43827199935913086
layer_06_k_proj compute_only 0 0.4618239998817444
layer_06_v_proj compute_only 0 0.4607999920845032
layer_06_v_proj compute_only 1 0.4403199851512909
layer_06_v_proj compute_only 1 0.4341759979724884
layer_06_v_proj compute_only 0 0.4607999920845032
layer_06_v_proj compute_only 0 0.4556800127029419
layer_06_v_proj compute_only 1 0.4331519901752472
layer_06_o_proj compute_only 1 0.4352000057697296
layer_06_o_proj compute_only 0 0.4607999920845032
layer_06_o_proj compute_only 0 0.4567039906978607
layer_06_o_proj compute_only 1 0.43110400438308716
layer_06_o_proj compute_only 1 0.4341759979724884
layer_06_o_proj compute_only 0 0.4607999920845032
layer_12_q_proj compute_only 0 0.4556800127029419
layer_12_q_proj compute_only 1 0.43929600715637207
layer_12_q_proj compute_only 1 0.4341759979724884
layer_12_q_proj compute_only 0 0.46592000126838684
layer_12_q_proj compute_only 0 0.4556800127029419
layer_12_q_proj compute_only 1 0.4362240135669708
layer_12_k_proj compute_only 1 0.4331519901752472
layer_12_k_proj compute_only 0 0.4607999920845032
layer_12_k_proj compute_only 0 0.4607999920845032
layer_12_k_proj compute_only 1 0.4362240135669708
layer_12_k_proj compute_only 1 0.4403199851512909
layer_12_k_proj compute_only 0 0.4607999920845032
layer_12_v_proj compute_only 0 0.4618239998817444
layer_12_v_proj compute_only 1 0.40959998965263367
layer_12_v_proj compute_only 1 0.44646400213241577
layer_12_v_proj compute_only 0 0.45772799849510193
layer_12_v_proj compute_only 0 0.44646400213241577
layer_12_v_proj compute_only 1 0.43929600715637207
layer_12_o_proj compute_only 1 0.4341759979724884
layer_12_o_proj compute_only 0 0.4618239998817444
layer_12_o_proj compute_only 0 0.4607999920845032
layer_12_o_proj compute_only 1 0.4341759979724884
layer_12_o_proj compute_only 1 0.43929600715637207
layer_12_o_proj compute_only 0 0.4607999920845032
layer_18_q_proj compute_only 0 0.45977601408958435
layer_18_q_proj compute_only 1 0.43724799156188965
layer_18_q_proj compute_only 1 0.4403199851512909
layer_18_q_proj compute_only 0 0.4607999920845032
layer_18_q_proj compute_only 0 0.45977601408958435
layer_18_q_proj compute_only 1 0.4362240135669708
layer_18_k_proj compute_only 1 0.43929600715637207
layer_18_k_proj compute_only 0 0.4607999920845032
layer_18_k_proj compute_only 0 0.4618239998817444
layer_18_k_proj compute_only 1 0.43878400325775146
layer_18_k_proj compute_only 1 0.4403199851512909
layer_18_k_proj compute_only 0 0.46694400906562805
layer_18_v_proj compute_only 0 0.4607999920845032
layer_18_v_proj compute_only 1 0.43929600715637207
layer_18_v_proj compute_only 1 0.43929600715637207
layer_18_v_proj compute_only 0 0.45875200629234314
layer_18_v_proj compute_only 0 0.4607999920845032
layer_18_v_proj compute_only 1 0.4403199851512909
layer_18_o_proj compute_only 1 0.44441598653793335
layer_18_o_proj compute_only 0 0.4607999920845032
layer_18_o_proj compute_only 0 0.4607999920845032
layer_18_o_proj compute_only 1 0.4362240135669708
layer_18_o_proj compute_only 1 0.4398079961538315
layer_18_o_proj compute_only 0 0.46592000126838684
layer_24_q_proj compute_only 0 0.4628480076789856
layer_24_q_proj compute_only 1 0.4362240135669708
layer_24_q_proj compute_only 1 0.4413439929485321
layer_24_q_proj compute_only 0 0.4607999920845032
layer_24_q_proj compute_only 0 0.4618239998817444
layer_24_q_proj compute_only 1 0.43724799156188965
layer_24_k_proj compute_only 1 0.43929600715637207
layer_24_k_proj compute_only 0 0.4679679870605469
layer_24_k_proj compute_only 0 0.4607999920845032
layer_24_k_proj compute_only 1 0.4403199851512909
layer_24_k_proj compute_only 1 0.43929600715637207
layer_24_k_proj compute_only 0 0.45772799849510193
layer_24_v_proj compute_only 0 0.4607999920845032
layer_24_v_proj compute_only 1 0.4403199851512909
layer_24_v_proj compute_only 1 0.43929600715637207
layer_24_v_proj compute_only 0 0.45977601408958435
layer_24_v_proj compute_only 0 0.45977601408958435
layer_24_v_proj compute_only 1 0.43775999546051025
layer_24_o_proj compute_only 1 0.43929600715637207
layer_24_o_proj compute_only 0 0.45875200629234314
layer_24_o_proj compute_only 0 0.4618239998817444
layer_24_o_proj compute_only 1 0.44543999433517456
layer_24_o_proj compute_only 1 0.43929600715637207
layer_24_o_proj compute_only 0 0.45875200629234314
layer_31_q_proj compute_only 0 0.45977601408958435
layer_31_q_proj compute_only 1 0.4403199851512909
layer_31_q_proj compute_only 1 0.43929600715637207
layer_31_q_proj compute_only 0 0.4607999920845032
layer_31_q_proj compute_only 0 0.4607999920845032
layer_31_q_proj compute_only 1 0.43929600715637207
layer_31_k_proj compute_only 1 0.43929600715637207
layer_31_k_proj compute_only 0 0.4607999920845032
layer_31_k_proj compute_only 0 0.45977601408958435
layer_31_k_proj compute_only 1 0.4423680007457733
layer_31_k_proj compute_only 1 0.43929600715637207
layer_31_k_proj compute_only 0 0.4628480076789856
layer_31_v_proj compute_only 0 0.4618239998817444
layer_31_v_proj compute_only 1 0.4403199851512909
layer_31_v_proj compute_only 1 0.4403199851512909
layer_31_v_proj compute_only 0 0.46592000126838684
layer_31_v_proj compute_only 0 0.4628480076789856
layer_31_v_proj compute_only 1 0.44543999433517456
layer_31_o_proj compute_only 1 0.43929600715637207
layer_31_o_proj compute_only 0 0.4607999920845032
layer_31_o_proj compute_only 0 0.45977601408958435
layer_31_o_proj compute_only 1 0.43929600715637207
layer_31_o_proj compute_only 1 0.44543999433517456
layer_31_o_proj compute_only 0 0.46592000126838684
