layer_00_q_proj conversion_only 0 0.047452159225940704
layer_00_q_proj conversion_only 1 0.04767744243144989
layer_00_q_proj compute_only 1 0.4208639860153198
layer_00_q_proj compute_only 0 0.43827199935913086
layer_00_q_proj cold 0 0.4976640045642853
layer_00_q_proj cold 1 0.47308799624443054
layer_00_q_proj steady_state 1 0.44646400213241577
layer_00_q_proj steady_state 0 0.477183997631073
layer_00_k_proj conversion_only 1 0.04765696078538895
layer_00_k_proj conversion_only 0 0.047605760395526886
layer_00_k_proj compute_only 0 0.4490239918231964
layer_00_k_proj compute_only 1 0.41676801443099976
layer_00_k_proj cold 1 0.4782080054283142
layer_00_k_proj cold 0 0.5038080215454102
layer_00_k_proj steady_state 0 0.47206398844718933
layer_00_k_proj steady_state 1 0.46592000126838684
layer_00_v_proj conversion_only 0 0.04718592017889023
layer_00_v_proj conversion_only 1 0.047503359615802765
layer_00_v_proj compute_only 1 0.4331519901752472
layer_00_v_proj compute_only 0 0.449535995721817
layer_00_v_proj cold 0 0.5130239725112915
layer_00_v_proj cold 1 0.48844799399375916
layer_00_v_proj steady_state 1 0.4618239998817444
layer_00_v_proj steady_state 0 0.4997119903564453
layer_00_o_proj conversion_only 1 0.047984641045331955
layer_00_o_proj conversion_only 0 0.04744191840291023
layer_00_o_proj compute_only 0 0.4505600035190582
layer_00_o_proj compute_only 1 0.4270080029964447
layer_00_o_proj cold 1 0.48844799399375916
layer_00_o_proj cold 0 0.5212159752845764
layer_00_o_proj steady_state 0 0.4843519926071167
layer_00_o_proj steady_state 1 0.477183997631073
layer_06_q_proj conversion_only 0 0.04787199944257736
layer_06_q_proj conversion_only 1 0.04780031740665436
layer_06_q_proj compute_only 1 0.447488009929657
layer_06_q_proj compute_only 0 0.46694400906562805
layer_06_q_proj cold 0 0.5345280170440674
layer_06_q_proj cold 1 0.5089280009269714
layer_06_q_proj steady_state 1 0.48230400681495667
layer_06_q_proj steady_state 0 0.5140479803085327
layer_06_k_proj conversion_only 1 0.04732928052544594
layer_06_k_proj conversion_only 0 0.04743167757987976
layer_06_k_proj compute_only 0 0.46694400906562805
layer_06_k_proj compute_only 1 0.44543999433517456
layer_06_k_proj cold 1 0.5089280009269714
layer_06_k_proj cold 0 0.5345280170440674
layer_06_k_proj steady_state 0 0.5079039931297302
layer_06_k_proj steady_state 1 0.4940800070762634
layer_06_v_proj conversion_only 0 0.04811776056885719
layer_06_v_proj conversion_only 1 0.04762624204158783
layer_06_v_proj compute_only 1 0.45158401131629944
layer_06_v_proj compute_only 0 0.47206398844718933
layer_06_v_proj cold 0 0.5294079780578613
layer_06_v_proj cold 1 0.5125119984149933
layer_06_v_proj steady_state 1 0.48127999901771545
layer_06_v_proj steady_state 0 0.5140479803085327
layer_06_o_proj conversion_only 1 0.047866880893707275
layer_06_o_proj conversion_only 0 0.04786176234483719
layer_06_o_proj compute_only 0 0.4684799909591675
layer_06_o_proj compute_only 1 0.44543999433517456
layer_06_o_proj cold 1 0.5079039931297302
layer_06_o_proj cold 0 0.5283839702606201
layer_06_o_proj steady_state 0 0.502784013748169
layer_06_o_proj steady_state 1 0.48844799399375916
layer_12_q_proj conversion_only 0 0.04743168130517006
layer_12_q_proj conversion_only 1 0.04751872085034847
layer_12_q_proj compute_only 1 0.447488009929657
layer_12_q_proj compute_only 0 0.47206398844718933
layer_12_q_proj cold 0 0.5355520248413086
layer_12_q_proj cold 1 0.5089280009269714
layer_12_q_proj steady_state 1 0.48127999901771545
layer_12_q_proj steady_state 0 0.5150719881057739
layer_12_k_proj conversion_only 1 0.04815872013568878
layer_12_k_proj conversion_only 0 0.04770816117525101
layer_12_k_proj compute_only 0 0.47308799624443054
layer_12_k_proj compute_only 1 0.46489599347114563
layer_12_k_proj cold 1 0.5150719881057739
layer_12_k_proj cold 0 0.5355520248413086
layer_12_k_proj steady_state 0 0.5079039931297302
layer_12_k_proj steady_state 1 0.49459201097488403
layer_12_v_proj conversion_only 0 0.04792319983243942
layer_12_v_proj conversion_only 1 0.04791295900940895
layer_12_v_proj compute_only 1 0.4536319971084595
layer_12_v_proj compute_only 0 0.4843519926071167
layer_12_v_proj cold 0 0.5355520248413086
layer_12_v_proj cold 1 0.5140479803085327
layer_12_v_proj steady_state 1 0.49459201097488403
layer_12_v_proj steady_state 0 0.5140479803085327
layer_12_o_proj conversion_only 1 0.047400958836078644
layer_12_o_proj conversion_only 0 0.04748287796974182
layer_12_o_proj compute_only 0 0.47206398844718933
layer_12_o_proj compute_only 1 0.4567039906978607
layer_12_o_proj cold 1 0.5099520087242126
layer_12_o_proj cold 0 0.5345280170440674
layer_12_o_proj steady_state 0 0.506879985332489
layer_12_o_proj steady_state 1 0.4935680031776428
layer_18_q_proj conversion_only 0 0.048194559291005135
layer_18_q_proj conversion_only 1 0.04767744243144989
layer_18_q_proj compute_only 1 0.447488009929657
layer_18_q_proj compute_only 0 0.47308799624443054
layer_18_q_proj cold 0 0.5345280170440674
layer_18_q_proj cold 1 0.5099520087242126
layer_18_q_proj steady_state 1 0.4782080054283142
layer_18_q_proj steady_state 0 0.506879985332489
layer_18_k_proj conversion_only 1 0.04795391857624054
layer_18_k_proj conversion_only 0 0.04784639924764633
layer_18_k_proj compute_only 0 0.47411200404167175
layer_18_k_proj compute_only 1 0.44646400213241577
layer_18_k_proj cold 1 0.5089280009269714
layer_18_k_proj cold 0 0.5345280170440674
layer_18_k_proj steady_state 0 0.5079039931297302
layer_18_k_proj steady_state 1 0.48230400681495667
layer_18_v_proj conversion_only 0 0.04739072173833847
layer_18_v_proj conversion_only 1 0.04748287796974182
layer_18_v_proj compute_only 1 0.447488009929657
layer_18_v_proj compute_only 0 0.47206398844718933
layer_18_v_proj cold 0 0.5345280170440674
layer_18_v_proj cold 1 0.5089280009269714
layer_18_v_proj steady_state 1 0.48230400681495667
layer_18_v_proj steady_state 0 0.506879985332489
layer_18_o_proj conversion_only 1 0.04811776056885719
layer_18_o_proj conversion_only 0 0.04766207933425903
layer_18_o_proj compute_only 0 0.47206398844718933
layer_18_o_proj compute_only 1 0.447488009929657
layer_18_o_proj cold 1 0.5089280009269714
layer_18_o_proj cold 0 0.5345280170440674
layer_18_o_proj steady_state 0 0.506879985332489
layer_18_o_proj steady_state 1 0.4925439953804016
layer_24_q_proj conversion_only 0 0.0480051189661026
layer_24_q_proj conversion_only 1 0.047933440655469894
layer_24_q_proj compute_only 1 0.4485119879245758
layer_24_q_proj compute_only 0 0.4864000082015991
layer_24_q_proj cold 0 0.5416960120201111
layer_24_q_proj cold 1 0.5099520087242126
layer_24_q_proj steady_state 1 0.4833280146121979
layer_24_q_proj steady_state 0 0.506879985332489
layer_24_k_proj conversion_only 1 0.04749312065541744
layer_24_k_proj conversion_only 0 0.0475648008286953
layer_24_k_proj compute_only 0 0.47308799624443054
layer_24_k_proj compute_only 1 0.447488009929657
layer_24_k_proj cold 1 0.5160959959030151
layer_24_k_proj cold 0 0.5345280170440674
layer_24_k_proj steady_state 0 0.506879985332489
layer_24_k_proj steady_state 1 0.49459201097488403
layer_24_v_proj conversion_only 0 0.04823552072048187
layer_24_v_proj conversion_only 1 0.047749120742082596
layer_24_v_proj compute_only 1 0.447488009929657
layer_24_v_proj compute_only 0 0.4792320132255554
layer_24_v_proj cold 0 0.5355520248413086
layer_24_v_proj cold 1 0.5089280009269714
layer_24_v_proj steady_state 1 0.48230400681495667
layer_24_v_proj steady_state 0 0.506879985332489
layer_24_o_proj conversion_only 1 0.047892481088638306
layer_24_o_proj conversion_only 0 0.04783103987574577
layer_24_o_proj compute_only 0 0.47411200404167175
layer_24_o_proj compute_only 1 0.44646400213241577
layer_24_o_proj cold 1 0.4986880123615265
layer_24_o_proj cold 0 0.5335040092468262
layer_24_o_proj steady_state 0 0.5089280009269714
layer_24_o_proj steady_state 1 0.48127999901771545
layer_31_q_proj conversion_only 0 0.04748287983238697
layer_31_q_proj conversion_only 1 0.047564797103405
layer_31_q_proj compute_only 1 0.44646400213241577
layer_31_q_proj compute_only 0 0.47308799624443054
layer_31_q_proj cold 0 0.536575973033905
layer_31_q_proj cold 1 0.5089280009269714
layer_31_q_proj steady_state 1 0.48127999901771545
layer_31_q_proj steady_state 0 0.5150719881057739
layer_31_k_proj conversion_only 1 0.04820992052555084
layer_31_k_proj conversion_only 0 0.04771839827299118
layer_31_k_proj compute_only 0 0.47308799624443054
layer_31_k_proj compute_only 1 0.4628480076789856
layer_31_k_proj cold 1 0.5089280009269714
layer_31_k_proj cold 0 0.5345280170440674
layer_31_k_proj steady_state 0 0.5079039931297302
layer_31_k_proj steady_state 1 0.4915199875831604
layer_31_v_proj conversion_only 0 0.048035841435194016
layer_31_v_proj conversion_only 1 0.04797440022230148
layer_31_v_proj compute_only 1 0.447488009929657
layer_31_v_proj compute_only 0 0.4792320132255554
layer_31_v_proj cold 0 0.5437440276145935
layer_31_v_proj cold 1 0.5140479803085327
layer_31_v_proj steady_state 1 0.48230400681495667
layer_31_v_proj steady_state 0 0.5171200037002563
layer_31_o_proj conversion_only 1 0.04746239632368088
layer_31_o_proj conversion_only 0 0.04758527874946594
layer_31_o_proj compute_only 0 0.47308799624443054
layer_31_o_proj compute_only 1 0.4423680007457733
layer_31_o_proj cold 1 0.5079039931297302
layer_31_o_proj cold 0 0.5345280170440674
layer_31_o_proj steady_state 0 0.506879985332489
layer_31_o_proj steady_state 1 0.4997119903564453
