/home/zlouyang/ADAngel_oyzl/reports/o378_roof_v93_o78_codegen/o78_stage_cycle_generated.cuh(77): warning #177-D: variable "Groups" was declared but never referenced
    constexpr int Groups=32;
                  ^

Remark: The warnings can be suppressed with "-diag-suppress <warning-number>"

ptxas info    : 10 bytes gmem, 80 bytes cmem[4]
ptxas info    : Compiling entry function 'adangel_roof_o78_stage_cycle_candidate' for 'sm_80'
ptxas info    : Function properties for adangel_roof_o78_stage_cycle_candidate
    120 bytes stack frame, 240 bytes spill stores, 164 bytes spill loads
ptxas info    : Used 168 registers, used 1 barriers, 120 bytes cumulative stack size, 444 bytes cmem[0]
ptxas info    : Compile time = 243.003 ms
ptxas info    : Compiling entry function 'adangel_roof_o78_eight_chain_candidate' for 'sm_80'
ptxas info    : Function properties for adangel_roof_o78_eight_chain_candidate
    0 bytes stack frame, 0 bytes spill stores, 0 bytes spill loads
ptxas info    : Used 168 registers, used 1 barriers, 444 bytes cmem[0]
ptxas info    : Compile time = 143.610 ms
ptxas info    : Compiling entry function 'adangel_roof_o78_fullk_candidate' for 'sm_80'
ptxas info    : Function properties for adangel_roof_o78_fullk_candidate
    8 bytes stack frame, 8 bytes spill stores, 8 bytes spill loads
ptxas info    : Used 168 registers, used 1 barriers, 8 bytes cumulative stack size, 444 bytes cmem[0]
ptxas info    : Compile time = 139.781 ms
ptxas info    : Compiling entry function 'adangel_roof_o78_fullk_control' for 'sm_80'
ptxas info    : Function properties for adangel_roof_o78_fullk_control
    8 bytes stack frame, 8 bytes spill stores, 8 bytes spill loads
ptxas info    : Used 168 registers, used 1 barriers, 8 bytes cumulative stack size, 444 bytes cmem[0]
ptxas info    : Compile time = 61.763 ms
