{
  "runtime_justified": false,
  "compile_gate": {
    "registers_at_most128": true,
    "hot_local_at_most2": true,
    "same_weighted_mma": true,
    "ldsm_at_most12": true,
    "weighted_static_instruction_ratio": 1.2012383900928794,
    "weighted_growth_at_most10pct": false,
    "hot_local_instructions": 0,
    "passed": false,
    "runtime_resource_gate": "Still require >=2 resident CTAs/SM and16 active warps/SM before timings"
  },
  "liveness": {
    "adangel_roof_o3_grouped_cta_candidate": {
      "symbol": "adangel_roof_o3_grouped_cta_candidate",
      "allocated_gpr": 168,
      "function_max_live_gpr": 166,
      "loops": [
        {
          "kind": "fp32_fallback",
          "begin_pc": "0x1240",
          "end_pc": "0x2a20",
          "static_instructions": 383,
          "max_live_gpr": 162,
          "opcode_counts": {
            "BAR.SYNC.DEFER_BLOCKING": 1,
            "BRA": 4,
            "CALL.REL.NOINC": 1,
            "DEPBAR.LE": 2,
            "FFMA": 64,
            "FSEL": 1,
            "I2F": 64,
            "IADD3": 17,
            "IADD3.X": 9,
            "IMAD": 35,
            "IMAD.SHL.U32": 1,
            "IMAD.U32": 4,
            "IMMA.16864.S4.S4": 32,
            "IMMA.16864.U4.S4": 32,
            "ISETP.NE.AND": 1,
            "LDG.E.U8": 1,
            "LDGDEPBAR": 1,
            "LDGSTS.E.BYPASS.128": 8,
            "LDL": 3,
            "LDS": 3,
            "LDS.64": 8,
            "LDSM.16.M88.4": 16,
            "LEA": 36,
            "LOP3.LUT": 6,
            "MOV": 3,
            "PLOP3.LUT": 3,
            "S2R": 2,
            "SHF.L.U32": 3,
            "SHF.R.U32.HI": 1,
            "STS": 1,
            "UIADD3": 2,
            "UIMAD": 4,
            "UIMAD.WIDE.U32": 2,
            "UISETP.GE.AND": 3,
            "ULDC.64": 1,
            "ULEA": 2,
            "USHF.L.U32": 2,
            "USHF.R.S32.HI": 2,
            "USHF.R.U32.HI": 2
          },
          "peak_pcs": [
            "0x21d0",
            "0x21e0",
            "0x21f0",
            "0x2200",
            "0x2210",
            "0x2220",
            "0x2230",
            "0x2240"
          ]
        },
        {
          "kind": "integer",
          "begin_pc": "0x4d70",
          "end_pc": "0x6190",
          "static_instructions": 323,
          "max_live_gpr": 166,
          "opcode_counts": {
            "BAR.SYNC.DEFER_BLOCKING": 1,
            "BRA": 5,
            "BSSY": 1,
            "BSYNC": 1,
            "CALL.REL.NOINC": 1,
            "DEPBAR.LE": 2,
            "IADD3": 14,
            "IADD3.X": 9,
            "IMAD": 65,
            "IMAD.SHL.U32": 23,
            "IMAD.U32": 3,
            "IMMA.16864.S4.S4": 32,
            "IMMA.16864.U4.S4": 32,
            "LDGDEPBAR": 1,
            "LDGSTS.E.BYPASS.128": 9,
            "LDS": 3,
            "LDS.64": 8,
            "LDSM.16.M88.4": 16,
            "LEA": 6,
            "LEA.HI.X": 1,
            "LOP3.LUT": 4,
            "MOV": 4,
            "PLOP3.LUT": 3,
            "S2R": 2,
            "SHF.L.U32": 44,
            "UIADD3": 6,
            "UIMAD": 6,
            "UISETP.GE.U32.AND": 1,
            "UISETP.GT.U32.AND": 1,
            "UISETP.NE.AND": 1,
            "ULDC.64": 1,
            "ULEA": 2,
            "ULOP3.LUT": 4,
            "UPRMT": 4,
            "USHF.L.U32": 2,
            "USHF.R.S32.HI": 3,
            "USHF.R.U32.HI": 2
          },
          "peak_pcs": [
            "0x56e0",
            "0x56f0",
            "0x5700",
            "0x5710",
            "0x5720",
            "0x5730",
            "0x5740",
            "0x5760"
          ]
        }
      ],
      "cta_threads": 128,
      "register_only_four_cta_limit_per_thread": 128,
      "interpretation": "static_binary_live_range_not_runtime_timing_or_universal_register_lower_bound"
    },
    "adangel_roof_o3_eight_warp_fullk_candidate": {
      "symbol": "adangel_roof_o3_eight_warp_fullk_candidate",
      "allocated_gpr": 121,
      "loops": [
        {
          "kind": "fp32_fallback",
          "begin_pc": "0xe20",
          "end_pc": "0x1b80",
          "static_instructions": 215,
          "max_live_gpr": 115,
          "opcode_counts": {
            "BAR.SYNC.DEFER_BLOCKING": 1,
            "BRA": 4,
            "DEPBAR.LE": 2,
            "FFMA": 32,
            "FSEL": 1,
            "I2F": 32,
            "IADD3": 7,
            "IADD3.X": 3,
            "IMAD": 26,
            "IMAD.SHL.U32": 1,
            "IMAD.U32": 4,
            "IMAD.X": 1,
            "IMMA.16864.S4.S4": 16,
            "IMMA.16864.U4.S4": 16,
            "ISETP.NE.AND": 1,
            "LDG.E.U8": 1,
            "LDGDEPBAR": 1,
            "LDGSTS.E.BYPASS.128": 4,
            "LDS": 3,
            "LDS.64": 4,
            "LDSM.16.M88.4": 12,
            "LEA": 13,
            "LEA.HI.X.SX32": 1,
            "LOP3.LUT": 2,
            "MOV": 4,
            "PLOP3.LUT": 3,
            "STS": 1,
            "UIADD3": 2,
            "UIMAD": 4,
            "UIMAD.WIDE.U32": 2,
            "UISETP.GE.AND": 3,
            "ULDC.64": 1,
            "ULEA": 2,
            "USHF.L.U32": 2,
            "USHF.R.S32.HI": 1,
            "USHF.R.U32.HI": 2
          },
          "peak_pcs": [
            "0x1420",
            "0x1440"
          ]
        },
        {
          "kind": "integer",
          "begin_pc": "0x2f70",
          "end_pc": "0x3b80",
          "static_instructions": 194,
          "max_live_gpr": 112,
          "opcode_counts": {
            "BAR.SYNC.DEFER_BLOCKING": 1,
            "BRA": 5,
            "BSSY": 1,
            "BSYNC": 1,
            "DEPBAR.LE": 2,
            "IADD3": 7,
            "IADD3.X": 4,
            "IMAD": 32,
            "IMAD.SHL.U32": 16,
            "IMAD.U32": 6,
            "IMMA.16864.S4.S4": 16,
            "IMMA.16864.U4.S4": 16,
            "LDGDEPBAR": 1,
            "LDGSTS.E.BYPASS.128": 5,
            "LDS": 3,
            "LDS.64": 4,
            "LDSM.16.M88.4": 12,
            "LEA": 6,
            "LEA.HI.X": 1,
            "LEA.HI.X.SX32": 1,
            "LOP3.LUT": 2,
            "MOV": 1,
            "PLOP3.LUT": 3,
            "SHF.L.U32": 16,
            "UIADD3": 6,
            "UIMAD": 6,
            "UISETP.GE.U32.AND": 1,
            "UISETP.GT.U32.AND": 1,
            "UISETP.NE.AND": 1,
            "ULDC.64": 1,
            "ULEA": 2,
            "ULOP3.LUT": 4,
            "UPRMT": 4,
            "USHF.L.U32": 2,
            "USHF.R.S32.HI": 2,
            "USHF.R.U32.HI": 2
          },
          "peak_pcs": [
            "0x3550",
            "0x3560",
            "0x3570",
            "0x3580",
            "0x3590",
            "0x35a0",
            "0x35f0",
            "0x3600",
            "0x3610",
            "0x3620",
            "0x3630",
            "0x3640",
            "0x3650",
            "0x3660",
            "0x3670",
            "0x3680",
            "0x3690",
            "0x36a0",
            "0x36b0",
            "0x36c0",
            "0x36d0",
            "0x36e0",
            "0x36f0",
            "0x3700"
          ]
        }
      ],
      "function_max_live_gpr": 115,
      "cta_threads": 256,
      "interpretation": "static_binary_loop_counts_not_dynamic_cost_or_speedup"
    }
  }
}
