{
  "runtime_justified": false,
  "compile_gate": {
    "registers_at_most128": true,
    "hot_local_at_most2": true,
    "same_weighted_mma": true,
    "ldsm_at_most12": true,
    "weighted_static_instruction_ratio": 1.112271540469974,
    "weighted_growth_at_most10pct": false,
    "hot_local_instructions": 0,
    "passed": false,
    "runtime_resource_gate": "Still require >=2 resident CTAs/SM and16 active warps/SM before timings"
  },
  "liveness": {
    "adangel_roof_o78_eight_chain_candidate": {
      "symbol": "adangel_roof_o78_eight_chain_candidate",
      "allocated_gpr": 168,
      "function_max_live_gpr": 166,
      "loops": [
        {
          "kind": "integer",
          "begin_pc": "0xa60",
          "end_pc": "0x2240",
          "static_instructions": 383,
          "max_live_gpr": 166,
          "opcode_counts": {
            "BAR.SYNC.DEFER_BLOCKING": 1,
            "BRA": 2,
            "CALL.REL.NOINC": 1,
            "DEPBAR.LE": 1,
            "IADD3": 20,
            "IADD3.X": 5,
            "IMAD": 128,
            "IMAD.IADD": 1,
            "IMAD.SHL.U32": 24,
            "IMAD.X": 5,
            "IMMA.16864.S4.S4": 32,
            "IMMA.16864.U4.S4": 32,
            "ISETP.GT.U32.AND": 1,
            "LDGDEPBAR": 1,
            "LDGSTS.E.BYPASS.128": 10,
            "LDS": 7,
            "LDS.64": 8,
            "LDSM.16.M88.4": 16,
            "LEA": 2,
            "LEA.HI.X": 2,
            "LOP3.LUT": 6,
            "MOV": 2,
            "PLOP3.LUT": 2,
            "S2R": 5,
            "SHF.L.U32": 48,
            "UIADD3": 1,
            "UIMAD": 2,
            "UISETP.GT.U32.AND": 1,
            "UISETP.NE.AND": 1,
            "ULDC.64": 1,
            "ULOP3.LUT": 6,
            "UMOV": 1,
            "USHF.L.U32": 8
          },
          "peak_pcs": [
            "0x1880",
            "0x1890",
            "0x1950",
            "0x1960",
            "0x1970",
            "0x1980"
          ]
        },
        {
          "kind": "fp32_fallback",
          "begin_pc": "0x4d40",
          "end_pc": "0x68b0",
          "static_instructions": 440,
          "max_live_gpr": 162,
          "opcode_counts": {
            "BAR.SYNC.DEFER_BLOCKING": 1,
            "BRA": 2,
            "CALL.REL.NOINC": 1,
            "DEPBAR.LE": 1,
            "FFMA": 64,
            "FMUL": 64,
            "I2F": 64,
            "IADD3": 19,
            "IADD3.X": 8,
            "IMAD": 23,
            "IMAD.IADD": 5,
            "IMAD.SHL.U32": 5,
            "IMAD.X": 2,
            "IMMA.16864.S4.S4": 32,
            "IMMA.16864.U4.S4": 32,
            "ISETP.GE.U32.AND": 2,
            "LDGDEPBAR": 1,
            "LDGSTS.E.BYPASS.128": 10,
            "LDS": 7,
            "LDS.64": 8,
            "LDSM.16.M88.4": 16,
            "LEA": 45,
            "LEA.HI.X": 2,
            "LOP3.LUT": 12,
            "MOV": 1,
            "NOP": 2,
            "S2R": 2,
            "SHF.L.U32": 9
          },
          "peak_pcs": [
            "0x58a0",
            "0x5f50"
          ]
        }
      ],
      "cta_threads": 128,
      "register_only_four_cta_limit_per_thread": 128,
      "interpretation": "static_binary_live_range_not_runtime_timing_or_universal_register_lower_bound"
    },
    "adangel_roof_o78_eight_warp_fullk_candidate": {
      "symbol": "adangel_roof_o78_eight_warp_fullk_candidate",
      "allocated_gpr": 128,
      "loops": [
        {
          "kind": "integer",
          "begin_pc": "0x7b0",
          "end_pc": "0x14f0",
          "static_instructions": 213,
          "max_live_gpr": 113,
          "opcode_counts": {
            "BAR.SYNC.DEFER_BLOCKING": 1,
            "BRA": 2,
            "DEPBAR.LE": 1,
            "IADD3": 9,
            "IADD3.X": 4,
            "IMAD": 64,
            "IMAD.IADD": 1,
            "IMAD.SHL.U32": 17,
            "IMAD.U32": 1,
            "IMAD.X": 2,
            "IMMA.16864.S4.S4": 16,
            "IMMA.16864.U4.S4": 16,
            "ISETP.GT.U32.AND": 1,
            "LDGDEPBAR": 1,
            "LDGSTS.E.BYPASS.128": 6,
            "LDS": 7,
            "LDS.64": 4,
            "LDSM.16.M88.4": 12,
            "LEA": 3,
            "LEA.HI.X": 2,
            "LOP3.LUT": 3,
            "MOV": 1,
            "PLOP3.LUT": 2,
            "SHF.L.U32": 17,
            "UIADD3": 1,
            "UIMAD": 2,
            "UISETP.GT.U32.AND": 1,
            "UISETP.NE.AND": 1,
            "ULDC.64": 1,
            "ULOP3.LUT": 6,
            "UMOV": 1,
            "USHF.L.U32": 7
          },
          "peak_pcs": [
            "0xc90",
            "0xca0",
            "0xcb0",
            "0xcc0",
            "0xcd0",
            "0xce0",
            "0xcf0",
            "0xd00",
            "0xd10",
            "0xd20",
            "0xd30",
            "0xd40",
            "0xd50",
            "0xd60",
            "0xd70",
            "0xd80",
            "0xd90",
            "0xda0",
            "0xdb0",
            "0xdc0",
            "0xdd0",
            "0xde0",
            "0xdf0"
          ]
        },
        {
          "kind": "fp32_fallback",
          "begin_pc": "0x2ba0",
          "end_pc": "0x3af0",
          "static_instructions": 246,
          "max_live_gpr": 122,
          "opcode_counts": {
            "BAR.SYNC.DEFER_BLOCKING": 1,
            "BRA": 2,
            "DEPBAR.LE": 1,
            "FFMA": 32,
            "FMUL": 32,
            "I2F": 32,
            "IADD3": 10,
            "IADD3.X": 5,
            "IMAD": 13,
            "IMAD.IADD": 5,
            "IMAD.MOV.U32": 1,
            "IMAD.SHL.U32": 4,
            "IMAD.X": 1,
            "IMMA.16864.S4.S4": 16,
            "IMMA.16864.U4.S4": 16,
            "ISETP.GE.U32.AND": 2,
            "LDGDEPBAR": 1,
            "LDGSTS.E.BYPASS.128": 6,
            "LDS": 7,
            "LDS.64": 4,
            "LDSM.16.M88.4": 12,
            "LEA": 24,
            "LEA.HI.X": 2,
            "LOP3.LUT": 10,
            "SHF.L.U32": 7
          },
          "peak_pcs": [
            "0x3330"
          ]
        }
      ],
      "function_max_live_gpr": 122,
      "cta_threads": 256,
      "interpretation": "static_binary_loop_counts_not_dynamic_cost_or_speedup"
    }
  }
}
