ptxas info    : 10 bytes gmem, 80 bytes cmem[4]
ptxas info    : Compiling entry function 'adangel_roof_o78_tail_lookahead_candidate' for 'sm_80'
ptxas info    : Function properties for adangel_roof_o78_tail_lookahead_candidate
    0 bytes stack frame, 0 bytes spill stores, 0 bytes spill loads
ptxas info    : Used 168 registers, used 1 barriers, 444 bytes cmem[0]
ptxas info    : Compile time = 147.924 ms
ptxas info    : Compiling entry function 'adangel_roof_o78_eight_chain_candidate' for 'sm_80'
ptxas info    : Function properties for adangel_roof_o78_eight_chain_candidate
    0 bytes stack frame, 0 bytes spill stores, 0 bytes spill loads
ptxas info    : Used 168 registers, used 1 barriers, 444 bytes cmem[0]
ptxas info    : Compile time = 144.121 ms
ptxas info    : Compiling entry function 'adangel_roof_o78_fullk_candidate' for 'sm_80'
ptxas info    : Function properties for adangel_roof_o78_fullk_candidate
    8 bytes stack frame, 8 bytes spill stores, 8 bytes spill loads
ptxas info    : Used 168 registers, used 1 barriers, 8 bytes cumulative stack size, 444 bytes cmem[0]
ptxas info    : Compile time = 141.078 ms
ptxas info    : Compiling entry function 'adangel_roof_o78_fullk_control' for 'sm_80'
ptxas info    : Function properties for adangel_roof_o78_fullk_control
    8 bytes stack frame, 8 bytes spill stores, 8 bytes spill loads
ptxas info    : Used 168 registers, used 1 barriers, 8 bytes cumulative stack size, 444 bytes cmem[0]
ptxas info    : Compile time = 63.556 ms
