layer_00_q_proj compute_only 0 0.40243199467658997
layer_00_q_proj compute_only 1 0.419840008020401
layer_00_q_proj compute_only 1 0.40959998965263367
layer_00_q_proj compute_only 0 0.43212801218032837
layer_00_q_proj compute_only 0 0.40243199467658997
layer_00_q_proj compute_only 1 0.419840008020401
layer_00_k_proj compute_only 1 0.42905598878860474
layer_00_k_proj compute_only 0 0.4065279960632324
layer_00_k_proj compute_only 0 0.40857601165771484
layer_00_k_proj compute_only 1 0.4352000057697296
layer_00_k_proj compute_only 1 0.42905598878860474
layer_00_k_proj compute_only 0 0.4126720130443573
layer_00_v_proj compute_only 0 0.4177919924259186
layer_00_v_proj compute_only 1 0.4485119879245758
layer_00_v_proj compute_only 1 0.45260798931121826
layer_00_v_proj compute_only 0 0.42188799381256104
layer_00_v_proj compute_only 0 0.4177919924259186
layer_00_v_proj compute_only 1 0.4536319971084595
layer_00_o_proj compute_only 1 0.44441598653793335
layer_00_o_proj compute_only 0 0.4188160002231598
layer_00_o_proj compute_only 0 0.4177919924259186
layer_00_o_proj compute_only 1 0.447488009929657
layer_00_o_proj compute_only 1 0.44441598653793335
layer_00_o_proj compute_only 0 0.42291200160980225
layer_06_q_proj compute_only 0 0.4352000057697296
layer_06_q_proj compute_only 1 0.45875200629234314
layer_06_q_proj compute_only 1 0.4607999920845032
layer_06_q_proj compute_only 0 0.43827199935913086
layer_06_q_proj compute_only 0 0.4352000057697296
layer_06_q_proj compute_only 1 0.45977601408958435
layer_06_k_proj compute_only 1 0.46592000126838684
layer_06_k_proj compute_only 0 0.4352000057697296
layer_06_k_proj compute_only 0 0.4352000057697296
layer_06_k_proj compute_only 1 0.4679679870605469
layer_06_k_proj compute_only 1 0.4689919948577881
layer_06_k_proj compute_only 0 0.4341759979724884
layer_06_v_proj compute_only 0 0.4352000057697296
layer_06_v_proj compute_only 1 0.47411200404167175
layer_06_v_proj compute_only 1 0.4689919948577881
layer_06_v_proj compute_only 0 0.4352000057697296
layer_06_v_proj compute_only 0 0.4352000057697296
layer_06_v_proj compute_only 1 0.4689919948577881
layer_06_o_proj compute_only 1 0.4618239998817444
layer_06_o_proj compute_only 0 0.4326400011777878
layer_06_o_proj compute_only 0 0.4403199851512909
layer_06_o_proj compute_only 1 0.45875200629234314
layer_06_o_proj compute_only 1 0.4679679870605469
layer_06_o_proj compute_only 0 0.43929600715637207
layer_12_q_proj compute_only 0 0.4341759979724884
layer_12_q_proj compute_only 1 0.4689919948577881
layer_12_q_proj compute_only 1 0.4689919948577881
layer_12_q_proj compute_only 0 0.4352000057697296
layer_12_q_proj compute_only 0 0.4341759979724884
layer_12_q_proj compute_only 1 0.4628480076789856
layer_12_k_proj compute_only 1 0.4689919948577881
layer_12_k_proj compute_only 0 0.4341759979724884
layer_12_k_proj compute_only 0 0.4331519901752472
layer_12_k_proj compute_only 1 0.4628480076789856
layer_12_k_proj compute_only 1 0.4628480076789856
layer_12_k_proj compute_only 0 0.4341759979724884
layer_12_v_proj compute_only 0 0.4352000057697296
layer_12_v_proj compute_only 1 0.4607999920845032
layer_12_v_proj compute_only 1 0.46489599347114563
layer_12_v_proj compute_only 0 0.43110400438308716
layer_12_v_proj compute_only 0 0.4352000057697296
layer_12_v_proj compute_only 1 0.4689919948577881
layer_12_o_proj compute_only 1 0.4638719856739044
layer_12_o_proj compute_only 0 0.43929600715637207
layer_12_o_proj compute_only 0 0.4341759979724884
layer_12_o_proj compute_only 1 0.47411200404167175
layer_12_o_proj compute_only 1 0.4700160026550293
layer_12_o_proj compute_only 0 0.43929600715637207
layer_18_q_proj compute_only 0 0.4341759979724884
layer_18_q_proj compute_only 1 0.4567039906978607
layer_18_q_proj compute_only 1 0.45977601408958435
layer_18_q_proj compute_only 0 0.43929600715637207
layer_18_q_proj compute_only 0 0.44543999433517456
layer_18_q_proj compute_only 1 0.4607999920845032
layer_18_k_proj compute_only 1 0.4689919948577881
layer_18_k_proj compute_only 0 0.4362240135669708
layer_18_k_proj compute_only 0 0.44543999433517456
layer_18_k_proj compute_only 1 0.46694400906562805
layer_18_k_proj compute_only 1 0.4700160026550293
layer_18_k_proj compute_only 0 0.43929600715637207
layer_18_v_proj compute_only 0 0.4341759979724884
layer_18_v_proj compute_only 1 0.4695039987564087
layer_18_v_proj compute_only 1 0.4700160026550293
layer_18_v_proj compute_only 0 0.4362240135669708
layer_18_v_proj compute_only 0 0.43929600715637207
layer_18_v_proj compute_only 1 0.4700160026550293
layer_18_o_proj compute_only 1 0.4689919948577881
layer_18_o_proj compute_only 0 0.43212801218032837
layer_18_o_proj compute_only 0 0.4341759979724884
layer_18_o_proj compute_only 1 0.4607999920845032
layer_18_o_proj compute_only 1 0.4689919948577881
layer_18_o_proj compute_only 0 0.4352000057697296
layer_24_q_proj compute_only 0 0.4352000057697296
layer_24_q_proj compute_only 1 0.45977601408958435
layer_24_q_proj compute_only 1 0.4628480076789856
layer_24_q_proj compute_only 0 0.43929600715637207
layer_24_q_proj compute_only 0 0.4403199851512909
layer_24_q_proj compute_only 1 0.4638719856739044
layer_24_k_proj compute_only 1 0.46694400906562805
layer_24_k_proj compute_only 0 0.4341759979724884
layer_24_k_proj compute_only 0 0.43929600715637207
layer_24_k_proj compute_only 1 0.4679679870605469
layer_24_k_proj compute_only 1 0.4679679870605469
layer_24_k_proj compute_only 0 0.43929600715637207
layer_24_v_proj compute_only 0 0.43929600715637207
layer_24_v_proj compute_only 1 0.4689919948577881
layer_24_v_proj compute_only 1 0.4700160026550293
layer_24_v_proj compute_only 0 0.43929600715637207
layer_24_v_proj compute_only 0 0.43929600715637207
layer_24_v_proj compute_only 1 0.4700160026550293
layer_24_o_proj compute_only 1 0.4628480076789856
layer_24_o_proj compute_only 0 0.43110400438308716
layer_24_o_proj compute_only 0 0.4341759979724884
layer_24_o_proj compute_only 1 0.46643200516700745
layer_24_o_proj compute_only 1 0.4700160026550293
layer_24_o_proj compute_only 0 0.4341759979724884
layer_31_q_proj compute_only 0 0.43929600715637207
layer_31_q_proj compute_only 1 0.4689919948577881
layer_31_q_proj compute_only 1 0.46489599347114563
layer_31_q_proj compute_only 0 0.44646400213241577
layer_31_q_proj compute_only 0 0.43929600715637207
layer_31_q_proj compute_only 1 0.46489599347114563
layer_31_k_proj compute_only 1 0.4628480076789856
layer_31_k_proj compute_only 0 0.4341759979724884
layer_31_k_proj compute_only 0 0.43929600715637207
layer_31_k_proj compute_only 1 0.4679679870605469
layer_31_k_proj compute_only 1 0.4679679870605469
layer_31_k_proj compute_only 0 0.4362240135669708
layer_31_v_proj compute_only 0 0.4403199851512909
layer_31_v_proj compute_only 1 0.4700160026550293
layer_31_v_proj compute_only 1 0.47206398844718933
layer_31_v_proj compute_only 0 0.43929600715637207
layer_31_v_proj compute_only 0 0.4413439929485321
layer_31_v_proj compute_only 1 0.4792320132255554
layer_31_o_proj compute_only 1 0.4679679870605469
layer_31_o_proj compute_only 0 0.4341759979724884
layer_31_o_proj compute_only 0 0.43929600715637207
layer_31_o_proj compute_only 1 0.4679679870605469
layer_31_o_proj compute_only 1 0.4679679870605469
layer_31_o_proj compute_only 0 0.43929600715637207
