/home/zlouyang/ADAngel_oyzl/reports/o378_roof_v85_codegen/o78_register_layout_generated.cuh(18): warning #177-D: variable "la" was declared but never referenced
    C::ByteLayout<64> la;C::ByteLayout<128> lb;
                      ^

Remark: The warnings can be suppressed with "-diag-suppress <warning-number>"

/home/zlouyang/ADAngel_oyzl/reports/o378_roof_v85_codegen/o78_register_layout_generated.cuh(18): warning #177-D: variable "lb" was declared but never referenced
    C::ByteLayout<64> la;C::ByteLayout<128> lb;
                                            ^

ptxas info    : 10 bytes gmem, 80 bytes cmem[4]
ptxas info    : Compiling entry function 'adangel_roof_o78_register_layout_candidate' for 'sm_80'
ptxas info    : Function properties for adangel_roof_o78_register_layout_candidate
    16 bytes stack frame, 12 bytes spill stores, 12 bytes spill loads
ptxas info    : Used 168 registers, used 1 barriers, 16 bytes cumulative stack size, 444 bytes cmem[0]
ptxas info    : Compile time = 143.855 ms
ptxas info    : Compiling entry function 'adangel_roof_o78_eight_chain_candidate' for 'sm_80'
ptxas info    : Function properties for adangel_roof_o78_eight_chain_candidate
    0 bytes stack frame, 0 bytes spill stores, 0 bytes spill loads
ptxas info    : Used 168 registers, used 1 barriers, 444 bytes cmem[0]
ptxas info    : Compile time = 143.032 ms
ptxas info    : Compiling entry function 'adangel_roof_o78_fullk_candidate' for 'sm_80'
ptxas info    : Function properties for adangel_roof_o78_fullk_candidate
    8 bytes stack frame, 8 bytes spill stores, 8 bytes spill loads
ptxas info    : Used 168 registers, used 1 barriers, 8 bytes cumulative stack size, 444 bytes cmem[0]
ptxas info    : Compile time = 141.002 ms
ptxas info    : Compiling entry function 'adangel_roof_o78_fullk_control' for 'sm_80'
ptxas info    : Function properties for adangel_roof_o78_fullk_control
    8 bytes stack frame, 8 bytes spill stores, 8 bytes spill loads
ptxas info    : Used 168 registers, used 1 barriers, 8 bytes cumulative stack size, 444 bytes cmem[0]
ptxas info    : Compile time = 62.034 ms
