{
  "adangel_roof_o78_address_remat_candidate": {
    "symbol": "adangel_roof_o78_address_remat_candidate",
    "allocated_gpr": 168,
    "function_max_live_gpr": 163,
    "loops": [
      {
        "kind": "integer",
        "begin_pc": "0xe20",
        "end_pc": "0x25c0",
        "static_instructions": 379,
        "max_live_gpr": 163,
        "opcode_counts": {
          "BAR.SYNC.DEFER_BLOCKING": 1,
          "BRA": 2,
          "CALL.REL.NOINC": 1,
          "DEPBAR.LE": 1,
          "IADD3": 19,
          "IADD3.X": 6,
          "IMAD": 129,
          "IMAD.IADD": 1,
          "IMAD.SHL.U32": 25,
          "IMAD.U32": 1,
          "IMAD.X": 4,
          "IMMA.16864.S4.S4": 32,
          "IMMA.16864.U4.S4": 32,
          "ISETP.GT.U32.AND": 1,
          "LDGDEPBAR": 1,
          "LDGSTS.E.BYPASS.128": 10,
          "LDS": 7,
          "LDS.64": 8,
          "LDSM.16.M88.4": 16,
          "LEA": 2,
          "LEA.HI.X": 2,
          "LOP3.LUT": 6,
          "MOV": 2,
          "PLOP3.LUT": 2,
          "S2R": 2,
          "SHF.L.U32": 44,
          "SHF.R.U32.HI": 1,
          "UIADD3": 1,
          "UIMAD": 2,
          "UISETP.GT.U32.AND": 1,
          "UISETP.NE.AND": 1,
          "ULDC.64": 1,
          "ULOP3.LUT": 6,
          "UMOV": 1,
          "USHF.L.U32": 8
        },
        "peak_pcs": [
          "0x1840",
          "0x1850"
        ]
      },
      {
        "kind": "fp32_fallback",
        "begin_pc": "0x5090",
        "end_pc": "0x6be0",
        "static_instructions": 438,
        "max_live_gpr": 163,
        "opcode_counts": {
          "BAR.SYNC.DEFER_BLOCKING": 1,
          "BRA": 2,
          "CALL.REL.NOINC": 1,
          "DEPBAR.LE": 1,
          "FFMA": 64,
          "FMUL": 64,
          "I2F": 64,
          "IADD3": 20,
          "IADD3.X": 8,
          "IMAD": 24,
          "IMAD.IADD": 4,
          "IMAD.SHL.U32": 5,
          "IMAD.X": 2,
          "IMMA.16864.S4.S4": 32,
          "IMMA.16864.U4.S4": 32,
          "ISETP.GE.U32.AND": 2,
          "LDGDEPBAR": 1,
          "LDGSTS.E.BYPASS.128": 10,
          "LDS": 7,
          "LDS.64": 8,
          "LDSM.16.M88.4": 16,
          "LEA": 44,
          "LEA.HI.X": 2,
          "LOP3.LUT": 12,
          "MOV": 1,
          "NOP": 2,
          "S2R": 1,
          "SHF.L.U32": 8
        },
        "peak_pcs": [
          "0x5bd0",
          "0x6280"
        ]
      }
    ],
    "cta_threads": 128,
    "register_only_four_cta_limit_per_thread": 128,
    "interpretation": "static_binary_live_range_not_runtime_timing_or_universal_register_lower_bound"
  },
  "adangel_roof_o78_eight_chain_candidate": {
    "symbol": "adangel_roof_o78_eight_chain_candidate",
    "allocated_gpr": 168,
    "function_max_live_gpr": 166,
    "loops": [
      {
        "kind": "integer",
        "begin_pc": "0xa60",
        "end_pc": "0x2240",
        "static_instructions": 383,
        "max_live_gpr": 166,
        "opcode_counts": {
          "BAR.SYNC.DEFER_BLOCKING": 1,
          "BRA": 2,
          "CALL.REL.NOINC": 1,
          "DEPBAR.LE": 1,
          "IADD3": 20,
          "IADD3.X": 5,
          "IMAD": 128,
          "IMAD.IADD": 1,
          "IMAD.SHL.U32": 24,
          "IMAD.X": 5,
          "IMMA.16864.S4.S4": 32,
          "IMMA.16864.U4.S4": 32,
          "ISETP.GT.U32.AND": 1,
          "LDGDEPBAR": 1,
          "LDGSTS.E.BYPASS.128": 10,
          "LDS": 7,
          "LDS.64": 8,
          "LDSM.16.M88.4": 16,
          "LEA": 2,
          "LEA.HI.X": 2,
          "LOP3.LUT": 6,
          "MOV": 2,
          "PLOP3.LUT": 2,
          "S2R": 5,
          "SHF.L.U32": 48,
          "UIADD3": 1,
          "UIMAD": 2,
          "UISETP.GT.U32.AND": 1,
          "UISETP.NE.AND": 1,
          "ULDC.64": 1,
          "ULOP3.LUT": 6,
          "UMOV": 1,
          "USHF.L.U32": 8
        },
        "peak_pcs": [
          "0x1880",
          "0x1890",
          "0x1950",
          "0x1960",
          "0x1970",
          "0x1980"
        ]
      },
      {
        "kind": "fp32_fallback",
        "begin_pc": "0x4d40",
        "end_pc": "0x68b0",
        "static_instructions": 440,
        "max_live_gpr": 162,
        "opcode_counts": {
          "BAR.SYNC.DEFER_BLOCKING": 1,
          "BRA": 2,
          "CALL.REL.NOINC": 1,
          "DEPBAR.LE": 1,
          "FFMA": 64,
          "FMUL": 64,
          "I2F": 64,
          "IADD3": 19,
          "IADD3.X": 8,
          "IMAD": 23,
          "IMAD.IADD": 5,
          "IMAD.SHL.U32": 5,
          "IMAD.X": 2,
          "IMMA.16864.S4.S4": 32,
          "IMMA.16864.U4.S4": 32,
          "ISETP.GE.U32.AND": 2,
          "LDGDEPBAR": 1,
          "LDGSTS.E.BYPASS.128": 10,
          "LDS": 7,
          "LDS.64": 8,
          "LDSM.16.M88.4": 16,
          "LEA": 45,
          "LEA.HI.X": 2,
          "LOP3.LUT": 12,
          "MOV": 1,
          "NOP": 2,
          "S2R": 2,
          "SHF.L.U32": 9
        },
        "peak_pcs": [
          "0x58a0",
          "0x5f50"
        ]
      }
    ],
    "cta_threads": 128,
    "register_only_four_cta_limit_per_thread": 128,
    "interpretation": "static_binary_live_range_not_runtime_timing_or_universal_register_lower_bound"
  },
  "adangel_roof_o78_grouped_cta_candidate": {
    "symbol": "adangel_roof_o78_grouped_cta_candidate",
    "allocated_gpr": 168,
    "function_max_live_gpr": 166,
    "loops": [
      {
        "kind": "integer",
        "begin_pc": "0xe70",
        "end_pc": "0x2630",
        "static_instructions": 381,
        "max_live_gpr": 166,
        "opcode_counts": {
          "BAR.SYNC.DEFER_BLOCKING": 1,
          "BRA": 2,
          "CALL.REL.NOINC": 1,
          "DEPBAR.LE": 1,
          "IADD3": 20,
          "IADD3.X": 8,
          "IMAD": 128,
          "IMAD.IADD": 1,
          "IMAD.SHL.U32": 25,
          "IMAD.U32": 2,
          "IMAD.X": 2,
          "IMMA.16864.S4.S4": 32,
          "IMMA.16864.U4.S4": 32,
          "ISETP.GT.U32.AND": 1,
          "LDGDEPBAR": 1,
          "LDGSTS.E.BYPASS.128": 10,
          "LDL": 2,
          "LDS": 7,
          "LDS.64": 8,
          "LDSM.16.M88.4": 16,
          "LEA": 2,
          "LEA.HI.X": 2,
          "LOP3.LUT": 6,
          "PLOP3.LUT": 2,
          "S2R": 3,
          "SHF.L.U32": 45,
          "UIADD3": 1,
          "UIMAD": 2,
          "UISETP.GT.U32.AND": 1,
          "UISETP.NE.AND": 1,
          "ULDC.64": 1,
          "ULOP3.LUT": 6,
          "UMOV": 1,
          "USHF.L.U32": 8
        },
        "peak_pcs": [
          "0x1c70",
          "0x1c80",
          "0x1d40",
          "0x1d50",
          "0x1d60",
          "0x1d70"
        ]
      },
      {
        "kind": "fp32_fallback",
        "begin_pc": "0x50e0",
        "end_pc": "0x6c30",
        "static_instructions": 438,
        "max_live_gpr": 163,
        "opcode_counts": {
          "BAR.SYNC.DEFER_BLOCKING": 1,
          "BRA": 2,
          "CALL.REL.NOINC": 1,
          "DEPBAR.LE": 1,
          "FFMA": 64,
          "FMUL": 64,
          "I2F": 64,
          "IADD3": 19,
          "IADD3.X": 8,
          "IMAD": 24,
          "IMAD.IADD": 5,
          "IMAD.SHL.U32": 4,
          "IMAD.X": 2,
          "IMMA.16864.S4.S4": 32,
          "IMMA.16864.U4.S4": 32,
          "ISETP.GE.U32.AND": 2,
          "LDGDEPBAR": 1,
          "LDGSTS.E.BYPASS.128": 10,
          "LDS": 7,
          "LDS.64": 8,
          "LDSM.16.M88.4": 16,
          "LEA": 44,
          "LEA.HI.X": 2,
          "LOP3.LUT": 12,
          "MOV": 1,
          "NOP": 2,
          "S2R": 1,
          "SHF.L.U32": 9
        },
        "peak_pcs": [
          "0x5c20",
          "0x62d0"
        ]
      }
    ],
    "cta_threads": 128,
    "register_only_four_cta_limit_per_thread": 128,
    "interpretation": "static_binary_live_range_not_runtime_timing_or_universal_register_lower_bound"
  }
}
Compile audit passed; runtime justified: True
