ptxas info    : 10 bytes gmem, 80 bytes cmem[4]
ptxas info    : Compiling entry function 'adangel_roof_o78_three_stage_candidate' for 'sm_80'
ptxas info    : Function properties for adangel_roof_o78_three_stage_candidate
    8 bytes stack frame, 4 bytes spill stores, 4 bytes spill loads
ptxas info    : Used 168 registers, used 1 barriers, 8 bytes cumulative stack size, 444 bytes cmem[0]
ptxas info    : Compile time = 148.618 ms
ptxas info    : Compiling entry function 'adangel_roof_o78_eight_chain_candidate' for 'sm_80'
ptxas info    : Function properties for adangel_roof_o78_eight_chain_candidate
    0 bytes stack frame, 0 bytes spill stores, 0 bytes spill loads
ptxas info    : Used 168 registers, used 1 barriers, 444 bytes cmem[0]
ptxas info    : Compile time = 142.701 ms
ptxas info    : Compiling entry function 'adangel_roof_o78_fullk_candidate' for 'sm_80'
ptxas info    : Function properties for adangel_roof_o78_fullk_candidate
    8 bytes stack frame, 8 bytes spill stores, 8 bytes spill loads
ptxas info    : Used 168 registers, used 1 barriers, 8 bytes cumulative stack size, 444 bytes cmem[0]
ptxas info    : Compile time = 141.108 ms
ptxas info    : Compiling entry function 'adangel_roof_o78_fullk_control' for 'sm_80'
ptxas info    : Function properties for adangel_roof_o78_fullk_control
    8 bytes stack frame, 8 bytes spill stores, 8 bytes spill loads
ptxas info    : Used 168 registers, used 1 barriers, 8 bytes cumulative stack size, 444 bytes cmem[0]
ptxas info    : Compile time = 61.997 ms
