Updating af1cd54..b5dc451
Fast-forward
 docs/evidence/a100_o378_roof_v14/README.md         |    94 +
 .../a100_o378_roof_v14/pc_sampling_o3.json         |  1695 +++
 .../a100_o378_roof_v14/pc_sampling_o7.json         |  1764 +++
 .../reports/o378_roof_v14/audit.log                |  2326 ++++
 .../reports/o378_roof_v14/audit/audit.json         |  2328 ++++
 .../reports/o378_roof_v14/audit/resources.txt      |   517 +
 .../reports/o378_roof_v14/baseline_codegen.json    |    32 +
 .../reports/o378_roof_v14/build.log                |    23 +
 .../reports/o378_roof_v14/candidate_codegen.json   |    71 +
 .../reports/o378_roof_v14/four_smoke.log           |     3 +
 .../reports/o378_roof_v14/memcheck.log             |     9 +
 .../reports/o378_roof_v14/ncu_o3_comparison.json   |   255 +
 .../reports/o378_roof_v14/ncu_o3_t21.log           |     7 +
 .../reports/o378_roof_v14/ncu_o3_t21_raw.csv       |     3 +
 .../o378_roof_v14/ncu_o3_t21_source_sass.csv       |  1346 ++
 .../reports/o378_roof_v14/ncu_o3_t6.log            |     7 +
 .../reports/o378_roof_v14/ncu_o3_t6_raw.csv        |     3 +
 .../o378_roof_v14/ncu_o3_t6_source_sass.csv        |   762 +
 .../reports/o378_roof_v14/ncu_o7_comparison.json   |   244 +
 .../reports/o378_roof_v14/ncu_o7_t21.log           |     7 +
 .../reports/o378_roof_v14/ncu_o7_t21_raw.csv       |     3 +
 .../o378_roof_v14/ncu_o7_t21_source_sass.csv       |  1370 ++
 .../reports/o378_roof_v14/ncu_o7_t6.log            |     7 +
 .../reports/o378_roof_v14/ncu_o7_t6_raw.csv        |     3 +
 .../o378_roof_v14/ncu_o7_t6_source_sass.csv        |   802 ++
 .../reports/o378_roof_v14/racecheck.log            |     8 +
 .../o378_roof_v14/reuse_object_resources.txt       |    34 +
 .../reports/o378_roof_v14/screen.log               |    97 +
 .../reports/o378_roof_v14/synccheck.log            |     9 +
 .../reports/o378_roof_v14/trace24.log              |   192 +
 .../a100_o378_roof_v14/resource_model_o3.json      |   294 +
 .../a100_o378_roof_v14/resource_model_o7.json      |   283 +
 .../runs/o378_roof_v14_four_smoke/environment.json |    38 +
 .../o378_roof_v14_four_smoke/gpu_snapshots.jsonl   |     3 +
 .../runs/o378_roof_v14_four_smoke/results.jsonl    |    48 +
 .../source_provenance.jsonl                        |     2 +
 .../runs/o378_roof_v14_four_smoke/summary.json     |  1162 ++
 .../runs/o378_roof_v14_memcheck/environment.json   |    27 +
 .../o378_roof_v14_memcheck/gpu_snapshots.jsonl     |     3 +
 .../runs/o378_roof_v14_memcheck/results.jsonl      |     6 +
 .../runs/o378_roof_v14_memcheck/summary.json       |    41 +
 .../runs/o378_roof_v14_memcheck/validation.json    |  6917 ++++++++++
 .../runs/o378_roof_v14_ncu_o3_t21/environment.json |    24 +
 .../o378_roof_v14_ncu_o3_t21/gpu_snapshots.jsonl   |     1 +
 .../runs/o378_roof_v14_ncu_o3_t21/results.jsonl    |     1 +
 .../runs/o378_roof_v14_ncu_o3_t21/summary.json     |    11 +
 .../runs/o378_roof_v14_ncu_o3_t6/environment.json  |    24 +
 .../o378_roof_v14_ncu_o3_t6/gpu_snapshots.jsonl    |     1 +
 .../runs/o378_roof_v14_ncu_o3_t6/results.jsonl     |     1 +
 .../runs/o378_roof_v14_ncu_o3_t6/summary.json      |    11 +
 .../runs/o378_roof_v14_ncu_o7_t21/environment.json |    24 +
 .../o378_roof_v14_ncu_o7_t21/gpu_snapshots.jsonl   |     1 +
 .../runs/o378_roof_v14_ncu_o7_t21/results.jsonl    |     1 +
 .../runs/o378_roof_v14_ncu_o7_t21/summary.json     |    11 +
 .../runs/o378_roof_v14_ncu_o7_t6/environment.json  |    24 +
 .../o378_roof_v14_ncu_o7_t6/gpu_snapshots.jsonl    |     1 +
 .../runs/o378_roof_v14_ncu_o7_t6/results.jsonl     |     1 +
 .../runs/o378_roof_v14_ncu_o7_t6/summary.json      |    11 +
 .../runs/o378_roof_v14_racecheck/environment.json  |    27 +
 .../o378_roof_v14_racecheck/gpu_snapshots.jsonl    |     3 +
 .../runs/o378_roof_v14_racecheck/results.jsonl     |     6 +
 .../runs/o378_roof_v14_racecheck/summary.json      |    41 +
 .../runs/o378_roof_v14_screen/environment.json     |    29 +
 .../runs/o378_roof_v14_screen/gpu_snapshots.jsonl  |    24 +
 .../runs/o378_roof_v14_screen/results.jsonl        |    96 +
 .../runs/o378_roof_v14_screen/summary.json         |    77 +
 .../runs/o378_roof_v14_screen/validation.json      | 13829 +++++++++++++++++++
 .../runs/o378_roof_v14_synccheck/environment.json  |    27 +
 .../o378_roof_v14_synccheck/gpu_snapshots.jsonl    |     3 +
 .../runs/o378_roof_v14_synccheck/results.jsonl     |     6 +
 .../runs/o378_roof_v14_synccheck/summary.json      |    41 +
 .../runs/o378_roof_v14_synccheck/validation.json   |  6917 ++++++++++
 .../runs/o378_roof_v14_trace24/environment.json    |    37 +
 .../runs/o378_roof_v14_trace24/gpu_snapshots.jsonl |   192 +
 .../runs/o378_roof_v14_trace24/results.jsonl       |   768 +
 .../o378_roof_v14_trace24/source_provenance.jsonl  |    48 +
 .../runs/o378_roof_v14_trace24/summary.json        |  1514 ++
 docs/o3_o7_o8_resource_optimization.md             |     6 +-
 scripts/analyze_roof_scale_ncu.py                  |    51 +-
 tests/unit/test_roof_scale_ncu.py                  |    55 +-
 tests/unit/test_roof_v14_evidence.py               |    53 +
 81 files changed, 46839 insertions(+), 4 deletions(-)
 create mode 100644 docs/evidence/a100_o378_roof_v14/README.md
 create mode 100644 docs/evidence/a100_o378_roof_v14/pc_sampling_o3.json
 create mode 100644 docs/evidence/a100_o378_roof_v14/pc_sampling_o7.json
 create mode 100644 docs/evidence/a100_o378_roof_v14/reports/o378_roof_v14/audit.log
 create mode 100644 docs/evidence/a100_o378_roof_v14/reports/o378_roof_v14/audit/audit.json
 create mode 100644 docs/evidence/a100_o378_roof_v14/reports/o378_roof_v14/audit/resources.txt
 create mode 100644 docs/evidence/a100_o378_roof_v14/reports/o378_roof_v14/baseline_codegen.json
 create mode 100644 docs/evidence/a100_o378_roof_v14/reports/o378_roof_v14/build.log
 create mode 100644 docs/evidence/a100_o378_roof_v14/reports/o378_roof_v14/candidate_codegen.json
 create mode 100644 docs/evidence/a100_o378_roof_v14/reports/o378_roof_v14/four_smoke.log
 create mode 100644 docs/evidence/a100_o378_roof_v14/reports/o378_roof_v14/memcheck.log
 create mode 100644 docs/evidence/a100_o378_roof_v14/reports/o378_roof_v14/ncu_o3_comparison.json
 create mode 100644 docs/evidence/a100_o378_roof_v14/reports/o378_roof_v14/ncu_o3_t21.log
 create mode 100644 docs/evidence/a100_o378_roof_v14/reports/o378_roof_v14/ncu_o3_t21_raw.csv
 create mode 100644 docs/evidence/a100_o378_roof_v14/reports/o378_roof_v14/ncu_o3_t21_source_sass.csv
 create mode 100644 docs/evidence/a100_o378_roof_v14/reports/o378_roof_v14/ncu_o3_t6.log
 create mode 100644 docs/evidence/a100_o378_roof_v14/reports/o378_roof_v14/ncu_o3_t6_raw.csv
 create mode 100644 docs/evidence/a100_o378_roof_v14/reports/o378_roof_v14/ncu_o3_t6_source_sass.csv
 create mode 100644 docs/evidence/a100_o378_roof_v14/reports/o378_roof_v14/ncu_o7_comparison.json
 create mode 100644 docs/evidence/a100_o378_roof_v14/reports/o378_roof_v14/ncu_o7_t21.log
 create mode 100644 docs/evidence/a100_o378_roof_v14/reports/o378_roof_v14/ncu_o7_t21_raw.csv
 create mode 100644 docs/evidence/a100_o378_roof_v14/reports/o378_roof_v14/ncu_o7_t21_source_sass.csv
 create mode 100644 docs/evidence/a100_o378_roof_v14/reports/o378_roof_v14/ncu_o7_t6.log
 create mode 100644 docs/evidence/a100_o378_roof_v14/reports/o378_roof_v14/ncu_o7_t6_raw.csv
 create mode 100644 docs/evidence/a100_o378_roof_v14/reports/o378_roof_v14/ncu_o7_t6_source_sass.csv
 create mode 100644 docs/evidence/a100_o378_roof_v14/reports/o378_roof_v14/racecheck.log
 create mode 100644 docs/evidence/a100_o378_roof_v14/reports/o378_roof_v14/reuse_object_resources.txt
 create mode 100644 docs/evidence/a100_o378_roof_v14/reports/o378_roof_v14/screen.log
 create mode 100644 docs/evidence/a100_o378_roof_v14/reports/o378_roof_v14/synccheck.log
 create mode 100644 docs/evidence/a100_o378_roof_v14/reports/o378_roof_v14/trace24.log
 create mode 100644 docs/evidence/a100_o378_roof_v14/resource_model_o3.json
 create mode 100644 docs/evidence/a100_o378_roof_v14/resource_model_o7.json
 create mode 100644 docs/evidence/a100_o378_roof_v14/runs/o378_roof_v14_four_smoke/environment.json
 create mode 100644 docs/evidence/a100_o378_roof_v14/runs/o378_roof_v14_four_smoke/gpu_snapshots.jsonl
 create mode 100644 docs/evidence/a100_o378_roof_v14/runs/o378_roof_v14_four_smoke/results.jsonl
 create mode 100644 docs/evidence/a100_o378_roof_v14/runs/o378_roof_v14_four_smoke/source_provenance.jsonl
 create mode 100644 docs/evidence/a100_o378_roof_v14/runs/o378_roof_v14_four_smoke/summary.json
 create mode 100644 docs/evidence/a100_o378_roof_v14/runs/o378_roof_v14_memcheck/environment.json
 create mode 100644 docs/evidence/a100_o378_roof_v14/runs/o378_roof_v14_memcheck/gpu_snapshots.jsonl
 create mode 100644 docs/evidence/a100_o378_roof_v14/runs/o378_roof_v14_memcheck/results.jsonl
 create mode 100644 docs/evidence/a100_o378_roof_v14/runs/o378_roof_v14_memcheck/summary.json
 create mode 100644 docs/evidence/a100_o378_roof_v14/runs/o378_roof_v14_memcheck/validation.json
 create mode 100644 docs/evidence/a100_o378_roof_v14/runs/o378_roof_v14_ncu_o3_t21/environment.json
 create mode 100644 docs/evidence/a100_o378_roof_v14/runs/o378_roof_v14_ncu_o3_t21/gpu_snapshots.jsonl
 create mode 100644 docs/evidence/a100_o378_roof_v14/runs/o378_roof_v14_ncu_o3_t21/results.jsonl
 create mode 100644 docs/evidence/a100_o378_roof_v14/runs/o378_roof_v14_ncu_o3_t21/summary.json
 create mode 100644 docs/evidence/a100_o378_roof_v14/runs/o378_roof_v14_ncu_o3_t6/environment.json
 create mode 100644 docs/evidence/a100_o378_roof_v14/runs/o378_roof_v14_ncu_o3_t6/gpu_snapshots.jsonl
 create mode 100644 docs/evidence/a100_o378_roof_v14/runs/o378_roof_v14_ncu_o3_t6/results.jsonl
 create mode 100644 docs/evidence/a100_o378_roof_v14/runs/o378_roof_v14_ncu_o3_t6/summary.json
 create mode 100644 docs/evidence/a100_o378_roof_v14/runs/o378_roof_v14_ncu_o7_t21/environment.json
 create mode 100644 docs/evidence/a100_o378_roof_v14/runs/o378_roof_v14_ncu_o7_t21/gpu_snapshots.jsonl
 create mode 100644 docs/evidence/a100_o378_roof_v14/runs/o378_roof_v14_ncu_o7_t21/results.jsonl
 create mode 100644 docs/evidence/a100_o378_roof_v14/runs/o378_roof_v14_ncu_o7_t21/summary.json
 create mode 100644 docs/evidence/a100_o378_roof_v14/runs/o378_roof_v14_ncu_o7_t6/environment.json
 create mode 100644 docs/evidence/a100_o378_roof_v14/runs/o378_roof_v14_ncu_o7_t6/gpu_snapshots.jsonl
 create mode 100644 docs/evidence/a100_o378_roof_v14/runs/o378_roof_v14_ncu_o7_t6/results.jsonl
 create mode 100644 docs/evidence/a100_o378_roof_v14/runs/o378_roof_v14_ncu_o7_t6/summary.json
 create mode 100644 docs/evidence/a100_o378_roof_v14/runs/o378_roof_v14_racecheck/environment.json
 create mode 100644 docs/evidence/a100_o378_roof_v14/runs/o378_roof_v14_racecheck/gpu_snapshots.jsonl
 create mode 100644 docs/evidence/a100_o378_roof_v14/runs/o378_roof_v14_racecheck/results.jsonl
 create mode 100644 docs/evidence/a100_o378_roof_v14/runs/o378_roof_v14_racecheck/summary.json
 create mode 100644 docs/evidence/a100_o378_roof_v14/runs/o378_roof_v14_screen/environment.json
 create mode 100644 docs/evidence/a100_o378_roof_v14/runs/o378_roof_v14_screen/gpu_snapshots.jsonl
 create mode 100644 docs/evidence/a100_o378_roof_v14/runs/o378_roof_v14_screen/results.jsonl
 create mode 100644 docs/evidence/a100_o378_roof_v14/runs/o378_roof_v14_screen/summary.json
 create mode 100644 docs/evidence/a100_o378_roof_v14/runs/o378_roof_v14_screen/validation.json
 create mode 100644 docs/evidence/a100_o378_roof_v14/runs/o378_roof_v14_synccheck/environment.json
 create mode 100644 docs/evidence/a100_o378_roof_v14/runs/o378_roof_v14_synccheck/gpu_snapshots.jsonl
 create mode 100644 docs/evidence/a100_o378_roof_v14/runs/o378_roof_v14_synccheck/results.jsonl
 create mode 100644 docs/evidence/a100_o378_roof_v14/runs/o378_roof_v14_synccheck/summary.json
 create mode 100644 docs/evidence/a100_o378_roof_v14/runs/o378_roof_v14_synccheck/validation.json
 create mode 100644 docs/evidence/a100_o378_roof_v14/runs/o378_roof_v14_trace24/environment.json
 create mode 100644 docs/evidence/a100_o378_roof_v14/runs/o378_roof_v14_trace24/gpu_snapshots.jsonl
 create mode 100644 docs/evidence/a100_o378_roof_v14/runs/o378_roof_v14_trace24/results.jsonl
 create mode 100644 docs/evidence/a100_o378_roof_v14/runs/o378_roof_v14_trace24/source_provenance.jsonl
 create mode 100644 docs/evidence/a100_o378_roof_v14/runs/o378_roof_v14_trace24/summary.json
 create mode 100644 tests/unit/test_roof_v14_evidence.py
