ptxas info    : 10 bytes gmem, 80 bytes cmem[4]
ptxas info    : Compiling entry function 'adangel_roof_o78_cute_traversal_candidate' for 'sm_80'
ptxas info    : Function properties for adangel_roof_o78_cute_traversal_candidate
    0 bytes stack frame, 0 bytes spill stores, 0 bytes spill loads
ptxas info    : Used 168 registers, used 1 barriers, 444 bytes cmem[0]
ptxas info    : Compile time = 146.630 ms
ptxas info    : Compiling entry function 'adangel_roof_o78_eight_chain_candidate' for 'sm_80'
ptxas info    : Function properties for adangel_roof_o78_eight_chain_candidate
    0 bytes stack frame, 0 bytes spill stores, 0 bytes spill loads
ptxas info    : Used 168 registers, used 1 barriers, 444 bytes cmem[0]
ptxas info    : Compile time = 142.799 ms
ptxas info    : Compiling entry function 'adangel_roof_o78_fullk_candidate' for 'sm_80'
ptxas info    : Function properties for adangel_roof_o78_fullk_candidate
    8 bytes stack frame, 8 bytes spill stores, 8 bytes spill loads
ptxas info    : Used 168 registers, used 1 barriers, 8 bytes cumulative stack size, 444 bytes cmem[0]
ptxas info    : Compile time = 143.619 ms
ptxas info    : Compiling entry function 'adangel_roof_o78_fullk_control' for 'sm_80'
ptxas info    : Function properties for adangel_roof_o78_fullk_control
    8 bytes stack frame, 8 bytes spill stores, 8 bytes spill loads
ptxas info    : Used 168 registers, used 1 barriers, 8 bytes cumulative stack size, 444 bytes cmem[0]
ptxas info    : Compile time = 63.728 ms

{
  "symbol": "adangel_roof_o78_eight_chain_candidate",
  "registers": 168,
  "instructions": 383,
  "opcode_counts": {
    "BAR.SYNC.DEFER_BLOCKING": 1,
    "BRA": 2,
    "CALL.REL.NOINC": 1,
    "DEPBAR.LE": 1,
    "IADD3": 20,
    "IADD3.X": 5,
    "IMAD": 128,
    "IMAD.IADD": 1,
    "IMAD.SHL.U32": 24,
    "IMAD.X": 5,
    "IMMA.16864.S4.S4": 32,
    "IMMA.16864.U4.S4": 32,
    "ISETP.GT.U32.AND": 1,
    "LDGDEPBAR": 1,
    "LDGSTS.E.BYPASS.128": 10,
    "LDS": 7,
    "LDS.64": 8,
    "LDSM.16.M88.4": 16,
    "LEA": 2,
    "LEA.HI.X": 2,
    "LOP3.LUT": 6,
    "MOV": 2,
    "PLOP3.LUT": 2,
    "S2R": 5,
    "SHF.L.U32": 48,
    "UIADD3": 1,
    "UIMAD": 2,
    "UISETP.GT.U32.AND": 1,
    "UISETP.NE.AND": 1,
    "ULDC.64": 1,
    "ULOP3.LUT": 6,
    "UMOV": 1,
    "USHF.L.U32": 8
  },
  "mma_count": 64,
  "operand_reuse_markers": 25,
  "scope": "static_encoded_hints_not_measured_register_bank_traffic"
}
{
  "symbol": "adangel_roof_o78_cute_traversal_candidate",
  "registers": 168,
  "instructions": 377,
  "opcode_counts": {
    "BAR.SYNC.DEFER_BLOCKING": 1,
    "BRA": 2,
    "CALL.REL.NOINC": 1,
    "DEPBAR.LE": 1,
    "IADD3": 20,
    "IADD3.X": 7,
    "IMAD": 128,
    "IMAD.SHL.U32": 24,
    "IMAD.U32": 1,
    "IMAD.X": 3,
    "IMMA.16864.S4.S4": 32,
    "IMMA.16864.U4.S4": 32,
    "ISETP.GT.U32.AND": 1,
    "LDGDEPBAR": 1,
    "LDGSTS.E.BYPASS.128": 10,
    "LDS": 7,
    "LDS.64": 8,
    "LDSM.16.M88.4": 16,
    "LEA": 2,
    "LEA.HI.X": 2,
    "LOP3.LUT": 6,
    "MOV": 1,
    "PLOP3.LUT": 2,
    "S2R": 3,
    "SHF.L.U32": 45,
    "UIADD3": 1,
    "UIMAD": 2,
    "UISETP.GT.U32.AND": 1,
    "UISETP.NE.AND": 1,
    "ULDC.64": 1,
    "ULOP3.LUT": 6,
    "UMOV": 1,
    "USHF.L.U32": 8
  },
  "mma_count": 64,
  "operand_reuse_markers": 27,
  "scope": "static_encoded_hints_not_measured_register_bank_traffic"
}
Compile audit only: actual runtime improvement has not been measured.
