{
  "source_commit": "abf5b7825ad105a72d4de5b80abf534efb03e2bc",
  "nvcc": "nvcc: NVIDIA (R) Cuda compiler driver\nCopyright (c) 2005-2025 NVIDIA Corporation\nBuilt on Fri_Feb_21_20:23:50_PST_2025\nCuda compilation tools, release 12.8, V12.8.93\nBuild cuda_12.8.r12.8/compiler.35583870_0\n",
  "cutlass_commit": "db1c288993354c88e551c40c19a8fb93a774a241",
  "scope": "compile_and_static_SASS_only_not_runtime_correctness_or_performance",
  "variants": {
    "0": {
      "cubin_sha256": "f93803b3a670d363563fc7baf467b10c40b2eb6460f8795191d1ea70d18abab6",
      "entries": {
        "adangel_roof_row_cursor_o78": {
          "instructions": 880,
          "opcode_counts": {
            "IMAD": 139,
            "S2R": 2,
            "S2UR": 1,
            "ULDC": 3,
            "IADD3": 88,
            "USHF": 3,
            "CS2R": 32,
            "UIMAD": 1,
            "ISETP": 37,
            "SHF": 21,
            "LOP3": 75,
            "LEA": 44,
            "STL": 1,
            "LDGSTS": 20,
            "LDGDEPBAR": 2,
            "BRA": 4,
            "MOV": 4,
            "DEPBAR": 1,
            "BAR": 1,
            "LDL": 1,
            "LDS": 15,
            "LDSM": 16,
            "IMMA": 64,
            "FMUL": 64,
            "I2F": 64,
            "FFMA": 64,
            "CALL": 1,
            "STG": 96,
            "EXIT": 2,
            "NOP;": 14
          },
          "copies": [
            "LDGSTS.E.BYPASS.128 [R143+0x200], [R16.64] ;",
            "LDGSTS.E.BYPASS.128 [R143+0x2200], [R2.64] ;",
            "LDGSTS.E.BYPASS.128 [R142+0x200], [R164.64] ;",
            "LDGSTS.E.BYPASS.128 [R142+0x2200], [R4.64] ;",
            "LDGSTS.E.BYPASS.128 [R143+0x4200], [R162.64] ;",
            "LDGSTS.E.BYPASS.128 [R142+0x4200], [R160.64] ;",
            "LDGSTS.E.BYPASS.128 [R140+0x4200], [R158.64] ;",
            "LDGSTS.E.BYPASS.128 [R139+0x4200], [R156.64] ;",
            "@!P0 LDGSTS.E.BYPASS.128 [R55], [R6.64] ;",
            "@!P1 LDGSTS.E.BYPASS.128 [R55+0x8200], [R8.64] ;",
            "LDGSTS.E.BYPASS.128 [R71+0x200], [R58.64] ;",
            "LDGSTS.E.BYPASS.128 [R71+0x2200], [R60.64] ;",
            "LDGSTS.E.BYPASS.128 [R73+0x200], [R62.64] ;",
            "LDGSTS.E.BYPASS.128 [R73+0x2200], [R64.64] ;",
            "LDGSTS.E.BYPASS.128 [R75+0x4200], [R66.64] ;",
            "LDGSTS.E.BYPASS.128 [R77+0x4200], [R58.64] ;",
            "LDGSTS.E.BYPASS.128 [R65+0x4200], [R60.64] ;",
            "LDGSTS.E.BYPASS.128 [R69+0x4200], [R62.64] ;",
            "@!P0 LDGSTS.E.BYPASS.128 [R59], [R54.64] ;",
            "@!P1 LDGSTS.E.BYPASS.128 [R71+0x8200], [R52.64] ;"
          ],
          "all_copies_bypass_l1": true,
          "native_u4_s4": true,
          "native_s4_s4": true,
          "int8_mma": false
        },
        "adangel_roof_row_cursor_o3": {
          "instructions": 944,
          "opcode_counts": {
            "IMAD": 142,
            "S2R": 6,
            "S2UR": 1,
            "ULDC": 6,
            "IADD3": 105,
            "ISETP": 36,
            "USHF": 15,
            "LDG": 7,
            "SHF": 15,
            "ULEA": 4,
            "LOP3": 67,
            "UIMAD": 7,
            "CS2R": 29,
            "UISETP": 5,
            "LEA": 38,
            "STL": 3,
            "LDGSTS": 24,
            "PLOP3": 5,
            "MOV": 4,
            "FSEL": 3,
            "STS": 3,
            "LDGDEPBAR": 3,
            "BRA": 7,
            "LDS": 14,
            "UMOV": 1,
            "UIADD3": 2,
            "DEPBAR": 2,
            "BAR": 1,
            "LDL": 3,
            "LDSM": 16,
            "IMMA": 64,
            "I2F": 64,
            "FFMA": 64,
            "CALL": 1,
            "FMUL": 64,
            "STG": 96,
            "EXIT": 2,
            "NOP;": 15
          },
          "copies": [
            "LDGSTS.E.BYPASS.128 [R2], [R18.64] ;",
            "LDGSTS.E.BYPASS.128 [R2+0x3000], [R4.64] ;",
            "LDGSTS.E.BYPASS.128 [R0], [R20.64] ;",
            "LDGSTS.E.BYPASS.128 [R0+0x3000], [R6.64] ;",
            "LDGSTS.E.BYPASS.128 [R2+0x6000], [R22.64] ;",
            "LDGSTS.E.BYPASS.128 [R0+0x6000], [R24.64] ;",
            "LDGSTS.E.BYPASS.128 [R48+0x6000], [R26.64] ;",
            "LDGSTS.E.BYPASS.128 [R165+0x6000], [R28.64] ;",
            "LDGSTS.E.BYPASS.128 [R2+0x1000], [R38.64] ;",
            "LDGSTS.E.BYPASS.128 [R2+0x4000], [R34.64] ;",
            "LDGSTS.E.BYPASS.128 [R0+0x1000], [R32.64] ;",
            "LDGSTS.E.BYPASS.128 [R0+0x4000], [R36.64] ;",
            "LDGSTS.E.BYPASS.128 [R2+0x8000], [R14.64] ;",
            "LDGSTS.E.BYPASS.128 [R0+0x8000], [R40.64] ;",
            "LDGSTS.E.BYPASS.128 [R48+0x8000], [R42.64] ;",
            "LDGSTS.E.BYPASS.128 [R165+0x8000], [R38.64] ;",
            "LDGSTS.E.BYPASS.128 [R31], [R40.64] ;",
            "LDGSTS.E.BYPASS.128 [R31+0x3000], [R38.64] ;",
            "LDGSTS.E.BYPASS.128 [R43], [R32.64] ;",
            "LDGSTS.E.BYPASS.128 [R43+0x3000], [R36.64] ;",
            "LDGSTS.E.BYPASS.128 [R31], [R34.64] ;",
            "LDGSTS.E.BYPASS.128 [R45], [R32.64] ;",
            "LDGSTS.E.BYPASS.128 [R37], [R38.64] ;",
            "LDGSTS.E.BYPASS.128 [R43], [R40.64] ;"
          ],
          "all_copies_bypass_l1": true,
          "native_u4_s4": true,
          "native_s4_s4": true,
          "int8_mma": false
        }
      }
    },
    "1": {
      "cubin_sha256": "ec02fe6e91fe95b95e799da7cd20bfcf29197dc4e33899009e1ef0df13e248c7",
      "entries": {
        "adangel_roof_row_cursor_o78": {
          "instructions": 880,
          "opcode_counts": {
            "IMAD": 137,
            "S2R": 2,
            "S2UR": 1,
            "ULDC": 5,
            "IADD3": 84,
            "USHF": 5,
            "CS2R": 32,
            "UIMAD": 1,
            "ISETP": 37,
            "SHF": 19,
            "LOP3": 75,
            "LEA": 50,
            "STL": 1,
            "LDGSTS": 20,
            "LDGDEPBAR": 2,
            "BRA": 4,
            "MOV": 2,
            "DEPBAR": 1,
            "BAR": 1,
            "LDL": 1,
            "LDS": 15,
            "UIADD3": 2,
            "LDSM": 16,
            "IMMA": 64,
            "I2F": 64,
            "FMUL": 64,
            "FFMA": 64,
            "NOP": 1,
            "CALL": 1,
            "STG": 96,
            "EXIT": 2,
            "NOP;": 11
          },
          "copies": [
            "LDGSTS.E.BYPASS.128 [R141+0x200], [R16.64] ;",
            "LDGSTS.E.BYPASS.128 [R141+0x2200], [R2.64] ;",
            "LDGSTS.E.BYPASS.128 [R140+0x200], [R164.64] ;",
            "LDGSTS.E.BYPASS.128 [R140+0x2200], [R4.64] ;",
            "LDGSTS.E.BYPASS.128 [R141+0x4200], [R162.64] ;",
            "LDGSTS.E.BYPASS.128 [R140+0x4200], [R160.64] ;",
            "LDGSTS.E.BYPASS.128 [R138+0x4200], [R158.64] ;",
            "LDGSTS.E.BYPASS.128 [R137+0x4200], [R156.64] ;",
            "@!P0 LDGSTS.E.BYPASS.128 [R55], [R6.64] ;",
            "@!P1 LDGSTS.E.BYPASS.128 [R55+0x8200], [R8.64] ;",
            "LDGSTS.E.BYPASS.128 [R69+0x200], [R56.64] ;",
            "LDGSTS.E.BYPASS.128 [R69+0x2200], [R58.64] ;",
            "LDGSTS.E.BYPASS.128 [R71+0x200], [R60.64] ;",
            "LDGSTS.E.BYPASS.128 [R71+0x2200], [R62.64] ;",
            "LDGSTS.E.BYPASS.128 [R73+0x4200], [R64.64] ;",
            "LDGSTS.E.BYPASS.128 [R75+0x4200], [R56.64] ;",
            "LDGSTS.E.BYPASS.128 [R65+0x4200], [R58.64] ;",
            "LDGSTS.E.BYPASS.128 [R67+0x4200], [R60.64] ;",
            "@!P0 LDGSTS.E.BYPASS.128 [R63], [R52.64] ;",
            "@!P1 LDGSTS.E.BYPASS.128 [R69+0x8200], [R54.64] ;"
          ],
          "all_copies_bypass_l1": true,
          "native_u4_s4": true,
          "native_s4_s4": true,
          "int8_mma": false
        },
        "adangel_roof_row_cursor_o3": {
          "instructions": 936,
          "opcode_counts": {
            "IMAD": 142,
            "S2R": 6,
            "S2UR": 1,
            "ULDC": 6,
            "IADD3": 97,
            "ISETP": 36,
            "USHF": 13,
            "LDG": 7,
            "SHF": 17,
            "ULEA": 4,
            "LOP3": 67,
            "UISETP": 5,
            "LEA": 43,
            "UIMAD": 5,
            "CS2R": 29,
            "STL": 3,
            "LDGSTS": 24,
            "PLOP3": 5,
            "MOV": 5,
            "FSEL": 3,
            "STS": 3,
            "LDGDEPBAR": 3,
            "BRA": 7,
            "LDS": 14,
            "UMOV": 1,
            "UIADD3": 4,
            "DEPBAR": 2,
            "BAR": 1,
            "LDL": 3,
            "LDSM": 16,
            "IMMA": 64,
            "I2F": 64,
            "FFMA": 64,
            "CALL": 1,
            "FMUL": 64,
            "STG": 96,
            "EXIT": 2,
            "NOP;": 9
          },
          "copies": [
            "LDGSTS.E.BYPASS.128 [R2], [R18.64] ;",
            "LDGSTS.E.BYPASS.128 [R2+0x3000], [R4.64] ;",
            "LDGSTS.E.BYPASS.128 [R0], [R20.64] ;",
            "LDGSTS.E.BYPASS.128 [R0+0x3000], [R6.64] ;",
            "LDGSTS.E.BYPASS.128 [R2+0x6000], [R22.64] ;",
            "LDGSTS.E.BYPASS.128 [R0+0x6000], [R24.64] ;",
            "LDGSTS.E.BYPASS.128 [R49+0x6000], [R26.64] ;",
            "LDGSTS.E.BYPASS.128 [R165+0x6000], [R28.64] ;",
            "LDGSTS.E.BYPASS.128 [R2+0x1000], [R38.64] ;",
            "LDGSTS.E.BYPASS.128 [R2+0x4000], [R34.64] ;",
            "LDGSTS.E.BYPASS.128 [R0+0x1000], [R32.64] ;",
            "LDGSTS.E.BYPASS.128 [R0+0x4000], [R36.64] ;",
            "LDGSTS.E.BYPASS.128 [R2+0x8000], [R14.64] ;",
            "LDGSTS.E.BYPASS.128 [R0+0x8000], [R40.64] ;",
            "LDGSTS.E.BYPASS.128 [R49+0x8000], [R42.64] ;",
            "LDGSTS.E.BYPASS.128 [R165+0x8000], [R44.64] ;",
            "LDGSTS.E.BYPASS.128 [R31], [R40.64] ;",
            "LDGSTS.E.BYPASS.128 [R31+0x3000], [R38.64] ;",
            "LDGSTS.E.BYPASS.128 [R43], [R32.64] ;",
            "LDGSTS.E.BYPASS.128 [R43+0x3000], [R36.64] ;",
            "LDGSTS.E.BYPASS.128 [R41], [R34.64] ;",
            "LDGSTS.E.BYPASS.128 [R31], [R32.64] ;",
            "LDGSTS.E.BYPASS.128 [R39], [R34.64] ;",
            "LDGSTS.E.BYPASS.128 [R43], [R36.64] ;"
          ],
          "all_copies_bypass_l1": true,
          "native_u4_s4": true,
          "native_s4_s4": true,
          "int8_mma": false
        }
      },
      "encoded_comparison_to_control": {
        "passed": false,
        "missing": [],
        "changed": [
          "adangel_roof_row_cursor_o78",
          "adangel_roof_row_cursor_o3"
        ],
        "old_symbols": 2,
        "new_symbols": 2,
        "unchanged": [],
        "scope": "exact_SASS_words_of_matched_old_entries_not_full_binary_or_performance"
      }
    },
    "2": {
      "cubin_sha256": "3731748f172aee419dbd432cc331f7ba58f8379255e73aca56179fae92a5cd36",
      "entries": {
        "adangel_roof_row_cursor_o78": {
          "instructions": 896,
          "opcode_counts": {
            "IMAD": 138,
            "S2R": 5,
            "S2UR": 1,
            "ULDC": 5,
            "IADD3": 86,
            "USHF": 4,
            "CS2R": 32,
            "UIMAD": 1,
            "ISETP": 37,
            "SHF": 20,
            "LOP3": 75,
            "LEA": 48,
            "LDGSTS": 20,
            "STL": 6,
            "LDGDEPBAR": 2,
            "BRA": 4,
            "MOV": 3,
            "LDL": 6,
            "DEPBAR": 1,
            "BAR": 1,
            "LDS": 15,
            "UIADD3": 1,
            "LDSM": 16,
            "IMMA": 64,
            "FMUL": 64,
            "I2F": 64,
            "FFMA": 64,
            "CALL": 1,
            "STG": 96,
            "EXIT": 2,
            "NOP;": 14
          },
          "copies": [
            "LDGSTS.E.BYPASS.128 [R163+0x200], [R150.64] ;",
            "LDGSTS.E.BYPASS.128 [R163+0x2200], [R2.64] ;",
            "LDGSTS.E.BYPASS.128 [R162+0x200], [R148.64] ;",
            "LDGSTS.E.BYPASS.128 [R162+0x2200], [R4.64] ;",
            "LDGSTS.E.BYPASS.128 [R163+0x4200], [R158.64] ;",
            "LDGSTS.E.BYPASS.128 [R162+0x4200], [R156.64] ;",
            "LDGSTS.E.BYPASS.128 [R17+0x4200], [R154.64] ;",
            "LDGSTS.E.BYPASS.128 [R16+0x4200], [R152.64] ;",
            "@!P0 LDGSTS.E.BYPASS.128 [R45], [R6.64] ;",
            "@!P1 LDGSTS.E.BYPASS.128 [R45+0x8200], [R8.64] ;",
            "LDGSTS.E.BYPASS.128 [R59+0x200], [R48.64] ;",
            "LDGSTS.E.BYPASS.128 [R59+0x2200], [R50.64] ;",
            "LDGSTS.E.BYPASS.128 [R61+0x200], [R52.64] ;",
            "LDGSTS.E.BYPASS.128 [R61+0x2200], [R54.64] ;",
            "LDGSTS.E.BYPASS.128 [R59+0x4200], [R56.64] ;",
            "LDGSTS.E.BYPASS.128 [R63+0x4200], [R48.64] ;",
            "LDGSTS.E.BYPASS.128 [R55+0x4200], [R50.64] ;",
            "LDGSTS.E.BYPASS.128 [R57+0x4200], [R52.64] ;",
            "@!P0 LDGSTS.E.BYPASS.128 [R47], [R2.64] ;",
            "@!P1 LDGSTS.E.BYPASS.128 [R49+0x8200], [R44.64] ;"
          ],
          "all_copies_bypass_l1": true,
          "native_u4_s4": true,
          "native_s4_s4": true,
          "int8_mma": false
        },
        "adangel_roof_row_cursor_o3": {
          "instructions": 1000,
          "opcode_counts": {
            "IMAD": 169,
            "S2R": 9,
            "ULDC": 4,
            "IADD3": 93,
            "ISETP": 41,
            "LDG": 7,
            "SHF": 25,
            "MOV": 25,
            "CS2R": 30,
            "LOP3": 71,
            "LEA": 41,
            "LDGSTS": 24,
            "STL": 10,
            "FSEL": 3,
            "STS": 3,
            "LDGDEPBAR": 3,
            "BRA": 7,
            "USHF": 8,
            "LDS": 14,
            "UMOV": 1,
            "UIADD3": 4,
            "DEPBAR": 2,
            "BAR": 1,
            "LDL": 10,
            "UIMAD": 4,
            "ULEA": 2,
            "LDSM": 16,
            "IMMA": 64,
            "NOP": 6,
            "I2F": 64,
            "FFMA": 64,
            "CALL": 1,
            "FMUL": 64,
            "STG": 96,
            "EXIT": 2,
            "NOP;": 12
          },
          "copies": [
            "LDGSTS.E.BYPASS.128 [R3], [R18.64] ;",
            "LDGSTS.E.BYPASS.128 [R3+0x3000], [R6.64] ;",
            "LDGSTS.E.BYPASS.128 [R0], [R20.64] ;",
            "LDGSTS.E.BYPASS.128 [R0+0x3000], [R8.64] ;",
            "LDGSTS.E.BYPASS.128 [R3+0x6000], [R22.64] ;",
            "LDGSTS.E.BYPASS.128 [R0+0x6000], [R24.64] ;",
            "LDGSTS.E.BYPASS.128 [R46+0x6000], [R26.64] ;",
            "LDGSTS.E.BYPASS.128 [R45+0x6000], [R100.64] ;",
            "LDGSTS.E.BYPASS.128 [R3+0x1000], [R34.64] ;",
            "LDGSTS.E.BYPASS.128 [R3+0x4000], [R28.64] ;",
            "LDGSTS.E.BYPASS.128 [R0+0x1000], [R12.64] ;",
            "LDGSTS.E.BYPASS.128 [R0+0x4000], [R30.64] ;",
            "LDGSTS.E.BYPASS.128 [R3+0x8000], [R32.64] ;",
            "LDGSTS.E.BYPASS.128 [R0+0x8000], [R36.64] ;",
            "LDGSTS.E.BYPASS.128 [R46+0x8000], [R38.64] ;",
            "LDGSTS.E.BYPASS.128 [R45+0x8000], [R40.64] ;",
            "LDGSTS.E.BYPASS.128 [R5], [R30.64] ;",
            "LDGSTS.E.BYPASS.128 [R5+0x3000], [R28.64] ;",
            "LDGSTS.E.BYPASS.128 [R17], [R32.64] ;",
            "LDGSTS.E.BYPASS.128 [R17+0x3000], [R28.64] ;",
            "LDGSTS.E.BYPASS.128 [R35], [R30.64] ;",
            "LDGSTS.E.BYPASS.128 [R5], [R32.64] ;",
            "LDGSTS.E.BYPASS.128 [R17], [R28.64] ;",
            "LDGSTS.E.BYPASS.128 [R37], [R30.64] ;"
          ],
          "all_copies_bypass_l1": true,
          "native_u4_s4": true,
          "native_s4_s4": true,
          "int8_mma": false
        }
      },
      "encoded_comparison_to_control": {
        "passed": false,
        "missing": [],
        "changed": [
          "adangel_roof_row_cursor_o78",
          "adangel_roof_row_cursor_o3"
        ],
        "old_symbols": 2,
        "new_symbols": 2,
        "unchanged": [],
        "scope": "exact_SASS_words_of_matched_old_entries_not_full_binary_or_performance"
      }
    }
  },
  "commands": [
    [
      "/usr/local/cuda-12.8/bin/nvcc",
      "-O3",
      "-std=c++17",
      "--expt-relaxed-constexpr",
      "-lineinfo",
      "-arch=sm_80",
      "-DADANGEL_ROW_CURSOR=0",
      "-I/home/zlouyang/ADAngel_oyzl/third_party/cutlass-src/include",
      "-I/home/zlouyang/ADAngel_oyzl/third_party/cutlass-src/tools/util/include",
      "csrc/sm80/roof_row_cursor_probe.cu",
      "-cubin",
      "-o",
      "/home/zlouyang/ADAngel_oyzl/reports/o378_roof_v46/row_cursor_0.cubin",
      "-Xptxas=-v"
    ],
    [
      "/usr/local/cuda-12.8/bin/nvcc",
      "-O3",
      "-std=c++17",
      "--expt-relaxed-constexpr",
      "-lineinfo",
      "-arch=sm_80",
      "-DADANGEL_ROW_CURSOR=0",
      "-I/home/zlouyang/ADAngel_oyzl/third_party/cutlass-src/include",
      "-I/home/zlouyang/ADAngel_oyzl/third_party/cutlass-src/tools/util/include",
      "csrc/sm80/roof_row_cursor_probe.cu",
      "-ptx",
      "-o",
      "/home/zlouyang/ADAngel_oyzl/reports/o378_roof_v46/row_cursor_0.ptx"
    ],
    [
      "/usr/local/cuda-12.8/bin/cuobjdump",
      "--dump-sass",
      "/home/zlouyang/ADAngel_oyzl/reports/o378_roof_v46/row_cursor_0.cubin"
    ],
    [
      "/usr/local/cuda-12.8/bin/cuobjdump",
      "--dump-resource-usage",
      "/home/zlouyang/ADAngel_oyzl/reports/o378_roof_v46/row_cursor_0.cubin"
    ],
    [
      "/usr/local/cuda-12.8/bin/nvcc",
      "-O3",
      "-std=c++17",
      "--expt-relaxed-constexpr",
      "-lineinfo",
      "-arch=sm_80",
      "-DADANGEL_ROW_CURSOR=1",
      "-I/home/zlouyang/ADAngel_oyzl/third_party/cutlass-src/include",
      "-I/home/zlouyang/ADAngel_oyzl/third_party/cutlass-src/tools/util/include",
      "csrc/sm80/roof_row_cursor_probe.cu",
      "-cubin",
      "-o",
      "/home/zlouyang/ADAngel_oyzl/reports/o378_roof_v46/row_cursor_1.cubin",
      "-Xptxas=-v"
    ],
    [
      "/usr/local/cuda-12.8/bin/nvcc",
      "-O3",
      "-std=c++17",
      "--expt-relaxed-constexpr",
      "-lineinfo",
      "-arch=sm_80",
      "-DADANGEL_ROW_CURSOR=1",
      "-I/home/zlouyang/ADAngel_oyzl/third_party/cutlass-src/include",
      "-I/home/zlouyang/ADAngel_oyzl/third_party/cutlass-src/tools/util/include",
      "csrc/sm80/roof_row_cursor_probe.cu",
      "-ptx",
      "-o",
      "/home/zlouyang/ADAngel_oyzl/reports/o378_roof_v46/row_cursor_1.ptx"
    ],
    [
      "/usr/local/cuda-12.8/bin/cuobjdump",
      "--dump-sass",
      "/home/zlouyang/ADAngel_oyzl/reports/o378_roof_v46/row_cursor_1.cubin"
    ],
    [
      "/usr/local/cuda-12.8/bin/cuobjdump",
      "--dump-resource-usage",
      "/home/zlouyang/ADAngel_oyzl/reports/o378_roof_v46/row_cursor_1.cubin"
    ],
    [
      "/usr/local/cuda-12.8/bin/nvcc",
      "-O3",
      "-std=c++17",
      "--expt-relaxed-constexpr",
      "-lineinfo",
      "-arch=sm_80",
      "-DADANGEL_ROW_CURSOR=2",
      "-I/home/zlouyang/ADAngel_oyzl/third_party/cutlass-src/include",
      "-I/home/zlouyang/ADAngel_oyzl/third_party/cutlass-src/tools/util/include",
      "csrc/sm80/roof_row_cursor_probe.cu",
      "-cubin",
      "-o",
      "/home/zlouyang/ADAngel_oyzl/reports/o378_roof_v46/row_cursor_2.cubin",
      "-Xptxas=-v"
    ],
    [
      "/usr/local/cuda-12.8/bin/nvcc",
      "-O3",
      "-std=c++17",
      "--expt-relaxed-constexpr",
      "-lineinfo",
      "-arch=sm_80",
      "-DADANGEL_ROW_CURSOR=2",
      "-I/home/zlouyang/ADAngel_oyzl/third_party/cutlass-src/include",
      "-I/home/zlouyang/ADAngel_oyzl/third_party/cutlass-src/tools/util/include",
      "csrc/sm80/roof_row_cursor_probe.cu",
      "-ptx",
      "-o",
      "/home/zlouyang/ADAngel_oyzl/reports/o378_roof_v46/row_cursor_2.ptx"
    ],
    [
      "/usr/local/cuda-12.8/bin/cuobjdump",
      "--dump-sass",
      "/home/zlouyang/ADAngel_oyzl/reports/o378_roof_v46/row_cursor_2.cubin"
    ],
    [
      "/usr/local/cuda-12.8/bin/cuobjdump",
      "--dump-resource-usage",
      "/home/zlouyang/ADAngel_oyzl/reports/o378_roof_v46/row_cursor_2.cubin"
    ]
  ],
  "all_probe_copies_bypass_l1": true,
  "native_int4_entries": true
}
