{
  "runtime_justified": true,
  "stores": {
    "control": {
      "opcodes": {
        "STG.E": 128,
        "STG.E.64": 64
      },
      "total": 192,
      "streaming": 0
    },
    "candidate": {
      "opcodes": {
        "STG.E": 64,
        "STG.E.64": 32,
        "STG.E.EF": 64,
        "STG.E.EF.64": 32
      },
      "total": 192,
      "streaming": 96
    }
  },
  "liveness": {
    "adangel_roof_o3_output_streaming_candidate": {
      "symbol": "adangel_roof_o3_output_streaming_candidate",
      "allocated_gpr": 168,
      "function_max_live_gpr": 166,
      "loops": [
        {
          "kind": "fp32_fallback",
          "begin_pc": "0x1250",
          "end_pc": "0x29d0",
          "static_instructions": 377,
          "max_live_gpr": 164,
          "opcode_counts": {
            "BAR.SYNC.DEFER_BLOCKING": 1,
            "BRA": 4,
            "CALL.REL.NOINC": 1,
            "DEPBAR.LE": 2,
            "FFMA": 64,
            "FSEL": 1,
            "I2F": 64,
            "IADD3": 17,
            "IADD3.X": 9,
            "IMAD": 38,
            "IMAD.SHL.U32": 1,
            "IMAD.U32": 3,
            "IMMA.16864.S4.S4": 32,
            "IMMA.16864.U4.S4": 32,
            "ISETP.NE.AND": 1,
            "LDG.E.U8": 1,
            "LDGDEPBAR": 1,
            "LDGSTS.E.BYPASS.128": 8,
            "LDL": 1,
            "LDS": 3,
            "LDS.64": 8,
            "LDSM.16.M88.4": 16,
            "LEA": 33,
            "LOP3.LUT": 4,
            "MOV": 4,
            "PLOP3.LUT": 3,
            "S2R": 2,
            "SHF.L.U32": 2,
            "STS": 1,
            "UIADD3": 2,
            "UIMAD": 4,
            "UIMAD.WIDE.U32": 2,
            "UISETP.GE.AND": 3,
            "ULDC.64": 1,
            "ULEA": 2,
            "USHF.L.U32": 2,
            "USHF.R.S32.HI": 2,
            "USHF.R.U32.HI": 2
          },
          "peak_pcs": [
            "0x2200",
            "0x2210",
            "0x2220",
            "0x2230",
            "0x2240",
            "0x2250",
            "0x2260",
            "0x2270",
            "0x2280"
          ]
        },
        {
          "kind": "integer",
          "begin_pc": "0x4b70",
          "end_pc": "0x5f90",
          "static_instructions": 323,
          "max_live_gpr": 166,
          "opcode_counts": {
            "BAR.SYNC.DEFER_BLOCKING": 1,
            "BRA": 5,
            "BSSY": 1,
            "BSYNC": 1,
            "CALL.REL.NOINC": 1,
            "DEPBAR.LE": 2,
            "IADD3": 14,
            "IADD3.X": 9,
            "IMAD": 64,
            "IMAD.SHL.U32": 28,
            "IMAD.U32": 6,
            "IMMA.16864.S4.S4": 32,
            "IMMA.16864.U4.S4": 32,
            "LDGDEPBAR": 1,
            "LDGSTS.E.BYPASS.128": 9,
            "LDS": 3,
            "LDS.64": 8,
            "LDSM.16.M88.4": 16,
            "LEA": 7,
            "LEA.HI.X": 1,
            "LOP3.LUT": 4,
            "MOV": 1,
            "PLOP3.LUT": 3,
            "S2R": 2,
            "SHF.L.U32": 39,
            "UIADD3": 6,
            "UIMAD": 6,
            "UISETP.GE.U32.AND": 1,
            "UISETP.GT.U32.AND": 1,
            "UISETP.NE.AND": 1,
            "ULDC.64": 1,
            "ULEA": 2,
            "ULOP3.LUT": 4,
            "UPRMT": 4,
            "USHF.L.U32": 2,
            "USHF.R.S32.HI": 3,
            "USHF.R.U32.HI": 2
          },
          "peak_pcs": [
            "0x54d0",
            "0x54e0",
            "0x54f0",
            "0x5500",
            "0x5560"
          ]
        }
      ],
      "cta_threads": 128,
      "register_only_four_cta_limit_per_thread": 128,
      "interpretation": "static_binary_live_range_not_runtime_timing_or_universal_register_lower_bound"
    },
    "adangel_roof_o3_grouped_cta_candidate": {
      "symbol": "adangel_roof_o3_grouped_cta_candidate",
      "allocated_gpr": 168,
      "function_max_live_gpr": 166,
      "loops": [
        {
          "kind": "fp32_fallback",
          "begin_pc": "0x1240",
          "end_pc": "0x2a20",
          "static_instructions": 383,
          "max_live_gpr": 162,
          "opcode_counts": {
            "BAR.SYNC.DEFER_BLOCKING": 1,
            "BRA": 4,
            "CALL.REL.NOINC": 1,
            "DEPBAR.LE": 2,
            "FFMA": 64,
            "FSEL": 1,
            "I2F": 64,
            "IADD3": 17,
            "IADD3.X": 9,
            "IMAD": 35,
            "IMAD.SHL.U32": 1,
            "IMAD.U32": 4,
            "IMMA.16864.S4.S4": 32,
            "IMMA.16864.U4.S4": 32,
            "ISETP.NE.AND": 1,
            "LDG.E.U8": 1,
            "LDGDEPBAR": 1,
            "LDGSTS.E.BYPASS.128": 8,
            "LDL": 3,
            "LDS": 3,
            "LDS.64": 8,
            "LDSM.16.M88.4": 16,
            "LEA": 36,
            "LOP3.LUT": 6,
            "MOV": 3,
            "PLOP3.LUT": 3,
            "S2R": 2,
            "SHF.L.U32": 3,
            "SHF.R.U32.HI": 1,
            "STS": 1,
            "UIADD3": 2,
            "UIMAD": 4,
            "UIMAD.WIDE.U32": 2,
            "UISETP.GE.AND": 3,
            "ULDC.64": 1,
            "ULEA": 2,
            "USHF.L.U32": 2,
            "USHF.R.S32.HI": 2,
            "USHF.R.U32.HI": 2
          },
          "peak_pcs": [
            "0x21d0",
            "0x21e0",
            "0x21f0",
            "0x2200",
            "0x2210",
            "0x2220",
            "0x2230",
            "0x2240"
          ]
        },
        {
          "kind": "integer",
          "begin_pc": "0x4d70",
          "end_pc": "0x6190",
          "static_instructions": 323,
          "max_live_gpr": 166,
          "opcode_counts": {
            "BAR.SYNC.DEFER_BLOCKING": 1,
            "BRA": 5,
            "BSSY": 1,
            "BSYNC": 1,
            "CALL.REL.NOINC": 1,
            "DEPBAR.LE": 2,
            "IADD3": 14,
            "IADD3.X": 9,
            "IMAD": 65,
            "IMAD.SHL.U32": 23,
            "IMAD.U32": 3,
            "IMMA.16864.S4.S4": 32,
            "IMMA.16864.U4.S4": 32,
            "LDGDEPBAR": 1,
            "LDGSTS.E.BYPASS.128": 9,
            "LDS": 3,
            "LDS.64": 8,
            "LDSM.16.M88.4": 16,
            "LEA": 6,
            "LEA.HI.X": 1,
            "LOP3.LUT": 4,
            "MOV": 4,
            "PLOP3.LUT": 3,
            "S2R": 2,
            "SHF.L.U32": 44,
            "UIADD3": 6,
            "UIMAD": 6,
            "UISETP.GE.U32.AND": 1,
            "UISETP.GT.U32.AND": 1,
            "UISETP.NE.AND": 1,
            "ULDC.64": 1,
            "ULEA": 2,
            "ULOP3.LUT": 4,
            "UPRMT": 4,
            "USHF.L.U32": 2,
            "USHF.R.S32.HI": 3,
            "USHF.R.U32.HI": 2
          },
          "peak_pcs": [
            "0x56e0",
            "0x56f0",
            "0x5700",
            "0x5710",
            "0x5720",
            "0x5730",
            "0x5740",
            "0x5760"
          ]
        }
      ],
      "cta_threads": 128,
      "register_only_four_cta_limit_per_thread": 128,
      "interpretation": "static_binary_live_range_not_runtime_timing_or_universal_register_lower_bound"
    }
  }
}
