layer_00_q_proj compute_only 0 0.40243199467658997
layer_00_q_proj compute_only 1 0.40243199467658997
layer_00_q_proj compute_only 1 0.40243199467658997
layer_00_q_proj compute_only 0 0.4126720130443573
layer_00_q_proj compute_only 0 0.4055039882659912
layer_00_q_proj compute_only 1 0.4270080029964447
layer_00_k_proj compute_only 1 0.4044800102710724
layer_00_k_proj compute_only 0 0.4331519901752472
layer_00_k_proj compute_only 0 0.407039999961853
layer_00_k_proj compute_only 1 0.42291200160980225
layer_00_k_proj compute_only 1 0.4065279960632324
layer_00_k_proj compute_only 0 0.4413439929485321
layer_00_v_proj compute_only 0 0.4177919924259186
layer_00_v_proj compute_only 1 0.45158401131629944
layer_00_v_proj compute_only 1 0.41676801443099976
layer_00_v_proj compute_only 0 0.4280320107936859
layer_00_v_proj compute_only 0 0.42291200160980225
layer_00_v_proj compute_only 1 0.4280320107936859
layer_00_o_proj compute_only 1 0.41676801443099976
layer_00_o_proj compute_only 0 0.42291200160980225
layer_00_o_proj compute_only 0 0.4177919924259186
layer_00_o_proj compute_only 1 0.4326400011777878
layer_00_o_proj compute_only 1 0.41676801443099976
layer_00_o_proj compute_only 0 0.42291200160980225
layer_06_q_proj compute_only 0 0.43827199935913086
layer_06_q_proj compute_only 1 0.44441598653793335
layer_06_q_proj compute_only 1 0.43007999658584595
layer_06_q_proj compute_only 0 0.4433920085430145
layer_06_q_proj compute_only 0 0.4362240135669708
layer_06_q_proj compute_only 1 0.43007999658584595
layer_06_k_proj compute_only 1 0.4331519901752472
layer_06_k_proj compute_only 0 0.447488009929657
layer_06_k_proj compute_only 0 0.4341759979724884
layer_06_k_proj compute_only 1 0.4357120096683502
layer_06_k_proj compute_only 1 0.4341759979724884
layer_06_k_proj compute_only 0 0.4490239918231964
layer_06_v_proj compute_only 0 0.43929600715637207
layer_06_v_proj compute_only 1 0.4398079961538315
layer_06_v_proj compute_only 1 0.4341759979724884
layer_06_v_proj compute_only 0 0.43929600715637207
layer_06_v_proj compute_only 0 0.4341759979724884
layer_06_v_proj compute_only 1 0.43007999658584595
layer_06_o_proj compute_only 1 0.42905598878860474
layer_06_o_proj compute_only 0 0.42905598878860474
layer_06_o_proj compute_only 0 0.4341759979724884
layer_06_o_proj compute_only 1 0.43929600715637207
layer_06_o_proj compute_only 1 0.4341759979724884
layer_06_o_proj compute_only 0 0.44543999433517456
layer_12_q_proj compute_only 0 0.43929600715637207
layer_12_q_proj compute_only 1 0.4336639940738678
layer_12_q_proj compute_only 1 0.4341759979724884
layer_12_q_proj compute_only 0 0.4485119879245758
layer_12_q_proj compute_only 0 0.4341759979724884
layer_12_q_proj compute_only 1 0.43878400325775146
layer_12_k_proj compute_only 1 0.4341759979724884
layer_12_k_proj compute_only 0 0.4433920085430145
layer_12_k_proj compute_only 0 0.43827199935913086
layer_12_k_proj compute_only 1 0.4413439929485321
layer_12_k_proj compute_only 1 0.4331519901752472
layer_12_k_proj compute_only 0 0.43110400438308716
layer_12_v_proj compute_only 0 0.4357120096683502
layer_12_v_proj compute_only 1 0.4331519901752472
layer_12_v_proj compute_only 1 0.43929600715637207
layer_12_v_proj compute_only 0 0.4403199851512909
layer_12_v_proj compute_only 0 0.4352000057697296
layer_12_v_proj compute_only 1 0.4341759979724884
layer_12_o_proj compute_only 1 0.4331519901752472
layer_12_o_proj compute_only 0 0.4341759979724884
layer_12_o_proj compute_only 0 0.4341759979724884
layer_12_o_proj compute_only 1 0.4341759979724884
layer_12_o_proj compute_only 1 0.4331519901752472
layer_12_o_proj compute_only 0 0.4362240135669708
layer_18_q_proj compute_only 0 0.4341759979724884
layer_18_q_proj compute_only 1 0.44543999433517456
layer_18_q_proj compute_only 1 0.4331519901752472
layer_18_q_proj compute_only 0 0.43724799156188965
layer_18_q_proj compute_only 0 0.44543999433517456
layer_18_q_proj compute_only 1 0.4403199851512909
layer_18_k_proj compute_only 1 0.4341759979724884
layer_18_k_proj compute_only 0 0.4403199851512909
layer_18_k_proj compute_only 0 0.44543999433517456
layer_18_k_proj compute_only 1 0.44543999433517456
layer_18_k_proj compute_only 1 0.4341759979724884
layer_18_k_proj compute_only 0 0.4423680007457733
layer_18_v_proj compute_only 0 0.4341759979724884
layer_18_v_proj compute_only 1 0.4403199851512909
layer_18_v_proj compute_only 1 0.4341759979724884
layer_18_v_proj compute_only 0 0.43929600715637207
layer_18_v_proj compute_only 0 0.43929600715637207
layer_18_v_proj compute_only 1 0.43827199935913086
layer_18_o_proj compute_only 1 0.4331519901752472
layer_18_o_proj compute_only 0 0.4423680007457733
layer_18_o_proj compute_only 0 0.4341759979724884
layer_18_o_proj compute_only 1 0.4341759979724884
layer_18_o_proj compute_only 1 0.4331519901752472
layer_18_o_proj compute_only 0 0.43110400438308716
layer_24_q_proj compute_only 0 0.4403199851512909
layer_24_q_proj compute_only 1 0.44339199364185333
layer_24_q_proj compute_only 1 0.4352000057697296
layer_24_q_proj compute_only 0 0.4403199851512909
layer_24_q_proj compute_only 0 0.4413439929485321
layer_24_q_proj compute_only 1 0.4341759979724884
layer_24_k_proj compute_only 1 0.4331519901752472
layer_24_k_proj compute_only 0 0.43929600715637207
layer_24_k_proj compute_only 0 0.43929600715637207
layer_24_k_proj compute_only 1 0.43110400438308716
layer_24_k_proj compute_only 1 0.43929600715637207
layer_24_k_proj compute_only 0 0.43929600715637207
layer_24_v_proj compute_only 0 0.43929600715637207
layer_24_v_proj compute_only 1 0.43110400438308716
layer_24_v_proj compute_only 1 0.43929600715637207
layer_24_v_proj compute_only 0 0.43827199935913086
layer_24_v_proj compute_only 0 0.43929600715637207
layer_24_v_proj compute_only 1 0.43929600715637207
layer_24_o_proj compute_only 1 0.4331519901752472
layer_24_o_proj compute_only 0 0.4485119879245758
layer_24_o_proj compute_only 0 0.4341759979724884
layer_24_o_proj compute_only 1 0.4341759979724884
layer_24_o_proj compute_only 1 0.4341759979724884
layer_24_o_proj compute_only 0 0.43110400438308716
layer_31_q_proj compute_only 0 0.4398079961538315
layer_31_q_proj compute_only 1 0.43775999546051025
layer_31_q_proj compute_only 1 0.43929600715637207
layer_31_q_proj compute_only 0 0.43929600715637207
layer_31_q_proj compute_only 0 0.43929600715637207
layer_31_q_proj compute_only 1 0.4403199851512909
layer_31_k_proj compute_only 1 0.44543999433517456
layer_31_k_proj compute_only 0 0.4403199851512909
layer_31_k_proj compute_only 0 0.43929600715637207
layer_31_k_proj compute_only 1 0.4362240135669708
layer_31_k_proj compute_only 1 0.43929600715637207
layer_31_k_proj compute_only 0 0.43775999546051025
layer_31_v_proj compute_only 0 0.4413439929485321
layer_31_v_proj compute_only 1 0.43929600715637207
layer_31_v_proj compute_only 1 0.4403199851512909
layer_31_v_proj compute_only 0 0.4413439929485321
layer_31_v_proj compute_only 0 0.4403199851512909
layer_31_v_proj compute_only 1 0.4403199851512909
layer_31_o_proj compute_only 1 0.4331519901752472
layer_31_o_proj compute_only 0 0.4403199851512909
layer_31_o_proj compute_only 0 0.43929600715637207
layer_31_o_proj compute_only 1 0.4341759979724884
layer_31_o_proj compute_only 1 0.43929600715637207
layer_31_o_proj compute_only 0 0.4403199851512909
