ptxas info    : 10 bytes gmem, 80 bytes cmem[4]
ptxas info    : Compiling entry function '_ZN17o78_register_pack4packILb0EEEvPKhPhi' for 'sm_80'
ptxas info    : Function properties for _ZN17o78_register_pack4packILb0EEEvPKhPhi
    0 bytes stack frame, 0 bytes spill stores, 0 bytes spill loads
ptxas info    : Used 30 registers, used 0 barriers, 372 bytes cmem[0]
ptxas info    : Compile time = 3.375 ms
ptxas info    : Compiling entry function '_ZN17o78_register_pack4packILb1EEEvPKhPhi' for 'sm_80'
ptxas info    : Function properties for _ZN17o78_register_pack4packILb1EEEvPKhPhi
    0 bytes stack frame, 0 bytes spill stores, 0 bytes spill loads
ptxas info    : Used 18 registers, used 0 barriers, 372 bytes cmem[0]
ptxas info    : Compile time = 1.806 ms
ptxas info    : Compiling entry function '_ZN15row_fused_probe36adangel_sm80_row_conversion_metadataILN23adangel_sm80_experiment17GroupedSourceKindE3ELi16EEEvPKhS4_PKfS4_S4_PhPfPjjjfPiS8_PmSA_S9_' for 'sm_80'
ptxas info    : Function properties for _ZN15row_fused_probe36adangel_sm80_row_conversion_metadataILN23adangel_sm80_experiment17GroupedSourceKindE3ELi16EEEvPKhS4_PKfS4_S4_PhPfPjjjfPiS8_PmSA_S9_
    0 bytes stack frame, 0 bytes spill stores, 0 bytes spill loads
ptxas info    : Used 23 registers, used 1 barriers, 256 bytes smem, 472 bytes cmem[0]
ptxas info    : Compile time = 26.892 ms
ptxas info    : Compiling entry function '_ZN15row_fused_probe36adangel_sm80_row_conversion_metadataILN23adangel_sm80_experiment17GroupedSourceKindE1ELi16EEEvPKhS4_PKfS4_S4_PhPfPjjjfPiS8_PmSA_S9_' for 'sm_80'
ptxas info    : Function properties for _ZN15row_fused_probe36adangel_sm80_row_conversion_metadataILN23adangel_sm80_experiment17GroupedSourceKindE1ELi16EEEvPKhS4_PKfS4_S4_PhPfPjjjfPiS8_PmSA_S9_
    0 bytes stack frame, 0 bytes spill stores, 0 bytes spill loads
ptxas info    : Used 32 registers, used 1 barriers, 256 bytes smem, 472 bytes cmem[0]
ptxas info    : Compile time = 26.390 ms
ptxas info    : Compiling entry function '_ZN15row_fused_probe36adangel_sm80_row_conversion_metadataILN23adangel_sm80_experiment17GroupedSourceKindE2ELi16EEEvPKhS4_PKfS4_S4_PhPfPjjjfPiS8_PmSA_S9_' for 'sm_80'
ptxas info    : Function properties for _ZN15row_fused_probe36adangel_sm80_row_conversion_metadataILN23adangel_sm80_experiment17GroupedSourceKindE2ELi16EEEvPKhS4_PKfS4_S4_PhPfPjjjfPiS8_PmSA_S9_
    0 bytes stack frame, 0 bytes spill stores, 0 bytes spill loads
ptxas info    : Used 31 registers, used 1 barriers, 256 bytes smem, 472 bytes cmem[0]
ptxas info    : Compile time = 21.407 ms
ptxas info    : Compiling entry function '_ZN15row_fused_probe36adangel_sm80_row_conversion_metadataILN23adangel_sm80_experiment17GroupedSourceKindE0ELi16EEEvPKhS4_PKfS4_S4_PhPfPjjjfPiS8_PmSA_S9_' for 'sm_80'
ptxas info    : Function properties for _ZN15row_fused_probe36adangel_sm80_row_conversion_metadataILN23adangel_sm80_experiment17GroupedSourceKindE0ELi16EEEvPKhS4_PKfS4_S4_PhPfPjjjfPiS8_PmSA_S9_
    0 bytes stack frame, 0 bytes spill stores, 0 bytes spill loads
ptxas info    : Used 31 registers, used 1 barriers, 256 bytes smem, 472 bytes cmem[0]
ptxas info    : Compile time = 16.391 ms
ptxas info    : Compiling entry function '_ZN16fused_norm_probe46adangel_sm80_vector_fixed_conversion_with_normILN23adangel_sm80_experiment17GroupedSourceKindE3ELi16EEEvPKhS4_PKfS4_S4_PhPfPjjj' for 'sm_80'
ptxas info    : Function properties for _ZN16fused_norm_probe46adangel_sm80_vector_fixed_conversion_with_normILN23adangel_sm80_experiment17GroupedSourceKindE3ELi16EEEvPKhS4_PKfS4_S4_PhPfPjjj
    0 bytes stack frame, 0 bytes spill stores, 0 bytes spill loads
ptxas info    : Used 22 registers, used 0 barriers, 424 bytes cmem[0]
ptxas info    : Compile time = 13.880 ms
ptxas info    : Compiling entry function '_ZN16fused_norm_probe46adangel_sm80_vector_fixed_conversion_with_normILN23adangel_sm80_experiment17GroupedSourceKindE1ELi16EEEvPKhS4_PKfS4_S4_PhPfPjjj' for 'sm_80'
ptxas info    : Function properties for _ZN16fused_norm_probe46adangel_sm80_vector_fixed_conversion_with_normILN23adangel_sm80_experiment17GroupedSourceKindE1ELi16EEEvPKhS4_PKfS4_S4_PhPfPjjj
    0 bytes stack frame, 0 bytes spill stores, 0 bytes spill loads
ptxas info    : Used 32 registers, used 0 barriers, 424 bytes cmem[0]
ptxas info    : Compile time = 14.064 ms
ptxas info    : Compiling entry function '_ZN16fused_norm_probe46adangel_sm80_vector_fixed_conversion_with_normILN23adangel_sm80_experiment17GroupedSourceKindE2ELi16EEEvPKhS4_PKfS4_S4_PhPfPjjj' for 'sm_80'
ptxas info    : Function properties for _ZN16fused_norm_probe46adangel_sm80_vector_fixed_conversion_with_normILN23adangel_sm80_experiment17GroupedSourceKindE2ELi16EEEvPKhS4_PKfS4_S4_PhPfPjjj
    0 bytes stack frame, 0 bytes spill stores, 0 bytes spill loads
ptxas info    : Used 29 registers, used 0 barriers, 424 bytes cmem[0]
ptxas info    : Compile time = 11.114 ms
ptxas info    : Compiling entry function '_ZN16fused_norm_probe46adangel_sm80_vector_fixed_conversion_with_normILN23adangel_sm80_experiment17GroupedSourceKindE0ELi16EEEvPKhS4_PKfS4_S4_PhPfPjjj' for 'sm_80'
ptxas info    : Function properties for _ZN16fused_norm_probe46adangel_sm80_vector_fixed_conversion_with_normILN23adangel_sm80_experiment17GroupedSourceKindE0ELi16EEEvPKhS4_PKfS4_S4_PhPfPjjj
    0 bytes stack frame, 0 bytes spill stores, 0 bytes spill loads
ptxas info    : Used 30 registers, used 0 barriers, 424 bytes cmem[0]
ptxas info    : Compile time = 6.689 ms
ptxas info    : Compiling entry function '_ZN12vector_probe36adangel_sm80_vector_fixed_conversionILN23adangel_sm80_experiment17GroupedSourceKindE3ELi16EEEvPKhS4_PKfS4_S4_PhPfjj' for 'sm_80'
ptxas info    : Function properties for _ZN12vector_probe36adangel_sm80_vector_fixed_conversionILN23adangel_sm80_experiment17GroupedSourceKindE3ELi16EEEvPKhS4_PKfS4_S4_PhPfjj
    0 bytes stack frame, 0 bytes spill stores, 0 bytes spill loads
ptxas info    : Used 19 registers, used 0 barriers, 416 bytes cmem[0]
ptxas info    : Compile time = 11.847 ms
ptxas info    : Compiling entry function '_ZN12vector_probe36adangel_sm80_vector_fixed_conversionILN23adangel_sm80_experiment17GroupedSourceKindE1ELi16EEEvPKhS4_PKfS4_S4_PhPfjj' for 'sm_80'
ptxas info    : Function properties for _ZN12vector_probe36adangel_sm80_vector_fixed_conversionILN23adangel_sm80_experiment17GroupedSourceKindE1ELi16EEEvPKhS4_PKfS4_S4_PhPfjj
    0 bytes stack frame, 0 bytes spill stores, 0 bytes spill loads
ptxas info    : Used 32 registers, used 0 barriers, 416 bytes cmem[0]
ptxas info    : Compile time = 11.895 ms
ptxas info    : Compiling entry function '_ZN12vector_probe36adangel_sm80_vector_fixed_conversionILN23adangel_sm80_experiment17GroupedSourceKindE2ELi16EEEvPKhS4_PKfS4_S4_PhPfjj' for 'sm_80'
ptxas info    : Function properties for _ZN12vector_probe36adangel_sm80_vector_fixed_conversionILN23adangel_sm80_experiment17GroupedSourceKindE2ELi16EEEvPKhS4_PKfS4_S4_PhPfjj
    0 bytes stack frame, 0 bytes spill stores, 0 bytes spill loads
ptxas info    : Used 30 registers, used 0 barriers, 416 bytes cmem[0]
ptxas info    : Compile time = 9.367 ms
ptxas info    : Compiling entry function '_ZN12vector_probe36adangel_sm80_vector_fixed_conversionILN23adangel_sm80_experiment17GroupedSourceKindE0ELi16EEEvPKhS4_PKfS4_S4_PhPfjj' for 'sm_80'
ptxas info    : Function properties for _ZN12vector_probe36adangel_sm80_vector_fixed_conversionILN23adangel_sm80_experiment17GroupedSourceKindE0ELi16EEEvPKhS4_PKfS4_S4_PhPfjj
    0 bytes stack frame, 0 bytes spill stores, 0 bytes spill loads
ptxas info    : Used 26 registers, used 0 barriers, 416 bytes cmem[0]
ptxas info    : Compile time = 4.993 ms
ptxas info    : Compiling entry function '_Z31adangel_o78_factor_from_squaresILi0EEvPKjPKhfPiPfPmS4_Pjii' for 'sm_80'
ptxas info    : Function properties for _Z31adangel_o78_factor_from_squaresILi0EEvPKjPKhfPiPfPmS4_Pjii
    0 bytes stack frame, 0 bytes spill stores, 0 bytes spill loads
ptxas info    : Used 26 registers, used 0 barriers, 424 bytes cmem[0]
ptxas info    : Compile time = 9.558 ms
ptxas info    : Compiling entry function '_Z31adangel_o78_factor_from_squaresILi2EEvPKjPKhfPiPfPmS4_Pjii' for 'sm_80'
ptxas info    : Function properties for _Z31adangel_o78_factor_from_squaresILi2EEvPKjPKhfPiPfPmS4_Pjii
    0 bytes stack frame, 0 bytes spill stores, 0 bytes spill loads
ptxas info    : Used 26 registers, used 0 barriers, 424 bytes cmem[0]
ptxas info    : Compile time = 10.071 ms
ptxas info    : Compiling entry function '_Z31adangel_o78_factor_from_squaresILi1EEvPKjPKhfPiPfPmS4_Pjii' for 'sm_80'
ptxas info    : Function properties for _Z31adangel_o78_factor_from_squaresILi1EEvPKjPKhfPiPfPmS4_Pjii
    0 bytes stack frame, 0 bytes spill stores, 0 bytes spill loads
ptxas info    : Used 26 registers, used 0 barriers, 424 bytes cmem[0]
ptxas info    : Compile time = 10.162 ms
ptxas info    : Compiling entry function 'adangel_o78_prepare_cta_guard' for 'sm_80'
ptxas info    : Function properties for adangel_o78_prepare_cta_guard
    0 bytes stack frame, 0 bytes spill stores, 0 bytes spill loads
ptxas info    : Used 30 registers, used 1 barriers, 144 bytes smem, 432 bytes cmem[0]
ptxas info    : Compile time = 18.571 ms
ptxas info    : Compiling entry function 'adangel_o78_prepare_e6m2' for 'sm_80'
ptxas info    : Function properties for adangel_o78_prepare_e6m2
    0 bytes stack frame, 0 bytes spill stores, 0 bytes spill loads
ptxas info    : Used 25 registers, used 1 barriers, 168 bytes smem, 424 bytes cmem[0]
ptxas info    : Compile time = 23.131 ms
ptxas info    : Compiling entry function 'adangel_o78_prepare_e4m3' for 'sm_80'
ptxas info    : Function properties for adangel_o78_prepare_e4m3
    0 bytes stack frame, 0 bytes spill stores, 0 bytes spill loads
ptxas info    : Used 25 registers, used 1 barriers, 168 bytes smem, 424 bytes cmem[0]
ptxas info    : Compile time = 23.941 ms
ptxas info    : Compiling entry function 'adangel_o78_prepare_ue8m0' for 'sm_80'
ptxas info    : Function properties for adangel_o78_prepare_ue8m0
    0 bytes stack frame, 0 bytes spill stores, 0 bytes spill loads
ptxas info    : Used 25 registers, used 1 barriers, 168 bytes smem, 424 bytes cmem[0]
ptxas info    : Compile time = 22.341 ms
