{
  "passed": true,
  "strict_passed": false,
  "policy": "spill_warnings_isa_required",
  "functions": [
    {
      "symbol": "_ZN40_GLOBAL__N__7f9b572e_8_o1_o3_cu_ac14f08f27adangel_sm80_roof_candidateILb1ELb0ELi10EEEvPKhS2_PKfS2_Pfiii",
      "checks": {
        "resource_metadata_present": true,
        "sass_async": true,
        "sass_no_local": true,
        "resource_no_local": true,
        "resource_no_stack": true,
        "ptx_async": true,
        "sass_u4s4": true,
        "sass_s4s4": true,
        "sass_no_int8": true,
        "ptx_u4s4": true,
        "ptx_s4s4": true
      },
      "passed": true,
      "strict_passed": true,
      "errors": [],
      "warnings": [],
      "resource": "Function _ZN40_GLOBAL__N__7f9b572e_8_o1_o3_cu_ac14f08f27adangel_sm80_roof_candidateILb1ELb0ELi10EEEvPKhS2_PKfS2_Pfiii:\n  REG:80 STACK:0 SHARED:0 LOCAL:0 CONSTANT[0]:404 TEXTURE:0 SURFACE:0 SAMPLER:0",
      "instruction_counts": {
        "I2F": 16,
        "FADD": 0,
        "FMUL": 16,
        "FFMA": 16,
        "IMAD": 68,
        "IADD3": 28,
        "IMMA": 16,
        "BMMA": 0,
        "LDSM": 8,
        "LDGSTS": 6,
        "LDL": 0,
        "STL": 0,
        "STG64": 8,
        "LDG_U16": 0
      }
    },
    {
      "symbol": "_ZN40_GLOBAL__N__7f9b572e_8_o1_o3_cu_ac14f08f27adangel_sm80_roof_candidateILb0ELb0ELi10EEEvPKhS2_PKfS2_Pfiii",
      "checks": {
        "resource_metadata_present": true,
        "sass_async": true,
        "sass_no_local": true,
        "resource_no_local": true,
        "resource_no_stack": true,
        "ptx_async": true,
        "sass_u4s4": true,
        "sass_s4s4": true,
        "sass_no_int8": true,
        "ptx_u4s4": true,
        "ptx_s4s4": true
      },
      "passed": true,
      "strict_passed": true,
      "errors": [],
      "warnings": [],
      "resource": "Function _ZN40_GLOBAL__N__7f9b572e_8_o1_o3_cu_ac14f08f27adangel_sm80_roof_candidateILb0ELb0ELi10EEEvPKhS2_PKfS2_Pfiii:\n  REG:80 STACK:0 SHARED:0 LOCAL:0 CONSTANT[0]:404 TEXTURE:0 SURFACE:0 SAMPLER:0",
      "instruction_counts": {
        "I2F": 16,
        "FADD": 0,
        "FMUL": 16,
        "FFMA": 16,
        "IMAD": 66,
        "IADD3": 31,
        "IMMA": 16,
        "BMMA": 0,
        "LDSM": 8,
        "LDGSTS": 6,
        "LDL": 0,
        "STL": 0,
        "STG64": 8,
        "LDG_U16": 0
      }
    },
    {
      "symbol": "_ZN40_GLOBAL__N__7f9b572e_8_o1_o3_cu_ac14f08f27adangel_sm80_roof_candidateILb0ELb1ELi10EEEvPKhS2_PKfS2_Pfiii",
      "checks": {
        "resource_metadata_present": true,
        "sass_async": true,
        "sass_no_local": true,
        "resource_no_local": true,
        "resource_no_stack": true,
        "ptx_async": true,
        "sass_u4s4": true,
        "sass_s4s4": true,
        "sass_no_int8": true,
        "ptx_u4s4": true,
        "ptx_s4s4": true
      },
      "passed": true,
      "strict_passed": true,
      "errors": [],
      "warnings": [],
      "resource": "Function _ZN40_GLOBAL__N__7f9b572e_8_o1_o3_cu_ac14f08f27adangel_sm80_roof_candidateILb0ELb1ELi10EEEvPKhS2_PKfS2_Pfiii:\n  REG:80 STACK:0 SHARED:0 LOCAL:0 CONSTANT[0]:404 TEXTURE:0 SURFACE:0 SAMPLER:0",
      "instruction_counts": {
        "I2F": 16,
        "FADD": 0,
        "FMUL": 0,
        "FFMA": 16,
        "IMAD": 80,
        "IADD3": 31,
        "IMMA": 16,
        "BMMA": 0,
        "LDSM": 8,
        "LDGSTS": 6,
        "LDL": 0,
        "STL": 0,
        "STG64": 8,
        "LDG_U16": 0
      }
    },
    {
      "symbol": "_ZN40_GLOBAL__N__7f9b572e_8_o1_o3_cu_ac14f08f27adangel_sm80_roof_candidateILb1ELb0ELi9EEEvPKhS2_PKfS2_Pfiii",
      "checks": {
        "resource_metadata_present": true,
        "sass_async": true,
        "sass_no_local": false,
        "resource_no_local": true,
        "resource_no_stack": false,
        "ptx_async": true,
        "sass_u4s4": true,
        "sass_s4s4": true,
        "sass_no_int8": true,
        "ptx_u4s4": true,
        "ptx_s4s4": true
      },
      "passed": true,
      "strict_passed": false,
      "errors": [],
      "warnings": [
        "sass_no_local",
        "resource_no_stack"
      ],
      "resource": "Function _ZN40_GLOBAL__N__7f9b572e_8_o1_o3_cu_ac14f08f27adangel_sm80_roof_candidateILb1ELb0ELi9EEEvPKhS2_PKfS2_Pfiii:\n  REG:80 STACK:32 SHARED:0 LOCAL:0 CONSTANT[0]:404 TEXTURE:0 SURFACE:0 SAMPLER:0",
      "instruction_counts": {
        "I2F": 32,
        "FADD": 0,
        "FMUL": 32,
        "FFMA": 32,
        "IMAD": 83,
        "IADD3": 48,
        "IMMA": 32,
        "BMMA": 0,
        "LDSM": 16,
        "LDGSTS": 12,
        "LDL": 4,
        "STL": 4,
        "STG64": 8,
        "LDG_U16": 0
      }
    },
    {
      "symbol": "_ZN40_GLOBAL__N__7f9b572e_8_o1_o3_cu_ac14f08f27adangel_sm80_roof_candidateILb0ELb0ELi9EEEvPKhS2_PKfS2_Pfiii",
      "checks": {
        "resource_metadata_present": true,
        "sass_async": true,
        "sass_no_local": false,
        "resource_no_local": true,
        "resource_no_stack": false,
        "ptx_async": true,
        "sass_u4s4": true,
        "sass_s4s4": true,
        "sass_no_int8": true,
        "ptx_u4s4": true,
        "ptx_s4s4": true
      },
      "passed": true,
      "strict_passed": false,
      "errors": [],
      "warnings": [
        "sass_no_local",
        "resource_no_stack"
      ],
      "resource": "Function _ZN40_GLOBAL__N__7f9b572e_8_o1_o3_cu_ac14f08f27adangel_sm80_roof_candidateILb0ELb0ELi9EEEvPKhS2_PKfS2_Pfiii:\n  REG:80 STACK:8 SHARED:0 LOCAL:0 CONSTANT[0]:404 TEXTURE:0 SURFACE:0 SAMPLER:0",
      "instruction_counts": {
        "I2F": 32,
        "FADD": 0,
        "FMUL": 32,
        "FFMA": 32,
        "IMAD": 84,
        "IADD3": 47,
        "IMMA": 32,
        "BMMA": 0,
        "LDSM": 16,
        "LDGSTS": 12,
        "LDL": 2,
        "STL": 2,
        "STG64": 8,
        "LDG_U16": 0
      }
    },
    {
      "symbol": "_ZN40_GLOBAL__N__7f9b572e_8_o1_o3_cu_ac14f08f27adangel_sm80_roof_candidateILb0ELb1ELi9EEEvPKhS2_PKfS2_Pfiii",
      "checks": {
        "resource_metadata_present": true,
        "sass_async": true,
        "sass_no_local": false,
        "resource_no_local": true,
        "resource_no_stack": false,
        "ptx_async": true,
        "sass_u4s4": true,
        "sass_s4s4": true,
        "sass_no_int8": true,
        "ptx_u4s4": true,
        "ptx_s4s4": true
      },
      "passed": true,
      "strict_passed": false,
      "errors": [],
      "warnings": [
        "sass_no_local",
        "resource_no_stack"
      ],
      "resource": "Function _ZN40_GLOBAL__N__7f9b572e_8_o1_o3_cu_ac14f08f27adangel_sm80_roof_candidateILb0ELb1ELi9EEEvPKhS2_PKfS2_Pfiii:\n  REG:80 STACK:16 SHARED:0 LOCAL:0 CONSTANT[0]:404 TEXTURE:0 SURFACE:0 SAMPLER:0",
      "instruction_counts": {
        "I2F": 32,
        "FADD": 0,
        "FMUL": 0,
        "FFMA": 32,
        "IMAD": 112,
        "IADD3": 50,
        "IMMA": 32,
        "BMMA": 0,
        "LDSM": 16,
        "LDGSTS": 12,
        "LDL": 4,
        "STL": 4,
        "STG64": 8,
        "LDG_U16": 0
      }
    },
    {
      "symbol": "_ZN40_GLOBAL__N__7f9b572e_8_o1_o3_cu_ac14f08f27adangel_sm80_roof_candidateILb1ELb0ELi8EEEvPKhS2_PKfS2_Pfiii",
      "checks": {
        "resource_metadata_present": true,
        "sass_async": true,
        "sass_no_local": false,
        "resource_no_local": true,
        "resource_no_stack": false,
        "ptx_async": true,
        "sass_u4s4": true,
        "sass_s4s4": true,
        "sass_no_int8": true,
        "ptx_u4s4": true,
        "ptx_s4s4": true
      },
      "passed": true,
      "strict_passed": false,
      "errors": [],
      "warnings": [
        "sass_no_local",
        "resource_no_stack"
      ],
      "resource": "Function _ZN40_GLOBAL__N__7f9b572e_8_o1_o3_cu_ac14f08f27adangel_sm80_roof_candidateILb1ELb0ELi8EEEvPKhS2_PKfS2_Pfiii:\n  REG:64 STACK:48 SHARED:0 LOCAL:0 CONSTANT[0]:404 TEXTURE:0 SURFACE:0 SAMPLER:0",
      "instruction_counts": {
        "I2F": 32,
        "FADD": 0,
        "FMUL": 32,
        "FFMA": 32,
        "IMAD": 101,
        "IADD3": 45,
        "IMMA": 32,
        "BMMA": 0,
        "LDSM": 16,
        "LDGSTS": 8,
        "LDL": 12,
        "STL": 12,
        "STG64": 8,
        "LDG_U16": 0
      }
    },
    {
      "symbol": "_ZN40_GLOBAL__N__7f9b572e_8_o1_o3_cu_ac14f08f27adangel_sm80_roof_candidateILb0ELb0ELi8EEEvPKhS2_PKfS2_Pfiii",
      "checks": {
        "resource_metadata_present": true,
        "sass_async": true,
        "sass_no_local": false,
        "resource_no_local": true,
        "resource_no_stack": false,
        "ptx_async": true,
        "sass_u4s4": true,
        "sass_s4s4": true,
        "sass_no_int8": true,
        "ptx_u4s4": true,
        "ptx_s4s4": true
      },
      "passed": true,
      "strict_passed": false,
      "errors": [],
      "warnings": [
        "sass_no_local",
        "resource_no_stack"
      ],
      "resource": "Function _ZN40_GLOBAL__N__7f9b572e_8_o1_o3_cu_ac14f08f27adangel_sm80_roof_candidateILb0ELb0ELi8EEEvPKhS2_PKfS2_Pfiii:\n  REG:64 STACK:64 SHARED:0 LOCAL:0 CONSTANT[0]:404 TEXTURE:0 SURFACE:0 SAMPLER:0",
      "instruction_counts": {
        "I2F": 32,
        "FADD": 0,
        "FMUL": 32,
        "FFMA": 32,
        "IMAD": 90,
        "IADD3": 44,
        "IMMA": 32,
        "BMMA": 0,
        "LDSM": 16,
        "LDGSTS": 8,
        "LDL": 15,
        "STL": 15,
        "STG64": 8,
        "LDG_U16": 0
      }
    },
    {
      "symbol": "_ZN40_GLOBAL__N__7f9b572e_8_o1_o3_cu_ac14f08f27adangel_sm80_roof_candidateILb0ELb1ELi8EEEvPKhS2_PKfS2_Pfiii",
      "checks": {
        "resource_metadata_present": true,
        "sass_async": true,
        "sass_no_local": false,
        "resource_no_local": true,
        "resource_no_stack": false,
        "ptx_async": true,
        "sass_u4s4": true,
        "sass_s4s4": true,
        "sass_no_int8": true,
        "ptx_u4s4": true,
        "ptx_s4s4": true
      },
      "passed": true,
      "strict_passed": false,
      "errors": [],
      "warnings": [
        "sass_no_local",
        "resource_no_stack"
      ],
      "resource": "Function _ZN40_GLOBAL__N__7f9b572e_8_o1_o3_cu_ac14f08f27adangel_sm80_roof_candidateILb0ELb1ELi8EEEvPKhS2_PKfS2_Pfiii:\n  REG:64 STACK:64 SHARED:0 LOCAL:0 CONSTANT[0]:404 TEXTURE:0 SURFACE:0 SAMPLER:0",
      "instruction_counts": {
        "I2F": 32,
        "FADD": 0,
        "FMUL": 0,
        "FFMA": 32,
        "IMAD": 122,
        "IADD3": 47,
        "IMMA": 32,
        "BMMA": 0,
        "LDSM": 16,
        "LDGSTS": 8,
        "LDL": 14,
        "STL": 14,
        "STG64": 8,
        "LDG_U16": 0
      }
    },
    {
      "symbol": "_ZN40_GLOBAL__N__7f9b572e_8_o1_o3_cu_ac14f08f27adangel_sm80_roof_candidateILb1ELb0ELi7EEEvPKhS2_PKfS2_Pfiii",
      "checks": {
        "resource_metadata_present": true,
        "sass_async": true,
        "sass_no_local": false,
        "resource_no_local": true,
        "resource_no_stack": false,
        "ptx_async": true,
        "sass_u4s4": true,
        "sass_s4s4": true,
        "sass_no_int8": true,
        "ptx_u4s4": true,
        "ptx_s4s4": true
      },
      "passed": true,
      "strict_passed": false,
      "errors": [],
      "warnings": [
        "sass_no_local",
        "resource_no_stack"
      ],
      "resource": "Function _ZN40_GLOBAL__N__7f9b572e_8_o1_o3_cu_ac14f08f27adangel_sm80_roof_candidateILb1ELb0ELi7EEEvPKhS2_PKfS2_Pfiii:\n  REG:128 STACK:40 SHARED:0 LOCAL:0 CONSTANT[0]:404 TEXTURE:0 SURFACE:0 SAMPLER:0",
      "instruction_counts": {
        "I2F": 64,
        "FADD": 0,
        "FMUL": 64,
        "FFMA": 64,
        "IMAD": 102,
        "IADD3": 78,
        "IMMA": 64,
        "BMMA": 0,
        "LDSM": 24,
        "LDGSTS": 16,
        "LDL": 5,
        "STL": 5,
        "STG64": 16,
        "LDG_U16": 0
      }
    },
    {
      "symbol": "_ZN40_GLOBAL__N__7f9b572e_8_o1_o3_cu_ac14f08f27adangel_sm80_roof_candidateILb0ELb0ELi7EEEvPKhS2_PKfS2_Pfiii",
      "checks": {
        "resource_metadata_present": true,
        "sass_async": true,
        "sass_no_local": false,
        "resource_no_local": true,
        "resource_no_stack": false,
        "ptx_async": true,
        "sass_u4s4": true,
        "sass_s4s4": true,
        "sass_no_int8": true,
        "ptx_u4s4": true,
        "ptx_s4s4": true
      },
      "passed": true,
      "strict_passed": false,
      "errors": [],
      "warnings": [
        "sass_no_local",
        "resource_no_stack"
      ],
      "resource": "Function _ZN40_GLOBAL__N__7f9b572e_8_o1_o3_cu_ac14f08f27adangel_sm80_roof_candidateILb0ELb0ELi7EEEvPKhS2_PKfS2_Pfiii:\n  REG:128 STACK:24 SHARED:0 LOCAL:0 CONSTANT[0]:404 TEXTURE:0 SURFACE:0 SAMPLER:0",
      "instruction_counts": {
        "I2F": 64,
        "FADD": 0,
        "FMUL": 64,
        "FFMA": 64,
        "IMAD": 99,
        "IADD3": 75,
        "IMMA": 64,
        "BMMA": 0,
        "LDSM": 24,
        "LDGSTS": 16,
        "LDL": 3,
        "STL": 3,
        "STG64": 16,
        "LDG_U16": 0
      }
    },
    {
      "symbol": "_ZN40_GLOBAL__N__7f9b572e_8_o1_o3_cu_ac14f08f27adangel_sm80_roof_candidateILb0ELb1ELi7EEEvPKhS2_PKfS2_Pfiii",
      "checks": {
        "resource_metadata_present": true,
        "sass_async": true,
        "sass_no_local": false,
        "resource_no_local": true,
        "resource_no_stack": false,
        "ptx_async": true,
        "sass_u4s4": true,
        "sass_s4s4": true,
        "sass_no_int8": true,
        "ptx_u4s4": true,
        "ptx_s4s4": true
      },
      "passed": true,
      "strict_passed": false,
      "errors": [],
      "warnings": [
        "sass_no_local",
        "resource_no_stack"
      ],
      "resource": "Function _ZN40_GLOBAL__N__7f9b572e_8_o1_o3_cu_ac14f08f27adangel_sm80_roof_candidateILb0ELb1ELi7EEEvPKhS2_PKfS2_Pfiii:\n  REG:128 STACK:24 SHARED:0 LOCAL:0 CONSTANT[0]:404 TEXTURE:0 SURFACE:0 SAMPLER:0",
      "instruction_counts": {
        "I2F": 64,
        "FADD": 0,
        "FMUL": 0,
        "FFMA": 64,
        "IMAD": 159,
        "IADD3": 94,
        "IMMA": 64,
        "BMMA": 0,
        "LDSM": 24,
        "LDGSTS": 16,
        "LDL": 3,
        "STL": 3,
        "STG64": 16,
        "LDG_U16": 0
      }
    },
    {
      "symbol": "_ZN40_GLOBAL__N__7f9b572e_8_o1_o3_cu_ac14f08f27adangel_sm80_roof_candidateILb1ELb0ELi6EEEvPKhS2_PKfS2_Pfiii",
      "checks": {
        "resource_metadata_present": true,
        "sass_async": true,
        "sass_no_local": false,
        "resource_no_local": true,
        "resource_no_stack": false,
        "ptx_async": true,
        "sass_u4s4": true,
        "sass_s4s4": true,
        "sass_no_int8": true,
        "ptx_u4s4": true,
        "ptx_s4s4": true
      },
      "passed": true,
      "strict_passed": false,
      "errors": [],
      "warnings": [
        "sass_no_local",
        "resource_no_stack"
      ],
      "resource": "Function _ZN40_GLOBAL__N__7f9b572e_8_o1_o3_cu_ac14f08f27adangel_sm80_roof_candidateILb1ELb0ELi6EEEvPKhS2_PKfS2_Pfiii:\n  REG:128 STACK:40 SHARED:0 LOCAL:0 CONSTANT[0]:404 TEXTURE:0 SURFACE:0 SAMPLER:0",
      "instruction_counts": {
        "I2F": 64,
        "FADD": 0,
        "FMUL": 64,
        "FFMA": 64,
        "IMAD": 102,
        "IADD3": 78,
        "IMMA": 64,
        "BMMA": 0,
        "LDSM": 24,
        "LDGSTS": 16,
        "LDL": 5,
        "STL": 5,
        "STG64": 16,
        "LDG_U16": 0
      }
    },
    {
      "symbol": "_ZN40_GLOBAL__N__7f9b572e_8_o1_o3_cu_ac14f08f27adangel_sm80_roof_candidateILb0ELb0ELi6EEEvPKhS2_PKfS2_Pfiii",
      "checks": {
        "resource_metadata_present": true,
        "sass_async": true,
        "sass_no_local": false,
        "resource_no_local": true,
        "resource_no_stack": false,
        "ptx_async": true,
        "sass_u4s4": true,
        "sass_s4s4": true,
        "sass_no_int8": true,
        "ptx_u4s4": true,
        "ptx_s4s4": true
      },
      "passed": true,
      "strict_passed": false,
      "errors": [],
      "warnings": [
        "sass_no_local",
        "resource_no_stack"
      ],
      "resource": "Function _ZN40_GLOBAL__N__7f9b572e_8_o1_o3_cu_ac14f08f27adangel_sm80_roof_candidateILb0ELb0ELi6EEEvPKhS2_PKfS2_Pfiii:\n  REG:128 STACK:24 SHARED:0 LOCAL:0 CONSTANT[0]:404 TEXTURE:0 SURFACE:0 SAMPLER:0",
      "instruction_counts": {
        "I2F": 64,
        "FADD": 0,
        "FMUL": 64,
        "FFMA": 64,
        "IMAD": 99,
        "IADD3": 75,
        "IMMA": 64,
        "BMMA": 0,
        "LDSM": 24,
        "LDGSTS": 16,
        "LDL": 3,
        "STL": 3,
        "STG64": 16,
        "LDG_U16": 0
      }
    },
    {
      "symbol": "_ZN40_GLOBAL__N__7f9b572e_8_o1_o3_cu_ac14f08f27adangel_sm80_roof_candidateILb0ELb1ELi6EEEvPKhS2_PKfS2_Pfiii",
      "checks": {
        "resource_metadata_present": true,
        "sass_async": true,
        "sass_no_local": false,
        "resource_no_local": true,
        "resource_no_stack": false,
        "ptx_async": true,
        "sass_u4s4": true,
        "sass_s4s4": true,
        "sass_no_int8": true,
        "ptx_u4s4": true,
        "ptx_s4s4": true
      },
      "passed": true,
      "strict_passed": false,
      "errors": [],
      "warnings": [
        "sass_no_local",
        "resource_no_stack"
      ],
      "resource": "Function _ZN40_GLOBAL__N__7f9b572e_8_o1_o3_cu_ac14f08f27adangel_sm80_roof_candidateILb0ELb1ELi6EEEvPKhS2_PKfS2_Pfiii:\n  REG:128 STACK:24 SHARED:0 LOCAL:0 CONSTANT[0]:404 TEXTURE:0 SURFACE:0 SAMPLER:0",
      "instruction_counts": {
        "I2F": 64,
        "FADD": 0,
        "FMUL": 0,
        "FFMA": 64,
        "IMAD": 159,
        "IADD3": 94,
        "IMMA": 64,
        "BMMA": 0,
        "LDSM": 24,
        "LDGSTS": 16,
        "LDL": 3,
        "STL": 3,
        "STG64": 16,
        "LDG_U16": 0
      }
    },
    {
      "symbol": "_ZN40_GLOBAL__N__7f9b572e_8_o1_o3_cu_ac14f08f27adangel_sm80_roof_candidateILb1ELb0ELi3EEEvPKhS2_PKfS2_Pfiii",
      "checks": {
        "resource_metadata_present": true,
        "sass_async": true,
        "sass_no_local": false,
        "resource_no_local": true,
        "resource_no_stack": false,
        "ptx_async": true,
        "sass_u4s4": true,
        "sass_s4s4": true,
        "sass_no_int8": true,
        "ptx_u4s4": true,
        "ptx_s4s4": true
      },
      "passed": true,
      "strict_passed": false,
      "errors": [],
      "warnings": [
        "sass_no_local",
        "resource_no_stack"
      ],
      "resource": "Function _ZN40_GLOBAL__N__7f9b572e_8_o1_o3_cu_ac14f08f27adangel_sm80_roof_candidateILb1ELb0ELi3EEEvPKhS2_PKfS2_Pfiii:\n  REG:128 STACK:40 SHARED:0 LOCAL:0 CONSTANT[0]:404 TEXTURE:0 SURFACE:0 SAMPLER:0",
      "instruction_counts": {
        "I2F": 64,
        "FADD": 0,
        "FMUL": 64,
        "FFMA": 64,
        "IMAD": 106,
        "IADD3": 72,
        "IMMA": 64,
        "BMMA": 0,
        "LDSM": 24,
        "LDGSTS": 16,
        "LDL": 5,
        "STL": 5,
        "STG64": 16,
        "LDG_U16": 0
      }
    },
    {
      "symbol": "_ZN40_GLOBAL__N__7f9b572e_8_o1_o3_cu_ac14f08f27adangel_sm80_roof_candidateILb0ELb0ELi3EEEvPKhS2_PKfS2_Pfiii",
      "checks": {
        "resource_metadata_present": true,
        "sass_async": true,
        "sass_no_local": false,
        "resource_no_local": true,
        "resource_no_stack": false,
        "ptx_async": true,
        "sass_u4s4": true,
        "sass_s4s4": true,
        "sass_no_int8": true,
        "ptx_u4s4": true,
        "ptx_s4s4": true
      },
      "passed": true,
      "strict_passed": false,
      "errors": [],
      "warnings": [
        "sass_no_local",
        "resource_no_stack"
      ],
      "resource": "Function _ZN40_GLOBAL__N__7f9b572e_8_o1_o3_cu_ac14f08f27adangel_sm80_roof_candidateILb0ELb0ELi3EEEvPKhS2_PKfS2_Pfiii:\n  REG:128 STACK:24 SHARED:0 LOCAL:0 CONSTANT[0]:404 TEXTURE:0 SURFACE:0 SAMPLER:0",
      "instruction_counts": {
        "I2F": 64,
        "FADD": 0,
        "FMUL": 64,
        "FFMA": 64,
        "IMAD": 99,
        "IADD3": 75,
        "IMMA": 64,
        "BMMA": 0,
        "LDSM": 24,
        "LDGSTS": 16,
        "LDL": 3,
        "STL": 3,
        "STG64": 16,
        "LDG_U16": 0
      }
    },
    {
      "symbol": "_ZN40_GLOBAL__N__7f9b572e_8_o1_o3_cu_ac14f08f27adangel_sm80_roof_candidateILb0ELb1ELi3EEEvPKhS2_PKfS2_Pfiii",
      "checks": {
        "resource_metadata_present": true,
        "sass_async": true,
        "sass_no_local": false,
        "resource_no_local": true,
        "resource_no_stack": false,
        "ptx_async": true,
        "sass_u4s4": true,
        "sass_s4s4": true,
        "sass_no_int8": true,
        "ptx_u4s4": true,
        "ptx_s4s4": true
      },
      "passed": true,
      "strict_passed": false,
      "errors": [],
      "warnings": [
        "sass_no_local",
        "resource_no_stack"
      ],
      "resource": "Function _ZN40_GLOBAL__N__7f9b572e_8_o1_o3_cu_ac14f08f27adangel_sm80_roof_candidateILb0ELb1ELi3EEEvPKhS2_PKfS2_Pfiii:\n  REG:128 STACK:24 SHARED:0 LOCAL:0 CONSTANT[0]:404 TEXTURE:0 SURFACE:0 SAMPLER:0",
      "instruction_counts": {
        "I2F": 64,
        "FADD": 0,
        "FMUL": 0,
        "FFMA": 64,
        "IMAD": 159,
        "IADD3": 93,
        "IMMA": 64,
        "BMMA": 0,
        "LDSM": 24,
        "LDGSTS": 16,
        "LDL": 3,
        "STL": 3,
        "STG64": 16,
        "LDG_U16": 0
      }
    },
    {
      "symbol": "_ZN40_GLOBAL__N__7f9b572e_8_o1_o3_cu_ac14f08f27adangel_sm80_roof_candidateILb1ELb0ELi2EEEvPKhS2_PKfS2_Pfiii",
      "checks": {
        "resource_metadata_present": true,
        "sass_async": true,
        "sass_no_local": false,
        "resource_no_local": true,
        "resource_no_stack": false,
        "ptx_async": true,
        "sass_u4s4": true,
        "sass_s4s4": true,
        "sass_no_int8": true,
        "ptx_u4s4": true,
        "ptx_s4s4": true
      },
      "passed": true,
      "strict_passed": false,
      "errors": [],
      "warnings": [
        "sass_no_local",
        "resource_no_stack"
      ],
      "resource": "Function _ZN40_GLOBAL__N__7f9b572e_8_o1_o3_cu_ac14f08f27adangel_sm80_roof_candidateILb1ELb0ELi2EEEvPKhS2_PKfS2_Pfiii:\n  REG:128 STACK:40 SHARED:0 LOCAL:0 CONSTANT[0]:404 TEXTURE:0 SURFACE:0 SAMPLER:0",
      "instruction_counts": {
        "I2F": 64,
        "FADD": 0,
        "FMUL": 64,
        "FFMA": 64,
        "IMAD": 106,
        "IADD3": 72,
        "IMMA": 64,
        "BMMA": 0,
        "LDSM": 24,
        "LDGSTS": 16,
        "LDL": 5,
        "STL": 5,
        "STG64": 16,
        "LDG_U16": 0
      }
    },
    {
      "symbol": "_ZN40_GLOBAL__N__7f9b572e_8_o1_o3_cu_ac14f08f27adangel_sm80_roof_candidateILb0ELb0ELi2EEEvPKhS2_PKfS2_Pfiii",
      "checks": {
        "resource_metadata_present": true,
        "sass_async": true,
        "sass_no_local": false,
        "resource_no_local": true,
        "resource_no_stack": false,
        "ptx_async": true,
        "sass_u4s4": true,
        "sass_s4s4": true,
        "sass_no_int8": true,
        "ptx_u4s4": true,
        "ptx_s4s4": true
      },
      "passed": true,
      "strict_passed": false,
      "errors": [],
      "warnings": [
        "sass_no_local",
        "resource_no_stack"
      ],
      "resource": "Function _ZN40_GLOBAL__N__7f9b572e_8_o1_o3_cu_ac14f08f27adangel_sm80_roof_candidateILb0ELb0ELi2EEEvPKhS2_PKfS2_Pfiii:\n  REG:128 STACK:24 SHARED:0 LOCAL:0 CONSTANT[0]:404 TEXTURE:0 SURFACE:0 SAMPLER:0",
      "instruction_counts": {
        "I2F": 64,
        "FADD": 0,
        "FMUL": 64,
        "FFMA": 64,
        "IMAD": 99,
        "IADD3": 75,
        "IMMA": 64,
        "BMMA": 0,
        "LDSM": 24,
        "LDGSTS": 16,
        "LDL": 3,
        "STL": 3,
        "STG64": 16,
        "LDG_U16": 0
      }
    },
    {
      "symbol": "_ZN40_GLOBAL__N__7f9b572e_8_o1_o3_cu_ac14f08f27adangel_sm80_roof_candidateILb0ELb1ELi2EEEvPKhS2_PKfS2_Pfiii",
      "checks": {
        "resource_metadata_present": true,
        "sass_async": true,
        "sass_no_local": false,
        "resource_no_local": true,
        "resource_no_stack": false,
        "ptx_async": true,
        "sass_u4s4": true,
        "sass_s4s4": true,
        "sass_no_int8": true,
        "ptx_u4s4": true,
        "ptx_s4s4": true
      },
      "passed": true,
      "strict_passed": false,
      "errors": [],
      "warnings": [
        "sass_no_local",
        "resource_no_stack"
      ],
      "resource": "Function _ZN40_GLOBAL__N__7f9b572e_8_o1_o3_cu_ac14f08f27adangel_sm80_roof_candidateILb0ELb1ELi2EEEvPKhS2_PKfS2_Pfiii:\n  REG:128 STACK:24 SHARED:0 LOCAL:0 CONSTANT[0]:404 TEXTURE:0 SURFACE:0 SAMPLER:0",
      "instruction_counts": {
        "I2F": 64,
        "FADD": 0,
        "FMUL": 0,
        "FFMA": 64,
        "IMAD": 159,
        "IADD3": 93,
        "IMMA": 64,
        "BMMA": 0,
        "LDSM": 24,
        "LDGSTS": 16,
        "LDL": 3,
        "STL": 3,
        "STG64": 16,
        "LDG_U16": 0
      }
    },
    {
      "symbol": "_ZN40_GLOBAL__N__7f9b572e_8_o1_o3_cu_ac14f08f27adangel_sm80_roof_candidateILb1ELb0ELi1EEEvPKhS2_PKfS2_Pfiii",
      "checks": {
        "resource_metadata_present": true,
        "sass_async": true,
        "sass_no_local": false,
        "resource_no_local": true,
        "resource_no_stack": false,
        "ptx_async": true,
        "sass_u4s4": true,
        "sass_s4s4": true,
        "sass_no_int8": true,
        "ptx_u4s4": true,
        "ptx_s4s4": true
      },
      "passed": true,
      "strict_passed": false,
      "errors": [],
      "warnings": [
        "sass_no_local",
        "resource_no_stack"
      ],
      "resource": "Function _ZN40_GLOBAL__N__7f9b572e_8_o1_o3_cu_ac14f08f27adangel_sm80_roof_candidateILb1ELb0ELi1EEEvPKhS2_PKfS2_Pfiii:\n  REG:128 STACK:32 SHARED:0 LOCAL:0 CONSTANT[0]:404 TEXTURE:0 SURFACE:0 SAMPLER:0",
      "instruction_counts": {
        "I2F": 64,
        "FADD": 0,
        "FMUL": 64,
        "FFMA": 64,
        "IMAD": 120,
        "IADD3": 67,
        "IMMA": 64,
        "BMMA": 0,
        "LDSM": 24,
        "LDGSTS": 16,
        "LDL": 7,
        "STL": 7,
        "STG64": 16,
        "LDG_U16": 0
      }
    },
    {
      "symbol": "_ZN40_GLOBAL__N__7f9b572e_8_o1_o3_cu_ac14f08f27adangel_sm80_roof_candidateILb0ELb0ELi1EEEvPKhS2_PKfS2_Pfiii",
      "checks": {
        "resource_metadata_present": true,
        "sass_async": true,
        "sass_no_local": false,
        "resource_no_local": true,
        "resource_no_stack": false,
        "ptx_async": true,
        "sass_u4s4": true,
        "sass_s4s4": true,
        "sass_no_int8": true,
        "ptx_u4s4": true,
        "ptx_s4s4": true
      },
      "passed": true,
      "strict_passed": false,
      "errors": [],
      "warnings": [
        "sass_no_local",
        "resource_no_stack"
      ],
      "resource": "Function _ZN40_GLOBAL__N__7f9b572e_8_o1_o3_cu_ac14f08f27adangel_sm80_roof_candidateILb0ELb0ELi1EEEvPKhS2_PKfS2_Pfiii:\n  REG:128 STACK:32 SHARED:0 LOCAL:0 CONSTANT[0]:404 TEXTURE:0 SURFACE:0 SAMPLER:0",
      "instruction_counts": {
        "I2F": 64,
        "FADD": 0,
        "FMUL": 64,
        "FFMA": 64,
        "IMAD": 100,
        "IADD3": 75,
        "IMMA": 64,
        "BMMA": 0,
        "LDSM": 24,
        "LDGSTS": 16,
        "LDL": 4,
        "STL": 4,
        "STG64": 16,
        "LDG_U16": 0
      }
    },
    {
      "symbol": "_ZN40_GLOBAL__N__7f9b572e_8_o1_o3_cu_ac14f08f27adangel_sm80_roof_candidateILb0ELb1ELi1EEEvPKhS2_PKfS2_Pfiii",
      "checks": {
        "resource_metadata_present": true,
        "sass_async": true,
        "sass_no_local": false,
        "resource_no_local": true,
        "resource_no_stack": false,
        "ptx_async": true,
        "sass_u4s4": true,
        "sass_s4s4": true,
        "sass_no_int8": true,
        "ptx_u4s4": true,
        "ptx_s4s4": true
      },
      "passed": true,
      "strict_passed": false,
      "errors": [],
      "warnings": [
        "sass_no_local",
        "resource_no_stack"
      ],
      "resource": "Function _ZN40_GLOBAL__N__7f9b572e_8_o1_o3_cu_ac14f08f27adangel_sm80_roof_candidateILb0ELb1ELi1EEEvPKhS2_PKfS2_Pfiii:\n  REG:128 STACK:40 SHARED:0 LOCAL:0 CONSTANT[0]:404 TEXTURE:0 SURFACE:0 SAMPLER:0",
      "instruction_counts": {
        "I2F": 64,
        "FADD": 0,
        "FMUL": 0,
        "FFMA": 64,
        "IMAD": 160,
        "IADD3": 97,
        "IMMA": 64,
        "BMMA": 0,
        "LDSM": 24,
        "LDGSTS": 16,
        "LDL": 5,
        "STL": 5,
        "STG64": 16,
        "LDG_U16": 0
      }
    },
    {
      "symbol": "_ZN40_GLOBAL__N__7f9b572e_8_o1_o3_cu_ac14f08f27adangel_sm80_roof_candidateILb1ELb0ELi0EEEvPKhS2_PKfS2_Pfiii",
      "checks": {
        "resource_metadata_present": true,
        "sass_async": true,
        "sass_no_local": false,
        "resource_no_local": true,
        "resource_no_stack": false,
        "ptx_async": true,
        "sass_u4s4": true,
        "sass_s4s4": true,
        "sass_no_int8": true,
        "ptx_u4s4": true,
        "ptx_s4s4": true
      },
      "passed": true,
      "strict_passed": false,
      "errors": [],
      "warnings": [
        "sass_no_local",
        "resource_no_stack"
      ],
      "resource": "Function _ZN40_GLOBAL__N__7f9b572e_8_o1_o3_cu_ac14f08f27adangel_sm80_roof_candidateILb1ELb0ELi0EEEvPKhS2_PKfS2_Pfiii:\n  REG:128 STACK:32 SHARED:0 LOCAL:0 CONSTANT[0]:404 TEXTURE:0 SURFACE:0 SAMPLER:0",
      "instruction_counts": {
        "I2F": 64,
        "FADD": 0,
        "FMUL": 64,
        "FFMA": 64,
        "IMAD": 120,
        "IADD3": 67,
        "IMMA": 64,
        "BMMA": 0,
        "LDSM": 24,
        "LDGSTS": 16,
        "LDL": 7,
        "STL": 7,
        "STG64": 16,
        "LDG_U16": 0
      }
    },
    {
      "symbol": "_ZN40_GLOBAL__N__7f9b572e_8_o1_o3_cu_ac14f08f27adangel_sm80_roof_candidateILb0ELb1ELi0EEEvPKhS2_PKfS2_Pfiii",
      "checks": {
        "resource_metadata_present": true,
        "sass_async": true,
        "sass_no_local": false,
        "resource_no_local": true,
        "resource_no_stack": false,
        "ptx_async": true,
        "sass_u4s4": true,
        "sass_s4s4": true,
        "sass_no_int8": true,
        "ptx_u4s4": true,
        "ptx_s4s4": true
      },
      "passed": true,
      "strict_passed": false,
      "errors": [],
      "warnings": [
        "sass_no_local",
        "resource_no_stack"
      ],
      "resource": "Function _ZN40_GLOBAL__N__7f9b572e_8_o1_o3_cu_ac14f08f27adangel_sm80_roof_candidateILb0ELb1ELi0EEEvPKhS2_PKfS2_Pfiii:\n  REG:128 STACK:40 SHARED:0 LOCAL:0 CONSTANT[0]:404 TEXTURE:0 SURFACE:0 SAMPLER:0",
      "instruction_counts": {
        "I2F": 64,
        "FADD": 0,
        "FMUL": 0,
        "FFMA": 64,
        "IMAD": 160,
        "IADD3": 97,
        "IMMA": 64,
        "BMMA": 0,
        "LDSM": 24,
        "LDGSTS": 16,
        "LDL": 5,
        "STL": 5,
        "STG64": 16,
        "LDG_U16": 0
      }
    },
    {
      "symbol": "_ZN40_GLOBAL__N__7f9b572e_8_o1_o3_cu_ac14f08f27adangel_sm80_roof_candidateILb0ELb0ELi11EEEvPKhS2_PKfS2_Pfiii",
      "checks": {
        "resource_metadata_present": true,
        "sass_async": true,
        "sass_no_local": false,
        "resource_no_local": true,
        "resource_no_stack": false,
        "ptx_async": true,
        "sass_u4s4": true,
        "sass_s4s4": true,
        "sass_no_int8": true,
        "ptx_u4s4": true,
        "ptx_s4s4": true
      },
      "passed": true,
      "strict_passed": false,
      "errors": [],
      "warnings": [
        "sass_no_local",
        "resource_no_stack"
      ],
      "resource": "Function _ZN40_GLOBAL__N__7f9b572e_8_o1_o3_cu_ac14f08f27adangel_sm80_roof_candidateILb0ELb0ELi11EEEvPKhS2_PKfS2_Pfiii:\n  REG:128 STACK:24 SHARED:0 LOCAL:0 CONSTANT[0]:404 TEXTURE:0 SURFACE:0 SAMPLER:0",
      "instruction_counts": {
        "I2F": 64,
        "FADD": 0,
        "FMUL": 64,
        "FFMA": 64,
        "IMAD": 99,
        "IADD3": 75,
        "IMMA": 64,
        "BMMA": 0,
        "LDSM": 24,
        "LDGSTS": 16,
        "LDL": 3,
        "STL": 3,
        "STG64": 16,
        "LDG_U16": 0
      }
    },
    {
      "symbol": "_ZN40_GLOBAL__N__7f9b572e_8_o1_o3_cu_ac14f08f27adangel_sm80_roof_candidateILb0ELb1ELi11EEEvPKhS2_PKfS2_Pfiii",
      "checks": {
        "resource_metadata_present": true,
        "sass_async": true,
        "sass_no_local": false,
        "resource_no_local": true,
        "resource_no_stack": false,
        "ptx_async": true,
        "sass_u4s4": true,
        "sass_s4s4": true,
        "sass_no_int8": true,
        "ptx_u4s4": true,
        "ptx_s4s4": true
      },
      "passed": true,
      "strict_passed": false,
      "errors": [],
      "warnings": [
        "sass_no_local",
        "resource_no_stack"
      ],
      "resource": "Function _ZN40_GLOBAL__N__7f9b572e_8_o1_o3_cu_ac14f08f27adangel_sm80_roof_candidateILb0ELb1ELi11EEEvPKhS2_PKfS2_Pfiii:\n  REG:128 STACK:24 SHARED:0 LOCAL:0 CONSTANT[0]:404 TEXTURE:0 SURFACE:0 SAMPLER:0",
      "instruction_counts": {
        "I2F": 64,
        "FADD": 0,
        "FMUL": 0,
        "FFMA": 64,
        "IMAD": 159,
        "IADD3": 94,
        "IMMA": 64,
        "BMMA": 0,
        "LDSM": 24,
        "LDGSTS": 16,
        "LDL": 3,
        "STL": 3,
        "STG64": 16,
        "LDG_U16": 0
      }
    },
    {
      "symbol": "_ZN40_GLOBAL__N__7f9b572e_8_o1_o3_cu_ac14f08f27adangel_sm80_roof_candidateILb1ELb0ELi11EEEvPKhS2_PKfS2_Pfiii",
      "checks": {
        "resource_metadata_present": true,
        "sass_async": true,
        "sass_no_local": false,
        "resource_no_local": true,
        "resource_no_stack": false,
        "ptx_async": true,
        "sass_u4s4": true,
        "sass_s4s4": true,
        "sass_no_int8": true,
        "ptx_u4s4": true,
        "ptx_s4s4": true
      },
      "passed": true,
      "strict_passed": false,
      "errors": [],
      "warnings": [
        "sass_no_local",
        "resource_no_stack"
      ],
      "resource": "Function _ZN40_GLOBAL__N__7f9b572e_8_o1_o3_cu_ac14f08f27adangel_sm80_roof_candidateILb1ELb0ELi11EEEvPKhS2_PKfS2_Pfiii:\n  REG:128 STACK:40 SHARED:0 LOCAL:0 CONSTANT[0]:404 TEXTURE:0 SURFACE:0 SAMPLER:0",
      "instruction_counts": {
        "I2F": 64,
        "FADD": 0,
        "FMUL": 64,
        "FFMA": 64,
        "IMAD": 102,
        "IADD3": 78,
        "IMMA": 64,
        "BMMA": 0,
        "LDSM": 24,
        "LDGSTS": 16,
        "LDL": 5,
        "STL": 5,
        "STG64": 16,
        "LDG_U16": 0
      }
    },
    {
      "symbol": "_ZN40_GLOBAL__N__7f9b572e_8_o1_o3_cu_ac14f08f27adangel_sm80_roof_candidateILb1ELb1ELi11EEEvPKhS2_PKfS2_Pfiii",
      "checks": {
        "resource_metadata_present": true,
        "sass_async": true,
        "sass_no_local": false,
        "resource_no_local": true,
        "resource_no_stack": false,
        "ptx_async": true,
        "sass_u4s4": true,
        "sass_s4s4": true,
        "sass_no_int8": true,
        "ptx_u4s4": true,
        "ptx_s4s4": true,
        "power2_scale_no_fmul": true,
        "power2_scale_keeps_i2f": true,
        "power2_scale_keeps_ffma": true
      },
      "passed": true,
      "strict_passed": false,
      "errors": [],
      "warnings": [
        "sass_no_local",
        "resource_no_stack"
      ],
      "resource": "Function _ZN40_GLOBAL__N__7f9b572e_8_o1_o3_cu_ac14f08f27adangel_sm80_roof_candidateILb1ELb1ELi11EEEvPKhS2_PKfS2_Pfiii:\n  REG:128 STACK:24 SHARED:0 LOCAL:0 CONSTANT[0]:404 TEXTURE:0 SURFACE:0 SAMPLER:0",
      "instruction_counts": {
        "I2F": 64,
        "FADD": 0,
        "FMUL": 0,
        "FFMA": 64,
        "IMAD": 181,
        "IADD3": 122,
        "IMMA": 64,
        "BMMA": 0,
        "LDSM": 24,
        "LDGSTS": 16,
        "LDL": 3,
        "STL": 3,
        "STG64": 16,
        "LDG_U16": 0
      }
    },
    {
      "symbol": "_ZN40_GLOBAL__N__7f9b572e_8_o1_o3_cu_ac14f08f27adangel_sm80_roof_candidateILb0ELb0ELi12EEEvPKhS2_PKfS2_Pfiii",
      "checks": {
        "resource_metadata_present": true,
        "sass_async": true,
        "sass_no_local": false,
        "resource_no_local": true,
        "resource_no_stack": false,
        "ptx_async": true,
        "sass_u4s4": true,
        "sass_s4s4": true,
        "sass_no_int8": true,
        "ptx_u4s4": true,
        "ptx_s4s4": true
      },
      "passed": true,
      "strict_passed": false,
      "errors": [],
      "warnings": [
        "sass_no_local",
        "resource_no_stack"
      ],
      "resource": "Function _ZN40_GLOBAL__N__7f9b572e_8_o1_o3_cu_ac14f08f27adangel_sm80_roof_candidateILb0ELb0ELi12EEEvPKhS2_PKfS2_Pfiii:\n  REG:128 STACK:24 SHARED:0 LOCAL:0 CONSTANT[0]:404 TEXTURE:0 SURFACE:0 SAMPLER:0",
      "instruction_counts": {
        "I2F": 64,
        "FADD": 0,
        "FMUL": 64,
        "FFMA": 64,
        "IMAD": 99,
        "IADD3": 75,
        "IMMA": 64,
        "BMMA": 0,
        "LDSM": 24,
        "LDGSTS": 16,
        "LDL": 3,
        "STL": 3,
        "STG64": 16,
        "LDG_U16": 0
      }
    },
    {
      "symbol": "_ZN40_GLOBAL__N__7f9b572e_8_o1_o3_cu_ac14f08f27adangel_sm80_roof_candidateILb0ELb1ELi12EEEvPKhS2_PKfS2_Pfiii",
      "checks": {
        "resource_metadata_present": true,
        "sass_async": true,
        "sass_no_local": false,
        "resource_no_local": true,
        "resource_no_stack": false,
        "ptx_async": true,
        "sass_u4s4": true,
        "sass_s4s4": true,
        "sass_no_int8": true,
        "ptx_u4s4": true,
        "ptx_s4s4": true
      },
      "passed": true,
      "strict_passed": false,
      "errors": [],
      "warnings": [
        "sass_no_local",
        "resource_no_stack"
      ],
      "resource": "Function _ZN40_GLOBAL__N__7f9b572e_8_o1_o3_cu_ac14f08f27adangel_sm80_roof_candidateILb0ELb1ELi12EEEvPKhS2_PKfS2_Pfiii:\n  REG:128 STACK:24 SHARED:0 LOCAL:0 CONSTANT[0]:404 TEXTURE:0 SURFACE:0 SAMPLER:0",
      "instruction_counts": {
        "I2F": 64,
        "FADD": 0,
        "FMUL": 0,
        "FFMA": 64,
        "IMAD": 159,
        "IADD3": 94,
        "IMMA": 64,
        "BMMA": 0,
        "LDSM": 24,
        "LDGSTS": 16,
        "LDL": 3,
        "STL": 3,
        "STG64": 16,
        "LDG_U16": 0
      }
    },
    {
      "symbol": "_ZN40_GLOBAL__N__7f9b572e_8_o1_o3_cu_ac14f08f27adangel_sm80_roof_candidateILb1ELb0ELi12EEEvPKhS2_PKfS2_Pfiii",
      "checks": {
        "resource_metadata_present": true,
        "sass_async": true,
        "sass_no_local": false,
        "resource_no_local": true,
        "resource_no_stack": false,
        "ptx_async": true,
        "sass_u4s4": true,
        "sass_s4s4": true,
        "sass_no_int8": true,
        "ptx_u4s4": true,
        "ptx_s4s4": true
      },
      "passed": true,
      "strict_passed": false,
      "errors": [],
      "warnings": [
        "sass_no_local",
        "resource_no_stack"
      ],
      "resource": "Function _ZN40_GLOBAL__N__7f9b572e_8_o1_o3_cu_ac14f08f27adangel_sm80_roof_candidateILb1ELb0ELi12EEEvPKhS2_PKfS2_Pfiii:\n  REG:128 STACK:40 SHARED:0 LOCAL:0 CONSTANT[0]:404 TEXTURE:0 SURFACE:0 SAMPLER:0",
      "instruction_counts": {
        "I2F": 64,
        "FADD": 0,
        "FMUL": 64,
        "FFMA": 64,
        "IMAD": 102,
        "IADD3": 78,
        "IMMA": 64,
        "BMMA": 0,
        "LDSM": 24,
        "LDGSTS": 16,
        "LDL": 5,
        "STL": 5,
        "STG64": 16,
        "LDG_U16": 0
      }
    },
    {
      "symbol": "_ZN40_GLOBAL__N__7f9b572e_8_o1_o3_cu_ac14f08f27adangel_sm80_roof_candidateILb1ELb1ELi12EEEvPKhS2_PKfS2_Pfiii",
      "checks": {
        "resource_metadata_present": true,
        "sass_async": true,
        "sass_no_local": false,
        "resource_no_local": true,
        "resource_no_stack": false,
        "ptx_async": true,
        "sass_u4s4": true,
        "sass_s4s4": true,
        "sass_no_int8": true,
        "ptx_u4s4": true,
        "ptx_s4s4": true,
        "power2_scale_no_fmul": true,
        "power2_scale_keeps_i2f": true,
        "power2_scale_keeps_ffma": true
      },
      "passed": true,
      "strict_passed": false,
      "errors": [],
      "warnings": [
        "sass_no_local",
        "resource_no_stack"
      ],
      "resource": "Function _ZN40_GLOBAL__N__7f9b572e_8_o1_o3_cu_ac14f08f27adangel_sm80_roof_candidateILb1ELb1ELi12EEEvPKhS2_PKfS2_Pfiii:\n  REG:128 STACK:40 SHARED:0 LOCAL:0 CONSTANT[0]:404 TEXTURE:0 SURFACE:0 SAMPLER:0",
      "instruction_counts": {
        "I2F": 64,
        "FADD": 0,
        "FMUL": 0,
        "FFMA": 64,
        "IMAD": 167,
        "IADD3": 100,
        "IMMA": 64,
        "BMMA": 0,
        "LDSM": 24,
        "LDGSTS": 16,
        "LDL": 5,
        "STL": 5,
        "STG64": 16,
        "LDG_U16": 0
      }
    },
    {
      "symbol": "_ZN40_GLOBAL__N__7f9b572e_8_o1_o3_cu_ac14f08f27adangel_sm80_roof_candidateILb0ELb0ELi13EEEvPKhS2_PKfS2_Pfiii",
      "checks": {
        "resource_metadata_present": true,
        "sass_async": true,
        "sass_no_local": false,
        "resource_no_local": true,
        "resource_no_stack": false,
        "ptx_async": true,
        "sass_u4s4": true,
        "sass_s4s4": true,
        "sass_no_int8": true,
        "ptx_u4s4": true,
        "ptx_s4s4": true
      },
      "passed": true,
      "strict_passed": false,
      "errors": [],
      "warnings": [
        "sass_no_local",
        "resource_no_stack"
      ],
      "resource": "Function _ZN40_GLOBAL__N__7f9b572e_8_o1_o3_cu_ac14f08f27adangel_sm80_roof_candidateILb0ELb0ELi13EEEvPKhS2_PKfS2_Pfiii:\n  REG:128 STACK:24 SHARED:0 LOCAL:0 CONSTANT[0]:404 TEXTURE:0 SURFACE:0 SAMPLER:0",
      "instruction_counts": {
        "I2F": 64,
        "FADD": 0,
        "FMUL": 64,
        "FFMA": 64,
        "IMAD": 97,
        "IADD3": 74,
        "IMMA": 64,
        "BMMA": 0,
        "LDSM": 24,
        "LDGSTS": 16,
        "LDL": 3,
        "STL": 3,
        "STG64": 16,
        "LDG_U16": 0
      }
    },
    {
      "symbol": "_ZN40_GLOBAL__N__7f9b572e_8_o1_o3_cu_ac14f08f27adangel_sm80_roof_candidateILb0ELb1ELi13EEEvPKhS2_PKfS2_Pfiii",
      "checks": {
        "resource_metadata_present": true,
        "sass_async": true,
        "sass_no_local": false,
        "resource_no_local": true,
        "resource_no_stack": false,
        "ptx_async": true,
        "sass_u4s4": true,
        "sass_s4s4": true,
        "sass_no_int8": true,
        "ptx_u4s4": true,
        "ptx_s4s4": true
      },
      "passed": true,
      "strict_passed": false,
      "errors": [],
      "warnings": [
        "sass_no_local",
        "resource_no_stack"
      ],
      "resource": "Function _ZN40_GLOBAL__N__7f9b572e_8_o1_o3_cu_ac14f08f27adangel_sm80_roof_candidateILb0ELb1ELi13EEEvPKhS2_PKfS2_Pfiii:\n  REG:128 STACK:24 SHARED:0 LOCAL:0 CONSTANT[0]:404 TEXTURE:0 SURFACE:0 SAMPLER:0",
      "instruction_counts": {
        "I2F": 64,
        "FADD": 0,
        "FMUL": 0,
        "FFMA": 64,
        "IMAD": 159,
        "IADD3": 95,
        "IMMA": 64,
        "BMMA": 0,
        "LDSM": 24,
        "LDGSTS": 16,
        "LDL": 3,
        "STL": 3,
        "STG64": 16,
        "LDG_U16": 0
      }
    },
    {
      "symbol": "_ZN40_GLOBAL__N__7f9b572e_8_o1_o3_cu_ac14f08f27adangel_sm80_roof_candidateILb0ELb0ELi0EEEvPKhS2_PKfS2_Pfiii",
      "checks": {
        "resource_metadata_present": true,
        "sass_async": true,
        "sass_no_local": false,
        "resource_no_local": true,
        "resource_no_stack": false,
        "ptx_async": true,
        "sass_u4s4": true,
        "sass_s4s4": true,
        "sass_no_int8": true,
        "ptx_u4s4": true,
        "ptx_s4s4": true
      },
      "passed": true,
      "strict_passed": false,
      "errors": [],
      "warnings": [
        "sass_no_local",
        "resource_no_stack"
      ],
      "resource": "Function _ZN40_GLOBAL__N__7f9b572e_8_o1_o3_cu_ac14f08f27adangel_sm80_roof_candidateILb0ELb0ELi0EEEvPKhS2_PKfS2_Pfiii:\n  REG:128 STACK:32 SHARED:0 LOCAL:0 CONSTANT[0]:404 TEXTURE:0 SURFACE:0 SAMPLER:0",
      "instruction_counts": {
        "I2F": 64,
        "FADD": 0,
        "FMUL": 64,
        "FFMA": 64,
        "IMAD": 100,
        "IADD3": 75,
        "IMMA": 64,
        "BMMA": 0,
        "LDSM": 24,
        "LDGSTS": 16,
        "LDL": 4,
        "STL": 4,
        "STG64": 16,
        "LDG_U16": 0
      }
    }
  ]
}
