FORMAL NATIVE CORRECTNESS PASSED
layer_00_q_proj o3 four modes passed
layer_00_q_proj o7 four modes passed
layer_00_q_proj o8 four modes passed
layer_00_k_proj o3 four modes passed
layer_00_k_proj o7 four modes passed
layer_00_k_proj o8 four modes passed
layer_00_v_proj o3 four modes passed
layer_00_v_proj o7 four modes passed
layer_00_v_proj o8 four modes passed
layer_00_o_proj o3 four modes passed
layer_00_o_proj o7 four modes passed
layer_00_o_proj o8 four modes passed
layer_06_q_proj o3 four modes passed
layer_06_q_proj o7 four modes passed
layer_06_q_proj o8 four modes passed
layer_06_k_proj o3 four modes passed
layer_06_k_proj o7 four modes passed
layer_06_k_proj o8 four modes passed
layer_06_v_proj o3 four modes passed
layer_06_v_proj o7 four modes passed
layer_06_v_proj o8 four modes passed
layer_06_o_proj o3 four modes passed
layer_06_o_proj o7 four modes passed
layer_06_o_proj o8 four modes passed
layer_12_q_proj o3 four modes passed
layer_12_q_proj o7 four modes passed
layer_12_q_proj o8 four modes passed
layer_12_k_proj o3 four modes passed
layer_12_k_proj o7 four modes passed
layer_12_k_proj o8 four modes passed
layer_12_v_proj o3 four modes passed
layer_12_v_proj o7 four modes passed
layer_12_v_proj o8 four modes passed
layer_12_o_proj o3 four modes passed
layer_12_o_proj o7 four modes passed
layer_12_o_proj o8 four modes passed
layer_18_q_proj o3 four modes passed
layer_18_q_proj o7 four modes passed
layer_18_q_proj o8 four modes passed
layer_18_k_proj o3 four modes passed
layer_18_k_proj o7 four modes passed
layer_18_k_proj o8 four modes passed
layer_18_v_proj o3 four modes passed
layer_18_v_proj o7 four modes passed
layer_18_v_proj o8 four modes passed
layer_18_o_proj o3 four modes passed
layer_18_o_proj o7 four modes passed
layer_18_o_proj o8 four modes passed
layer_24_q_proj o3 four modes passed
layer_24_q_proj o7 four modes passed
layer_24_q_proj o8 four modes passed
layer_24_k_proj o3 four modes passed
layer_24_k_proj o7 four modes passed
layer_24_k_proj o8 four modes passed
layer_24_v_proj o3 four modes passed
layer_24_v_proj o7 four modes passed
layer_24_v_proj o8 four modes passed
layer_24_o_proj o3 four modes passed
layer_24_o_proj o7 four modes passed
layer_24_o_proj o8 four modes passed
layer_31_q_proj o3 four modes passed
layer_31_q_proj o7 four modes passed
layer_31_q_proj o8 four modes passed
layer_31_k_proj o3 four modes passed
layer_31_k_proj o7 four modes passed
layer_31_k_proj o8 four modes passed
layer_31_v_proj o3 four modes passed
layer_31_v_proj o7 four modes passed
layer_31_v_proj o8 four modes passed
layer_31_o_proj o3 four modes passed
layer_31_o_proj o7 four modes passed
layer_31_o_proj o8 four modes passed
PRODUCTION 24-TRACE ACCEPTANCE PASSED
