{
  "cost_gate": {
    "passed": false,
    "checks": {
      "meaningful_work_or_live_reduction": false,
      "allocation": true,
      "hot_local": true,
      "native_math": true,
      "same_supply": true,
      "same_barrier": true
    },
    "limits": {
      "min_hot_instruction_reduction": 0.03,
      "min_live_gpr_reduction": 16,
      "max_allocated_gpr": 168,
      "max_hot_local": 0,
      "mma_each": 32,
      "ldsm": 16,
      "copies": 9,
      "barriers": 1
    },
    "old_static": 323,
    "new_static": 322,
    "static_reduction": 0.003095975232198178,
    "live_gpr_saving": 6,
    "scope": "predeclared_compile_investment_gate_not_measured_speedup",
    "control_encoding_unchanged": true
  },
  "coordinates": {
    "passed": true,
    "gpu_execution": false,
    "outputs": 8192,
    "threads": 128,
    "weight_scales_per_thread": 8,
    "activation_rows_per_thread": 8,
    "operand_coordinates_compared": 49152
  },
  "liveness": {
    "adangel_roof_o3_grouped_cta_candidate": {
      "symbol": "adangel_roof_o3_grouped_cta_candidate",
      "allocated_gpr": 168,
      "function_max_live_gpr": 166,
      "loops": [
        {
          "kind": "fp32_fallback",
          "begin_pc": "0x1240",
          "end_pc": "0x2a20",
          "static_instructions": 383,
          "max_live_gpr": 162,
          "opcode_counts": {
            "BAR.SYNC.DEFER_BLOCKING": 1,
            "BRA": 4,
            "CALL.REL.NOINC": 1,
            "DEPBAR.LE": 2,
            "FFMA": 64,
            "FSEL": 1,
            "I2F": 64,
            "IADD3": 17,
            "IADD3.X": 9,
            "IMAD": 35,
            "IMAD.SHL.U32": 1,
            "IMAD.U32": 4,
            "IMMA.16864.S4.S4": 32,
            "IMMA.16864.U4.S4": 32,
            "ISETP.NE.AND": 1,
            "LDG.E.U8": 1,
            "LDGDEPBAR": 1,
            "LDGSTS.E.BYPASS.128": 8,
            "LDL": 3,
            "LDS": 3,
            "LDS.64": 8,
            "LDSM.16.M88.4": 16,
            "LEA": 36,
            "LOP3.LUT": 6,
            "MOV": 3,
            "PLOP3.LUT": 3,
            "S2R": 2,
            "SHF.L.U32": 3,
            "SHF.R.U32.HI": 1,
            "STS": 1,
            "UIADD3": 2,
            "UIMAD": 4,
            "UIMAD.WIDE.U32": 2,
            "UISETP.GE.AND": 3,
            "ULDC.64": 1,
            "ULEA": 2,
            "USHF.L.U32": 2,
            "USHF.R.S32.HI": 2,
            "USHF.R.U32.HI": 2
          },
          "peak_pcs": [
            "0x21d0",
            "0x21e0",
            "0x21f0",
            "0x2200",
            "0x2210",
            "0x2220",
            "0x2230",
            "0x2240"
          ]
        },
        {
          "kind": "integer",
          "begin_pc": "0x4d70",
          "end_pc": "0x6190",
          "static_instructions": 323,
          "max_live_gpr": 166,
          "opcode_counts": {
            "BAR.SYNC.DEFER_BLOCKING": 1,
            "BRA": 5,
            "BSSY": 1,
            "BSYNC": 1,
            "CALL.REL.NOINC": 1,
            "DEPBAR.LE": 2,
            "IADD3": 14,
            "IADD3.X": 9,
            "IMAD": 65,
            "IMAD.SHL.U32": 23,
            "IMAD.U32": 3,
            "IMMA.16864.S4.S4": 32,
            "IMMA.16864.U4.S4": 32,
            "LDGDEPBAR": 1,
            "LDGSTS.E.BYPASS.128": 9,
            "LDS": 3,
            "LDS.64": 8,
            "LDSM.16.M88.4": 16,
            "LEA": 6,
            "LEA.HI.X": 1,
            "LOP3.LUT": 4,
            "MOV": 4,
            "PLOP3.LUT": 3,
            "S2R": 2,
            "SHF.L.U32": 44,
            "UIADD3": 6,
            "UIMAD": 6,
            "UISETP.GE.U32.AND": 1,
            "UISETP.GT.U32.AND": 1,
            "UISETP.NE.AND": 1,
            "ULDC.64": 1,
            "ULEA": 2,
            "ULOP3.LUT": 4,
            "UPRMT": 4,
            "USHF.L.U32": 2,
            "USHF.R.S32.HI": 3,
            "USHF.R.U32.HI": 2
          },
          "peak_pcs": [
            "0x56e0",
            "0x56f0",
            "0x5700",
            "0x5710",
            "0x5720",
            "0x5730",
            "0x5740",
            "0x5760"
          ]
        }
      ],
      "cta_threads": 128,
      "register_only_four_cta_limit_per_thread": 128,
      "interpretation": "static_binary_live_range_not_runtime_timing_or_universal_register_lower_bound"
    },
    "adangel_roof_o3_transposed_mma_candidate": {
      "symbol": "adangel_roof_o3_transposed_mma_candidate",
      "allocated_gpr": 168,
      "function_max_live_gpr": 162,
      "loops": [
        {
          "kind": "fp32_fallback",
          "begin_pc": "0x1230",
          "end_pc": "0x2a10",
          "static_instructions": 383,
          "max_live_gpr": 162,
          "opcode_counts": {
            "BAR.SYNC.DEFER_BLOCKING": 1,
            "BRA": 4,
            "CALL.REL.NOINC": 1,
            "DEPBAR.LE": 2,
            "FFMA": 64,
            "FSEL": 1,
            "I2F": 64,
            "IADD3": 17,
            "IADD3.X": 9,
            "IMAD": 18,
            "IMAD.U32": 4,
            "IMMA.16864.S4.S4": 32,
            "IMMA.16864.U4.S4": 32,
            "ISETP.NE.AND": 1,
            "LDG.E.U8": 1,
            "LDGDEPBAR": 1,
            "LDGSTS.E.BYPASS.128": 8,
            "LDL": 3,
            "LDS": 3,
            "LDS.64": 8,
            "LDSM.16.M88.4": 16,
            "LEA": 53,
            "LOP3.LUT": 6,
            "MOV": 3,
            "PLOP3.LUT": 3,
            "S2R": 2,
            "SHF.L.U32": 4,
            "SHF.R.U32.HI": 1,
            "STS": 1,
            "UIADD3": 2,
            "UIMAD": 4,
            "UIMAD.WIDE.U32": 2,
            "UISETP.GE.AND": 3,
            "ULDC.64": 1,
            "ULEA": 2,
            "USHF.L.U32": 2,
            "USHF.R.S32.HI": 2,
            "USHF.R.U32.HI": 2
          },
          "peak_pcs": [
            "0x21c0",
            "0x21d0",
            "0x21e0",
            "0x21f0",
            "0x2200",
            "0x2210",
            "0x2220",
            "0x2230"
          ]
        },
        {
          "kind": "integer",
          "begin_pc": "0x4b60",
          "end_pc": "0x5f70",
          "static_instructions": 322,
          "max_live_gpr": 160,
          "opcode_counts": {
            "BAR.SYNC.DEFER_BLOCKING": 1,
            "BRA": 5,
            "BSSY": 1,
            "BSYNC": 1,
            "CALL.REL.NOINC": 1,
            "DEPBAR.LE": 2,
            "IADD3": 14,
            "IADD3.X": 9,
            "IMAD": 65,
            "IMAD.SHL.U32": 17,
            "IMAD.U32": 2,
            "IMMA.16864.S4.S4": 32,
            "IMMA.16864.S4.U4": 32,
            "LDGDEPBAR": 1,
            "LDGSTS.E.BYPASS.128": 9,
            "LDS": 11,
            "LDSM.16.M88.4": 16,
            "LEA": 6,
            "LEA.HI.X": 1,
            "LOP3.LUT": 4,
            "MOV": 4,
            "PLOP3.LUT": 3,
            "S2R": 2,
            "SHF.L.U32": 50,
            "UIADD3": 6,
            "UIMAD": 6,
            "UISETP.GE.U32.AND": 1,
            "UISETP.GT.U32.AND": 1,
            "UISETP.NE.AND": 1,
            "ULDC.64": 1,
            "ULEA": 2,
            "ULOP3.LUT": 4,
            "UPRMT": 4,
            "USHF.L.U32": 2,
            "USHF.R.S32.HI": 3,
            "USHF.R.U32.HI": 2
          },
          "peak_pcs": [
            "0x5900",
            "0x5910",
            "0x5920"
          ]
        }
      ],
      "cta_threads": 128,
      "register_only_four_cta_limit_per_thread": 128,
      "interpretation": "static_binary_live_range_not_runtime_timing_or_universal_register_lower_bound"
    }
  }
}
FAILED: no candidate GPU execution or adjacent layout scan
