{
  "coordinates": {
    "passed": true,
    "gpu_execution": false,
    "output_elements": 8192,
    "old_and_private_unique_owners": true,
    "ownership_changed": true,
    "copy_byte_checks": 6144,
    "shared_bytes": 34304
  },
  "compile_gate": {
    "same_native_MMA": true,
    "same_LDSM": true,
    "no_hot_local": false,
    "registers_at_most168": true,
    "no_integer_CTA_barrier": true,
    "warp_sync_present": false,
    "static_work_growth_at_most15pct": true,
    "static_work_ratio": 1.1305483028720626,
    "passed": false,
    "runtime_gate": "actual>=3 CTAs and12 warps/SM before full24 timings; validate race/sync"
  },
  "liveness": {
    "adangel_roof_o78_warp_private_candidate": {
      "symbol": "adangel_roof_o78_warp_private_candidate",
      "allocated_gpr": 168,
      "function_max_live_gpr": 164,
      "loops": [
        {
          "kind": "integer",
          "begin_pc": "0xce0",
          "end_pc": "0x27e0",
          "static_instructions": 433,
          "max_live_gpr": 164,
          "opcode_counts": {
            "BRA": 3,
            "CALL.REL.NOINC": 1,
            "DEPBAR.LE": 1,
            "IADD3": 23,
            "IADD3.X": 11,
            "IMAD": 133,
            "IMAD.IADD": 2,
            "IMAD.SHL.U32": 31,
            "IMAD.X": 7,
            "IMMA.16864.S4.S4": 32,
            "IMMA.16864.U4.S4": 32,
            "ISETP.GT.U32.AND": 2,
            "ISETP.NE.AND": 1,
            "LDGDEPBAR": 1,
            "LDGSTS.E.BYPASS.128": 18,
            "LDL": 4,
            "LDL.LU": 2,
            "LDS": 14,
            "LDS.64": 8,
            "LDSM.16.M88.4": 16,
            "LEA": 4,
            "LEA.HI": 4,
            "LEA.HI.X": 2,
            "LOP3.LUT": 25,
            "NOP": 3,
            "S2R": 9,
            "SHF.L.U32": 42,
            "STL": 2
          },
          "peak_pcs": [
            "0x1290",
            "0x12a0"
          ]
        },
        {
          "kind": "fp32_fallback",
          "begin_pc": "0x5310",
          "end_pc": "0x6da0",
          "static_instructions": 426,
          "max_live_gpr": 163,
          "opcode_counts": {
            "BAR.SYNC.DEFER_BLOCKING": 1,
            "BRA": 2,
            "CALL.REL.NOINC": 1,
            "DEPBAR.LE": 1,
            "FFMA": 64,
            "FMUL": 64,
            "I2F": 64,
            "IADD3": 15,
            "IADD3.X": 8,
            "IMAD": 26,
            "IMAD.IADD": 4,
            "IMAD.SHL.U32": 2,
            "IMAD.X": 2,
            "IMMA.16864.S4.S4": 32,
            "IMMA.16864.U4.S4": 32,
            "ISETP.GE.U32.AND": 2,
            "LDGDEPBAR": 1,
            "LDGSTS.E.BYPASS.128": 10,
            "LDL": 3,
            "LDS": 7,
            "LDS.64": 8,
            "LDSM.16.M88.4": 16,
            "LEA": 49,
            "LEA.HI.X": 2,
            "LOP3.LUT": 4,
            "S2R": 1,
            "SHF.L.U32": 5
          },
          "peak_pcs": [
            "0x6450"
          ]
        }
      ],
      "cta_threads": 128,
      "register_only_four_cta_limit_per_thread": 128,
      "interpretation": "static_binary_live_range_not_runtime_timing_or_universal_register_lower_bound"
    },
    "adangel_roof_o78_eight_chain_candidate": {
      "symbol": "adangel_roof_o78_eight_chain_candidate",
      "allocated_gpr": 168,
      "function_max_live_gpr": 166,
      "loops": [
        {
          "kind": "integer",
          "begin_pc": "0xa60",
          "end_pc": "0x2240",
          "static_instructions": 383,
          "max_live_gpr": 166,
          "opcode_counts": {
            "BAR.SYNC.DEFER_BLOCKING": 1,
            "BRA": 2,
            "CALL.REL.NOINC": 1,
            "DEPBAR.LE": 1,
            "IADD3": 20,
            "IADD3.X": 5,
            "IMAD": 128,
            "IMAD.IADD": 1,
            "IMAD.SHL.U32": 24,
            "IMAD.X": 5,
            "IMMA.16864.S4.S4": 32,
            "IMMA.16864.U4.S4": 32,
            "ISETP.GT.U32.AND": 1,
            "LDGDEPBAR": 1,
            "LDGSTS.E.BYPASS.128": 10,
            "LDS": 7,
            "LDS.64": 8,
            "LDSM.16.M88.4": 16,
            "LEA": 2,
            "LEA.HI.X": 2,
            "LOP3.LUT": 6,
            "MOV": 2,
            "PLOP3.LUT": 2,
            "S2R": 5,
            "SHF.L.U32": 48,
            "UIADD3": 1,
            "UIMAD": 2,
            "UISETP.GT.U32.AND": 1,
            "UISETP.NE.AND": 1,
            "ULDC.64": 1,
            "ULOP3.LUT": 6,
            "UMOV": 1,
            "USHF.L.U32": 8
          },
          "peak_pcs": [
            "0x1880",
            "0x1890",
            "0x1950",
            "0x1960",
            "0x1970",
            "0x1980"
          ]
        },
        {
          "kind": "fp32_fallback",
          "begin_pc": "0x4d40",
          "end_pc": "0x68b0",
          "static_instructions": 440,
          "max_live_gpr": 162,
          "opcode_counts": {
            "BAR.SYNC.DEFER_BLOCKING": 1,
            "BRA": 2,
            "CALL.REL.NOINC": 1,
            "DEPBAR.LE": 1,
            "FFMA": 64,
            "FMUL": 64,
            "I2F": 64,
            "IADD3": 19,
            "IADD3.X": 8,
            "IMAD": 23,
            "IMAD.IADD": 5,
            "IMAD.SHL.U32": 5,
            "IMAD.X": 2,
            "IMMA.16864.S4.S4": 32,
            "IMMA.16864.U4.S4": 32,
            "ISETP.GE.U32.AND": 2,
            "LDGDEPBAR": 1,
            "LDGSTS.E.BYPASS.128": 10,
            "LDS": 7,
            "LDS.64": 8,
            "LDSM.16.M88.4": 16,
            "LEA": 45,
            "LEA.HI.X": 2,
            "LOP3.LUT": 12,
            "MOV": 1,
            "NOP": 2,
            "S2R": 2,
            "SHF.L.U32": 9
          },
          "peak_pcs": [
            "0x58a0",
            "0x5f50"
          ]
        }
      ],
      "cta_threads": 128,
      "register_only_four_cta_limit_per_thread": 128,
      "interpretation": "static_binary_live_range_not_runtime_timing_or_universal_register_lower_bound"
    }
  }
}
