{
  "runtime_justified": false,
  "liveness": {
    "adangel_roof_o3_grouped_cta_candidate": {
      "symbol": "adangel_roof_o3_grouped_cta_candidate",
      "allocated_gpr": 168,
      "function_max_live_gpr": 166,
      "loops": [
        {
          "kind": "fp32_fallback",
          "begin_pc": "0x1240",
          "end_pc": "0x2a20",
          "static_instructions": 383,
          "max_live_gpr": 162,
          "opcode_counts": {
            "BAR.SYNC.DEFER_BLOCKING": 1,
            "BRA": 4,
            "CALL.REL.NOINC": 1,
            "DEPBAR.LE": 2,
            "FFMA": 64,
            "FSEL": 1,
            "I2F": 64,
            "IADD3": 17,
            "IADD3.X": 9,
            "IMAD": 35,
            "IMAD.SHL.U32": 1,
            "IMAD.U32": 4,
            "IMMA.16864.S4.S4": 32,
            "IMMA.16864.U4.S4": 32,
            "ISETP.NE.AND": 1,
            "LDG.E.U8": 1,
            "LDGDEPBAR": 1,
            "LDGSTS.E.BYPASS.128": 8,
            "LDL": 3,
            "LDS": 3,
            "LDS.64": 8,
            "LDSM.16.M88.4": 16,
            "LEA": 36,
            "LOP3.LUT": 6,
            "MOV": 3,
            "PLOP3.LUT": 3,
            "S2R": 2,
            "SHF.L.U32": 3,
            "SHF.R.U32.HI": 1,
            "STS": 1,
            "UIADD3": 2,
            "UIMAD": 4,
            "UIMAD.WIDE.U32": 2,
            "UISETP.GE.AND": 3,
            "ULDC.64": 1,
            "ULEA": 2,
            "USHF.L.U32": 2,
            "USHF.R.S32.HI": 2,
            "USHF.R.U32.HI": 2
          },
          "peak_pcs": [
            "0x21d0",
            "0x21e0",
            "0x21f0",
            "0x2200",
            "0x2210",
            "0x2220",
            "0x2230",
            "0x2240"
          ]
        },
        {
          "kind": "integer",
          "begin_pc": "0x4d70",
          "end_pc": "0x6190",
          "static_instructions": 323,
          "max_live_gpr": 166,
          "opcode_counts": {
            "BAR.SYNC.DEFER_BLOCKING": 1,
            "BRA": 5,
            "BSSY": 1,
            "BSYNC": 1,
            "CALL.REL.NOINC": 1,
            "DEPBAR.LE": 2,
            "IADD3": 14,
            "IADD3.X": 9,
            "IMAD": 65,
            "IMAD.SHL.U32": 23,
            "IMAD.U32": 3,
            "IMMA.16864.S4.S4": 32,
            "IMMA.16864.U4.S4": 32,
            "LDGDEPBAR": 1,
            "LDGSTS.E.BYPASS.128": 9,
            "LDS": 3,
            "LDS.64": 8,
            "LDSM.16.M88.4": 16,
            "LEA": 6,
            "LEA.HI.X": 1,
            "LOP3.LUT": 4,
            "MOV": 4,
            "PLOP3.LUT": 3,
            "S2R": 2,
            "SHF.L.U32": 44,
            "UIADD3": 6,
            "UIMAD": 6,
            "UISETP.GE.U32.AND": 1,
            "UISETP.GT.U32.AND": 1,
            "UISETP.NE.AND": 1,
            "ULDC.64": 1,
            "ULEA": 2,
            "ULOP3.LUT": 4,
            "UPRMT": 4,
            "USHF.L.U32": 2,
            "USHF.R.S32.HI": 3,
            "USHF.R.U32.HI": 2
          },
          "peak_pcs": [
            "0x56e0",
            "0x56f0",
            "0x5700",
            "0x5710",
            "0x5720",
            "0x5730",
            "0x5740",
            "0x5760"
          ]
        }
      ],
      "cta_threads": 128,
      "register_only_four_cta_limit_per_thread": 128,
      "interpretation": "static_binary_live_range_not_runtime_timing_or_universal_register_lower_bound"
    },
    "adangel_roof_o3_stage_cycle_candidate": {
      "symbol": "adangel_roof_o3_stage_cycle_candidate",
      "allocated_gpr": 168,
      "loops": [
        {
          "kind": "integer",
          "groups_per_iteration": 3,
          "begin_pc": "0x4e70",
          "end_pc": "0x8c40",
          "static_instructions": 990,
          "normalized_instructions_per_group": 330.0,
          "max_live_gpr": 165,
          "opcode_counts": {
            "BAR.SYNC.DEFER_BLOCKING": 3,
            "BRA": 1,
            "CALL.REL.NOINC": 1,
            "DEPBAR.LE": 3,
            "IADD3": 30,
            "IADD3.X": 27,
            "IMAD": 192,
            "IMAD.MOV.U32": 1,
            "IMAD.SHL.U32": 62,
            "IMAD.U32": 2,
            "IMMA.16864.S4.S4": 96,
            "IMMA.16864.U4.S4": 96,
            "LDGDEPBAR": 3,
            "LDGSTS.E.BYPASS.128": 27,
            "LDL": 2,
            "LDL.LU": 77,
            "LDS": 9,
            "LDS.64": 24,
            "LDSM.16.M88.4": 48,
            "LEA": 3,
            "LEA.HI.X": 3,
            "LOP3.LUT": 7,
            "MOV": 3,
            "NOP": 15,
            "PLOP3.LUT": 1,
            "S2R": 6,
            "SHF.L.U32": 138,
            "SHF.R.U32.HI": 3,
            "STL": 77,
            "UIADD3": 1,
            "UIMAD": 9,
            "UISETP.NE.AND": 1,
            "ULDC.64": 1,
            "UMOV": 2,
            "USHF.L.U32": 6,
            "USHF.R.S32.HI": 9,
            "VOTEU.ALL": 1
          }
        }
      ],
      "interpretation": "static_normalized_mainloop_not_dynamic_work_or_performance"
    }
  }
}
