{
  "kind": "o78",
  "runtime_justified": false,
  "candidate_liveness": {
    "symbol": "adangel_roof_o78_slot_pipeline_candidate",
    "allocated_gpr": 168,
    "function_max_live_gpr": 163,
    "loops": [
      {
        "kind": "integer",
        "begin_pc": "0x2850",
        "end_pc": "0x4920",
        "static_instructions": 526,
        "max_live_gpr": 160,
        "opcode_counts": {
          "ARRIVES.LDGSTSBAR.64": 1,
          "ATOMS.ARRIVE.64": 1,
          "BRA": 5,
          "BSSY": 3,
          "BSYNC": 3,
          "CALL.REL.NOINC": 1,
          "IADD3": 40,
          "IADD3.X": 26,
          "IMAD": 142,
          "IMAD.IADD": 15,
          "IMAD.SHL.U32": 56,
          "IMAD.U32": 1,
          "IMAD.X": 8,
          "IMMA.16864.S4.S4": 32,
          "IMMA.16864.U4.S4": 32,
          "ISETP.GE.U32.AND": 1,
          "ISETP.GT.U32.AND": 1,
          "LDGSTS.E.BYPASS.128": 34,
          "LDL": 30,
          "LDS": 17,
          "LDS.64": 8,
          "LDSM.16.M88.4": 16,
          "LEA": 10,
          "LEA.HI.X": 2,
          "LOP3.LUT": 9,
          "MEMBAR.ALL.CTA": 1,
          "NOP": 4,
          "PLOP3.LUT": 2,
          "R2UR": 1,
          "S2R": 3,
          "SHF.L.U32": 15,
          "SHF.R.U32.HI": 2,
          "WARPSYNC": 1,
          "YIELD": 3
        },
        "peak_pcs": [
          "0x2b40",
          "0x2b50",
          "0x2b60",
          "0x2b70",
          "0x2b80",
          "0x2b90",
          "0x2ba0",
          "0x2bb0",
          "0x2bc0",
          "0x2bd0",
          "0x2be0",
          "0x2bf0",
          "0x2da0",
          "0x2e70",
          "0x2e80",
          "0x2e90",
          "0x2ea0",
          "0x2eb0",
          "0x2ec0",
          "0x2ed0",
          "0x2ee0"
        ]
      },
      {
        "kind": "fp32_fallback",
        "begin_pc": "0x7460",
        "end_pc": "0x8ef0",
        "static_instructions": 426,
        "max_live_gpr": 163,
        "opcode_counts": {
          "BAR.SYNC.DEFER_BLOCKING": 1,
          "BRA": 2,
          "CALL.REL.NOINC": 1,
          "DEPBAR.LE": 1,
          "FFMA": 64,
          "FMUL": 64,
          "I2F": 64,
          "IADD3": 14,
          "IADD3.X": 2,
          "IMAD": 59,
          "IMAD.IADD": 5,
          "IMAD.SHL.U32": 6,
          "IMAD.X": 8,
          "IMMA.16864.S4.S4": 32,
          "IMMA.16864.U4.S4": 32,
          "ISETP.GE.U32.AND": 2,
          "LDGDEPBAR": 1,
          "LDGSTS.E.BYPASS.128": 10,
          "LDL": 3,
          "LDS": 7,
          "LDS.64": 8,
          "LDSM.16.M88.4": 16,
          "LEA": 16,
          "LEA.HI.X": 2,
          "LOP3.LUT": 4,
          "S2R": 1,
          "SHF.L.U32": 1
        },
        "peak_pcs": [
          "0x85a0"
        ]
      }
    ],
    "cta_threads": 128,
    "register_only_four_cta_limit_per_thread": 128,
    "interpretation": "static_binary_live_range_not_runtime_timing_or_universal_register_lower_bound"
  }
}
