{
  "kind": "o3",
  "runtime_justified": false,
  "candidate_liveness": {
    "symbol": "adangel_roof_o3_slot_pipeline_candidate",
    "allocated_gpr": 168,
    "function_max_live_gpr": 162,
    "loops": [
      {
        "kind": "fp32_fallback",
        "begin_pc": "0x11a0",
        "end_pc": "0x2820",
        "static_instructions": 361,
        "max_live_gpr": 161,
        "opcode_counts": {
          "BAR.SYNC.DEFER_BLOCKING": 1,
          "BRA": 4,
          "CALL.REL.NOINC": 1,
          "DEPBAR.LE": 2,
          "FFMA": 64,
          "FSEL": 1,
          "I2F": 64,
          "IADD3": 11,
          "IADD3.X": 1,
          "IMAD": 66,
          "IMAD.IADD": 7,
          "IMAD.SHL.U32": 1,
          "IMAD.WIDE.U32": 2,
          "IMAD.X": 8,
          "IMMA.16864.S4.S4": 32,
          "IMMA.16864.U4.S4": 32,
          "ISETP.GE.AND": 3,
          "ISETP.NE.AND": 1,
          "LDG.E.U8": 1,
          "LDGDEPBAR": 1,
          "LDGSTS.E.BYPASS.128": 8,
          "LDL": 5,
          "LDS": 3,
          "LDS.64": 8,
          "LDSM.16.M88.4": 16,
          "LEA": 10,
          "S2R": 1,
          "SHF.L.U32": 1,
          "SHF.R.S32.HI": 3,
          "SHF.R.U32.HI": 2,
          "STS": 1
        },
        "peak_pcs": [
          "0x1ec0",
          "0x1f20"
        ]
      },
      {
        "kind": "integer",
        "begin_pc": "0x6ca0",
        "end_pc": "0x87d0",
        "static_instructions": 436,
        "max_live_gpr": 162,
        "opcode_counts": {
          "ARRIVES.LDGSTSBAR.64": 1,
          "ATOMS.ARRIVE.64": 1,
          "BRA": 5,
          "BSSY": 3,
          "BSYNC": 3,
          "CALL.REL.NOINC": 1,
          "IADD3": 38,
          "IADD3.X": 32,
          "IMAD": 79,
          "IMAD.IADD": 17,
          "IMAD.MOV": 1,
          "IMAD.SHL.U32": 59,
          "IMAD.U32": 2,
          "IMMA.16864.S4.S4": 32,
          "IMMA.16864.U4.S4": 32,
          "ISETP.GE.U32.AND": 1,
          "LDGSTS.E.BYPASS.128": 33,
          "LDL": 15,
          "LDS": 13,
          "LDS.64": 8,
          "LDSM.16.M88.4": 16,
          "LEA": 4,
          "LEA.HI.X": 1,
          "LEA.HI.X.SX32": 1,
          "LOP3.LUT": 8,
          "MEMBAR.ALL.CTA": 1,
          "NOP": 6,
          "PLOP3.LUT": 2,
          "PRMT": 2,
          "R2UR": 1,
          "S2R": 2,
          "SHF.L.U32": 9,
          "SHF.R.S32.HI": 2,
          "SHF.R.U32.HI": 1,
          "WARPSYNC": 1,
          "YIELD": 3
        },
        "peak_pcs": [
          "0x6f60",
          "0x6f70",
          "0x6f80",
          "0x6f90",
          "0x6fa0",
          "0x6fb0",
          "0x6fc0",
          "0x6fd0",
          "0x6fe0",
          "0x6ff0",
          "0x7000",
          "0x7010",
          "0x7020",
          "0x7030",
          "0x7040",
          "0x7050",
          "0x7060",
          "0x7070",
          "0x70f0",
          "0x7100",
          "0x7110",
          "0x7130",
          "0x7140",
          "0x7150"
        ]
      }
    ],
    "cta_threads": 128,
    "register_only_four_cta_limit_per_thread": 128,
    "interpretation": "static_binary_live_range_not_runtime_timing_or_universal_register_lower_bound"
  }
}
