{
  "cost_gate": {
    "passed": false,
    "checks": {
      "allocation": true,
      "hot_local": true,
      "work": false,
      "integer_service": false,
      "same_native_mma": true,
      "supply": true,
      "no_table_build_in_gemm": true,
      "hot_barrier": true
    },
    "limits": {
      "max_work_ratio": 1.02,
      "max_allocated_gpr": 168,
      "max_hot_local": 1,
      "min_imad_reduction": 0.2,
      "min_runtime_cta": 3,
      "min_opportunity_fraction": 0.95,
      "signed_mma": 32,
      "unsigned_mma": 32,
      "ldsm": 16,
      "copies": 12,
      "hot_barriers": 1
    },
    "old_static": 383,
    "new_static": 564,
    "work_ratio": 1.4725848563968669,
    "old_imad": 158,
    "new_imad": 224,
    "imad_reduction": -0.4177215189873418,
    "scope": "compile_investment_gate_excludes_startup_guard_not_measured_speedup",
    "control_encoding_unchanged": true
  },
  "liveness": {
    "adangel_roof_o78_eight_chain_candidate": {
      "symbol": "adangel_roof_o78_eight_chain_candidate",
      "allocated_gpr": 168,
      "function_max_live_gpr": 166,
      "loops": [
        {
          "kind": "integer",
          "begin_pc": "0xa60",
          "end_pc": "0x2240",
          "static_instructions": 383,
          "max_live_gpr": 166,
          "opcode_counts": {
            "BAR.SYNC.DEFER_BLOCKING": 1,
            "BRA": 2,
            "CALL.REL.NOINC": 1,
            "DEPBAR.LE": 1,
            "IADD3": 20,
            "IADD3.X": 5,
            "IMAD": 128,
            "IMAD.IADD": 1,
            "IMAD.SHL.U32": 24,
            "IMAD.X": 5,
            "IMMA.16864.S4.S4": 32,
            "IMMA.16864.U4.S4": 32,
            "ISETP.GT.U32.AND": 1,
            "LDGDEPBAR": 1,
            "LDGSTS.E.BYPASS.128": 10,
            "LDS": 7,
            "LDS.64": 8,
            "LDSM.16.M88.4": 16,
            "LEA": 2,
            "LEA.HI.X": 2,
            "LOP3.LUT": 6,
            "MOV": 2,
            "PLOP3.LUT": 2,
            "S2R": 5,
            "SHF.L.U32": 48,
            "UIADD3": 1,
            "UIMAD": 2,
            "UISETP.GT.U32.AND": 1,
            "UISETP.NE.AND": 1,
            "ULDC.64": 1,
            "ULOP3.LUT": 6,
            "UMOV": 1,
            "USHF.L.U32": 8
          },
          "peak_pcs": [
            "0x1880",
            "0x1890",
            "0x1950",
            "0x1960",
            "0x1970",
            "0x1980"
          ]
        },
        {
          "kind": "fp32_fallback",
          "begin_pc": "0x4d40",
          "end_pc": "0x68b0",
          "static_instructions": 440,
          "max_live_gpr": 162,
          "opcode_counts": {
            "BAR.SYNC.DEFER_BLOCKING": 1,
            "BRA": 2,
            "CALL.REL.NOINC": 1,
            "DEPBAR.LE": 1,
            "FFMA": 64,
            "FMUL": 64,
            "I2F": 64,
            "IADD3": 19,
            "IADD3.X": 8,
            "IMAD": 23,
            "IMAD.IADD": 5,
            "IMAD.SHL.U32": 5,
            "IMAD.X": 2,
            "IMMA.16864.S4.S4": 32,
            "IMMA.16864.U4.S4": 32,
            "ISETP.GE.U32.AND": 2,
            "LDGDEPBAR": 1,
            "LDGSTS.E.BYPASS.128": 10,
            "LDS": 7,
            "LDS.64": 8,
            "LDSM.16.M88.4": 16,
            "LEA": 45,
            "LEA.HI.X": 2,
            "LOP3.LUT": 12,
            "MOV": 1,
            "NOP": 2,
            "S2R": 2,
            "SHF.L.U32": 9
          },
          "peak_pcs": [
            "0x58a0",
            "0x5f50"
          ]
        }
      ],
      "cta_threads": 128,
      "register_only_four_cta_limit_per_thread": 128,
      "interpretation": "static_binary_live_range_not_runtime_timing_or_universal_register_lower_bound"
    },
    "adangel_roof_o7_cached_coeff_candidate": {
      "symbol": "adangel_roof_o7_cached_coeff_candidate",
      "allocated_gpr": 168,
      "loops": [
        {
          "kind": "integer_fallback",
          "begin_pc": "0x12e0",
          "end_pc": "0x2c50",
          "static_instructions": 408,
          "max_live_gpr": 163,
          "opcode_counts": {
            "BAR.SYNC.DEFER_BLOCKING": 1,
            "BRA": 2,
            "BSSY": 1,
            "BSYNC": 1,
            "CALL.REL.NOINC": 1,
            "DEPBAR.LE": 1,
            "IADD3": 20,
            "IADD3.X": 9,
            "IMAD": 136,
            "IMAD.IADD": 9,
            "IMAD.MOV.U32": 1,
            "IMAD.SHL.U32": 49,
            "IMAD.U32": 1,
            "IMAD.X": 1,
            "IMMA.16864.S4.S4": 32,
            "IMMA.16864.U4.S4": 32,
            "ISETP.GT.U32.AND": 3,
            "ISETP.NE.AND": 1,
            "LDGDEPBAR": 1,
            "LDGSTS.E.BYPASS.128": 10,
            "LDS": 7,
            "LDS.64": 8,
            "LDSM.16.M88.4": 16,
            "LEA": 4,
            "LEA.HI": 2,
            "LEA.HI.X": 2,
            "LOP3.LUT": 22,
            "S2R": 1,
            "SHF.L.U32": 28,
            "SHF.R.U32.HI": 5,
            "WARPSYNC": 1
          }
        },
        {
          "kind": "cached_coeff_integer",
          "begin_pc": "0x5ce0",
          "end_pc": "0x8010",
          "static_instructions": 564,
          "max_live_gpr": 165,
          "opcode_counts": {
            "BAR.SYNC.DEFER_BLOCKING": 1,
            "BRA": 2,
            "BSSY": 1,
            "BSYNC": 1,
            "CALL.REL.NOINC": 1,
            "DEPBAR.LE": 1,
            "FLO.U32": 4,
            "IADD3": 30,
            "IADD3.X": 11,
            "IMAD": 175,
            "IMAD.IADD": 6,
            "IMAD.MOV.U32": 3,
            "IMAD.SHL.U32": 38,
            "IMAD.U32": 1,
            "IMAD.X": 1,
            "IMMA.16864.S4.S4": 32,
            "IMMA.16864.U4.S4": 32,
            "ISETP.GT.U32.AND": 5,
            "ISETP.NE.AND": 1,
            "LDGDEPBAR": 1,
            "LDGSTS.E.BYPASS.128": 12,
            "LDS": 71,
            "LDSM.16.M88.4": 16,
            "LEA": 40,
            "LEA.HI": 2,
            "LEA.HI.X": 4,
            "LOP3.LUT": 24,
            "MOV": 2,
            "S2R": 1,
            "SHF.L.U32": 39,
            "SHF.R.U32.HI": 5,
            "WARPSYNC": 1
          }
        },
        {
          "kind": "fp32_fallback",
          "begin_pc": "0xab70",
          "end_pc": "0xca90",
          "static_instructions": 499,
          "max_live_gpr": 165,
          "opcode_counts": {
            "BAR.SYNC.DEFER_BLOCKING": 1,
            "BRA": 2,
            "CALL.REL.NOINC": 1,
            "DEPBAR.LE": 1,
            "FFMA": 64,
            "FMUL": 64,
            "I2F": 64,
            "IADD3": 24,
            "IADD3.X": 9,
            "IMAD": 34,
            "IMAD.IADD": 1,
            "IMAD.MOV.U32": 6,
            "IMAD.SHL.U32": 3,
            "IMAD.U32": 5,
            "IMAD.X": 1,
            "IMMA.16864.S4.S4": 32,
            "IMMA.16864.U4.S4": 32,
            "ISETP.GT.U32.AND": 2,
            "LDGDEPBAR": 1,
            "LDGSTS.E.BYPASS.128": 10,
            "LDS": 7,
            "LDS.64": 8,
            "LDSM.16.M88.4": 16,
            "LEA": 40,
            "LEA.HI": 3,
            "LEA.HI.X": 2,
            "LOP3.LUT": 21,
            "MOV": 4,
            "NOP": 2,
            "PLOP3.LUT": 2,
            "S2R": 5,
            "SHF.L.U32": 5,
            "SHF.R.U32.HI": 7,
            "UIADD3": 1,
            "UIMAD": 2,
            "UISETP.GE.U32.AND": 2,
            "ULDC.64": 1,
            "ULOP3.LUT": 5,
            "UMOV": 1,
            "USHF.L.U32": 8
          }
        }
      ],
      "function_max_live_gpr": 165,
      "cta_threads": 128,
      "interpretation": "static_binary_cost_not_dynamic_work_or_runtime_safety"
    }
  }
}
FAILED: stop cached-table route, no GPU timing or neighboring table scan
