{
  "scope": "v126_compile_and_resource_gate_not_performance",
  "control": {
    "symbol": "_ZN18mx8_warp_lut_probe34adangel_sm80_row_warp_lut_metadataILN23adangel_sm80_experiment17GroupedSourceKindE1ELi16EEEvPKhS4_PKfS4_S4_PhPfPjjjfPiS8_PmSA_S9_",
    "registers": 31,
    "stack": 0,
    "shared": 256,
    "local": 0,
    "encoded_words": [
      "0x00000a00ff017624",
      "0x000fe400078e00ff",
      "0x0000000000007919",
      "0x000e240000002500",
      "0x0000680000007a0c",
      "0x001fda0003f06070",
      "0x000000000000094d",
      "0x000fea0003800000",
      "0x0000000000037919",
      "0x000e220000002100",
      "0x00000010ff077424",
      "0x000fe200078e00ff",
      "0x0000460000047ab9",
      "0x000fe20000000a00",
      "0x00000003ff097819",
      "0x001fe20000011603",
      "0x0000000403057824",
      "0x040fe200078e00ff",
      "0x0000000703087812",
      "0x000fc600078ec0ff",
      "0x0000690000027a24",
      "0x000fe200078e0209",
      "0x0000007c050a7812",
      "0x000fc600078ec0ff",
      "0x00000008020b7824",
      "0x000fe200078e00ff",
      "0x010000000a0a7a10",
      "0x000fc80007f1e0ff",
      "0xfffffff80b047812",
      "0x000fca00078ee208",
      "0x0000580004047625",
      "0x000fcc00078e0007",
      "0x0000000404047981",
      "0x000ea2000c1e1d00",
      "0x01000100ff0b7624",
      "0x000fca00000e06ff",
      "0x000000040a197981",
      "0x000ee2000c1e9900",
      "0x0000105000007945",
      "0x000fe20003800000",
      "0x0000007c040c7812",
      "0x004fe400078ec0ff",
      "0x00000012ff0f7819",
      "0x000fe40000011604",
      "0x00000002ff0c7819",
      "0x000fe4000001160c",
      "0x0000001aff117819",
      "0x000fe40000011604",
      "0x0000007c05127812",
      "0x000fe200078ec0ff",
      "0x00001f0c19177589",
      "0x00806200000e0000",
      "0x0000001f0f107812",
      "0x000fc400078ec0ff",
      "0x0000001f110a7812",
      "0x000fe400078ec0ff",
      "0x00000002ff127819",
      "0x000fe20000011612",
      "0x00001f1019137589",
      "0x000ea200000e0000",
      "0x00009910040e7816",
      "0x040fe400000000ff",
      "0x0000000aff0d7819",
      "0x000fe20000011604",
      "0x00001f0a190a7589",
      "0x000ee200000e0000",
      "0x0000991005147816",
      "0x000fe200000000ff",
      "0x00000008040c7824",
      "0x001fe200078e00ff",
      "0xffffffff0e00780c",
      "0x000fe20003f64270",
      "0x00001f12190b7589",
      "0x000e2200000e0000",
      "0x0000991006167816",
      "0x000fc400000000ff",
      "0x0000001f0d0e7812",
      "0x000fe200078ec0ff",
      "0x000000ffff0d7224",
      "0x000fe200078e0014",
      "0x000000180c0c7812",
      "0x000fe200078ec0ff",
      "0x000000ffff0f7224",
      "0x000fe200078e0016",
      "0x0000008004ff7812",
      "0x000fe200078cc0ff",
      "0x00001f0e19157589",
      "0x00096200000e0000",
      "0xffffffff0d00780c",
      "0x000fe40003f44270",
      "0xffffffff0f00780c",
      "0x000fe20003f04270",
      "0x00000008050f7824",
      "0x000fe200078e00ff",
      "0x0000000dff0d7819",
      "0x000fc40000011604",
      "0x0000000cff177219",
      "0x002fe40000011617",
      "0x0080000004ff7812",
      "0x040fe4000788c0ff",
      "0x00000015ff0e7819",
      "0x110fe40000011604",
      "0xffffffff0400780c",
      "0x000fe40003fa4270",
      "0x00000005ff0c7819",
      "0x000fe40000011604",
      "0x000000180d047812",
      "0x000fc400078ec0ff",
      "0x000000180e0d7812",
      "0x000fe400078ec0ff",
      "0x000000180f0e7812",
      "0x000fe400078ec0ff",
      "0x00000004ff137219",
      "0x004fe40000011613",
      "0x0000000dff047219",
      "0x008fe4000001160a",
      "0x0000000eff0a7219",
      "0x001fe4000001160b",
      "0x0000000aff0b7819",
      "0x000fc40000011605",
      "0x000000180c0c7812",
      "0x000fe400078ec0ff",
      "0x0000001f0b167812",
      "0x000fe400078ec0ff",
      "0x0000000cff157219",
      "0x020fe40000011615",
      "0x0000001aff0c7819",
      "0x000fe40000011605",
      "0x00001f1619167589",
      "0x000e2200000e0000",
      "0x0000007c060f7812",
      "0x000fe400078ec0ff",
      "0x0000001f0c0b7812",
      "0x000fc400078ec0ff",
      "0x00000002ff0c7819",
      "0x000fe4000001160f",
      "0x00000012ff0e7819",
      "0x100fe40000011606",
      "0x00000012ff187819",
      "0x000fe20000011605",
      "0x00001f0b190b7589",
      "0x000fe200000e0000",
      "0x0000000aff0d7819",
      "0x000fe40000011606",
      "0x0000007c07107812",
      "0x000fe200078ec0ff",
      "0x00001f0c190c7589",
      "0x000e6200000e0000",
      "0x0000001f0e0e7812",
      "0x000fc400078ec0ff",
      "0x00000012ff127819",
      "0x100fe40000011607",
      "0x0000001aff147819",
      "0x100fe40000011607",
      "0x0000001aff1c7819",
      "0x000fe20000011606",
      "0x00001f0e190e7589",
      "0x000ea200000e0000",
      "0x0000000aff1a7819",
      "0x000fe40000011607",
      "0x00000005ff1b7819",
      "0x000fe40000011605",
      "0x0000991007117816",
      "0x000fc400000000ff",
      "0x0000001f18187812",
      "0x000fe400078ec0ff",
      "0x0000001f0d0d7812",
      "0x000fe400078ec0ff",
      "0x00000002ff107819",
      "0x000fe40000011610",
      "0x0000001f12127812",
      "0x000fe200078ec0ff",
      "0x00001f1819187589",
      "0x000fe200000e0000",
      "0x0000001f14147812",
      "0x000fe400078ec0ff",
      "0x0000001f1c1c7812",
      "0x000fe200078ec0ff",
      "0x00001f0d190d7589",
      "0x000ee200000e0000",
      "0x0000001f1a1a7812",
      "0x000fc400078ec0ff",
      "0x000000ff17177812",
      "0x000fe200078ec0ff",
      "0x00001f1c190f7589",
      "0x000fe200000e0000",
      "0x000000ff15157812",
      "0x000fe400078ec0ff",
      "0x000000ff13137812",
      "0x000fe200078ec0ff",
      "0x00001f1019107589",
      "0x000f2200000e0000",
      "0x000000181b1b7812",
      "0x000fe200078ec0ff",
      "0x000000ffff176224",
      "0x000fe200078e0a17",
      "0xffffffff1100780c",
      "0x000fe20003f24270",
      "0x00001f1219127589",
      "0x000fe200000e0000",
      "0x0000001bff167219",
      "0x001fe20000011616",
      "0x000000ffff15b224",
      "0x000fe200078e0a15",
      "0x0000000dff1b7819",
      "0x000fe20000011605",
      "0x00001f1a19117589",
      "0x000e2200000e0000",
      "0x000000ffff134224",
      "0x000fe200078e0a13",
      "0x0000008005ff7812",
      "0x000fc400078cc0ff",
      "0x00001f1419147589",
      "0x000a2200000e0000",
      "0x0080000005ff7812",
      "0x040fe4000786c0ff",
      "0xffffffff0500780c",
      "0x000fe40003f84270",
      "0x000000ff04047812",
      "0x000fe400078ec0ff",
      "0x000000ff0a0a7812",
      "0x000fe400078ec0ff",
      "0x000000ff16167812",
      "0x000fe200078ec0ff",
      "0x000000ffff04d224",
      "0x000fe200078e0a04",
      "0x00000015ff197819",
      "0x020fe20000011605",
      "0x0000000806057824",
      "0x040fe200078e00ff",
      "0x0000008006ff7812",
      "0x000fe200078ac0ff",
      "0x000000ffff0a6224",
      "0x000fe200078e0a0a",
      "0x00000018191a7812",
      "0x000fe200078ec0ff",
      "0x000000ffff16a224",
      "0x000fe200078e0a16",
      "0x0000001805057812",
      "0x000fc400078ec0ff",
      "0x00000005ff197819",
      "0x000fe40000011606",
      "0x00000005ff0c7219",
      "0x002fe4000001160c",
      "0x0000000dff057819",
      "0x000fe40000011606",
      "0x0080000006ff7812",
      "0x040fe400078cc0ff",
      "0x0000001805057812",
      "0x000fe400078ec0ff",
      "0xffffffff0600780c",
      "0x000fc40003f44270",
      "0x00000005ff0e7219",
      "0x004fe4000001160e",
      "0x00000015ff057819",
      "0x000fe20000011606",
      "0x0000001717067224",
      "0x000fe200078e02ff",
      "0x0000001aff0b7219",
      "0x000fe4000001160b",
      "0x00000018191a7812",
      "0x000fe200078ec0ff",
      "0x0000001515067224",
      "0x000fe200078e0206",
      "0x000000181b1b7812",
      "0x000fe200078ec0ff",
      "0x0000000807197824",
      "0x000fe200078e00ff",
      "0x0000001aff0d7219",
      "0x008fc4000001160d",
      "0x00000018051a7812",
      "0x000fe200078ec0ff",
      "0x0000001313057224",
      "0x000fe200078e0206",
      "0x0000001819197812",
      "0x000fe400078ec0ff",
      "0x0000001bff187219",
      "0x000fe20000011618",
      "0x0000000404057224",
      "0x000fe200078e0205",
      "0x00000019ff107219",
      "0x010fe40000011610",
      "0x00000005ff197819",
      "0x000fe20000011607",
      "0x0000000a0a057224",
      "0x000fe200078e0205",
      "0x000000ff18187812",
      "0x000fc400078ec0ff",
      "0x0000001819067812",
      "0x000fe200078ec0ff",
      "0x0000001616057224",
      "0x000fe200078e0205",
      "0x000000ff0b0b7812",
      "0x000fe200078ec0ff",
      "0x000000ffff183224",
      "0x000fe200078e0a18",
      "0x00000006ff117219",
      "0x001fe40000011611",
      "0x000000ff0c0c7812",
      "0x000fe200078ec0ff",
      "0x000000ffff0bc224",
      "0x000fe200078e0a0b",
      "0x000000ff0d0d7812",
      "0x000fe200078ec0ff",
      "0x0000001818067224",
      "0x000fe200078e0205",
      "0x0000001aff0f7219",
      "0x000fe2000001160f",
      "0x000000ffff0c5224",
      "0x000fe200078e0a0c",
      "0x0000008007ff7812",
      "0x000fe2000786c0ff",
      "0x0000000b0b057224",
      "0x000fe200078e0206",
      "0x000000ff0e0e7812",
      "0x000fe200078ec0ff",
      "0x000000ffff0d8224",
      "0x000fe200078e0a0d",
      "0x0000000dff197819",
      "0x000fe20000011607",
      "0x0000000c0c067224",
      "0x000fe200078e0205",
      "0x000000ff0f057812",
      "0x000fe200078ec0ff",
      "0x000000ffff0e6224",
      "0x000fe200078e0a0e",
      "0x0080000007ff7812",
      "0x000fe2000788c0ff",
      "0x0000000d0d0f7224",
      "0x000fe200078e0206",
      "0xffffffff0700780c",
      "0x000fe20003fa4270",
      "0x000000ffff05a224",
      "0x000fe200078e0a05",
      "0x00000015ff077819",
      "0x000fe20000011607",
      "0x000000100e1c7824",
      "0x000fe200078e00ff",
      "0x0000001819197812",
      "0x000fc400078ec0ff",
      "0x000000ff10067812",
      "0x000fe200078ec0ff",
      "0x0000000e0e107224",
      "0x000fe200078e020f",
      "0x00000018070f7812",
      "0x000fe400078ec0ff",
      "0x00000019ff127219",
      "0x000fe20000011612",
      "0x000000ffff063224",
      "0x000fe200078e0a06",
      "0x000000ff11077812",
      "0x000fe200078ec0ff",
      "0x0000000505117224",
      "0x000fe200078e0210",
      "0x0000000fff147219",
      "0x000fe20000011614",
      "0x0000001015197824",
      "0x000fe200078e00ff",
      "0x000000ff120f7812",
      "0x000fe200078ec0ff",
      "0x000000ffff079224",
      "0x000fe200078e0a07",
      "0x000000ff14107812",
      "0x000fe200078ec0ff",
      "0x0000000606127224",
      "0x000fe200078e0211",
      "0x0000000f17147812",
      "0x000fe200078ec0ff",
      "0x000000ffff0f4224",
      "0x000fe200078e0a0f",
      "0x000000f0151a7812",
      "0x000fe200078ec0ff",
      "0x0000000707127224",
      "0x000fe200078e0212",
      "0x000000f019157812",
      "0x000fe200078ee214",
      "0x000000ffff10d224",
      "0x000fe200078e0a10",
      "0x00000004ff177819",
      "0x000fe20000011617",
      "0x0000000f0f117224",
      "0x000fe200078e0212",
      "0x0000000f0c147812",
      "0x000fe200078ec0ff",
      "0x000000100d197824",
      "0x040fe200078e00ff",
      "0x0000000f1a177812",
      "0x000fe200078ef817",
      "0x0000001010117224",
      "0x000fe200078e0211",
      "0x000000f00d1a7812",
      "0x000fc400078ec0ff",
      "0x000000f019147812",
      "0x000fe400078ee214",
      "0x08981f0011127f89",
      "0x000e2200000e0000",
      "0x00000004ff197819",
      "0x000fe2000001160c",
      "0x00000100130c7824",
      "0x040fe200078e00ff",
      "0x000000ff0800720c",
      "0x000fe40003f05270",
      "0x0000000f1a197812",
      "0x000fe200078ef819",
      "0x00000010131a7824",
      "0x000fe200078e00ff",
      "0x00000f00150d7812",
      "0x000fe200078ef80c",
      "0x000001000e137824",
      "0x000fe200078e00ff",
      "0x0000001f0300780c",
      "0x000fe20003f24070",
      "0x0000010004157824",
      "0x040fe200078e00ff",
      "0x00000f00170e7812",
      "0x000fe200078ef81a",
      "0x00001000041a7824",
      "0x000fe200078e00ff",
      "0x00000f0014147812",
      "0x000fe200078ef813",
      "0x000100000a047824",
      "0x000fe200078e00ff",
      "0x00000f0019137812",
      "0x000fe200078ef81c",
      "0x0000100005177824",
      "0x000fe200078e00ff",
      "0x0000f0000d0d7812",
      "0x000fe200078ef81a",
      "0x00000100051a7824",
      "0x000fe200078e00ff",
      "0x0000f0000e0e7812",
      "0x000fe200078ef815",
      "0x0001000006157824",
      "0x000fe200078e00ff",
      "0x000f00000d047812",
      "0x000fe200078ef804",
      "0x00100000160d7824",
      "0x000fe200078e00ff",
      "0x0000f00014147812",
      "0x000fe200078ef817",
      "0x0000000111127824",
      "0x001fe200078e0212",
      "0x0000f00013137812",
      "0x000fe200078ef81a",
      "0x0000100006067824",
      "0x000fe200078e00ff",
      "0x000f000014147812",
      "0x000fe200078ef815",
      "0x0010000007157824",
      "0x040fe200078e00ff",
      "0x08581f0012117f89",
      "0x000e2200000e0000",
      "0x00f0000004047812",
      "0x000fe200078ef80d",
      "0x00010000070d7824",
      "0x000fe200078e00ff",
      "0x000f000013067812",
      "0x000fe200078ef806",
      "0x0100000018077824",
      "0x000fe200078e00ff",
      "0x00f0000014147812",
      "0x000fe200078ef815",
      "0x000010000a057824",
      "0x000fe200078e00ff",
      "0x00f00000060d7812",
      "0x000fe200078ef80d",
      "0x0001000016167824",
      "0x000fe200078e00ff",
      "0x0f00000004067812",
      "0x000fe200078ef807",
      "0x00006800090c7a24",
      "0x000fe200078e0200",
      "0x000f00000e057812",
      "0x000fe200078ef805",
      "0x010000000f077824",
      "0x000fc400078e00ff",
      "0x001000000f0a7824",
      "0x000fe200078e00ff",
      "0x00f0000005057812",
      "0x000fe200078ef816",
      "0x0010000018187824",
      "0x000fe200078e00ff",
      "0x0f00000014147812",
      "0x000fe200078ef807",
      "0x000000080c197824",
      "0x000fe200078e00ff",
      "0x0f0000000d0d7812",
      "0x000fe200078ef80a",
      "0x100000000b077824",
      "0x000fe200078e00ff",
      "0x0f00000005057812",
      "0x000fe200078ef818",
      "0x00006800ff0e7624",
      "0x000fe200078e00ff",
      "0xfffffff819087812",
      "0x000fe200078ee208",
      "0x010000000b0a7824",
      "0x000fe200078e00ff",
      "0x0000000607067212",
      "0x000fe200078efcff",
      "0x000000080e0b7824",
      "0x000fc400078e00ff",
      "0x1000000010077824",
      "0x000fe200078e00ff",
      "0xf0000000050a7812",
      "0x000fe200078ef80a",
      "0x0000000112117824",
      "0x001fe400078e0211",
      "0x0100000010107824",
      "0x000fe200078e00ff",
      "0x0000001407077212",
      "0x000fe200078efcff",
      "0x00000008ff057424",
      "0x000fe200078e00ff",
      "0x08381f0011047f89",
      "0x000e2200000e0000",
      "0x000069000b127a24",
      "0x000fe200078e0208",
      "0xf00000000d0b7812",
      "0x000fe200078ef810",
      "0x00006200080e7625",
      "0x000fc800078e0005",
      "0x0000620012127625",
      "0x000fe200078e0005",
      "0x000000060e007986",
      "0x0003e8000c101b04",
      "0x0000000a12007986",
      "0x0003e2000c101b04",
      "0x0000000111047824",
      "0x001fe200078e0204",
      "0x000000e000000947",
      "0x000fea0003800000",
      "0x00000004ff0d7424",
      "0x000fe200078e00ff",
      "0x00005a00020a7a10",
      "0x002fc60007f1e0ff",
      "0x0000660002067625",
      "0x000fc800078e000d",
      "0x00005b00ff0b7624",
      "0x000fe200000e06ff",
      "0x0000000406007986",
      "0x0001e8000c101904",
      "0x000000040a0a7981",
      "0x000ea2000c1e1100",
      "0x000064000c0c7625",
      "0x000fc600078e000d",
      "0x0000000409007388",
      "0x0001e20000004800",
      "0x008000000a027824",
      "0x044fe200078e00ff",
      "0x000000ff0a00720c",
      "0x000fe40003f05270",
      "0x0000800a09007388",
      "0x0001e40000004800",
      "0x0040000002027808",
      "0x000fca0000000000",
      "0x40800000020f7820",
      "0x000fca0000400000",
      "0x0000000f0c007986",
      "0x0001e4000c101904",
      "0x0000000000007941",
      "0x000fea0003800000",
      "0x0000000000007b1d",
      "0x000fec0000010000",
      "0x000000000000194d",
      "0x000fea0003800000",
      "0x00008000030c7984",
      "0x001e220000004800",
      "0x7fffffff00067882",
      "0x000fe20000000000",
      "0xffffff810c027810",
      "0x001fca0007ffe0ff",
      "0x0a001f0002077f89",
      "0x002e2400000e0000",
      "0x0000000702077217",
      "0x001fca0003800200",
      "0x09001f0007047f89",
      "0x000e2400000e0000",
      "0x0000000407067217",
      "0x001fca0003800200",
      "0x08801f0006097f89",
      "0x000e2400000e0000",
      "0x0000000906097217",
      "0x001fca0003800200",
      "0x08401f0009047f89",
      "0x000e2400000e0000",
      "0x0000000409087217",
      "0x001fe20003800200",
      "0x00006a00ff047624",
      "0x000fe400078e00ff",
      "0x00000006ff097e24",
      "0x000fe4000f8e00ff",
      "0x08201f00080b7f89",
      "0x000e2200000e0000",
      "0x00000017ff0a7819",
      "0x000fe40000011604",
      "0x0000000b080b7217",
      "0x001fcc0003800200",
      "0x00001fff0b0b7589",
      "0x000e2400000e0000",
      "0x7fffffff0b00780c",
      "0x001fc80003f05270",
      "0x000000ff0b077207",
      "0x000fe20000000000",
      "0x00000001ff0b7424",
      "0x000fe200078e00ff",
      "0x000000ff0a0a7812",
      "0x000fc6000780c0ff",
      "0x0000000102027824",
      "0x000fe200078e0a07",
      "0x00006a00ff007a0c",
      "0x000fe20004704670",
      "0x0000000107067824",
      "0x000fc600078e020a",
      "0x0000000209077219",
      "0x000fe400000012ff",
      "0x000000ff0a00780c",
      "0x000fe40000702670",
      "0xffffffff06087810",
      "0x000fe40007ffe0ff",
      "0x000000010700780c",
      "0x000fe40003f46070",
      "0x000000fd0800780c",
      "0x000fe40000704470",
      "0x000000ffff00720c",
      "0x000fc40003f46120",
      "0x000000df0600780c",
      "0x000fe40000724670",
      "0x0000001e0200780c",
      "0x000fe40005704670",
      "0x000000ff0c00780c",
      "0x000fe40003f45270",
      "0x000000000000781c",
      "0x000fe40000f21570",
      "0x00000001ff087807",
      "0x000fe40004000000",
      "0x00000001ff077807",
      "0x000fc40004800000",
      "0x000000020b027219",
      "0x000fe400000006ff",
      "0x0000000207097807",
      "0x000fe20001000000",
      "0x0a001f00080b7f89",
      "0x000e2200000e0000",
      "0x00000001ff077807",
      "0x000fc60001000000",
      "0x0a001f00090a7f89",
      "0x000e6200000e0000",
      "0x0000000708077212",
      "0x000fc800078efcff",
      "0x0000991007077816",
      "0x000fc800000000ff",
      "0x000000ff0700720c",
      "0x000fc80003f25270",
      "0x000000ff02077207",
      "0x000fc80004800000",
      "0x7fffffff070e7807",
      "0x000fe40004000000",
      "0x0000000b080c7217",
      "0x001fc60007800000",
      "0x0a001f000e0d7f89",
      "0x000e2200000e0000",
      "0x0000000a090a7217",
      "0x002fc60007800000",
      "0x09001f000c0b7f89",
      "0x000e6800000e0000",
      "0x09001f000a097f89",
      "0x000ea200000e0000",
      "0x0000000d0e0f7217",
      "0x001fe40007800000",
      "0x0000000b0c0d7217",
      "0x002fc60007800000",
      "0x09001f000f107f89",
      "0x000e2200000e0000",
      "0x000000090a097217",
      "0x004fc60007800000",
      "0x08801f000d087f89",
      "0x000e6800000e0000",
      "0x08801f0009027f89",
      "0x000ea200000e0000",
      "0x000000100f107217",
      "0x001fe40007800000",
      "0x000000080d0a7217",
      "0x002fc60007800000",
      "0x08801f0010117f89",
      "0x000e2200000e0000",
      "0x0000000209027217",
      "0x004fc60007800000",
      "0x08401f000a097f89",
      "0x000e6800000e0000",
      "0x08401f00020b7f89",
      "0x000ea200000e0000",
      "0x0000001110117217",
      "0x001fe20007800000",
      "0x000000ffff107224",
      "0x000fc800078e00ff",
      "0x08401f00110c7f89",
      "0x000e2200000e0000",
      "0x000000090a097217",
      "0x002fe40007800000",
      "0x0000000b020b7217",
      "0x004fca0007800000",
      "0x08201f000b087f89",
      "0x000e6200000e0000",
      "0x0000000c110e7217",
      "0x001fc60007800000",
      "0x08201f00090c7f89",
      "0x000e2800000e0000",
      "0x08201f000e0d7f89",
      "0x000ea200000e0000",
      "0x000000080b087217",
      "0x002fca0007800000",
      "0x00001fff08027589",
      "0x000e6200000e0000",
      "0x0000000c090c7217",
      "0x001fe40007800000",
      "0x0000000d0e0b7217",
      "0x004fc60007800000",
      "0x00001fff0c0a7589",
      "0x0000a200000e0000",
      "0x000000ffff0d7224",
      "0x000fc600078e00ff",
      "0x00001fff0b0b7589",
      "0x000ee200000e0000",
      "0x000000020200780c",
      "0x002fda0003f45270",
      "0x000000f00000a947",
      "0x000fea0003800000",
      "0x00000000030d7984",
      "0x001e220000004800",
      "0x0000000707087225",
      "0x000fcc00078e00ff",
      "0x0000000d090e7225",
      "0x001fc800078e00ff",
      "0x0000000d080c7225",
      "0x000fc800078e00ff",
      "0x00000008ff0e7225",
      "0x000fc8000780000e",
      "0x000000ffff117224",
      "0x000fe200000e06ff",
      "0x0000000e0d0d7210",
      "0x000fe20007f3e0ff",
      "0x000000ffff107224",
      "0x000fe200078e000f",
      "0x000000020c00780c",
      "0x000fc60003f04070",
      "0x00000009ff087225",
      "0x000fe200008e0410",
      "0x3fffffff0d00780c",
      "0x000fc80003f04100",
      "0x000000ff0800720c",
      "0x000fc80003f25070",
      "0x000000ff0900720c",
      "0x000fc80000705710",
      "0x000000020c107807",
      "0x000fe40004000000",
      "0x3fffffff0d0d7807",
      "0x000fc60004000000",
      "0x0a001f0010097f89",
      "0x001e2200000e0000",
      "0x000000ff0200720c",
      "0x000fc60003f25270",
      "0x0a001f000d087f89",
      "0x000e6200000e0000",
      "0x000000ff07077207",
      "0x000fe40004800000",
      "0x0000001009097210",
      "0x001fca0007f1e0ff",
      "0x0000000108087824",
      "0x002fe200000e060d",
      "0x000000020900780c",
      "0x000fc80003f01070",
      "0x3fffffff0800780c",
      "0x000fc80003f01100",
      "0x00000002090e7807",
      "0x000fe40000000000",
      "0x3fffffff080f7807",
      "0x000fc60000000000",
      "0x09001f000e097f89",
      "0x000e2800000e0000",
      "0x09001f000f087f89",
      "0x000e6200000e0000",
      "0x0000000e09097210",
      "0x001fca0007f1e0ff",
      "0x0000000108087824",
      "0x002fe200000e060f",
      "0x000000020900780c",
      "0x000fc80003f01070",
      "0x3fffffff0800780c",
      "0x000fc80003f01100",
      "0x00000002090c7807",
      "0x000fe40000000000",
      "0x3fffffff080d7807",
      "0x000fc60000000000",
      "0x08801f000c097f89",
      "0x000e2800000e0000",
      "0x08801f000d087f89",
      "0x000e6200000e0000",
      "0x0000000c09097210",
      "0x001fca0007f1e0ff",
      "0x0000000108087824",
      "0x002fe200000e060d",
      "0x000000020900780c",
      "0x000fe20003f01070",
      "0x00000004ff0d7424",
      "0x000fc600078e00ff",
      "0x3fffffff0800780c",
      "0x000fc80003f01100",
      "0x0000000209107807",
      "0x000fe40000000000",
      "0x3fffffff08137807",
      "0x000fc60000000000",
      "0x08401f0010097f89",
      "0x000e2800000e0000",
      "0x08401f0013087f89",
      "0x000e6200000e0000",
      "0x0000001009097210",
      "0x001fca0007f1e0ff",
      "0x0000000108087824",
      "0x002fe200000e0613",
      "0x000000020900780c",
      "0x000fc80003f01070",
      "0x3fffffff0800780c",
      "0x000fc80003f01100",
      "0x00000002090f7807",
      "0x000fe40000000000",
      "0x3fffffff08117807",
      "0x000fe20000000000",
      "0x0000680003087a24",
      "0x040fe200078e0200",
      "0x000000ff0300720c",
      "0x000fe20003f05270",
      "0x08201f000f0e7f89",
      "0x000e2400000e0000",
      "0x00006c0008087625",
      "0x000fe400078e000d",
      "0x08201f00110c7f89",
      "0x000e6800000e0000",
      "0x0000000708007986",
      "0x0009e2000c101904",
      "0x0000000f0e0e7210",
      "0x001fca0007f7e0ff",
      "0x000000010c107824",
      "0x002fe200018e0611",
      "0x000000000000094d",
      "0x000fee0003800000",
      "0x000000020e00780c",
      "0x010fe20003f06070",
      "0x0080000006037824",
      "0x000fe200078e00ff",
      "0x000000ff0b0f7207",
      "0x008fe20001000000",
      "0x00006e0000067625",
      "0x080fe200078e000d",
      "0x3fffffff1000780c",
      "0x000fe40003f06100",
      "0x807fffff03037812",
      "0x000fe200078ef804",
      "0x0000740000087625",
      "0x080fe200078e000d",
      "0x000000ff0a00720c",
      "0x004fe40004702270",
      "0x3f80000003037808",
      "0x000fe20004800000",
      "0x00007200000a7625",
      "0x000fe200078e000d",
      "0x3fffffff10047807",
      "0x000fc40000000000",
      "0x000000020e0c7807",
      "0x000fe20000000000",
      "0x0000000306007986",
      "0x000fe2000c101904",
      "0x000000ff040d7207",
      "0x000fe20001000000",
      "0x0000700000047625",
      "0x000fe200078e0005",
      "0x000000ff0c0c7207",
      "0x000fe20001000000",
      "0x0000000208007986",
      "0x000fe8000c101904",
      "0x0000000f0a007986",
      "0x000fe8000c101904",
      "0x0000000c04007986",
      "0x000fe2000c101b04",
      "0x000000000000794d",
      "0x000fea0003800000",
      "0xfffffff000007947",
      "0x000fc0000383ffff",
      "0x0000000000007918",
      "0x000fc00000000000",
      "0x0000000000007918",
      "0x000fc00000000000",
      "0x0000000000007918",
      "0x000fc00000000000",
      "0x0000000000007918",
      "0x000fc00000000000",
      "0x0000000000007918",
      "0x000fc00000000000",
      "0x0000000000007918",
      "0x000fc00000000000",
      "0x0000000000007918",
      "0x000fc00000000000",
      "0x0000000000007918",
      "0x000fc00000000000",
      "0x0000000000007918",
      "0x000fc00000000000",
      "0x0000000000007918",
      "0x000fc00000000000",
      "0x0000000000007918",
      "0x000fc00000000000",
      "0x0000000000007918",
      "0x000fc00000000000"
    ],
    "opcode_counts": {
      "IMAD.MOV.U32": 13,
      "S2R": 2,
      "ISETP.GE.U32.AND": 3,
      "EXIT": 4,
      "ULDC.64": 1,
      "SHF.R.U32.HI": 48,
      "IMAD.SHL.U32": 32,
      "LOP3.LUT": 95,
      "IMAD": 20,
      "IADD3": 10,
      "IMAD.WIDE.U32": 14,
      "LDG.E.128": 1,
      "IMAD.X": 8,
      "LDG.E.CONSTANT": 1,
      "BSSY": 1,
      "SHFL.IDX": 20,
      "PRMT": 5,
      "ISETP.GT.AND": 8,
      "IMAD.MOV": 16,
      "SHFL.DOWN": 33,
      "ISETP.NE.AND": 8,
      "ISETP.GT.U32.AND": 2,
      "IMAD.U32": 5,
      "IMAD.IADD": 5,
      "STG.E.64": 3,
      "BRA": 3,
      "STG.E": 6,
      "LDG.E.U8": 1,
      "STS": 2,
      "FSEL": 2,
      "FMUL": 1,
      "BSYNC": 1,
      "BAR.SYNC.DEFER_BLOCKING": 1,
      "LDS": 2,
      "UMOV": 1,
      "IMNMX": 5,
      "SEL": 23,
      "ISETP.GT.OR": 3,
      "SHF.R.U64": 1,
      "ISETP.EQ.OR": 1,
      "ISETP.GT.U32.OR": 1,
      "ISETP.GE.U32.AND.EX": 2,
      "PLOP3.LUT": 1,
      "SHF.L.U32": 1,
      "IMNMX.U32": 15,
      "IMAD.WIDE.U32.X": 1,
      "ISETP.GT.U32.AND.EX": 1,
      "ISETP.NE.U32.AND": 1,
      "ISETP.NE.OR.EX": 1,
      "ISETP.LT.U32.AND": 4,
      "ISETP.LT.U32.AND.EX": 4,
      "ISETP.EQ.AND": 1,
      "NOP": 12
    },
    "instructions": 456
  },
  "candidate": {
    "symbol": "_ZN18mx8_row_swar_probe30adangel_sm80_mx8_swar_metadataILN23adangel_sm80_experiment17GroupedSourceKindE1ELi16EEEvPKhS4_PKfS4_S4_PhPfPjjjfPiS8_PmSA_S9_",
    "registers": 31,
    "stack": 0,
    "shared": 256,
    "local": 0,
    "encoded_words": [
      "0x00000a00ff017624",
      "0x000fe400078e00ff",
      "0x0000000000007919",
      "0x000e240000002500",
      "0x0000680000007a0c",
      "0x001fda0003f06070",
      "0x000000000000094d",
      "0x000fea0003800000",
      "0x0000000000037919",
      "0x000e220000002100",
      "0x00000010ff057424",
      "0x000fe200078e00ff",
      "0x0000460000047ab9",
      "0x000fe20000000a00",
      "0x00000003ff097819",
      "0x001fe40000011603",
      "0x0000000703087812",
      "0x000fc600078ec0ff",
      "0x0000690000027a24",
      "0x000fc800078e0209",
      "0x0000000802077824",
      "0x000fca00078e00ff",
      "0xfffffff807047812",
      "0x000fca00078ee208",
      "0x0000580004047625",
      "0x000fcc00078e0005",
      "0x0000000404047981",
      "0x000ea2000c1e1d00",
      "0x000000ff0800720c",
      "0x000fe20003f05270",
      "0x000010e000007945",
      "0x000fe20003800000",
      "0x0000001f0300780c",
      "0x000fe40003f24070",
      "0x00000003ff0b7819",
      "0x104fe20000011604",
      "0x00000002040f7824",
      "0x040fe200078e00ff",
      "0x07070707040a7812",
      "0x000fe200078ec0ff",
      "0x0000000205167824",
      "0x000fe200078e00ff",
      "0x010101010b0c7812",
      "0x000fe400078ec0ff",
      "0x00000002ff0d7819",
      "0x000fc40000011604",
      "0x00000001ff0e7819",
      "0x000fe40000011604",
      "0x080808080a0b7812",
      "0x000fe200078efcff",
      "0x000000ff0c0a7824",
      "0x000fe200078e02ff",
      "0x0e0e0e0e0f0f7812",
      "0x000fe400078ec0ff",
      "0x010101010d0c7812",
      "0x000fe400078ec0ff",
      "0x010101010e107812",
      "0x000fe400078ec0ff",
      "0x101010100a0f7812",
      "0x000fc400078ee00f",
      "0x070707070b0d7810",
      "0x040fe20007ffe0ff",
      "0x000000010b107824",
      "0x040fe200078e0210",
      "0x010101010b0e7810",
      "0x000fe40007ffe00c",
      "0x0000000b0f0c7212",
      "0x000fe400078ef40a",
      "0x040404040b0b7810",
      "0x000fe40007ffe0ff",
      "0x00000004ff0d7819",
      "0x000fe4000001160d",
      "0x00000002ff0f7819",
      "0x000fc4000001160e",
      "0x00000001ff117819",
      "0x000fe40000011610",
      "0x00000003ff157819",
      "0x000fe4000001160b",
      "0x010101010a107812",
      "0x040fe400078e080d",
      "0x070707070a147812",
      "0x000fe400078e080f",
      "0x00000003ff0d7819",
      "0x000fe40000011605",
      "0x07070707050f7812",
      "0x000fc400078ec0ff",
      "0x00000001ff137819",
      "0x000fe40000011605",
      "0x0f0f0f0f0a0b7812",
      "0x040fe400078e8011",
      "0x030303030a157812",
      "0x000fe400078e8015",
      "0x00000002ff127819",
      "0x000fe40000011605",
      "0x00000004ff0a7819",
      "0x000fe40000011604",
      "0x010101010d0d7812",
      "0x000fc400078ec0ff",
      "0x080808080f0f7812",
      "0x000fe400078efcff",
      "0x0101010113187812",
      "0x000fe400078ec0ff",
      "0x0101010112127812",
      "0x000fe400078ec0ff",
      "0x010101010a117812",
      "0x000fe200078ec0ff",
      "0x000000ff0d0a7824",
      "0x000fe200078e02ff",
      "0x00000004ff0e7819",
      "0x000fe20000011605",
      "0x000000010f187824",
      "0x000fe200078e0218",
      "0x0e0e0e0e160d7812",
      "0x000fe200078ec0ff",
      "0x000000ff11117824",
      "0x000fe200078e02ff",
      "0x010101010f167810",
      "0x000fc40007ffe012",
      "0x010101010e0e7812",
      "0x000fe400078ec0ff",
      "0x00000002ff177819",
      "0x000fe40000011616",
      "0x00000001ff197819",
      "0x000fe20000011618",
      "0x000000ff0e0e7824",
      "0x000fe200078e02ff",
      "0x070707070a177812",
      "0x040fe400078e0817",
      "0x0f0f0f0f0a197812",
      "0x000fe400078e8019",
      "0x0000001411147212",
      "0x000fc400078ee00b",
      "0x101010100a0d7812",
      "0x000fe400078ee00d",
      "0x00000003ff0b7819",
      "0x000fe40000011606",
      "0x070707070f127810",
      "0x000fe40007ffe0ff",
      "0x0000001011157212",
      "0x000fe400078e0e15",
      "0x000000170e107212",
      "0x000fe200078ee019",
      "0x0000000206177824",
      "0x000fe200078e00ff",
      "0x0000000f0d0d7212",
      "0x000fc400078ef40a",
      "0x040404040f137810",
      "0x000fe40007ffe0ff",
      "0x010101010b0b7812",
      "0x000fe400078ec0ff",
      "0x00000004ff0f7819",
      "0x000fe40000011612",
      "0x0707070706167812",
      "0x000fe200078ec0ff",
      "0x000000ff0b0b7824",
      "0x000fe200078e02ff",
      "0x00000001ff187819",
      "0x100fe40000011606",
      "0x00000002ff127819",
      "0x000fc40000011606",
      "0x00000003ff137819",
      "0x000fe40000011613",
      "0x0e0e0e0e171a7812",
      "0x000fe400078ec0ff",
      "0x0808080816167812",
      "0x000fe400078efcff",
      "0x01010101181b7812",
      "0x000fe400078ec0ff",
      "0x0101010112177812",
      "0x000fe400078ec0ff",
      "0x010101010a0f7812",
      "0x000fe200078e080f",
      "0x00000001161b7824",
      "0x000fe200078e021b",
      "0x030303030a0a7812",
      "0x000fc400078e8013",
      "0x00000004ff137819",
      "0x000fe40000011606",
      "0x101010100b127812",
      "0x000fe400078ee01a",
      "0x0101010116197810",
      "0x040fe40007ffe017",
      "0x0707070716177810",
      "0x040fe40007ffe0ff",
      "0x0404040416187810",
      "0x000fe40007ffe0ff",
      "0x0101010113137812",
      "0x000fc400078ec0ff",
      "0x0000001612127212",
      "0x000fe400078ef40b",
      "0x00000002ff1a7819",
      "0x000fe20000011619",
      "0x000000ff13137824",
      "0x000fe200078e02ff",
      "0x00000001ff1c7819",
      "0x000fe4000001161b",
      "0x00000004ff167819",
      "0x000fe20000011617",
      "0x000000040d177824",
      "0x000fe200078e00ff",
      "0x00000003ff187819",
      "0x000fe40000011618",
      "0x070707070b1a7812",
      "0x000fc400078e081a",
      "0x0f0f0f0f0b1c7812",
      "0x040fe400078e801c",
      "0x010101010b167812",
      "0x040fe400078e0816",
      "0x030303030b0b7812",
      "0x000fe200078e8018",
      "0x0000000412187824",
      "0x000fe200078e00ff",
      "0x0000000f0e0f7212",
      "0x000fe400078e0e0a",
      "0x00000016130b7212",
      "0x040fe200078e0e0b",
      "0x000000040c167824",
      "0x000fe200078e00ff",
      "0x0000001a130a7212",
      "0x000fc400078ee01c",
      "0x0000000e0d0e7212",
      "0x000fe400078eb817",
      "0x000000110c0c7212",
      "0x000fe400078eb816",
      "0x0000001312117212",
      "0x000fe400078eb818",
      "0x0707070707127812",
      "0x000fe400078ec0ff",
      "0x00000001ff187819",
      "0x100fe40000011607",
      "0x00000002ff167819",
      "0x000fc40000011607",
      "0x00000003ff137819",
      "0x100fe40000011607",
      "0x0808080812127812",
      "0x000fe400078efcff",
      "0x0101010118197812",
      "0x000fe400078ec0ff",
      "0x0101010116177812",
      "0x000fe200078ec0ff",
      "0x0000000207167824",
      "0x000fe200078e00ff",
      "0x00000004ff0d7819",
      "0x000fe20000011607",
      "0x0000000112197824",
      "0x000fe200078e0219",
      "0x0101010113137812",
      "0x000fc400078ec0ff",
      "0x0101010112177810",
      "0x000fe40007ffe017",
      "0x010101010d0d7812",
      "0x000fe200078ec0ff",
      "0x000000ff13137824",
      "0x000fe200078e02ff",
      "0x00000002ff187819",
      "0x000fe40000011617",
      "0x00000001ff1a7819",
      "0x000fe20000011619",
      "0x000000ff0d177824",
      "0x000fe200078e02ff",
      "0x0e0e0e0e16167812",
      "0x000fe400078ec0ff",
      "0x0707070713187812",
      "0x000fc400078e0818",
      "0x0f0f0f0f130d7812",
      "0x040fe400078e801a",
      "0x1010101013167812",
      "0x000fe400078ee016",
      "0x00000018170d7212",
      "0x000fe400078ee00d",
      "0x00000005ff187819",
      "0x000fe40000011604",
      "0x0707070712197810",
      "0x040fe40007ffe0ff",
      "0x04040404121a7810",
      "0x000fc40007ffe0ff",
      "0x0000001216167212",
      "0x000fe400078ef413",
      "0x0101010118187812",
      "0x000fe400078ec0ff",
      "0x00000004ff127819",
      "0x000fe40000011619",
      "0x00000003ff1a7819",
      "0x000fe4000001161a",
      "0x0101010113127812",
      "0x040fe400078e0812",
      "0x03030303131a7812",
      "0x000fe200078e801a",
      "0x000000ff18137824",
      "0x000fe200078e02ff",
      "0x00000005ff197819",
      "0x000fc40000011606",
      "0x0000001217127212",
      "0x000fe200078e0e1a",
      "0x00000004161a7824",
      "0x000fe200078e00ff",
      "0x0000001413157212",
      "0x000fe400078e0e15",
      "0x00000005ff147819",
      "0x000fe40000011605",
      "0x0101010119197812",
      "0x000fe400078ec0ff",
      "0x0101010114187812",
      "0x000fe400078ec0ff",
      "0x0000001716147212",
      "0x000fe200078eb81a",
      "0x000000ff19167824",
      "0x000fe200078e02ff",
      "0x00000005ff1a7819",
      "0x000fe20000011607",
      "0x000000ff18177824",
      "0x000fe200078e02ff",
      "0x00000007ff197819",
      "0x000fc40000011604",
      "0x010101011a1a7812",
      "0x000fe400078ec0ff",
      "0x00000010170f7212",
      "0x000fe400078e0e0f",
      "0x0000000a16107212",
      "0x000fe200078e0e0b",
      "0x000000ff1a0b7824",
      "0x000fe200078e02ff",
      "0x00000006ff0a7819",
      "0x000fe40000011604",
      "0x0000000c150c7212",
      "0x000fe400078ef813",
      "0x010101010a187812",
      "0x000fc400078ec0ff",
      "0x01010101190a7812",
      "0x000fe400078ec0ff",
      "0x0000000d0b197212",
      "0x000fe200078e0e12",
      "0x000000ff180d7824",
      "0x000fe200078e02ff",
      "0x0000000e0f0e7212",
      "0x000fe200078ef817",
      "0x0000007f0a127824",
      "0x000fe200078e02ff",
      "0x0000001419147212",
      "0x000fe400078ef80b",
      "0x00000006ff0b7819",
      "0x000fe40000011605",
      "0x0000000c120d7212",
      "0x000fc400078e780d",
      "0x00000007ff0c7819",
      "0x000fe40000011605",
      "0x0000001110107212",
      "0x000fe200078ef816",
      "0x000000010a0d7824",
      "0x000fe200078e020d",
      "0x00000006ff0f7819",
      "0x100fe40000011606",
      "0x00000007ff117819",
      "0x000fe40000011606",
      "0x010101010b0b7812",
      "0x000fe400078ec0ff",
      "0x010101010c0c7812",
      "0x000fc400078ec0ff",
      "0x010101010f137812",
      "0x000fe400078ec0ff",
      "0x00000006ff157819",
      "0x100fe20000011607",
      "0x0000007f0c127824",
      "0x000fe200078e02ff",
      "0x00000007ff177819",
      "0x000fe20000011607",
      "0x000000ff13137824",
      "0x000fe200078e02ff",
      "0x01010101110f7812",
      "0x000fe200078ec0ff",
      "0x000000ff0b117824",
      "0x000fe200078e02ff",
      "0x0101010115167812",
      "0x000fe400078ec0ff",
      "0x01010101170b7812",
      "0x000fe200078ec0ff",
      "0x0000007f0f157824",
      "0x000fe200078e02ff",
      "0x0000000e12117212",
      "0x000fe200078e7811",
      "0x000000ff16177824",
      "0x000fe200078e02ff",
      "0x808080800d0a7812",
      "0x000fe200078e7804",
      "0x0000007f0b0e7824",
      "0x000fe200078e02ff",
      "0x0000001015107212",
      "0x000fe200078e7813",
      "0x000000010c0c7824",
      "0x000fe200078e0211",
      "0x0f0f0f0f0d0d7812",
      "0x000fe200078ec0ff",
      "0x0000000a0a047226",
      "0x000fe200000006ff",
      "0x000000140e0e7212",
      "0x000fe200078e7817",
      "0x000000010f0f7824",
      "0x000fe200078e0210",
      "0x808080800c057812",
      "0x000fe200078e7805",
      "0x00006800ff157624",
      "0x000fe200078e00ff",
      "0x0000000d0d0d7211",
      "0x000fe200078fe0ff",
      "0x000000010b0e7824",
      "0x000fe200078e020e",
      "0x808080800f067812",
      "0x000fe200078e7806",
      "0x00000005050b7226",
      "0x000fe20000000604",
      "0x00ff00000d107812",
      "0x000fe200078ec0ff",
      "0x0000000815157824",
      "0x000fe200078e00ff",
      "0x808080800e077812",
      "0x000fe200078e7807",
      "0x0000000606047226",
      "0x000fe2000000060b",
      "0x000000ff0d0d7812",
      "0x000fc400078ec0ff",
      "0x0f0f0f0f0f0f7812",
      "0x000fe200078ec0ff",
      "0x0000000707127226",
      "0x000fe20000000604",
      "0x00000004ff0a7819",
      "0x000fe2000001160a",
      "0x0000680009047a24",
      "0x000fe200078e0200",
      "0x0000000f0f0f7211",
      "0x000fe400078fe0ff",
      "0x08981f00120b7f89",
      "0x000e2200000e0000",
      "0x0000000804117824",
      "0x000fe200078e00ff",
      "0x0f0f0f0f0a0a7812",
      "0x000fe400078ec0ff",
      "0x00000004ff067819",
      "0x000fc40000011606",
      "0xfffffff811087812",
      "0x000fe400078ee208",
      "0x0f0f0f0f0c117812",
      "0x000fe400078ec0ff",
      "0x0000000d100c7211",
      "0x000fe400078fc0ff",
      "0x0f0f0f0f0e0d7812",
      "0x000fe400078ec0ff",
      "0x0000001111117211",
      "0x000fe400078fe0ff",
      "0x0000000d0d137211",
      "0x000fc400078fe0ff",
      "0x00ff0000110d7812",
      "0x040fe400078ec0ff",
      "0x000000ff11107812",
      "0x000fe400078ec0ff",
      "0x00ff00000f117812",
      "0x040fe200078ec0ff",
      "0x00000001120b7824",
      "0x001fe200078e020b",
      "0x000000ff0f127812",
      "0x000fe400078ec0ff",
      "0x000000100d0d7211",
      "0x000fe400078fc0ff",
      "0x0000000a0a107211",
      "0x000fe200078fe0ff",
      "0x08581f000b0e7f89",
      "0x000e2200000e0000",
      "0x00000012110f7211",
      "0x000fc400078fc0ff",
      "0x00000004ff117819",
      "0x000fe40000011605",
      "0x00ff000010057812",
      "0x040fe400078ec0ff",
      "0x000000ff10107812",
      "0x000fe400078ec0ff",
      "0x00000004ff077819",
      "0x000fe40000011607",
      "0x00ff000013147812",
      "0x040fe400078ec0ff",
      "0x000000ff13137812",
      "0x000fc400078ec0ff",
      "0x0000001005107211",
      "0x000fe400078fc0ff",
      "0x0f0f0f0f11117812",
      "0x000fe400078ec0ff",
      "0x0f0f0f0f06067812",
      "0x000fe400078ec0ff",
      "0x0f0f0f0f07057812",
      "0x000fe400078ec0ff",
      "0x00000013140a7211",
      "0x000fe200078fc0ff",
      "0x000000010b0e7824",
      "0x001fe200078e020e",
      "0x0000001111117211",
      "0x000fc400078fe0ff",
      "0x0000000606077211",
      "0x000fe400078fe0ff",
      "0x0000000505137211",
      "0x000fe200078fe0ff",
      "0x08381f000e0b7f89",
      "0x000e2200000e0000",
      "0x00ff000011057812",
      "0x040fe400078ec0ff",
      "0x000000ff11067812",
      "0x000fe400078ec0ff",
      "0x00ff000007127812",
      "0x000fe400078ec0ff",
      "0x00ff000013147812",
      "0x000fc400078ec0ff",
      "0x000000ff07077812",
      "0x000fe400078ec0ff",
      "0x000000ff13137812",
      "0x000fe400078ec0ff",
      "0x0000000605117211",
      "0x000fe200078fc0ff",
      "0x00000008ff057424",
      "0x000fe200078e00ff",
      "0x0000000712127211",
      "0x000fe200078fc0ff",
      "0x000100000a077824",
      "0x000fe200078e020f",
      "0x0000001314137211",
      "0x000fe200078fc0ff",
      "0x00006900150a7a24",
      "0x000fe400078e0208",
      "0x000100000d067824",
      "0x000fc400078e020c",
      "0x0001000011107824",
      "0x000fe400078e0210",
      "0x0001000013117824",
      "0x000fe400078e0212",
      "0x00006200080c7625",
      "0x000fc800078e0005",
      "0x000062000a127625",
      "0x000fe200078e0005",
      "0x000000060c007986",
      "0x0003e6000c101b04",
      "0x000000010e0e7824",
      "0x001fe200078e020b",
      "0x0000001012007986",
      "0x0003e2000c101b04",
      "0x000000e000000947",
      "0x000fea0003800000",
      "0x00000004ff0b7424",
      "0x000fe200078e00ff",
      "0x00005a00020c7a10",
      "0x002fc60007f1e0ff",
      "0x0000660002067625",
      "0x000fc800078e000b",
      "0x00005b00ff0d7624",
      "0x000fe200000e06ff",
      "0x0000000e06007986",
      "0x0001e8000c101904",
      "0x000000040c0c7981",
      "0x000ea2000c1e1100",
      "0x00006400040a7625",
      "0x000fc600078e000b",
      "0x0000000e09007388",
      "0x0001e20000004800",
      "0x008000000c027824",
      "0x044fe200078e00ff",
      "0x000000ff0c00720c",
      "0x000fe40003f05270",
      "0x0000800c09007388",
      "0x0001e40000004800",
      "0x0040000002027808",
      "0x000fca0000000000",
      "0x40800000020f7820",
      "0x000fca0000400000",
      "0x0000000f0a007986",
      "0x0001e4000c101904",
      "0x0000000000007941",
      "0x000fea0003800000",
      "0x0000000000007b1d",
      "0x000fec0000010000",
      "0x000000000000194d",
      "0x000fea0003800000",
      "0x00008000030c7984",
      "0x003e220000004800",
      "0x7fffffff00067882",
      "0x000fe20000000000",
      "0xffffff810c027810",
      "0x001fca0007ffe0ff",
      "0x0a001f0002077f89",
      "0x000e2400000e0000",
      "0x0000000702077217",
      "0x001fca0003800200",
      "0x09001f0007047f89",
      "0x000e2400000e0000",
      "0x0000000407067217",
      "0x001fca0003800200",
      "0x08801f0006097f89",
      "0x000e2400000e0000",
      "0x0000000906097217",
      "0x001fca0003800200",
      "0x08401f0009047f89",
      "0x000e2400000e0000",
      "0x0000000409087217",
      "0x001fe20003800200",
      "0x00006a00ff047624",
      "0x000fe400078e00ff",
      "0x00000006ff097e24",
      "0x000fe4000f8e00ff",
      "0x08201f00080b7f89",
      "0x000e2200000e0000",
      "0x00000017ff0a7819",
      "0x000fe40000011604",
      "0x0000000b080b7217",
      "0x001fcc0003800200",
      "0x00001fff0b0b7589",
      "0x000e2400000e0000",
      "0x7fffffff0b00780c",
      "0x001fc80003f05270",
      "0x000000ff0b077207",
      "0x000fe20000000000",
      "0x00000001ff0b7424",
      "0x000fe200078e00ff",
      "0x000000ff0a0a7812",
      "0x000fc6000780c0ff",
      "0x0000000102027824",
      "0x000fe200078e0a07",
      "0x00006a00ff007a0c",
      "0x000fe20004704670",
      "0x0000000107067824",
      "0x000fc600078e020a",
      "0x0000000209077219",
      "0x000fe400000012ff",
      "0x000000ff0a00780c",
      "0x000fe40000702670",
      "0xffffffff06087810",
      "0x000fe40007ffe0ff",
      "0x000000010700780c",
      "0x000fe40003f46070",
      "0x000000fd0800780c",
      "0x000fe40000704470",
      "0x000000ffff00720c",
      "0x000fc40003f46120",
      "0x000000df0600780c",
      "0x000fe40000724670",
      "0x0000001e0200780c",
      "0x000fe40005704670",
      "0x000000ff0c00780c",
      "0x000fe40003f45270",
      "0x000000000000781c",
      "0x000fe40000f21570",
      "0x00000001ff087807",
      "0x000fe40004000000",
      "0x00000001ff077807",
      "0x000fc40004800000",
      "0x000000020b027219",
      "0x000fe400000006ff",
      "0x0000000207097807",
      "0x000fe20001000000",
      "0x0a001f00080b7f89",
      "0x000e2200000e0000",
      "0x00000001ff077807",
      "0x000fc60001000000",
      "0x0a001f00090a7f89",
      "0x000e6200000e0000",
      "0x0000000708077212",
      "0x000fc800078efcff",
      "0x0000991007077816",
      "0x000fc800000000ff",
      "0x000000ff0700720c",
      "0x000fc80003f25270",
      "0x000000ff02077207",
      "0x000fc80004800000",
      "0x7fffffff070e7807",
      "0x000fe40004000000",
      "0x0000000b080c7217",
      "0x001fc60007800000",
      "0x0a001f000e0d7f89",
      "0x000e2200000e0000",
      "0x0000000a090a7217",
      "0x002fc60007800000",
      "0x09001f000c0b7f89",
      "0x000e6800000e0000",
      "0x09001f000a097f89",
      "0x000ea200000e0000",
      "0x0000000d0e0f7217",
      "0x001fe40007800000",
      "0x0000000b0c0d7217",
      "0x002fc60007800000",
      "0x09001f000f107f89",
      "0x000e2200000e0000",
      "0x000000090a097217",
      "0x004fc60007800000",
      "0x08801f000d087f89",
      "0x000e6800000e0000",
      "0x08801f0009027f89",
      "0x000ea200000e0000",
      "0x000000100f107217",
      "0x001fe40007800000",
      "0x000000080d0a7217",
      "0x002fc60007800000",
      "0x08801f0010117f89",
      "0x000e2200000e0000",
      "0x0000000209027217",
      "0x004fc60007800000",
      "0x08401f000a097f89",
      "0x000e6800000e0000",
      "0x08401f00020b7f89",
      "0x000ea200000e0000",
      "0x0000001110117217",
      "0x001fe20007800000",
      "0x000000ffff107224",
      "0x000fc800078e00ff",
      "0x08401f00110c7f89",
      "0x000e2200000e0000",
      "0x000000090a097217",
      "0x002fe40007800000",
      "0x0000000b020b7217",
      "0x004fca0007800000",
      "0x08201f000b087f89",
      "0x000e6200000e0000",
      "0x0000000c110e7217",
      "0x001fc60007800000",
      "0x08201f00090c7f89",
      "0x000e2800000e0000",
      "0x08201f000e0d7f89",
      "0x000ea200000e0000",
      "0x000000080b087217",
      "0x002fca0007800000",
      "0x00001fff08027589",
      "0x000e6200000e0000",
      "0x0000000c090c7217",
      "0x001fe40007800000",
      "0x0000000d0e0b7217",
      "0x004fc60007800000",
      "0x00001fff0c0a7589",
      "0x0000a200000e0000",
      "0x000000ffff0d7224",
      "0x000fc600078e00ff",
      "0x00001fff0b0b7589",
      "0x000ee200000e0000",
      "0x000000020200780c",
      "0x002fda0003f25270",
      "0x000000f000009947",
      "0x000fea0003800000",
      "0x00000000030d7984",
      "0x001e220000004800",
      "0x0000000707087225",
      "0x000fcc00078e00ff",
      "0x0000000d090e7225",
      "0x001fc800078e00ff",
      "0x0000000d080c7225",
      "0x000fc800078e00ff",
      "0x00000008ff0e7225",
      "0x000fc8000780000e",
      "0x000000ffff117224",
      "0x000fe200000e06ff",
      "0x0000000e0d0d7210",
      "0x000fe20007f5e0ff",
      "0x000000ffff107224",
      "0x000fe200078e000f",
      "0x000000020c00780c",
      "0x000fc60003f04070",
      "0x00000009ff087225",
      "0x000fe200010e0410",
      "0x3fffffff0d00780c",
      "0x000fc80003f04100",
      "0x000000ff0800720c",
      "0x000fc80003f45070",
      "0x000000ff0900720c",
      "0x000fc80000705720",
      "0x000000020c107807",
      "0x000fe40004000000",
      "0x3fffffff0d0d7807",
      "0x000fc60004000000",
      "0x0a001f0010097f89",
      "0x001e2200000e0000",
      "0x000000ff0200720c",
      "0x000fc60003f45270",
      "0x0a001f000d087f89",
      "0x000e6200000e0000",
      "0x000000ff07077207",
      "0x000fe40005000000",
      "0x0000001009097210",
      "0x001fca0007f1e0ff",
      "0x0000000108087824",
      "0x002fe200000e060d",
      "0x000000020900780c",
      "0x000fc80003f01070",
      "0x3fffffff0800780c",
      "0x000fc80003f01100",
      "0x00000002090e7807",
      "0x000fe40000000000",
      "0x3fffffff080f7807",
      "0x000fc60000000000",
      "0x09001f000e097f89",
      "0x000e2800000e0000",
      "0x09001f000f087f89",
      "0x000e6200000e0000",
      "0x0000000e09097210",
      "0x001fca0007f1e0ff",
      "0x0000000108087824",
      "0x002fe200000e060f",
      "0x000000020900780c",
      "0x000fc80003f01070",
      "0x3fffffff0800780c",
      "0x000fc80003f01100",
      "0x00000002090c7807",
      "0x000fe40000000000",
      "0x3fffffff080d7807",
      "0x000fc60000000000",
      "0x08801f000c097f89",
      "0x000e2800000e0000",
      "0x08801f000d087f89",
      "0x000e6200000e0000",
      "0x0000000c09097210",
      "0x001fca0007f1e0ff",
      "0x0000000108087824",
      "0x002fe200000e060d",
      "0x000000020900780c",
      "0x000fe20003f01070",
      "0x00000004ff0d7424",
      "0x000fc600078e00ff",
      "0x3fffffff0800780c",
      "0x000fc80003f01100",
      "0x0000000209107807",
      "0x000fe40000000000",
      "0x3fffffff08137807",
      "0x000fc60000000000",
      "0x08401f0010097f89",
      "0x000e2800000e0000",
      "0x08401f0013087f89",
      "0x000e6200000e0000",
      "0x0000001009097210",
      "0x001fca0007f1e0ff",
      "0x0000000108087824",
      "0x002fe200000e0613",
      "0x000000020900780c",
      "0x000fc80003f01070",
      "0x3fffffff0800780c",
      "0x000fc80003f01100",
      "0x00000002090f7807",
      "0x000fe40000000000",
      "0x3fffffff08117807",
      "0x000fe20000000000",
      "0x0000680003087a24",
      "0x040fe200078e0200",
      "0x000000ff0300720c",
      "0x000fe20003f05270",
      "0x08201f000f0e7f89",
      "0x000e2400000e0000",
      "0x00006c0008087625",
      "0x000fe400078e000d",
      "0x08201f00110c7f89",
      "0x000e6800000e0000",
      "0x0000000708007986",
      "0x0009e2000c101904",
      "0x0000000f0e0e7210",
      "0x001fca0007f7e0ff",
      "0x000000010c107824",
      "0x002fe200018e0611",
      "0x000000000000094d",
      "0x000fee0003800000",
      "0x000000020e00780c",
      "0x010fe20003f06070",
      "0x0080000006037824",
      "0x000fe200078e00ff",
      "0x000000ff0b0f7207",
      "0x008fe20000800000",
      "0x00006e0000067625",
      "0x080fe200078e000d",
      "0x3fffffff1000780c",
      "0x000fe40003f06100",
      "0x807fffff03037812",
      "0x000fe200078ef804",
      "0x0000740000087625",
      "0x080fe200078e000d",
      "0x000000ff0a00720c",
      "0x004fe40004702270",
      "0x3f80000003037808",
      "0x000fe20005000000",
      "0x00007200000a7625",
      "0x000fe200078e000d",
      "0x3fffffff10047807",
      "0x000fc40000000000",
      "0x000000020e0c7807",
      "0x000fe20000000000",
      "0x0000000306007986",
      "0x000fe2000c101904",
      "0x000000ff040d7207",
      "0x000fe20000800000",
      "0x0000700000047625",
      "0x000fe200078e0005",
      "0x000000ff0c0c7207",
      "0x000fe20000800000",
      "0x0000000208007986",
      "0x000fe8000c101904",
      "0x0000000f0a007986",
      "0x000fe8000c101904",
      "0x0000000c04007986",
      "0x000fe2000c101b04",
      "0x000000000000794d",
      "0x000fea0003800000",
      "0xfffffff000007947",
      "0x000fc0000383ffff",
      "0x0000000000007918",
      "0x000fc00000000000",
      "0x0000000000007918",
      "0x000fc00000000000",
      "0x0000000000007918",
      "0x000fc00000000000",
      "0x0000000000007918",
      "0x000fc00000000000",
      "0x0000000000007918",
      "0x000fc00000000000",
      "0x0000000000007918",
      "0x000fc00000000000",
      "0x0000000000007918",
      "0x000fc00000000000",
      "0x0000000000007918",
      "0x000fc00000000000",
      "0x0000000000007918",
      "0x000fc00000000000",
      "0x0000000000007918",
      "0x000fc00000000000",
      "0x0000000000007918",
      "0x000fc00000000000",
      "0x0000000000007918",
      "0x000fc00000000000",
      "0x0000000000007918",
      "0x000fc00000000000",
      "0x0000000000007918",
      "0x000fc00000000000",
      "0x0000000000007918",
      "0x000fc00000000000"
    ],
    "opcode_counts": {
      "IMAD.MOV.U32": 11,
      "S2R": 2,
      "ISETP.GE.U32.AND": 3,
      "EXIT": 4,
      "ULDC.64": 1,
      "SHF.R.U32.HI": 50,
      "LOP3.LUT": 122,
      "IMAD": 28,
      "IMAD.SHL.U32": 13,
      "IMAD.WIDE.U32": 14,
      "LDG.E.128": 1,
      "ISETP.NE.AND": 8,
      "BSSY": 1,
      "ISETP.GT.U32.AND": 2,
      "IADD3": 21,
      "IMAD.IADD": 13,
      "IDP.4A.S8.S8": 4,
      "LEA.HI": 16,
      "SHFL.DOWN": 33,
      "STG.E.64": 3,
      "BRA": 3,
      "IMAD.X": 7,
      "STG.E": 6,
      "LDG.E.U8": 1,
      "STS": 2,
      "FSEL": 2,
      "FMUL": 1,
      "BSYNC": 1,
      "BAR.SYNC.DEFER_BLOCKING": 1,
      "LDS": 2,
      "UMOV": 1,
      "IMNMX": 5,
      "IMAD.U32": 1,
      "SHFL.IDX": 4,
      "SEL": 23,
      "ISETP.GT.OR": 3,
      "SHF.R.U64": 1,
      "ISETP.EQ.OR": 1,
      "ISETP.GT.U32.OR": 1,
      "ISETP.GE.U32.AND.EX": 2,
      "PLOP3.LUT": 1,
      "SHF.L.U32": 1,
      "PRMT": 1,
      "IMNMX.U32": 15,
      "IMAD.WIDE.U32.X": 1,
      "ISETP.GT.U32.AND.EX": 1,
      "ISETP.NE.U32.AND": 1,
      "ISETP.NE.OR.EX": 1,
      "ISETP.LT.U32.AND": 4,
      "ISETP.LT.U32.AND.EX": 4,
      "ISETP.EQ.AND": 1,
      "NOP": 15
    },
    "instructions": 464
  },
  "old_controls": {
    "passed": true,
    "missing": [],
    "changed": [],
    "old_symbols": 1,
    "new_symbols": 1,
    "unchanged": [
      "_ZN18mx8_warp_lut_probe34adangel_sm80_row_warp_lut_metadataILN23adangel_sm80_experiment17GroupedSourceKindE1ELi16EEEvPKhS4_PKfS4_S4_PhPfPjjjfPiS8_PmSA_S9_"
    ],
    "scope": "exact_SASS_words_of_matched_old_entries_not_full_binary_or_performance"
  },
  "weight_control": {
    "passed": true,
    "missing": [],
    "changed": [],
    "old_symbols": 1,
    "new_symbols": 1,
    "unchanged": [
      "_ZN18nv4_row_swar_probe30adangel_sm80_row_swar_metadataILN23adangel_sm80_experiment17GroupedSourceKindE0ELi16EEEvPKhS4_PKfS4_S4_PhPfPjjjfPiS8_PmSA_S9_"
    ],
    "scope": "exact_SASS_words_of_matched_old_entries_not_full_binary_or_performance"
  },
  "runtime_resources": {
    "control": {
      "registers": 31,
      "local": 0,
      "shared": 256,
      "max_threads": 1024,
      "active_blocks_per_sm": 8
    },
    "candidate": {
      "registers": 31,
      "local": 0,
      "shared": 256,
      "max_threads": 1024,
      "active_blocks_per_sm": 8
    }
  },
  "static_instruction_reduction_fraction": -0.01754385964912286,
  "gate": {
    "control_encoding_unchanged": true,
    "weight_encoding_unchanged": true,
    "work_reduction_at_least5pct": false,
    "registers_at_most32": true,
    "no_local": true,
    "same_shared": true,
    "same_residency": true,
    "four_native_DP4A": true,
    "same_barriers": true
  },
  "worth_runtime_validation": false,
  "no_candidate_kernel_launched": true
}
