/home/zlouyang/ADAngel_oyzl/reports/o378_roof_v94_codegen/o78_operand_stream_generated.cuh(55): warning #177-D: variable "tile_a" was declared but never referenced
    auto tile_a=[&](auto t,auto half) {return cute::local_tile(t,
         ^

Remark: The warnings can be suppressed with "-diag-suppress <warning-number>"

ptxas info    : 10 bytes gmem, 80 bytes cmem[4]
ptxas info    : Compiling entry function 'adangel_roof_o78_operand_stream_candidate' for 'sm_80'
ptxas info    : Function properties for adangel_roof_o78_operand_stream_candidate
    8 bytes stack frame, 8 bytes spill stores, 8 bytes spill loads
ptxas info    : Used 168 registers, used 1 barriers, 8 bytes cumulative stack size, 444 bytes cmem[0]
ptxas info    : Compile time = 149.287 ms
ptxas info    : Compiling entry function 'adangel_roof_o78_eight_chain_candidate' for 'sm_80'
ptxas info    : Function properties for adangel_roof_o78_eight_chain_candidate
    0 bytes stack frame, 0 bytes spill stores, 0 bytes spill loads
ptxas info    : Used 168 registers, used 1 barriers, 444 bytes cmem[0]
ptxas info    : Compile time = 144.146 ms
ptxas info    : Compiling entry function 'adangel_roof_o78_fullk_candidate' for 'sm_80'
ptxas info    : Function properties for adangel_roof_o78_fullk_candidate
    8 bytes stack frame, 8 bytes spill stores, 8 bytes spill loads
ptxas info    : Used 168 registers, used 1 barriers, 8 bytes cumulative stack size, 444 bytes cmem[0]
ptxas info    : Compile time = 142.148 ms
ptxas info    : Compiling entry function 'adangel_roof_o78_fullk_control' for 'sm_80'
ptxas info    : Function properties for adangel_roof_o78_fullk_control
    8 bytes stack frame, 8 bytes spill stores, 8 bytes spill loads
ptxas info    : Used 168 registers, used 1 barriers, 8 bytes cumulative stack size, 444 bytes cmem[0]
ptxas info    : Compile time = 64.683 ms
