layer_00_q_proj conversion_only 0 0.1298227161169052
layer_00_q_proj conversion_only 1 0.07584768533706665
layer_00_q_proj conversion_only 2 0.04410368204116821
layer_00_q_proj compute_only 1 0.44543999433517456
layer_00_q_proj compute_only 2 0.4423680007457733
layer_00_q_proj compute_only 0 0.44646400213241577
layer_00_q_proj cold 2 0.5017600059509277
layer_00_q_proj cold 0 0.5836799740791321
layer_00_q_proj cold 1 0.5550079941749573
layer_00_q_proj steady_state 0 0.5150719881057739
layer_00_q_proj steady_state 1 0.5130239725112915
layer_00_q_proj steady_state 2 0.4843519926071167
layer_00_k_proj conversion_only 1 0.07589375972747803
layer_00_k_proj conversion_only 2 0.042823679745197296
layer_00_k_proj conversion_only 0 0.13010944426059723
layer_00_k_proj compute_only 2 0.4546560049057007
layer_00_k_proj compute_only 0 0.4536319971084595
layer_00_k_proj compute_only 1 0.447488009929657
layer_00_k_proj cold 0 0.5877760052680969
layer_00_k_proj cold 1 0.5519359707832336
layer_00_k_proj cold 2 0.5227519869804382
layer_00_k_proj steady_state 1 0.502784013748169
layer_00_k_proj steady_state 2 0.4925439953804016
layer_00_k_proj steady_state 0 0.5181440114974976
layer_00_v_proj conversion_only 2 0.043007999658584595
layer_00_v_proj conversion_only 0 0.13028351962566376
layer_00_v_proj conversion_only 1 0.07631872594356537
layer_00_v_proj compute_only 0 0.4904960095882416
layer_00_v_proj compute_only 1 0.4679679870605469
layer_00_v_proj compute_only 2 0.4618239998817444
layer_00_v_proj cold 1 0.562175989151001
layer_00_v_proj cold 2 0.5488640069961548
layer_00_v_proj cold 0 0.6318079829216003
layer_00_v_proj steady_state 2 0.5109760165214539
layer_00_v_proj steady_state 0 0.47462400794029236
layer_00_v_proj steady_state 1 0.52019202709198
layer_00_o_proj conversion_only 0 0.13072383403778076
layer_00_o_proj conversion_only 1 0.076308473944664
layer_00_o_proj conversion_only 2 0.04418560117483139
layer_00_o_proj compute_only 1 0.4628480076789856
layer_00_o_proj compute_only 2 0.4689919948577881
layer_00_o_proj compute_only 0 0.4689919948577881
layer_00_o_proj cold 2 0.5191680192947388
layer_00_o_proj cold 0 0.6082559823989868
layer_00_o_proj cold 1 0.5652480125427246
layer_00_o_proj steady_state 0 0.5580800175666809
layer_00_o_proj steady_state 1 0.5283839702606201
layer_00_o_proj steady_state 2 0.4986880123615265
layer_06_q_proj conversion_only 1 0.07668736577033997
layer_06_q_proj conversion_only 2 0.043253760784864426
layer_06_q_proj conversion_only 0 0.13223423808813095
layer_06_q_proj compute_only 2 0.4761599898338318
layer_06_q_proj compute_only 0 0.48025599122047424
layer_06_q_proj compute_only 1 0.47462400794029236
layer_06_q_proj cold 0 0.6277120113372803
layer_06_q_proj cold 1 0.5939199924468994
layer_06_q_proj cold 2 0.5529599785804749
layer_06_q_proj steady_state 1 0.5693439841270447
layer_06_q_proj steady_state 2 0.5130239725112915
layer_06_q_proj steady_state 0 0.5509120225906372
layer_06_k_proj conversion_only 2 0.04337663948535919
layer_06_k_proj conversion_only 0 0.13263872265815735
layer_06_k_proj conversion_only 1 0.0776703953742981
layer_06_k_proj compute_only 0 0.492031991481781
layer_06_k_proj compute_only 1 0.48179200291633606
layer_06_k_proj compute_only 2 0.4782080054283142
layer_06_k_proj cold 1 0.5826560258865356
layer_06_k_proj cold 2 0.5591040253639221
layer_06_k_proj cold 0 0.6584320068359375
layer_06_k_proj steady_state 2 0.5160959959030151
layer_06_k_proj steady_state 0 0.5529599785804749
layer_06_k_proj steady_state 1 0.5601279735565186
layer_06_v_proj conversion_only 0 0.13259775936603546
layer_06_v_proj conversion_only 1 0.07734783738851547
layer_06_v_proj conversion_only 2 0.04460544139146805
layer_06_v_proj compute_only 1 0.5048320293426514
layer_06_v_proj compute_only 2 0.49459201097488403
layer_06_v_proj compute_only 0 0.4864000082015991
layer_06_v_proj cold 2 0.5447679758071899
layer_06_v_proj cold 0 0.6543359756469727
layer_06_v_proj cold 1 0.6041600108146667
layer_06_v_proj steady_state 0 0.5642240047454834
layer_06_v_proj steady_state 1 0.549888014793396
layer_06_v_proj steady_state 2 0.5519359707832336
layer_06_o_proj conversion_only 1 0.07721471786499023
layer_06_o_proj conversion_only 2 0.04347904026508331
layer_06_o_proj conversion_only 0 0.13343743979930878
layer_06_o_proj compute_only 2 0.4782080054283142
layer_06_o_proj compute_only 0 0.4853760004043579
layer_06_o_proj compute_only 1 0.4853760004043579
layer_06_o_proj cold 0 0.6287360191345215
layer_06_o_proj cold 1 0.6031360030174255
layer_06_o_proj cold 2 0.5529599785804749
layer_06_o_proj steady_state 1 0.5744640231132507
layer_06_o_proj steady_state 2 0.5160959959030151
layer_06_o_proj steady_state 0 0.5591040253639221
layer_12_q_proj conversion_only 2 0.043448321521282196
layer_12_q_proj conversion_only 0 0.13329920172691345
layer_12_q_proj conversion_only 1 0.0777420774102211
layer_12_q_proj compute_only 0 0.49663999676704407
layer_12_q_proj compute_only 1 0.49459201097488403
layer_12_q_proj compute_only 2 0.4925439953804016
layer_12_q_proj cold 1 0.5949440002441406
layer_12_q_proj cold 2 0.5457919836044312
layer_12_q_proj cold 0 0.66457599401474
layer_12_q_proj steady_state 2 0.5437440276145935
layer_12_q_proj steady_state 0 0.5580800175666809
layer_12_q_proj steady_state 1 0.5386239886283875
layer_12_k_proj conversion_only 0 0.13338112086057663
layer_12_k_proj conversion_only 1 0.07738368213176727
layer_12_k_proj conversion_only 2 0.0446976013481617
layer_12_k_proj compute_only 1 0.48793599009513855
layer_12_k_proj compute_only 2 0.48844799399375916
layer_12_k_proj compute_only 0 0.4864000082015991
layer_12_k_proj cold 2 0.5457919836044312
layer_12_k_proj cold 0 0.6307839751243591
layer_12_k_proj cold 1 0.5857279896736145
layer_12_k_proj steady_state 0 0.5570560097694397
layer_12_k_proj steady_state 1 0.5631999969482422
layer_12_k_proj steady_state 2 0.5145599842071533
layer_12_v_proj conversion_only 1 0.07738368213176727
layer_12_v_proj conversion_only 2 0.04355071857571602
layer_12_v_proj conversion_only 0 0.13417471945285797
layer_12_v_proj compute_only 2 0.48742398619651794
layer_12_v_proj compute_only 0 0.4935680031776428
layer_12_v_proj compute_only 1 0.4864000082015991
layer_12_v_proj cold 0 0.6287360191345215
layer_12_v_proj cold 1 0.6031360030174255
layer_12_v_proj cold 2 0.5529599785804749
layer_12_v_proj steady_state 1 0.5703679919242859
layer_12_v_proj steady_state 2 0.5171200037002563
layer_12_v_proj steady_state 0 0.5580800175666809
layer_12_o_proj conversion_only 2 0.04369407892227173
layer_12_o_proj conversion_only 0 0.13407231867313385
layer_12_o_proj conversion_only 1 0.07773184031248093
layer_12_o_proj compute_only 0 0.49663999676704407
layer_12_o_proj compute_only 1 0.4976640045642853
layer_12_o_proj compute_only 2 0.5048320293426514
layer_12_o_proj cold 1 0.5959680080413818
layer_12_o_proj cold 2 0.567296028137207
layer_12_o_proj cold 0 0.6594560146331787
layer_12_o_proj steady_state 2 0.5457919836044312
layer_12_o_proj steady_state 0 0.5580800175666809
layer_12_o_proj steady_state 1 0.5345280170440674
layer_18_q_proj conversion_only 0 0.1339033618569374
layer_18_q_proj conversion_only 1 0.07772159576416016
layer_18_q_proj conversion_only 2 0.044738560914993286
layer_18_q_proj compute_only 1 0.5079039931297302
layer_18_q_proj compute_only 2 0.49459201097488403
layer_18_q_proj compute_only 0 0.4925439953804016
layer_18_q_proj cold 2 0.5519359707832336
layer_18_q_proj cold 0 0.6307839751243591
layer_18_q_proj cold 1 0.5857279896736145
layer_18_q_proj steady_state 0 0.5713919997215271
layer_18_q_proj steady_state 1 0.5509120225906372
layer_18_q_proj steady_state 2 0.5181440114974976
layer_18_k_proj conversion_only 1 0.07739391922950745
layer_18_k_proj conversion_only 2 0.04359679855406284
layer_18_k_proj conversion_only 0 0.13417471945285797
layer_18_k_proj compute_only 2 0.506879985332489
layer_18_k_proj compute_only 0 0.49459201097488403
layer_18_k_proj compute_only 1 0.4915199875831604
layer_18_k_proj cold 0 0.6359040141105652
layer_18_k_proj cold 1 0.6072319746017456
layer_18_k_proj cold 2 0.5591040253639221
layer_18_k_proj steady_state 1 0.5908480286598206
layer_18_k_proj steady_state 2 0.5667840242385864
layer_18_k_proj steady_state 0 0.5570560097694397
layer_18_v_proj conversion_only 2 0.0437043197453022
layer_18_v_proj conversion_only 0 0.13406720012426376
layer_18_v_proj conversion_only 1 0.07809024304151535
layer_18_v_proj compute_only 0 0.5099520087242126
layer_18_v_proj compute_only 1 0.4925439953804016
layer_18_v_proj compute_only 2 0.4925439953804016
layer_18_v_proj cold 1 0.5959680080413818
layer_18_v_proj cold 2 0.5693439841270447
layer_18_v_proj cold 0 0.6686720252037048
layer_18_v_proj steady_state 2 0.5304319858551025
layer_18_v_proj steady_state 0 0.5570560097694397
layer_18_v_proj steady_state 1 0.5396479964256287
layer_18_o_proj conversion_only 0 0.13367295265197754
layer_18_o_proj conversion_only 1 0.07771135866641998
layer_18_o_proj conversion_only 2 0.04469247907400131
layer_18_o_proj compute_only 1 0.506879985332489
layer_18_o_proj compute_only 2 0.4915199875831604
layer_18_o_proj compute_only 0 0.49561598896980286
layer_18_o_proj cold 2 0.5447679758071899
layer_18_o_proj cold 0 0.6574079990386963
layer_18_o_proj cold 1 0.6010879874229431
layer_18_o_proj steady_state 0 0.5642240047454834
layer_18_o_proj steady_state 1 0.5560320019721985
layer_18_o_proj steady_state 2 0.5580800175666809
layer_24_q_proj conversion_only 1 0.07738368213176727
layer_24_q_proj conversion_only 2 0.043489277362823486
layer_24_q_proj conversion_only 0 0.13451263308525085
layer_24_q_proj compute_only 2 0.5079039931297302
layer_24_q_proj compute_only 0 0.4935680031776428
layer_24_q_proj compute_only 1 0.4915199875831604
layer_24_q_proj cold 0 0.6318079829216003
layer_24_q_proj cold 1 0.5928959846496582
layer_24_q_proj cold 2 0.5601279735565186
layer_24_q_proj steady_state 1 0.5406720042228699
layer_24_q_proj steady_state 2 0.5601279735565186
layer_24_q_proj steady_state 0 0.5631999969482422
layer_24_k_proj conversion_only 2 0.04369407892227173
layer_24_k_proj conversion_only 0 0.13426175713539124
layer_24_k_proj conversion_only 1 0.07839743793010712
layer_24_k_proj compute_only 0 0.4976640045642853
layer_24_k_proj compute_only 1 0.48844799399375916
layer_24_k_proj compute_only 2 0.4853760004043579
layer_24_k_proj cold 1 0.5888000130653381
layer_24_k_proj cold 2 0.5662720203399658
layer_24_k_proj cold 0 0.6656000018119812
layer_24_k_proj steady_state 2 0.5335040092468262
layer_24_k_proj steady_state 0 0.5734400153160095
layer_24_k_proj steady_state 1 0.5560320019721985
layer_24_v_proj conversion_only 0 0.13387775421142578
layer_24_v_proj conversion_only 1 0.07772159576416016
layer_24_v_proj conversion_only 2 0.044728320091962814
layer_24_v_proj compute_only 1 0.4259839951992035
layer_24_v_proj compute_only 2 0.4864000082015991
layer_24_v_proj compute_only 0 0.49459201097488403
layer_24_v_proj cold 2 0.5560320019721985
layer_24_v_proj cold 0 0.6307839751243591
layer_24_v_proj cold 1 0.5304319858551025
layer_24_v_proj steady_state 0 0.5862399935722351
layer_24_v_proj steady_state 1 0.5560320019721985
layer_24_v_proj steady_state 2 0.5186560153961182
layer_24_o_proj conversion_only 1 0.07725567743182182
layer_24_o_proj conversion_only 2 0.04341760277748108
layer_24_o_proj conversion_only 0 0.13407231867313385
layer_24_o_proj compute_only 2 0.5038080215454102
layer_24_o_proj compute_only 0 0.4925439953804016
layer_24_o_proj compute_only 1 0.4915199875831604
layer_24_o_proj cold 0 0.562175989151001
layer_24_o_proj cold 1 0.5857279896736145
layer_24_o_proj cold 2 0.562175989151001
layer_24_o_proj steady_state 1 0.5416960120201111
layer_24_o_proj steady_state 2 0.5375999808311462
layer_24_o_proj steady_state 0 0.5580800175666809
layer_31_q_proj conversion_only 2 0.043632641434669495
layer_31_q_proj conversion_only 0 0.13395456224679947
layer_31_q_proj conversion_only 1 0.07797247916460037
layer_31_q_proj compute_only 0 0.4915199875831604
layer_31_q_proj compute_only 1 0.4986880123615265
layer_31_q_proj compute_only 2 0.4997119903564453
layer_31_q_proj cold 1 0.596992015838623
layer_31_q_proj cold 2 0.5591040253639221
layer_31_q_proj cold 0 0.6696959733963013
layer_31_q_proj steady_state 2 0.536575973033905
layer_31_q_proj steady_state 0 0.5580800175666809
layer_31_q_proj steady_state 1 0.5396479964256287
layer_31_k_proj conversion_only 0 0.13332992047071457
layer_31_k_proj conversion_only 1 0.07736320421099663
layer_31_k_proj conversion_only 2 0.04471807926893234
layer_31_k_proj compute_only 1 0.48742398619651794
layer_31_k_proj compute_only 2 0.4935680031776428
layer_31_k_proj compute_only 0 0.48793599009513855
layer_31_k_proj cold 2 0.5457919836044312
layer_31_k_proj cold 0 0.6307839751243591
layer_31_k_proj cold 1 0.5928959846496582
layer_31_k_proj steady_state 0 0.5570560097694397
layer_31_k_proj steady_state 1 0.5591040253639221
layer_31_k_proj steady_state 2 0.5222399830818176
layer_31_v_proj conversion_only 1 0.07736320048570633
layer_31_v_proj conversion_only 2 0.04346879944205284
layer_31_v_proj conversion_only 0 0.13391871750354767
layer_31_v_proj compute_only 2 0.48844799399375916
layer_31_v_proj compute_only 0 0.5120000243186951
layer_31_v_proj compute_only 1 0.48844799399375916
layer_31_v_proj cold 0 0.6287360191345215
layer_31_v_proj cold 1 0.5857279896736145
layer_31_v_proj cold 2 0.5529599785804749
layer_31_v_proj steady_state 1 0.5416960120201111
layer_31_v_proj steady_state 2 0.5539839863777161
layer_31_v_proj steady_state 0 0.5570560097694397
layer_31_o_proj conversion_only 2 0.04349952191114426
layer_31_o_proj conversion_only 0 0.13325312733650208
layer_31_o_proj conversion_only 1 0.07812096178531647
layer_31_o_proj compute_only 0 0.5038080215454102
layer_31_o_proj compute_only 1 0.49663999676704407
layer_31_o_proj compute_only 2 0.4833280146121979
layer_31_o_proj cold 1 0.5898240208625793
layer_31_o_proj cold 2 0.5652480125427246
layer_31_o_proj cold 0 0.66457599401474
layer_31_o_proj steady_state 2 0.5386239886283875
layer_31_o_proj steady_state 0 0.5580800175666809
layer_31_o_proj steady_state 1 0.5386239886283875
O3 CONVERSION FOUR MODES PASSED
