layer_00_q_proj conversion_only 0 0.12996608018875122
layer_00_q_proj conversion_only 1 0.07598079741001129
layer_00_q_proj conversion_only 2 0.04410368204116821
layer_00_q_proj compute_only 1 0.4551680088043213
layer_00_q_proj compute_only 2 0.45977601408958435
layer_00_q_proj compute_only 0 0.45158401131629944
layer_00_q_proj cold 2 0.5079039931297302
layer_00_q_proj cold 0 0.5898240208625793
layer_00_q_proj cold 1 0.5550079941749573
layer_00_q_proj steady_state 0 0.5273600220680237
layer_00_q_proj steady_state 1 0.506879985332489
layer_00_q_proj steady_state 2 0.492031991481781
layer_00_k_proj conversion_only 1 0.07599103450775146
layer_00_k_proj conversion_only 2 0.04279296100139618
layer_00_k_proj conversion_only 0 0.13047808408737183
layer_00_k_proj compute_only 2 0.4567039906978607
layer_00_k_proj compute_only 0 0.45875200629234314
layer_00_k_proj compute_only 1 0.4904960095882416
layer_00_k_proj cold 0 0.5980160236358643
layer_00_k_proj cold 1 0.5550079941749573
layer_00_k_proj cold 2 0.5181440114974976
layer_00_k_proj steady_state 1 0.5160959959030151
layer_00_k_proj steady_state 2 0.4915199875831604
layer_00_k_proj steady_state 0 0.5273600220680237
layer_00_v_proj conversion_only 2 0.04301823675632477
layer_00_v_proj conversion_only 0 0.13109248876571655
layer_00_v_proj conversion_only 1 0.07665663957595825
layer_00_v_proj compute_only 0 0.47513601183891296
layer_00_v_proj compute_only 1 0.4689919948577881
layer_00_v_proj compute_only 2 0.4700160026550293
layer_00_v_proj cold 1 0.5662720203399658
layer_00_v_proj cold 2 0.5304319858551025
layer_00_v_proj cold 0 0.6144000291824341
layer_00_v_proj steady_state 2 0.5079039931297302
layer_00_v_proj steady_state 0 0.5416960120201111
layer_00_v_proj steady_state 1 0.5232639908790588
layer_00_o_proj conversion_only 0 0.1314816027879715
layer_00_o_proj conversion_only 1 0.07664640247821808
layer_00_o_proj conversion_only 2 0.0443289615213871
layer_00_o_proj compute_only 1 0.47411200404167175
layer_00_o_proj compute_only 2 0.4710400104522705
layer_00_o_proj compute_only 0 0.4761599898338318
layer_00_o_proj cold 2 0.5335040092468262
layer_00_o_proj cold 0 0.6133760213851929
layer_00_o_proj cold 1 0.5744640231132507
layer_00_o_proj steady_state 0 0.5386239886283875
layer_00_o_proj steady_state 1 0.5263360142707825
layer_00_o_proj steady_state 2 0.506879985332489
layer_06_q_proj conversion_only 1 0.07711231708526611
layer_06_q_proj conversion_only 2 0.04342783987522125
layer_06_q_proj conversion_only 0 0.13334527611732483
layer_06_q_proj compute_only 2 0.4935680031776428
layer_06_q_proj compute_only 0 0.48947200179100037
layer_06_q_proj compute_only 1 0.48742398619651794
layer_06_q_proj cold 0 0.634880006313324
layer_06_q_proj cold 1 0.6021119952201843
layer_06_q_proj cold 2 0.549888014793396
layer_06_q_proj steady_state 1 0.5452799797058105
layer_06_q_proj steady_state 2 0.5212159752845764
layer_06_q_proj steady_state 0 0.5601279735565186
layer_06_k_proj conversion_only 2 0.04345855861902237
layer_06_k_proj conversion_only 0 0.13358080387115479
layer_06_k_proj conversion_only 1 0.0777420848608017
layer_06_k_proj compute_only 0 0.506879985332489
layer_06_k_proj compute_only 1 0.4925439953804016
layer_06_k_proj compute_only 2 0.4925439953804016
layer_06_k_proj cold 1 0.5898240208625793
layer_06_k_proj cold 2 0.5560320019721985
layer_06_k_proj cold 0 0.6338559985160828
layer_06_k_proj steady_state 2 0.5283839702606201
layer_06_k_proj steady_state 0 0.562175989151001
layer_06_k_proj steady_state 1 0.5447679758071899
layer_06_v_proj conversion_only 0 0.13399039953947067
layer_06_v_proj conversion_only 1 0.07770112156867981
layer_06_v_proj conversion_only 2 0.04475904256105423
layer_06_v_proj compute_only 1 0.4976640045642853
layer_06_v_proj compute_only 2 0.49459201097488403
layer_06_v_proj compute_only 0 0.4925439953804016
layer_06_v_proj cold 2 0.5519359707832336
layer_06_v_proj cold 0 0.634880006313324
layer_06_v_proj cold 1 0.591871976852417
layer_06_v_proj steady_state 0 0.5662720203399658
layer_06_v_proj steady_state 1 0.5580800175666809
layer_06_v_proj steady_state 2 0.5273600220680237
layer_06_o_proj conversion_only 1 0.07738368213176727
layer_06_o_proj conversion_only 2 0.04356607794761658
layer_06_o_proj conversion_only 0 0.13432320207357407
layer_06_o_proj compute_only 2 0.4925439953804016
layer_06_o_proj compute_only 0 0.49459201097488403
layer_06_o_proj compute_only 1 0.48947200179100037
layer_06_o_proj cold 0 0.634880006313324
layer_06_o_proj cold 1 0.5908480286598206
layer_06_o_proj cold 2 0.549888014793396
layer_06_o_proj steady_state 1 0.5509120225906372
layer_06_o_proj steady_state 2 0.5283839702606201
layer_06_o_proj steady_state 0 0.5611519813537598
layer_12_q_proj conversion_only 2 0.04366336017847061
layer_12_q_proj conversion_only 0 0.13411840051412582
layer_12_q_proj conversion_only 1 0.07841791957616806
layer_12_q_proj compute_only 0 0.49459201097488403
layer_12_q_proj compute_only 1 0.4986880123615265
layer_12_q_proj compute_only 2 0.4935680031776428
layer_12_q_proj cold 1 0.5959680080413818
layer_12_q_proj cold 2 0.549888014793396
layer_12_q_proj cold 0 0.6369280219078064
layer_12_q_proj steady_state 2 0.5335040092468262
layer_12_q_proj steady_state 0 0.567296028137207
layer_12_q_proj steady_state 1 0.5580800175666809
layer_12_k_proj conversion_only 0 0.13388800621032715
layer_12_k_proj conversion_only 1 0.07772159948945045
layer_12_k_proj conversion_only 2 0.044728320091962814
layer_12_k_proj compute_only 1 0.4925439953804016
layer_12_k_proj compute_only 2 0.49459201097488403
layer_12_k_proj compute_only 0 0.4997119903564453
layer_12_k_proj cold 2 0.5519359707832336
layer_12_k_proj cold 0 0.6410239934921265
layer_12_k_proj cold 1 0.5980160236358643
layer_12_k_proj steady_state 0 0.5683199763298035
layer_12_k_proj steady_state 1 0.5468159914016724
layer_12_k_proj steady_state 2 0.5335040092468262
layer_12_v_proj conversion_only 1 0.07738368213176727
layer_12_v_proj conversion_only 2 0.043530240654945374
layer_12_v_proj conversion_only 0 0.134128637611866
layer_12_v_proj compute_only 2 0.4997119903564453
layer_12_v_proj compute_only 0 0.4976640045642853
layer_12_v_proj compute_only 1 0.4915199875831604
layer_12_v_proj cold 0 0.634880006313324
layer_12_v_proj cold 1 0.596992015838623
layer_12_v_proj cold 2 0.549888014793396
layer_12_v_proj steady_state 1 0.5457919836044312
layer_12_v_proj steady_state 2 0.5273600220680237
layer_12_v_proj steady_state 0 0.5662720203399658
layer_12_o_proj conversion_only 2 0.0437043197453022
layer_12_o_proj conversion_only 0 0.13420544564723969
layer_12_o_proj conversion_only 1 0.07826944068074226
layer_12_o_proj compute_only 0 0.4935680031776428
layer_12_o_proj compute_only 1 0.4925439953804016
layer_12_o_proj compute_only 2 0.4986880123615265
layer_12_o_proj cold 1 0.5898240208625793
layer_12_o_proj cold 2 0.5550079941749573
layer_12_o_proj cold 0 0.6359040141105652
layer_12_o_proj steady_state 2 0.5273600220680237
layer_12_o_proj steady_state 0 0.562175989151001
layer_12_o_proj steady_state 1 0.5437440276145935
layer_18_q_proj conversion_only 0 0.13352448493242264
layer_18_q_proj conversion_only 1 0.07776255905628204
layer_18_q_proj conversion_only 2 0.044728321954607964
layer_18_q_proj compute_only 1 0.5038080215454102
layer_18_q_proj compute_only 2 0.49459201097488403
layer_18_q_proj compute_only 0 0.49561598896980286
layer_18_q_proj cold 2 0.5591040253639221
layer_18_q_proj cold 0 0.6338559985160828
layer_18_q_proj cold 1 0.6031360030174255
layer_18_q_proj steady_state 0 0.5606399774551392
layer_18_q_proj steady_state 1 0.5468159914016724
layer_18_q_proj steady_state 2 0.5273600220680237
layer_18_k_proj conversion_only 1 0.07738368213176727
layer_18_k_proj conversion_only 2 0.04355072230100632
layer_18_k_proj conversion_only 0 0.13403135538101196
layer_18_k_proj compute_only 2 0.4925439953804016
layer_18_k_proj compute_only 0 0.49459201097488403
layer_18_k_proj compute_only 1 0.4986880123615265
layer_18_k_proj cold 0 0.6338559985160828
layer_18_k_proj cold 1 0.5908480286598206
layer_18_k_proj cold 2 0.5611519813537598
layer_18_k_proj steady_state 1 0.5519359707832336
layer_18_k_proj steady_state 2 0.5273600220680237
layer_18_k_proj steady_state 0 0.5601279735565186
layer_18_v_proj conversion_only 2 0.043540479615330696
layer_18_v_proj conversion_only 0 0.13377024233341217
layer_18_v_proj conversion_only 1 0.07805951684713364
layer_18_v_proj compute_only 0 0.5048320293426514
layer_18_v_proj compute_only 1 0.4925439953804016
layer_18_v_proj compute_only 2 0.4935680031776428
layer_18_v_proj cold 1 0.5939199924468994
layer_18_v_proj cold 2 0.5509120225906372
layer_18_v_proj cold 0 0.6430720090866089
layer_18_v_proj steady_state 2 0.5294079780578613
layer_18_v_proj steady_state 0 0.5703679919242859
layer_18_v_proj steady_state 1 0.5447679758071899
layer_18_o_proj conversion_only 0 0.1331302374601364
layer_18_o_proj conversion_only 1 0.07773183658719063
layer_18_o_proj conversion_only 2 0.044677119702100754
layer_18_o_proj compute_only 1 0.4925439953804016
layer_18_o_proj compute_only 2 0.4904960095882416
layer_18_o_proj compute_only 0 0.4935680031776428
layer_18_o_proj cold 2 0.5509120225906372
layer_18_o_proj cold 0 0.6256639957427979
layer_18_o_proj cold 1 0.5959680080413818
layer_18_o_proj steady_state 0 0.5539839863777161
layer_18_o_proj steady_state 1 0.5457919836044312
layer_18_o_proj steady_state 2 0.5283839702606201
layer_24_q_proj conversion_only 1 0.07738368213176727
layer_24_q_proj conversion_only 2 0.04350975900888443
layer_24_q_proj conversion_only 0 0.13333503901958466
layer_24_q_proj compute_only 2 0.4976640045642853
layer_24_q_proj compute_only 0 0.49459201097488403
layer_24_q_proj compute_only 1 0.4915199875831604
layer_24_q_proj cold 0 0.6297600269317627
layer_24_q_proj cold 1 0.596992015838623
layer_24_q_proj cold 2 0.549888014793396
layer_24_q_proj steady_state 1 0.5519359707832336
layer_24_q_proj steady_state 2 0.5283839702606201
layer_24_q_proj steady_state 0 0.5601279735565186
layer_24_k_proj conversion_only 2 0.04347904026508331
layer_24_k_proj conversion_only 0 0.13330432027578354
layer_24_k_proj conversion_only 1 0.0777420774102211
layer_24_k_proj compute_only 0 0.5017600059509277
layer_24_k_proj compute_only 1 0.4925439953804016
layer_24_k_proj compute_only 2 0.4935680031776428
layer_24_k_proj cold 1 0.5888000130653381
layer_24_k_proj cold 2 0.5550079941749573
layer_24_k_proj cold 0 0.6359040141105652
layer_24_k_proj steady_state 2 0.5273600220680237
layer_24_k_proj steady_state 0 0.5683199763298035
layer_24_k_proj steady_state 1 0.5427200198173523
layer_24_v_proj conversion_only 0 0.1331712007522583
layer_24_v_proj conversion_only 1 0.0773734450340271
layer_24_v_proj conversion_only 2 0.0446771215647459
layer_24_v_proj compute_only 1 0.4925439953804016
layer_24_v_proj compute_only 2 0.4925439953804016
layer_24_v_proj compute_only 0 0.49459201097488403
layer_24_v_proj cold 2 0.5642240047454834
layer_24_v_proj cold 0 0.6809599995613098
layer_24_v_proj cold 1 0.5980160236358643
layer_24_v_proj steady_state 0 0.5652480125427246
layer_24_v_proj steady_state 1 0.5457919836044312
layer_24_v_proj steady_state 2 0.5283839702606201
layer_24_o_proj conversion_only 1 0.07705088332295418
layer_24_o_proj conversion_only 2 0.043438080698251724
layer_24_o_proj conversion_only 0 0.13318655639886856
layer_24_o_proj compute_only 2 0.4864000082015991
layer_24_o_proj compute_only 0 0.48844799399375916
layer_24_o_proj compute_only 1 0.4864000082015991
layer_24_o_proj cold 0 0.6277120113372803
layer_24_o_proj cold 1 0.596992015838623
layer_24_o_proj cold 2 0.5509120225906372
layer_24_o_proj steady_state 1 0.5396479964256287
layer_24_o_proj steady_state 2 0.5263360142707825
layer_24_o_proj steady_state 0 0.5539839863777161
layer_31_q_proj conversion_only 2 0.04354047775268555
layer_31_q_proj conversion_only 0 0.1336524784564972
layer_31_q_proj conversion_only 1 0.07775232195854187
layer_31_q_proj compute_only 0 0.506879985332489
layer_31_q_proj compute_only 1 0.4925439953804016
layer_31_q_proj compute_only 2 0.4925439953804016
layer_31_q_proj cold 1 0.5939199924468994
layer_31_q_proj cold 2 0.5560320019721985
layer_31_q_proj cold 0 0.6328319907188416
layer_31_q_proj steady_state 2 0.535040020942688
layer_31_q_proj steady_state 0 0.562175989151001
layer_31_q_proj steady_state 1 0.5437440276145935
layer_31_k_proj conversion_only 0 0.1334272027015686
layer_31_k_proj conversion_only 1 0.07736320048570633
layer_31_k_proj conversion_only 2 0.044728316366672516
layer_31_k_proj compute_only 1 0.4915199875831604
layer_31_k_proj compute_only 2 0.49459201097488403
layer_31_k_proj compute_only 0 0.48947200179100037
layer_31_k_proj cold 2 0.5570560097694397
layer_31_k_proj cold 0 0.634880006313324
layer_31_k_proj cold 1 0.5908480286598206
layer_31_k_proj steady_state 0 0.5744640231132507
layer_31_k_proj steady_state 1 0.5478399991989136
layer_31_k_proj steady_state 2 0.5283839702606201
layer_31_v_proj conversion_only 1 0.07739391922950745
layer_31_v_proj conversion_only 2 0.04355071857571602
layer_31_v_proj conversion_only 0 0.13411328196525574
layer_31_v_proj compute_only 2 0.4925439953804016
layer_31_v_proj compute_only 0 0.49459201097488403
layer_31_v_proj compute_only 1 0.4925439953804016
layer_31_v_proj cold 0 0.634880006313324
layer_31_v_proj cold 1 0.596992015838623
layer_31_v_proj cold 2 0.5529599785804749
layer_31_v_proj steady_state 1 0.5437440276145935
layer_31_v_proj steady_state 2 0.5283839702606201
layer_31_v_proj steady_state 0 0.5611519813537598
layer_31_o_proj conversion_only 2 0.04345855861902237
layer_31_o_proj conversion_only 0 0.13357055187225342
layer_31_o_proj conversion_only 1 0.07773184031248093
layer_31_o_proj compute_only 0 0.5017600059509277
layer_31_o_proj compute_only 1 0.4915199875831604
layer_31_o_proj compute_only 2 0.4925439953804016
layer_31_o_proj cold 1 0.5898240208625793
layer_31_o_proj cold 2 0.5601279735565186
layer_31_o_proj cold 0 0.6420480012893677
layer_31_o_proj steady_state 2 0.5273600220680237
layer_31_o_proj steady_state 0 0.5683199763298035
layer_31_o_proj steady_state 1 0.549888014793396
O3 CONVERSION FOUR MODES PASSED
