layer_00_q_proj compute_only 0 0.4259839951992035
layer_00_q_proj compute_only 1 0.4208639860153198
layer_00_q_proj compute_only 1 0.42239999771118164
layer_00_q_proj compute_only 0 0.43110400438308716
layer_00_q_proj compute_only 0 0.4270080029964447
layer_00_q_proj compute_only 1 0.4177919924259186
layer_00_k_proj compute_only 1 0.4259839951992035
layer_00_k_proj compute_only 0 0.4280320107936859
layer_00_k_proj compute_only 0 0.4331519901752472
layer_00_k_proj compute_only 1 0.4341759979724884
layer_00_k_proj compute_only 1 0.42905598878860474
layer_00_k_proj compute_only 0 0.43110400438308716
layer_00_v_proj compute_only 0 0.43827199935913086
layer_00_v_proj compute_only 1 0.4331519901752472
layer_00_v_proj compute_only 1 0.4341759979724884
layer_00_v_proj compute_only 0 0.4423680007457733
layer_00_v_proj compute_only 0 0.4341759979724884
layer_00_v_proj compute_only 1 0.4341759979724884
layer_00_o_proj compute_only 1 0.43007999658584595
layer_00_o_proj compute_only 0 0.4413439929485321
layer_00_o_proj compute_only 0 0.43929600715637207
layer_00_o_proj compute_only 1 0.43212801218032837
layer_00_o_proj compute_only 1 0.43110400438308716
layer_00_o_proj compute_only 0 0.4423680007457733
layer_06_q_proj compute_only 0 0.45158401131629944
layer_06_q_proj compute_only 1 0.44646400213241577
layer_06_q_proj compute_only 1 0.4433920085430145
layer_06_q_proj compute_only 0 0.4638719856739044
layer_06_q_proj compute_only 0 0.42393600940704346
layer_06_q_proj compute_only 1 0.4505600035190582
layer_06_k_proj compute_only 1 0.44543999433517456
layer_06_k_proj compute_only 0 0.4546560049057007
layer_06_k_proj compute_only 0 0.4505600035190582
layer_06_k_proj compute_only 1 0.4505600035190582
layer_06_k_proj compute_only 1 0.44543999433517456
layer_06_k_proj compute_only 0 0.4638719856739044
layer_06_v_proj compute_only 0 0.4541440010070801
layer_06_v_proj compute_only 1 0.4505600035190582
layer_06_v_proj compute_only 1 0.447488009929657
layer_06_v_proj compute_only 0 0.45875200629234314
layer_06_v_proj compute_only 0 0.4618239998817444
layer_06_v_proj compute_only 1 0.45158401131629944
layer_06_o_proj compute_only 1 0.4423680007457733
layer_06_o_proj compute_only 0 0.4556800127029419
layer_06_o_proj compute_only 0 0.4208639860153198
layer_06_o_proj compute_only 1 0.4505600035190582
layer_06_o_proj compute_only 1 0.4505600035190582
layer_06_o_proj compute_only 0 0.4607999920845032
layer_12_q_proj compute_only 0 0.449535995721817
layer_12_q_proj compute_only 1 0.4505600035190582
layer_12_q_proj compute_only 1 0.45107200741767883
layer_12_q_proj compute_only 0 0.4556800127029419
layer_12_q_proj compute_only 0 0.4556800127029419
layer_12_q_proj compute_only 1 0.4556800127029419
layer_12_k_proj compute_only 1 0.45260798931121826
layer_12_k_proj compute_only 0 0.4556800127029419
layer_12_k_proj compute_only 0 0.4567039906978607
layer_12_k_proj compute_only 1 0.4505600035190582
layer_12_k_proj compute_only 1 0.44646400213241577
layer_12_k_proj compute_only 0 0.4567039906978607
layer_12_v_proj compute_only 0 0.4567039906978607
layer_12_v_proj compute_only 1 0.447488009929657
layer_12_v_proj compute_only 1 0.447488009929657
layer_12_v_proj compute_only 0 0.4556800127029419
layer_12_v_proj compute_only 0 0.4638719856739044
layer_12_v_proj compute_only 1 0.4505600035190582
layer_12_o_proj compute_only 1 0.44646400213241577
layer_12_o_proj compute_only 0 0.4546560049057007
layer_12_o_proj compute_only 0 0.4536319971084595
layer_12_o_proj compute_only 1 0.4505600035190582
layer_12_o_proj compute_only 1 0.44646400213241577
layer_12_o_proj compute_only 0 0.45875200629234314
layer_18_q_proj compute_only 0 0.4556800127029419
layer_18_q_proj compute_only 1 0.447488009929657
layer_18_q_proj compute_only 1 0.45260798931121826
layer_18_q_proj compute_only 0 0.4567039906978607
layer_18_q_proj compute_only 0 0.45772799849510193
layer_18_q_proj compute_only 1 0.4556800127029419
layer_18_k_proj compute_only 1 0.4423680007457733
layer_18_k_proj compute_only 0 0.45875200629234314
layer_18_k_proj compute_only 0 0.44646400213241577
layer_18_k_proj compute_only 1 0.4505600035190582
layer_18_k_proj compute_only 1 0.4418559968471527
layer_18_k_proj compute_only 0 0.4638719856739044
layer_18_v_proj compute_only 0 0.4546560049057007
layer_18_v_proj compute_only 1 0.44646400213241577
layer_18_v_proj compute_only 1 0.4270080029964447
layer_18_v_proj compute_only 0 0.45875200629234314
layer_18_v_proj compute_only 0 0.45977601408958435
layer_18_v_proj compute_only 1 0.4556800127029419
layer_18_o_proj compute_only 1 0.43673600256443024
layer_18_o_proj compute_only 0 0.4556800127029419
layer_18_o_proj compute_only 0 0.4567039906978607
layer_18_o_proj compute_only 1 0.4479999989271164
layer_18_o_proj compute_only 1 0.45209600031375885
layer_18_o_proj compute_only 0 0.45875200629234314
layer_24_q_proj compute_only 0 0.4536319971084595
layer_24_q_proj compute_only 1 0.44646400213241577
layer_24_q_proj compute_only 1 0.45260798931121826
layer_24_q_proj compute_only 0 0.4638719856739044
layer_24_q_proj compute_only 0 0.4567039906978607
layer_24_q_proj compute_only 1 0.4505600035190582
layer_24_k_proj compute_only 1 0.44646400213241577
layer_24_k_proj compute_only 0 0.4556800127029419
layer_24_k_proj compute_only 0 0.4536319971084595
layer_24_k_proj compute_only 1 0.45772799849510193
layer_24_k_proj compute_only 1 0.4505600035190582
layer_24_k_proj compute_only 0 0.4638719856739044
layer_24_v_proj compute_only 0 0.4618239998817444
layer_24_v_proj compute_only 1 0.44646400213241577
layer_24_v_proj compute_only 1 0.45260798931121826
layer_24_v_proj compute_only 0 0.45875200629234314
layer_24_v_proj compute_only 0 0.4607999920845032
layer_24_v_proj compute_only 1 0.4556800127029419
layer_24_o_proj compute_only 1 0.44646400213241577
layer_24_o_proj compute_only 0 0.45875200629234314
layer_24_o_proj compute_only 0 0.4567039906978607
layer_24_o_proj compute_only 1 0.4505600035190582
layer_24_o_proj compute_only 1 0.449535995721817
layer_24_o_proj compute_only 0 0.4556800127029419
layer_31_q_proj compute_only 0 0.4546560049057007
layer_31_q_proj compute_only 1 0.44646400213241577
layer_31_q_proj compute_only 1 0.3973119854927063
layer_31_q_proj compute_only 0 0.45977601408958435
layer_31_q_proj compute_only 0 0.45977601408958435
layer_31_q_proj compute_only 1 0.4505600035190582
layer_31_k_proj compute_only 1 0.4428800046443939
layer_31_k_proj compute_only 0 0.45875200629234314
layer_31_k_proj compute_only 0 0.4628480076789856
layer_31_k_proj compute_only 1 0.4505600035190582
layer_31_k_proj compute_only 1 0.447488009929657
layer_31_k_proj compute_only 0 0.45977601408958435
layer_31_v_proj compute_only 0 0.45772799849510193
layer_31_v_proj compute_only 1 0.45158401131629944
layer_31_v_proj compute_only 1 0.4546560049057007
layer_31_v_proj compute_only 0 0.4638719856739044
layer_31_v_proj compute_only 0 0.4567039906978607
layer_31_v_proj compute_only 1 0.45260798931121826
layer_31_o_proj compute_only 1 0.44646400213241577
layer_31_o_proj compute_only 0 0.4546560049057007
layer_31_o_proj compute_only 0 0.4567039906978607
layer_31_o_proj compute_only 1 0.45158401131629944
layer_31_o_proj compute_only 1 0.44390399754047394
layer_31_o_proj compute_only 0 0.45875200629234314
