layer_00_q_proj compute_only 0 0.4341759979724884
layer_00_q_proj compute_only 1 0.4177919924259186
layer_00_q_proj compute_only 1 0.4208639860153198
layer_00_q_proj compute_only 0 0.4352000057697296
layer_00_q_proj compute_only 0 0.43007999658584595
layer_00_q_proj compute_only 1 0.4177919924259186
layer_00_k_proj compute_only 1 0.42188799381256104
layer_00_k_proj compute_only 0 0.4362240135669708
layer_00_k_proj compute_only 0 0.4259839951992035
layer_00_k_proj compute_only 1 0.4280320107936859
layer_00_k_proj compute_only 1 0.4264959990978241
layer_00_k_proj compute_only 0 0.42905598878860474
layer_00_v_proj compute_only 0 0.43724799156188965
layer_00_v_proj compute_only 1 0.43007999658584595
layer_00_v_proj compute_only 1 0.43724799156188965
layer_00_v_proj compute_only 0 0.4433920085430145
layer_00_v_proj compute_only 0 0.43827199935913086
layer_00_v_proj compute_only 1 0.4341759979724884
layer_00_o_proj compute_only 1 0.43110400438308716
layer_00_o_proj compute_only 0 0.43827199935913086
layer_00_o_proj compute_only 0 0.4403199851512909
layer_00_o_proj compute_only 1 0.4331519901752472
layer_00_o_proj compute_only 1 0.43827199935913086
layer_00_o_proj compute_only 0 0.43827199935913086
