layer_00_q_proj conversion_only 0 0.0480051189661026
layer_00_q_proj conversion_only 1 0.04714496061205864
layer_00_q_proj compute_only 1 0.4280320107936859
layer_00_q_proj compute_only 0 0.43110400438308716
layer_00_q_proj cold 0 0.4904960095882416
layer_00_q_proj cold 1 0.4915199875831604
layer_00_q_proj steady_state 1 0.4546560049057007
layer_00_q_proj steady_state 0 0.46489599347114563
layer_00_k_proj conversion_only 1 0.047687679529190063
layer_00_k_proj conversion_only 0 0.047800322994589806
layer_00_k_proj compute_only 0 0.4403199851512909
layer_00_k_proj compute_only 1 0.4280320107936859
layer_00_k_proj cold 1 0.4904960095882416
layer_00_k_proj cold 0 0.49459201097488403
layer_00_k_proj steady_state 0 0.4280320107936859
layer_00_k_proj steady_state 1 0.45875200629234314
layer_00_v_proj conversion_only 0 0.04703231900930405
layer_00_v_proj conversion_only 1 0.04703231900930405
layer_00_v_proj compute_only 1 0.4413439929485321
layer_00_v_proj compute_only 0 0.44646400213241577
layer_00_v_proj cold 0 0.5079039931297302
layer_00_v_proj cold 1 0.5017600059509277
layer_00_v_proj steady_state 1 0.4710400104522705
layer_00_v_proj steady_state 0 0.4833280146121979
layer_00_o_proj conversion_only 1 0.04783104360103607
layer_00_o_proj conversion_only 0 0.047124482691287994
layer_00_o_proj compute_only 0 0.4505600035190582
layer_00_o_proj compute_only 1 0.4362240135669708
layer_00_o_proj cold 1 0.5007359981536865
layer_00_o_proj cold 0 0.5109760165214539
layer_00_o_proj steady_state 0 0.48025599122047424
layer_00_o_proj steady_state 1 0.48230400681495667
layer_06_q_proj conversion_only 0 0.047933440655469894
layer_06_q_proj conversion_only 1 0.04785151779651642
layer_06_q_proj compute_only 1 0.45977601408958435
layer_06_q_proj compute_only 0 0.47308799624443054
layer_06_q_proj cold 0 0.5457919836044312
layer_06_q_proj cold 1 0.5181440114974976
layer_06_q_proj steady_state 1 0.49459201097488403
layer_06_q_proj steady_state 0 0.5058559775352478
layer_06_k_proj conversion_only 1 0.04714496433734894
layer_06_k_proj conversion_only 0 0.04708351939916611
layer_06_k_proj compute_only 0 0.4618239998817444
layer_06_k_proj compute_only 1 0.4551680088043213
layer_06_k_proj cold 1 0.5335040092468262
layer_06_k_proj cold 0 0.5273600220680237
layer_06_k_proj steady_state 0 0.49561598896980286
layer_06_k_proj steady_state 1 0.4976640045642853
layer_06_v_proj conversion_only 0 0.047841280698776245
layer_06_v_proj conversion_only 1 0.047175679355859756
layer_06_v_proj compute_only 1 0.45977601408958435
layer_06_v_proj compute_only 0 0.4700160026550293
layer_06_v_proj cold 0 0.5396479964256287
layer_06_v_proj cold 1 0.5181440114974976
layer_06_v_proj steady_state 1 0.49459201097488403
layer_06_v_proj steady_state 0 0.5130239725112915
layer_06_o_proj conversion_only 1 0.04775936156511307
layer_06_o_proj conversion_only 0 0.04780031740665436
layer_06_o_proj compute_only 0 0.4689919948577881
layer_06_o_proj compute_only 1 0.46489599347114563
layer_06_o_proj cold 1 0.5355520248413086
layer_06_o_proj cold 0 0.5283839702606201
layer_06_o_proj steady_state 0 0.49663999676704407
layer_06_o_proj steady_state 1 0.4997119903564453
layer_12_q_proj conversion_only 0 0.04716544225811958
layer_12_q_proj conversion_only 1 0.04711936041712761
layer_12_q_proj compute_only 1 0.45772799849510193
layer_12_q_proj compute_only 0 0.4761599898338318
layer_12_q_proj cold 0 0.5509120225906372
layer_12_q_proj cold 1 0.5191680192947388
layer_12_q_proj steady_state 1 0.4915199875831604
layer_12_q_proj steady_state 0 0.5058559775352478
layer_12_k_proj conversion_only 1 0.047892481088638306
layer_12_k_proj conversion_only 0 0.047360002994537354
layer_12_k_proj compute_only 0 0.4679679870605469
layer_12_k_proj compute_only 1 0.4536319971084595
layer_12_k_proj cold 1 0.5335040092468262
layer_12_k_proj cold 0 0.5222399830818176
layer_12_k_proj steady_state 0 0.49663999676704407
layer_12_k_proj steady_state 1 0.5048320293426514
layer_12_v_proj conversion_only 0 0.04781056195497513
layer_12_v_proj conversion_only 1 0.04786175861954689
layer_12_v_proj compute_only 1 0.4423680007457733
layer_12_v_proj compute_only 0 0.47308799624443054
layer_12_v_proj cold 0 0.5457919836044312
layer_12_v_proj cold 1 0.5181440114974976
layer_12_v_proj steady_state 1 0.4935680031776428
layer_12_v_proj steady_state 0 0.5150719881057739
layer_12_o_proj conversion_only 1 0.04715520143508911
layer_12_o_proj conversion_only 0 0.04723712056875229
layer_12_o_proj compute_only 0 0.4679679870605469
layer_12_o_proj compute_only 1 0.4689919948577881
layer_12_o_proj cold 1 0.5406720042228699
layer_12_o_proj cold 0 0.5283839702606201
layer_12_o_proj steady_state 0 0.5058559775352478
layer_12_o_proj steady_state 1 0.5099520087242126
layer_18_q_proj conversion_only 0 0.047882240265607834
layer_18_q_proj conversion_only 1 0.047380480915308
layer_18_q_proj compute_only 1 0.46592000126838684
layer_18_q_proj compute_only 0 0.48127999901771545
layer_18_q_proj cold 0 0.5519359707832336
layer_18_q_proj cold 1 0.5314559936523438
layer_18_q_proj steady_state 1 0.506879985332489
layer_18_q_proj steady_state 0 0.5130239725112915
layer_18_k_proj conversion_only 1 0.047841280698776245
layer_18_k_proj conversion_only 0 0.04793856106698513
layer_18_k_proj compute_only 0 0.48127999901771545
layer_18_k_proj compute_only 1 0.47411200404167175
layer_18_k_proj cold 1 0.532480001449585
layer_18_k_proj cold 0 0.5335040092468262
layer_18_k_proj steady_state 0 0.4976640045642853
layer_18_k_proj steady_state 1 0.5181440114974976
layer_18_v_proj conversion_only 0 0.04713471978902817
layer_18_v_proj conversion_only 1 0.047267839312553406
layer_18_v_proj compute_only 1 0.47513601183891296
layer_18_v_proj compute_only 0 0.4864000082015991
layer_18_v_proj cold 0 0.5509120225906372
layer_18_v_proj cold 1 0.5273600220680237
layer_18_v_proj steady_state 1 0.5007359981536865
layer_18_v_proj steady_state 0 0.5150719881057739
layer_18_o_proj conversion_only 1 0.047933440655469894
layer_18_o_proj conversion_only 0 0.04743168130517006
layer_18_o_proj compute_only 0 0.47411200404167175
layer_18_o_proj compute_only 1 0.47308799624443054
layer_18_o_proj cold 1 0.5355520248413086
layer_18_o_proj cold 0 0.5406720042228699
layer_18_o_proj steady_state 0 0.5150719881057739
layer_18_o_proj steady_state 1 0.5038080215454102
layer_24_q_proj conversion_only 0 0.04785151779651642
layer_24_q_proj conversion_only 1 0.04792319983243942
layer_24_q_proj compute_only 1 0.4833280146121979
layer_24_q_proj compute_only 0 0.48844799399375916
layer_24_q_proj cold 0 0.5457919836044312
layer_24_q_proj cold 1 0.5437440276145935
layer_24_q_proj steady_state 1 0.5212159752845764
layer_24_q_proj steady_state 0 0.5145599842071533
layer_24_k_proj conversion_only 1 0.04742144048213959
layer_24_k_proj conversion_only 0 0.04747264087200165
layer_24_k_proj compute_only 0 0.48742398619651794
layer_24_k_proj compute_only 1 0.4689919948577881
layer_24_k_proj cold 1 0.5335040092468262
layer_24_k_proj cold 0 0.5422080159187317
layer_24_k_proj steady_state 0 0.52019202709198
layer_24_k_proj steady_state 1 0.4997119903564453
layer_24_v_proj conversion_only 0 0.04805631935596466
layer_24_v_proj conversion_only 1 0.04742144048213959
layer_24_v_proj compute_only 1 0.4761599898338318
layer_24_v_proj compute_only 0 0.4833280146121979
layer_24_v_proj cold 0 0.5396479964256287
layer_24_v_proj cold 1 0.5386239886283875
layer_24_v_proj steady_state 1 0.5130239725112915
layer_24_v_proj steady_state 0 0.5058559775352478
layer_24_o_proj conversion_only 1 0.04785151779651642
layer_24_o_proj conversion_only 0 0.04791296273469925
layer_24_o_proj compute_only 0 0.48742398619651794
layer_24_o_proj compute_only 1 0.46694400906562805
layer_24_o_proj cold 1 0.5242879986763
layer_24_o_proj cold 0 0.5468159914016724
layer_24_o_proj steady_state 0 0.52019202709198
layer_24_o_proj steady_state 1 0.4986880123615265
layer_31_q_proj conversion_only 0 0.04725760221481323
layer_31_q_proj conversion_only 1 0.04734976217150688
layer_31_q_proj compute_only 1 0.4915199875831604
layer_31_q_proj compute_only 0 0.4833280146121979
layer_31_q_proj cold 0 0.5427200198173523
layer_31_q_proj cold 1 0.5447679758071899
layer_31_q_proj steady_state 1 0.5263360142707825
layer_31_q_proj steady_state 0 0.5140479803085327
layer_31_k_proj conversion_only 1 0.04804608225822449
layer_31_k_proj conversion_only 0 0.04732928052544594
layer_31_k_proj compute_only 0 0.4997119903564453
layer_31_k_proj compute_only 1 0.4782080054283142
layer_31_k_proj cold 1 0.5355520248413086
layer_31_k_proj cold 0 0.5550079941749573
layer_31_k_proj steady_state 0 0.536575973033905
layer_31_k_proj steady_state 1 0.5109760165214539
layer_31_v_proj conversion_only 0 0.04799488186836243
layer_31_v_proj conversion_only 1 0.04814847931265831
layer_31_v_proj compute_only 1 0.49459201097488403
layer_31_v_proj compute_only 0 0.4833280146121979
layer_31_v_proj cold 0 0.5457919836044312
layer_31_v_proj cold 1 0.5539839863777161
layer_31_v_proj steady_state 1 0.5263360142707825
layer_31_v_proj steady_state 0 0.5196800231933594
layer_31_o_proj conversion_only 1 0.04724735766649246
layer_31_o_proj conversion_only 0 0.047216638922691345
layer_31_o_proj compute_only 0 0.4997119903564453
layer_31_o_proj compute_only 1 0.4710400104522705
layer_31_o_proj cold 1 0.5283839702606201
layer_31_o_proj cold 0 0.5539839863777161
layer_31_o_proj steady_state 0 0.5273600220680237
layer_31_o_proj steady_state 1 0.4986880123615265
