layer_00_q_proj full-K scale-profile observation passed
layer_00_k_proj full-K scale-profile observation passed
layer_00_v_proj full-K scale-profile observation passed
layer_00_o_proj full-K scale-profile observation passed
layer_06_q_proj full-K scale-profile observation passed
layer_06_k_proj full-K scale-profile observation passed
layer_06_v_proj full-K scale-profile observation passed
layer_06_o_proj full-K scale-profile observation passed
layer_12_q_proj full-K scale-profile observation passed
layer_12_k_proj full-K scale-profile observation passed
layer_12_v_proj full-K scale-profile observation passed
layer_12_o_proj full-K scale-profile observation passed
layer_18_q_proj full-K scale-profile observation passed
layer_18_k_proj full-K scale-profile observation passed
layer_18_v_proj full-K scale-profile observation passed
layer_18_o_proj full-K scale-profile observation passed
layer_24_q_proj full-K scale-profile observation passed
layer_24_k_proj full-K scale-profile observation passed
layer_24_v_proj full-K scale-profile observation passed
layer_24_o_proj full-K scale-profile observation passed
layer_31_q_proj full-K scale-profile observation passed
layer_31_k_proj full-K scale-profile observation passed
layer_31_v_proj full-K scale-profile observation passed
layer_31_o_proj full-K scale-profile observation passed
{
  "scope": "exact_full_K_scale_profile_data_gate_not_kernel_peak_or_performance",
  "variants": [
    {
      "variant": "o3",
      "samples": 24,
      "mean_covered_fraction": 0.125,
      "mean_optimistic_loop_work_reduction_percent": 2.476780185758514,
      "mean_old_homogeneous_tiles": 0,
      "mean_bucketed_tiles": 4,
      "opportunity_gate": false,
      "threshold_percent": 5.0,
      "decision": "compile_one_fixed_bucketed_candidate_if_gate_passes_else_stop"
    },
    {
      "variant": "o7",
      "samples": 24,
      "mean_covered_fraction": 0.01953125,
      "mean_optimistic_loop_work_reduction_percent": 0.3263707571801566,
      "mean_old_homogeneous_tiles": 0,
      "mean_bucketed_tiles": 1.25,
      "opportunity_gate": false,
      "threshold_percent": 5.0,
      "decision": "compile_one_fixed_bucketed_candidate_if_gate_passes_else_stop"
    },
    {
      "variant": "o8",
      "samples": 24,
      "mean_covered_fraction": 0.01953125,
      "mean_optimistic_loop_work_reduction_percent": 0.3263707571801566,
      "mean_old_homogeneous_tiles": 0,
      "mean_bucketed_tiles": 1.25,
      "opportunity_gate": false,
      "threshold_percent": 5.0,
      "decision": "compile_one_fixed_bucketed_candidate_if_gate_passes_else_stop"
    }
  ],
  "new_kernel_implemented": false,
  "new_GEMM_measured": false,
  "new_MSE_measured": false,
  "source_quantization_unchanged": true,
  "production_default_changed": false,
  "no_filtering": true,
  "no_new_source_quantization": true
}
