ptxas info    : 0 bytes gmem
ptxas info    : Compiling entry function '_ZN12vector_probe36adangel_sm80_vector_fixed_conversionILN23adangel_sm80_experiment17GroupedSourceKindE3ELi16EEEvPKhS4_PKfS4_S4_PhPfjj' for 'sm_80'
ptxas info    : Function properties for _ZN12vector_probe36adangel_sm80_vector_fixed_conversionILN23adangel_sm80_experiment17GroupedSourceKindE3ELi16EEEvPKhS4_PKfS4_S4_PhPfjj
    0 bytes stack frame, 0 bytes spill stores, 0 bytes spill loads
ptxas info    : Used 19 registers, used 0 barriers, 416 bytes cmem[0]
ptxas info    : Compile time = 14.829 ms
ptxas info    : Compiling entry function '_ZN12vector_probe36adangel_sm80_vector_fixed_conversionILN23adangel_sm80_experiment17GroupedSourceKindE1ELi16EEEvPKhS4_PKfS4_S4_PhPfjj' for 'sm_80'
ptxas info    : Function properties for _ZN12vector_probe36adangel_sm80_vector_fixed_conversionILN23adangel_sm80_experiment17GroupedSourceKindE1ELi16EEEvPKhS4_PKfS4_S4_PhPfjj
    0 bytes stack frame, 0 bytes spill stores, 0 bytes spill loads
ptxas info    : Used 32 registers, used 0 barriers, 416 bytes cmem[0]
ptxas info    : Compile time = 12.521 ms
ptxas info    : Compiling entry function '_ZN12vector_probe36adangel_sm80_vector_fixed_conversionILN23adangel_sm80_experiment17GroupedSourceKindE2ELi16EEEvPKhS4_PKfS4_S4_PhPfjj' for 'sm_80'
ptxas info    : Function properties for _ZN12vector_probe36adangel_sm80_vector_fixed_conversionILN23adangel_sm80_experiment17GroupedSourceKindE2ELi16EEEvPKhS4_PKfS4_S4_PhPfjj
    0 bytes stack frame, 0 bytes spill stores, 0 bytes spill loads
ptxas info    : Used 30 registers, used 0 barriers, 416 bytes cmem[0]
ptxas info    : Compile time = 9.414 ms
ptxas info    : Compiling entry function '_ZN12vector_probe36adangel_sm80_vector_fixed_conversionILN23adangel_sm80_experiment17GroupedSourceKindE0ELi16EEEvPKhS4_PKfS4_S4_PhPfjj' for 'sm_80'
ptxas info    : Function properties for _ZN12vector_probe36adangel_sm80_vector_fixed_conversionILN23adangel_sm80_experiment17GroupedSourceKindE0ELi16EEEvPKhS4_PKfS4_S4_PhPfjj
    0 bytes stack frame, 0 bytes spill stores, 0 bytes spill loads
ptxas info    : Used 26 registers, used 0 barriers, 416 bytes cmem[0]
ptxas info    : Compile time = 4.977 ms
ptxas info    : Compiling entry function 'adangel_o78_prepare_cta_guard' for 'sm_80'
ptxas info    : Function properties for adangel_o78_prepare_cta_guard
    0 bytes stack frame, 0 bytes spill stores, 0 bytes spill loads
ptxas info    : Used 30 registers, used 1 barriers, 144 bytes smem, 432 bytes cmem[0]
ptxas info    : Compile time = 18.813 ms
ptxas info    : Compiling entry function 'adangel_o78_prepare_e6m2' for 'sm_80'
ptxas info    : Function properties for adangel_o78_prepare_e6m2
    0 bytes stack frame, 0 bytes spill stores, 0 bytes spill loads
ptxas info    : Used 25 registers, used 1 barriers, 168 bytes smem, 424 bytes cmem[0]
ptxas info    : Compile time = 22.987 ms
ptxas info    : Compiling entry function 'adangel_o78_prepare_e4m3' for 'sm_80'
ptxas info    : Function properties for adangel_o78_prepare_e4m3
    0 bytes stack frame, 0 bytes spill stores, 0 bytes spill loads
ptxas info    : Used 25 registers, used 1 barriers, 168 bytes smem, 424 bytes cmem[0]
ptxas info    : Compile time = 22.993 ms
ptxas info    : Compiling entry function 'adangel_o78_prepare_ue8m0' for 'sm_80'
ptxas info    : Function properties for adangel_o78_prepare_ue8m0
    0 bytes stack frame, 0 bytes spill stores, 0 bytes spill loads
ptxas info    : Used 25 registers, used 1 barriers, 168 bytes smem, 424 bytes cmem[0]
ptxas info    : Compile time = 22.179 ms
