/home/zlouyang/ADAngel_oyzl/reports/o378_roof_v110_shell_capacity/o78_shell_generated.cuh(44): warning #177-D: variable "m" was declared but never referenced
    constexpr uint32_t m=4096,n=4096,k=4096;
                       ^

Remark: The warnings can be suppressed with "-diag-suppress <warning-number>"

/home/zlouyang/ADAngel_oyzl/reports/o378_roof_v110_shell_capacity/o78_shell_generated.cuh(44): warning #177-D: variable "k" was declared but never referenced
    constexpr uint32_t m=4096,n=4096,k=4096;
                                     ^

/home/zlouyang/ADAngel_oyzl/reports/o378_roof_v110_shell_capacity/o78_shell_generated.cuh(109): warning #836-D: returning reference to local variable
          else return b0;
                      ^
          detected during:
            instantiation of function "lambda [](auto)->auto [with <auto-1>=cute::C<0>]" at line 17 of /home/zlouyang/ADAngel_oyzl/csrc/sm80/roof_o78_fullk_probe.cu
            instantiation of "void <unnamed>::o1_static_for<I,End,F>(const F &) [with I=0, End=2, F=lambda [](auto)->auto]" at line 160
            instantiation of "void <unnamed>::o78_shell_capacity_experiment::body<Mode>(float *, int, int) [with Mode=0]" at line 8 of /home/zlouyang/ADAngel_oyzl/csrc/sm80/roof_o78_shell_probe.cu

/home/zlouyang/ADAngel_oyzl/reports/o378_roof_v110_shell_capacity/o78_shell_generated.cuh(113): warning #836-D: returning reference to local variable
          else return b1;
                      ^
          detected during:
            instantiation of function "lambda [](auto)->auto [with <auto-1>=cute::C<0>]" at line 17 of /home/zlouyang/ADAngel_oyzl/csrc/sm80/roof_o78_fullk_probe.cu
            instantiation of "void <unnamed>::o1_static_for<I,End,F>(const F &) [with I=0, End=2, F=lambda [](auto)->auto]" at line 160
            instantiation of "void <unnamed>::o78_shell_capacity_experiment::body<Mode>(float *, int, int) [with Mode=0]" at line 8 of /home/zlouyang/ADAngel_oyzl/csrc/sm80/roof_o78_shell_probe.cu

/home/zlouyang/ADAngel_oyzl/reports/o378_roof_v110_shell_capacity/o78_shell_generated.cuh(108): warning #836-D: returning reference to local variable
          if constexpr(Mode==0 && decltype(nb)::value==1) return b20;
                                                                 ^
          detected during:
            instantiation of function "lambda [](auto)->auto [with <auto-1>=cute::C<1>]" at line 17 of /home/zlouyang/ADAngel_oyzl/csrc/sm80/roof_o78_fullk_probe.cu
            instantiation of "void <unnamed>::o1_static_for<I,End,F>(const F &) [with I=1, End=2, F=lambda [](auto)->auto]" at line 17 of /home/zlouyang/ADAngel_oyzl/csrc/sm80/roof_o78_fullk_probe.cu
            instantiation of "void <unnamed>::o1_static_for<I,End,F>(const F &) [with I=0, End=2, F=lambda [](auto)->auto]" at line 160
            instantiation of "void <unnamed>::o78_shell_capacity_experiment::body<Mode>(float *, int, int) [with Mode=0]" at line 8 of /home/zlouyang/ADAngel_oyzl/csrc/sm80/roof_o78_shell_probe.cu

/home/zlouyang/ADAngel_oyzl/reports/o378_roof_v110_shell_capacity/o78_shell_generated.cuh(112): warning #836-D: returning reference to local variable
          if constexpr(Mode==0 && decltype(nb)::value==1) return b21;
                                                                 ^
          detected during:
            instantiation of function "lambda [](auto)->auto [with <auto-1>=cute::C<1>]" at line 17 of /home/zlouyang/ADAngel_oyzl/csrc/sm80/roof_o78_fullk_probe.cu
            instantiation of "void <unnamed>::o1_static_for<I,End,F>(const F &) [with I=1, End=2, F=lambda [](auto)->auto]" at line 17 of /home/zlouyang/ADAngel_oyzl/csrc/sm80/roof_o78_fullk_probe.cu
            instantiation of "void <unnamed>::o1_static_for<I,End,F>(const F &) [with I=0, End=2, F=lambda [](auto)->auto]" at line 160
            instantiation of "void <unnamed>::o78_shell_capacity_experiment::body<Mode>(float *, int, int) [with Mode=0]" at line 8 of /home/zlouyang/ADAngel_oyzl/csrc/sm80/roof_o78_shell_probe.cu

/home/zlouyang/ADAngel_oyzl/reports/o378_roof_v110_shell_capacity/o78_shell_generated.cuh(109): warning #836-D: returning reference to local variable
          else return b0;
                      ^
          detected during:
            instantiation of function "lambda [](auto)->auto [with <auto-1>=cute::C<0>]" at line 17 of /home/zlouyang/ADAngel_oyzl/csrc/sm80/roof_o78_fullk_probe.cu
            instantiation of "void <unnamed>::o1_static_for<I,End,F>(const F &) [with I=0, End=2, F=lambda [](auto)->auto]" at line 160
            instantiation of "void <unnamed>::o78_shell_capacity_experiment::body<Mode>(float *, int, int) [with Mode=1]" at line 12 of /home/zlouyang/ADAngel_oyzl/csrc/sm80/roof_o78_shell_probe.cu

/home/zlouyang/ADAngel_oyzl/reports/o378_roof_v110_shell_capacity/o78_shell_generated.cuh(113): warning #836-D: returning reference to local variable
          else return b1;
                      ^
          detected during:
            instantiation of function "lambda [](auto)->auto [with <auto-1>=cute::C<0>]" at line 17 of /home/zlouyang/ADAngel_oyzl/csrc/sm80/roof_o78_fullk_probe.cu
            instantiation of "void <unnamed>::o1_static_for<I,End,F>(const F &) [with I=0, End=2, F=lambda [](auto)->auto]" at line 160
            instantiation of "void <unnamed>::o78_shell_capacity_experiment::body<Mode>(float *, int, int) [with Mode=1]" at line 12 of /home/zlouyang/ADAngel_oyzl/csrc/sm80/roof_o78_shell_probe.cu

/home/zlouyang/ADAngel_oyzl/reports/o378_roof_v110_shell_capacity/o78_shell_generated.cuh(109): warning #836-D: returning reference to local variable
          else return b0;
                      ^
          detected during:
            instantiation of function "lambda [](auto)->auto [with <auto-1>=cute::C<1>]" at line 17 of /home/zlouyang/ADAngel_oyzl/csrc/sm80/roof_o78_fullk_probe.cu
            instantiation of "void <unnamed>::o1_static_for<I,End,F>(const F &) [with I=1, End=2, F=lambda [](auto)->auto]" at line 17 of /home/zlouyang/ADAngel_oyzl/csrc/sm80/roof_o78_fullk_probe.cu
            instantiation of "void <unnamed>::o1_static_for<I,End,F>(const F &) [with I=0, End=2, F=lambda [](auto)->auto]" at line 160
            instantiation of "void <unnamed>::o78_shell_capacity_experiment::body<Mode>(float *, int, int) [with Mode=1]" at line 12 of /home/zlouyang/ADAngel_oyzl/csrc/sm80/roof_o78_shell_probe.cu

/home/zlouyang/ADAngel_oyzl/reports/o378_roof_v110_shell_capacity/o78_shell_generated.cuh(113): warning #836-D: returning reference to local variable
          else return b1;
                      ^
          detected during:
            instantiation of function "lambda [](auto)->auto [with <auto-1>=cute::C<1>]" at line 17 of /home/zlouyang/ADAngel_oyzl/csrc/sm80/roof_o78_fullk_probe.cu
            instantiation of "void <unnamed>::o1_static_for<I,End,F>(const F &) [with I=1, End=2, F=lambda [](auto)->auto]" at line 17 of /home/zlouyang/ADAngel_oyzl/csrc/sm80/roof_o78_fullk_probe.cu
            instantiation of "void <unnamed>::o1_static_for<I,End,F>(const F &) [with I=0, End=2, F=lambda [](auto)->auto]" at line 160
            instantiation of "void <unnamed>::o78_shell_capacity_experiment::body<Mode>(float *, int, int) [with Mode=1]" at line 12 of /home/zlouyang/ADAngel_oyzl/csrc/sm80/roof_o78_shell_probe.cu

/home/zlouyang/ADAngel_oyzl/reports/o378_roof_v110_shell_capacity/o78_shell_generated.cuh(109): warning #836-D: returning reference to local variable
          else return b0;
                      ^
          detected during:
            instantiation of function "lambda [](auto)->auto [with <auto-1>=cute::C<0>]" at line 17 of /home/zlouyang/ADAngel_oyzl/csrc/sm80/roof_o78_fullk_probe.cu
            instantiation of "void <unnamed>::o1_static_for<I,End,F>(const F &) [with I=0, End=2, F=lambda [](auto)->auto]" at line 160
            instantiation of "void <unnamed>::o78_shell_capacity_experiment::body<Mode>(float *, int, int) [with Mode=2]" at line 16 of /home/zlouyang/ADAngel_oyzl/csrc/sm80/roof_o78_shell_probe.cu

/home/zlouyang/ADAngel_oyzl/reports/o378_roof_v110_shell_capacity/o78_shell_generated.cuh(113): warning #836-D: returning reference to local variable
          else return b1;
                      ^
          detected during:
            instantiation of function "lambda [](auto)->auto [with <auto-1>=cute::C<0>]" at line 17 of /home/zlouyang/ADAngel_oyzl/csrc/sm80/roof_o78_fullk_probe.cu
            instantiation of "void <unnamed>::o1_static_for<I,End,F>(const F &) [with I=0, End=2, F=lambda [](auto)->auto]" at line 160
            instantiation of "void <unnamed>::o78_shell_capacity_experiment::body<Mode>(float *, int, int) [with Mode=2]" at line 16 of /home/zlouyang/ADAngel_oyzl/csrc/sm80/roof_o78_shell_probe.cu

/home/zlouyang/ADAngel_oyzl/reports/o378_roof_v110_shell_capacity/o78_shell_generated.cuh(109): warning #836-D: returning reference to local variable
          else return b0;
                      ^
          detected during:
            instantiation of function "lambda [](auto)->auto [with <auto-1>=cute::C<1>]" at line 17 of /home/zlouyang/ADAngel_oyzl/csrc/sm80/roof_o78_fullk_probe.cu
            instantiation of "void <unnamed>::o1_static_for<I,End,F>(const F &) [with I=1, End=2, F=lambda [](auto)->auto]" at line 17 of /home/zlouyang/ADAngel_oyzl/csrc/sm80/roof_o78_fullk_probe.cu
            instantiation of "void <unnamed>::o1_static_for<I,End,F>(const F &) [with I=0, End=2, F=lambda [](auto)->auto]" at line 160
            instantiation of "void <unnamed>::o78_shell_capacity_experiment::body<Mode>(float *, int, int) [with Mode=2]" at line 16 of /home/zlouyang/ADAngel_oyzl/csrc/sm80/roof_o78_shell_probe.cu

/home/zlouyang/ADAngel_oyzl/reports/o378_roof_v110_shell_capacity/o78_shell_generated.cuh(113): warning #836-D: returning reference to local variable
          else return b1;
                      ^
          detected during:
            instantiation of function "lambda [](auto)->auto [with <auto-1>=cute::C<1>]" at line 17 of /home/zlouyang/ADAngel_oyzl/csrc/sm80/roof_o78_fullk_probe.cu
            instantiation of "void <unnamed>::o1_static_for<I,End,F>(const F &) [with I=1, End=2, F=lambda [](auto)->auto]" at line 17 of /home/zlouyang/ADAngel_oyzl/csrc/sm80/roof_o78_fullk_probe.cu
            instantiation of "void <unnamed>::o1_static_for<I,End,F>(const F &) [with I=0, End=2, F=lambda [](auto)->auto]" at line 160
            instantiation of "void <unnamed>::o78_shell_capacity_experiment::body<Mode>(float *, int, int) [with Mode=2]" at line 16 of /home/zlouyang/ADAngel_oyzl/csrc/sm80/roof_o78_shell_probe.cu

ptxas info    : 10 bytes gmem, 80 bytes cmem[4]
ptxas info    : Compiling entry function 'adangel_capacity_scaled_shared_shell' for 'sm_80'
ptxas info    : Function properties for adangel_capacity_scaled_shared_shell
    16 bytes stack frame, 24 bytes spill stores, 12 bytes spill loads
ptxas info    : Used 168 registers, used 1 barriers, 16 bytes cumulative stack size, 368 bytes cmem[0]
ptxas info    : Compile time = 60.155 ms
ptxas info    : Compiling entry function 'adangel_capacity_shared_shell' for 'sm_80'
ptxas info    : Function properties for adangel_capacity_shared_shell
    0 bytes stack frame, 0 bytes spill stores, 0 bytes spill loads
ptxas info    : Used 165 registers, used 1 barriers, 368 bytes cmem[0]
ptxas info    : Compile time = 33.711 ms
ptxas info    : Compiling entry function 'adangel_capacity_register_shell' for 'sm_80'
ptxas info    : Function properties for adangel_capacity_register_shell
    0 bytes stack frame, 0 bytes spill stores, 0 bytes spill loads
ptxas info    : Used 166 registers, used 1 barriers, 368 bytes cmem[0]
ptxas info    : Compile time = 33.817 ms
ptxas info    : Compiling entry function 'adangel_roof_o78_eight_chain_candidate' for 'sm_80'
ptxas info    : Function properties for adangel_roof_o78_eight_chain_candidate
    0 bytes stack frame, 0 bytes spill stores, 0 bytes spill loads
ptxas info    : Used 168 registers, used 1 barriers, 444 bytes cmem[0]
ptxas info    : Compile time = 142.632 ms
ptxas info    : Compiling entry function 'adangel_roof_o78_fullk_candidate' for 'sm_80'
ptxas info    : Function properties for adangel_roof_o78_fullk_candidate
    8 bytes stack frame, 8 bytes spill stores, 8 bytes spill loads
ptxas info    : Used 168 registers, used 1 barriers, 8 bytes cumulative stack size, 444 bytes cmem[0]
ptxas info    : Compile time = 141.776 ms
ptxas info    : Compiling entry function 'adangel_roof_o78_fullk_control' for 'sm_80'
ptxas info    : Function properties for adangel_roof_o78_fullk_control
    8 bytes stack frame, 8 bytes spill stores, 8 bytes spill loads
ptxas info    : Used 168 registers, used 1 barriers, 8 bytes cumulative stack size, 444 bytes cmem[0]
ptxas info    : Compile time = 65.750 ms
