/home/zlouyang/ADAngel_oyzl/reports/o378_roof_v110_shell_capacity/o78_shell_generated.cuh(44): warning #177-D: variable "m" was declared but never referenced
    constexpr uint32_t m=4096,n=4096,k=4096;
                       ^

Remark: The warnings can be suppressed with "-diag-suppress <warning-number>"

/home/zlouyang/ADAngel_oyzl/reports/o378_roof_v110_shell_capacity/o78_shell_generated.cuh(44): warning #177-D: variable "k" was declared but never referenced
    constexpr uint32_t m=4096,n=4096,k=4096;
                                     ^

/home/zlouyang/ADAngel_oyzl/reports/o378_roof_v110_shell_capacity/o78_shell_generated.cuh(109): warning #836-D: returning reference to local variable
          else return b0;
                      ^
          detected during:
            instantiation of function "lambda [](auto)->auto [with <auto-1>=cute::C<0>]" at line 17 of /home/zlouyang/ADAngel_oyzl/csrc/sm80/roof_o78_fullk_probe.cu
            instantiation of "void <unnamed>::o1_static_for<I,End,F>(const F &) [with I=0, End=2, F=lambda [](auto)->auto]" at line 160
            instantiation of "void <unnamed>::o78_shell_capacity_experiment::body<Mode>(float *, int, int) [with Mode=0]" at line 8 of /home/zlouyang/ADAngel_oyzl/csrc/sm80/roof_o78_shell_probe.cu

/home/zlouyang/ADAngel_oyzl/reports/o378_roof_v110_shell_capacity/o78_shell_generated.cuh(113): warning #836-D: returning reference to local variable
          else return b1;
                      ^
          detected during:
            instantiation of function "lambda [](auto)->auto [with <auto-1>=cute::C<0>]" at line 17 of /home/zlouyang/ADAngel_oyzl/csrc/sm80/roof_o78_fullk_probe.cu
            instantiation of "void <unnamed>::o1_static_for<I,End,F>(const F &) [with I=0, End=2, F=lambda [](auto)->auto]" at line 160
            instantiation of "void <unnamed>::o78_shell_capacity_experiment::body<Mode>(float *, int, int) [with Mode=0]" at line 8 of /home/zlouyang/ADAngel_oyzl/csrc/sm80/roof_o78_shell_probe.cu

/home/zlouyang/ADAngel_oyzl/reports/o378_roof_v110_shell_capacity/o78_shell_generated.cuh(108): warning #836-D: returning reference to local variable
          if constexpr(Mode==0 && decltype(nb)::value==1) return b20;
                                                                 ^
          detected during:
            instantiation of function "lambda [](auto)->auto [with <auto-1>=cute::C<1>]" at line 17 of /home/zlouyang/ADAngel_oyzl/csrc/sm80/roof_o78_fullk_probe.cu
            instantiation of "void <unnamed>::o1_static_for<I,End,F>(const F &) [with I=1, End=2, F=lambda [](auto)->auto]" at line 17 of /home/zlouyang/ADAngel_oyzl/csrc/sm80/roof_o78_fullk_probe.cu
            instantiation of "void <unnamed>::o1_static_for<I,End,F>(const F &) [with I=0, End=2, F=lambda [](auto)->auto]" at line 160
            instantiation of "void <unnamed>::o78_shell_capacity_experiment::body<Mode>(float *, int, int) [with Mode=0]" at line 8 of /home/zlouyang/ADAngel_oyzl/csrc/sm80/roof_o78_shell_probe.cu

/home/zlouyang/ADAngel_oyzl/reports/o378_roof_v110_shell_capacity/o78_shell_generated.cuh(112): warning #836-D: returning reference to local variable
          if constexpr(Mode==0 && decltype(nb)::value==1) return b21;
                                                                 ^
          detected during:
            instantiation of function "lambda [](auto)->auto [with <auto-1>=cute::C<1>]" at line 17 of /home/zlouyang/ADAngel_oyzl/csrc/sm80/roof_o78_fullk_probe.cu
            instantiation of "void <unnamed>::o1_static_for<I,End,F>(const F &) [with I=1, End=2, F=lambda [](auto)->auto]" at line 17 of /home/zlouyang/ADAngel_oyzl/csrc/sm80/roof_o78_fullk_probe.cu
            instantiation of "void <unnamed>::o1_static_for<I,End,F>(const F &) [with I=0, End=2, F=lambda [](auto)->auto]" at line 160
            instantiation of "void <unnamed>::o78_shell_capacity_experiment::body<Mode>(float *, int, int) [with Mode=0]" at line 8 of /home/zlouyang/ADAngel_oyzl/csrc/sm80/roof_o78_shell_probe.cu

/home/zlouyang/ADAngel_oyzl/reports/o378_roof_v110_shell_capacity/o78_shell_generated.cuh(109): warning #836-D: returning reference to local variable
          else return b0;
                      ^
          detected during:
            instantiation of function "lambda [](auto)->auto [with <auto-1>=cute::C<0>]" at line 17 of /home/zlouyang/ADAngel_oyzl/csrc/sm80/roof_o78_fullk_probe.cu
            instantiation of "void <unnamed>::o1_static_for<I,End,F>(const F &) [with I=0, End=2, F=lambda [](auto)->auto]" at line 160
            instantiation of "void <unnamed>::o78_shell_capacity_experiment::body<Mode>(float *, int, int) [with Mode=1]" at line 12 of /home/zlouyang/ADAngel_oyzl/csrc/sm80/roof_o78_shell_probe.cu

/home/zlouyang/ADAngel_oyzl/reports/o378_roof_v110_shell_capacity/o78_shell_generated.cuh(113): warning #836-D: returning reference to local variable
          else return b1;
                      ^
          detected during:
            instantiation of function "lambda [](auto)->auto [with <auto-1>=cute::C<0>]" at line 17 of /home/zlouyang/ADAngel_oyzl/csrc/sm80/roof_o78_fullk_probe.cu
            instantiation of "void <unnamed>::o1_static_for<I,End,F>(const F &) [with I=0, End=2, F=lambda [](auto)->auto]" at line 160
            instantiation of "void <unnamed>::o78_shell_capacity_experiment::body<Mode>(float *, int, int) [with Mode=1]" at line 12 of /home/zlouyang/ADAngel_oyzl/csrc/sm80/roof_o78_shell_probe.cu

/home/zlouyang/ADAngel_oyzl/reports/o378_roof_v110_shell_capacity/o78_shell_generated.cuh(109): warning #836-D: returning reference to local variable
          else return b0;
                      ^
          detected during:
            instantiation of function "lambda [](auto)->auto [with <auto-1>=cute::C<1>]" at line 17 of /home/zlouyang/ADAngel_oyzl/csrc/sm80/roof_o78_fullk_probe.cu
            instantiation of "void <unnamed>::o1_static_for<I,End,F>(const F &) [with I=1, End=2, F=lambda [](auto)->auto]" at line 17 of /home/zlouyang/ADAngel_oyzl/csrc/sm80/roof_o78_fullk_probe.cu
            instantiation of "void <unnamed>::o1_static_for<I,End,F>(const F &) [with I=0, End=2, F=lambda [](auto)->auto]" at line 160
            instantiation of "void <unnamed>::o78_shell_capacity_experiment::body<Mode>(float *, int, int) [with Mode=1]" at line 12 of /home/zlouyang/ADAngel_oyzl/csrc/sm80/roof_o78_shell_probe.cu

/home/zlouyang/ADAngel_oyzl/reports/o378_roof_v110_shell_capacity/o78_shell_generated.cuh(113): warning #836-D: returning reference to local variable
          else return b1;
                      ^
          detected during:
            instantiation of function "lambda [](auto)->auto [with <auto-1>=cute::C<1>]" at line 17 of /home/zlouyang/ADAngel_oyzl/csrc/sm80/roof_o78_fullk_probe.cu
            instantiation of "void <unnamed>::o1_static_for<I,End,F>(const F &) [with I=1, End=2, F=lambda [](auto)->auto]" at line 17 of /home/zlouyang/ADAngel_oyzl/csrc/sm80/roof_o78_fullk_probe.cu
            instantiation of "void <unnamed>::o1_static_for<I,End,F>(const F &) [with I=0, End=2, F=lambda [](auto)->auto]" at line 160
            instantiation of "void <unnamed>::o78_shell_capacity_experiment::body<Mode>(float *, int, int) [with Mode=1]" at line 12 of /home/zlouyang/ADAngel_oyzl/csrc/sm80/roof_o78_shell_probe.cu

/home/zlouyang/ADAngel_oyzl/reports/o378_roof_v110_shell_capacity/o78_shell_generated.cuh(109): warning #836-D: returning reference to local variable
          else return b0;
                      ^
          detected during:
            instantiation of function "lambda [](auto)->auto [with <auto-1>=cute::C<0>]" at line 17 of /home/zlouyang/ADAngel_oyzl/csrc/sm80/roof_o78_fullk_probe.cu
            instantiation of "void <unnamed>::o1_static_for<I,End,F>(const F &) [with I=0, End=2, F=lambda [](auto)->auto]" at line 160
            instantiation of "void <unnamed>::o78_shell_capacity_experiment::body<Mode>(float *, int, int) [with Mode=2]" at line 16 of /home/zlouyang/ADAngel_oyzl/csrc/sm80/roof_o78_shell_probe.cu

/home/zlouyang/ADAngel_oyzl/reports/o378_roof_v110_shell_capacity/o78_shell_generated.cuh(113): warning #836-D: returning reference to local variable
          else return b1;
                      ^
          detected during:
            instantiation of function "lambda [](auto)->auto [with <auto-1>=cute::C<0>]" at line 17 of /home/zlouyang/ADAngel_oyzl/csrc/sm80/roof_o78_fullk_probe.cu
            instantiation of "void <unnamed>::o1_static_for<I,End,F>(const F &) [with I=0, End=2, F=lambda [](auto)->auto]" at line 160
            instantiation of "void <unnamed>::o78_shell_capacity_experiment::body<Mode>(float *, int, int) [with Mode=2]" at line 16 of /home/zlouyang/ADAngel_oyzl/csrc/sm80/roof_o78_shell_probe.cu

/home/zlouyang/ADAngel_oyzl/reports/o378_roof_v110_shell_capacity/o78_shell_generated.cuh(109): warning #836-D: returning reference to local variable
          else return b0;
                      ^
          detected during:
            instantiation of function "lambda [](auto)->auto [with <auto-1>=cute::C<1>]" at line 17 of /home/zlouyang/ADAngel_oyzl/csrc/sm80/roof_o78_fullk_probe.cu
            instantiation of "void <unnamed>::o1_static_for<I,End,F>(const F &) [with I=1, End=2, F=lambda [](auto)->auto]" at line 17 of /home/zlouyang/ADAngel_oyzl/csrc/sm80/roof_o78_fullk_probe.cu
            instantiation of "void <unnamed>::o1_static_for<I,End,F>(const F &) [with I=0, End=2, F=lambda [](auto)->auto]" at line 160
            instantiation of "void <unnamed>::o78_shell_capacity_experiment::body<Mode>(float *, int, int) [with Mode=2]" at line 16 of /home/zlouyang/ADAngel_oyzl/csrc/sm80/roof_o78_shell_probe.cu

/home/zlouyang/ADAngel_oyzl/reports/o378_roof_v110_shell_capacity/o78_shell_generated.cuh(113): warning #836-D: returning reference to local variable
          else return b1;
                      ^
          detected during:
            instantiation of function "lambda [](auto)->auto [with <auto-1>=cute::C<1>]" at line 17 of /home/zlouyang/ADAngel_oyzl/csrc/sm80/roof_o78_fullk_probe.cu
            instantiation of "void <unnamed>::o1_static_for<I,End,F>(const F &) [with I=1, End=2, F=lambda [](auto)->auto]" at line 17 of /home/zlouyang/ADAngel_oyzl/csrc/sm80/roof_o78_fullk_probe.cu
            instantiation of "void <unnamed>::o1_static_for<I,End,F>(const F &) [with I=0, End=2, F=lambda [](auto)->auto]" at line 160
            instantiation of "void <unnamed>::o78_shell_capacity_experiment::body<Mode>(float *, int, int) [with Mode=2]" at line 16 of /home/zlouyang/ADAngel_oyzl/csrc/sm80/roof_o78_shell_probe.cu

