/home/zlouyang/ADAngel_oyzl/reports/o378_roof_v110_shell_capacity_r2/o78_shell_generated.cuh(44): warning #177-D: variable "m" was declared but never referenced
    constexpr uint32_t m=4096,n=4096,k=4096;
                       ^

Remark: The warnings can be suppressed with "-diag-suppress <warning-number>"

/home/zlouyang/ADAngel_oyzl/reports/o378_roof_v110_shell_capacity_r2/o78_shell_generated.cuh(44): warning #177-D: variable "k" was declared but never referenced
    constexpr uint32_t m=4096,n=4096,k=4096;
                                     ^

ptxas info    : 10 bytes gmem, 80 bytes cmem[4]
ptxas info    : Compiling entry function 'adangel_capacity_scaled_shared_shell' for 'sm_80'
ptxas info    : Function properties for adangel_capacity_scaled_shared_shell
    16 bytes stack frame, 24 bytes spill stores, 12 bytes spill loads
ptxas info    : Used 168 registers, used 1 barriers, 16 bytes cumulative stack size, 368 bytes cmem[0]
ptxas info    : Compile time = 59.475 ms
ptxas info    : Compiling entry function 'adangel_capacity_shared_shell' for 'sm_80'
ptxas info    : Function properties for adangel_capacity_shared_shell
    0 bytes stack frame, 0 bytes spill stores, 0 bytes spill loads
ptxas info    : Used 165 registers, used 1 barriers, 368 bytes cmem[0]
ptxas info    : Compile time = 33.776 ms
ptxas info    : Compiling entry function 'adangel_capacity_register_shell' for 'sm_80'
ptxas info    : Function properties for adangel_capacity_register_shell
    0 bytes stack frame, 0 bytes spill stores, 0 bytes spill loads
ptxas info    : Used 166 registers, used 1 barriers, 368 bytes cmem[0]
ptxas info    : Compile time = 33.783 ms
ptxas info    : Compiling entry function 'adangel_roof_o78_eight_chain_candidate' for 'sm_80'
ptxas info    : Function properties for adangel_roof_o78_eight_chain_candidate
    0 bytes stack frame, 0 bytes spill stores, 0 bytes spill loads
ptxas info    : Used 168 registers, used 1 barriers, 444 bytes cmem[0]
ptxas info    : Compile time = 141.952 ms
ptxas info    : Compiling entry function 'adangel_roof_o78_fullk_candidate' for 'sm_80'
ptxas info    : Function properties for adangel_roof_o78_fullk_candidate
    8 bytes stack frame, 8 bytes spill stores, 8 bytes spill loads
ptxas info    : Used 168 registers, used 1 barriers, 8 bytes cumulative stack size, 444 bytes cmem[0]
ptxas info    : Compile time = 141.099 ms
ptxas info    : Compiling entry function 'adangel_roof_o78_fullk_control' for 'sm_80'
ptxas info    : Function properties for adangel_roof_o78_fullk_control
    8 bytes stack frame, 8 bytes spill stores, 8 bytes spill loads
ptxas info    : Used 168 registers, used 1 barriers, 8 bytes cumulative stack size, 444 bytes cmem[0]
ptxas info    : Compile time = 65.437 ms
