layer_00_q_proj o7 {'tight_output_anchor': 0.9385062456130981, 'separable_row_column_anchor': 0.8828237056732178}
layer_00_q_proj o8 {'tight_output_anchor': 0.8698309659957886, 'separable_row_column_anchor': 0.6961984038352966}
layer_00_k_proj o7 {'tight_output_anchor': 0.9755770564079285, 'separable_row_column_anchor': 0.9546359181404114}
layer_00_k_proj o8 {'tight_output_anchor': 0.9428921341896057, 'separable_row_column_anchor': 0.8372694849967957}
layer_00_v_proj o7 {'tight_output_anchor': 0.994164228439331, 'separable_row_column_anchor': 0.9776605367660522}
layer_00_v_proj o8 {'tight_output_anchor': 0.9850508570671082, 'separable_row_column_anchor': 0.9741783142089844}
layer_00_o_proj o7 {'tight_output_anchor': 0.9998372793197632, 'separable_row_column_anchor': 0.9995050430297852}
layer_00_o_proj o8 {'tight_output_anchor': 0.9993131756782532, 'separable_row_column_anchor': 0.9939353466033936}
[
  {
    "variant": "o7",
    "anchor": "tight_output_anchor",
    "samples": 4,
    "outputs": 67108864,
    "int32_safe_outputs": 65566783,
    "int32_safe_fraction": 0.9770212024450302,
    "all_outputs_safe_samples": 0
  },
  {
    "variant": "o7",
    "anchor": "separable_row_column_anchor",
    "samples": 4,
    "outputs": 67108864,
    "int32_safe_outputs": 63998791,
    "int32_safe_fraction": 0.9536563009023666,
    "all_outputs_safe_samples": 0
  },
  {
    "variant": "o8",
    "anchor": "tight_output_anchor",
    "samples": 4,
    "outputs": 67108864,
    "int32_safe_outputs": 63704551,
    "int32_safe_fraction": 0.9492717832326889,
    "all_outputs_safe_samples": 0
  },
  {
    "variant": "o8",
    "anchor": "separable_row_column_anchor",
    "samples": 4,
    "outputs": 67108864,
    "int32_safe_outputs": 58746790,
    "int32_safe_fraction": 0.8753953874111176,
    "all_outputs_safe_samples": 0
  }
]
