==WARNING== Note: Running with uncontrolled GPU caches. Profiling results may be inconsistent.
==WARNING== Note: Running with unmodified GPU clocks. If not controlled otherwise, profiling results may be inconsistent.
==PROF== Connected to process 3550315 (/home/zlouyang/miniconda3/envs/adangel-a100/bin/python3.10)
==PROF== Profiling "adangel_roof_o3_grouped_cta_candidate": Application replay pass 1
current-best O3 warm profile pass identity/output passed 3550315
==PROF== Disconnected from process 3550315
==PROF== Connected to process 3550478 (/home/zlouyang/miniconda3/envs/adangel-a100/bin/python3.10)
==PROF== Profiling "adangel_roof_o3_grouped_cta_candidate": Application replay pass 2
current-best O3 warm profile pass identity/output passed 3550478
==PROF== Disconnected from process 3550478
==PROF== Connected to process 3550610 (/home/zlouyang/miniconda3/envs/adangel-a100/bin/python3.10)
==PROF== Profiling "adangel_roof_o3_grouped_cta_candidate": Application replay pass 3
current-best O3 warm profile pass identity/output passed 3550610
==PROF== Disconnected from process 3550610
==PROF== Connected to process 3550775 (/home/zlouyang/miniconda3/envs/adangel-a100/bin/python3.10)
==PROF== Profiling "adangel_roof_o3_grouped_cta_candidate": Application replay pass 4
current-best O3 warm profile pass identity/output passed 3550775
==PROF== Disconnected from process 3550775
==PROF== Connected to process 3550891 (/home/zlouyang/miniconda3/envs/adangel-a100/bin/python3.10)
==PROF== Profiling "adangel_roof_o3_grouped_cta_candidate": Application replay pass 5
current-best O3 warm profile pass identity/output passed 3550891
==PROF== Disconnected from process 3550891
==PROF== Connected to process 3551092 (/home/zlouyang/miniconda3/envs/adangel-a100/bin/python3.10)
==PROF== Profiling "adangel_roof_o3_grouped_cta_candidate": Application replay pass 6
current-best O3 warm profile pass identity/output passed 3551092
==PROF== Disconnected from process 3551092
==PROF== Connected to process 3551256 (/home/zlouyang/miniconda3/envs/adangel-a100/bin/python3.10)
==PROF== Profiling "adangel_roof_o3_grouped_cta_candidate": Application replay pass 7
current-best O3 warm profile pass identity/output passed 3551256
==PROF== Disconnected from process 3551256
==PROF== Connected to process 3551418 (/home/zlouyang/miniconda3/envs/adangel-a100/bin/python3.10)
==PROF== Profiling "adangel_roof_o3_grouped_cta_candidate": Application replay pass 8
current-best O3 warm profile pass identity/output passed 3551418
==PROF== Disconnected from process 3551418
==PROF== Connected to process 3551537 (/home/zlouyang/miniconda3/envs/adangel-a100/bin/python3.10)
==PROF== Profiling "adangel_roof_o3_grouped_cta_candidate": Application replay pass 9
current-best O3 warm profile pass identity/output passed 3551537
==PROF== Disconnected from process 3551537
==PROF== Connected to process 3551761 (/home/zlouyang/miniconda3/envs/adangel-a100/bin/python3.10)
==PROF== Profiling "adangel_roof_o3_grouped_cta_candidate": Application replay pass 10
current-best O3 warm profile pass identity/output passed 3551761
==PROF== Disconnected from process 3551761
==PROF== Connected to process 3551950 (/home/zlouyang/miniconda3/envs/adangel-a100/bin/python3.10)
==PROF== Profiling "adangel_roof_o3_grouped_cta_candidate": Application replay pass 11
current-best O3 warm profile pass identity/output passed 3551950
==PROF== Disconnected from process 3551950
==PROF== Connected to process 3552152 (/home/zlouyang/miniconda3/envs/adangel-a100/bin/python3.10)
==PROF== Profiling "adangel_roof_o3_grouped_cta_candidate": Application replay pass 12
current-best O3 warm profile pass identity/output passed 3552152
==PROF== Disconnected from process 3552152
==PROF== Connected to process 3552281 (/home/zlouyang/miniconda3/envs/adangel-a100/bin/python3.10)
==PROF== Profiling "adangel_roof_o3_grouped_cta_candidate": Application replay pass 13
current-best O3 warm profile pass identity/output passed 3552281
==PROF== Disconnected from process 3552281
==PROF== Connected to process 3552426 (/home/zlouyang/miniconda3/envs/adangel-a100/bin/python3.10)
==PROF== Profiling "adangel_roof_o3_grouped_cta_candidate": Application replay pass 14
current-best O3 warm profile pass identity/output passed 3552426
==PROF== Disconnected from process 3552426
==PROF== Connected to process 3552604 (/home/zlouyang/miniconda3/envs/adangel-a100/bin/python3.10)
==PROF== Profiling "adangel_roof_o3_grouped_cta_candidate": Application replay pass 15
current-best O3 warm profile pass identity/output passed 3552604
==PROF== Disconnected from process 3552604
==PROF== Connected to process 3552734 (/home/zlouyang/miniconda3/envs/adangel-a100/bin/python3.10)
==PROF== Profiling "adangel_roof_o3_grouped_cta_candidate": Application replay pass 16
current-best O3 warm profile pass identity/output passed 3552734
==PROF== Disconnected from process 3552734
==PROF== Connected to process 3552978 (/home/zlouyang/miniconda3/envs/adangel-a100/bin/python3.10)
==PROF== Profiling "adangel_roof_o3_grouped_cta_candidate": Application replay pass 17
current-best O3 warm profile pass identity/output passed 3552978
==PROF== Disconnected from process 3552978
==PROF== Connected to process 3553162 (/home/zlouyang/miniconda3/envs/adangel-a100/bin/python3.10)
==PROF== Profiling "adangel_roof_o3_grouped_cta_candidate": Application replay pass 18
current-best O3 warm profile pass identity/output passed 3553162
==PROF== Disconnected from process 3553162
==PROF== Connected to process 3553302 (/home/zlouyang/miniconda3/envs/adangel-a100/bin/python3.10)
==PROF== Profiling "adangel_roof_o3_grouped_cta_candidate": Application replay pass 19
current-best O3 warm profile pass identity/output passed 3553302
==PROF== Disconnected from process 3553302
==PROF== Connected to process 3553454 (/home/zlouyang/miniconda3/envs/adangel-a100/bin/python3.10)
==PROF== Profiling "adangel_roof_o3_grouped_cta_candidate": Application replay pass 20
current-best O3 warm profile pass identity/output passed 3553454
==PROF== Disconnected from process 3553454
==PROF== Connected to process 3553610 (/home/zlouyang/miniconda3/envs/adangel-a100/bin/python3.10)
==PROF== Profiling "adangel_roof_o3_grouped_cta_candidate": Application replay pass 21
current-best O3 warm profile pass identity/output passed 3553610
==PROF== Disconnected from process 3553610
==PROF== Connected to process 3553770 (/home/zlouyang/miniconda3/envs/adangel-a100/bin/python3.10)
==PROF== Profiling "adangel_roof_o3_grouped_cta_candidate": Application replay pass 22
current-best O3 warm profile pass identity/output passed 3553770
==PROF== Disconnected from process 3553770
==PROF== Connected to process 3553910 (/home/zlouyang/miniconda3/envs/adangel-a100/bin/python3.10)
==PROF== Profiling "adangel_roof_o3_grouped_cta_candidate": Application replay pass 23
current-best O3 warm profile pass identity/output passed 3553910
==PROF== Disconnected from process 3553910
==PROF== Connected to process 3554043 (/home/zlouyang/miniconda3/envs/adangel-a100/bin/python3.10)
==PROF== Profiling "adangel_roof_o3_grouped_cta_candidate": Application replay pass 24
current-best O3 warm profile pass identity/output passed 3554043
==PROF== Disconnected from process 3554043
==PROF== Connected to process 3554218 (/home/zlouyang/miniconda3/envs/adangel-a100/bin/python3.10)
==PROF== Profiling "adangel_roof_o3_grouped_cta_candidate": Application replay pass 25
current-best O3 warm profile pass identity/output passed 3554218
==PROF== Disconnected from process 3554218
==PROF== Connected to process 3554334 (/home/zlouyang/miniconda3/envs/adangel-a100/bin/python3.10)
==PROF== Profiling "adangel_roof_o3_grouped_cta_candidate": Application replay pass 26
current-best O3 warm profile pass identity/output passed 3554334
==PROF== Disconnected from process 3554334
==PROF== Connected to process 3554457 (/home/zlouyang/miniconda3/envs/adangel-a100/bin/python3.10)
==PROF== Profiling "adangel_roof_o3_grouped_cta_candidate": Application replay pass 27
current-best O3 warm profile pass identity/output passed 3554457
==PROF== Disconnected from process 3554457
==PROF== Connected to process 3554607 (/home/zlouyang/miniconda3/envs/adangel-a100/bin/python3.10)
==PROF== Profiling "adangel_roof_o3_grouped_cta_candidate": Application replay pass 28
current-best O3 warm profile pass identity/output passed 3554607
==PROF== Disconnected from process 3554607
==PROF== Connected to process 3554777 (/home/zlouyang/miniconda3/envs/adangel-a100/bin/python3.10)
==PROF== Profiling "adangel_roof_o3_grouped_cta_candidate": Application replay pass 29
current-best O3 warm profile pass identity/output passed 3554777
==PROF== Disconnected from process 3554777
==PROF== Connected to process 3554921 (/home/zlouyang/miniconda3/envs/adangel-a100/bin/python3.10)
==PROF== Profiling "adangel_roof_o3_grouped_cta_candidate": Application replay pass 30
current-best O3 warm profile pass identity/output passed 3554921
==PROF== Disconnected from process 3554921
==PROF== Connected to process 3555056 (/home/zlouyang/miniconda3/envs/adangel-a100/bin/python3.10)
==PROF== Profiling "adangel_roof_o3_grouped_cta_candidate": Application replay pass 31
current-best O3 warm profile pass identity/output passed 3555056
==PROF== Disconnected from process 3555056
==PROF== Connected to process 3555237 (/home/zlouyang/miniconda3/envs/adangel-a100/bin/python3.10)
==PROF== Profiling "adangel_roof_o3_grouped_cta_candidate": Application replay pass 32
current-best O3 warm profile pass identity/output passed 3555237
==PROF== Disconnected from process 3555237
==PROF== Connected to process 3555437 (/home/zlouyang/miniconda3/envs/adangel-a100/bin/python3.10)
==PROF== Profiling "adangel_roof_o3_grouped_cta_candidate": Application replay pass 33
current-best O3 warm profile pass identity/output passed 3555437
==PROF== Disconnected from process 3555437
==PROF== Connected to process 3555555 (/home/zlouyang/miniconda3/envs/adangel-a100/bin/python3.10)
==PROF== Profiling "adangel_roof_o3_grouped_cta_candidate": Application replay pass 34
current-best O3 warm profile pass identity/output passed 3555555
==PROF== Disconnected from process 3555555
==PROF== Connected to process 3555690 (/home/zlouyang/miniconda3/envs/adangel-a100/bin/python3.10)
==PROF== Profiling "adangel_roof_o3_grouped_cta_candidate": Application replay pass 35
current-best O3 warm profile pass identity/output passed 3555690
==PROF== Disconnected from process 3555690
==PROF== Connected to process 3555868 (/home/zlouyang/miniconda3/envs/adangel-a100/bin/python3.10)
==PROF== Profiling "adangel_roof_o3_grouped_cta_candidate": Application replay pass 36
current-best O3 warm profile pass identity/output passed 3555868
==PROF== Disconnected from process 3555868
==PROF== Connected to process 3556013 (/home/zlouyang/miniconda3/envs/adangel-a100/bin/python3.10)
==PROF== Profiling "adangel_roof_o3_grouped_cta_candidate": Application replay pass 37
current-best O3 warm profile pass identity/output passed 3556013
==PROF== Disconnected from process 3556013
==PROF== Connected to process 3556182 (/home/zlouyang/miniconda3/envs/adangel-a100/bin/python3.10)
==PROF== Profiling "adangel_roof_o3_grouped_cta_candidate": Application replay pass 38
current-best O3 warm profile pass identity/output passed 3556182
==PROF== Disconnected from process 3556182
==PROF== Connected to process 3556365 (/home/zlouyang/miniconda3/envs/adangel-a100/bin/python3.10)
==PROF== Profiling "adangel_roof_o3_grouped_cta_candidate": Application replay pass 39
current-best O3 warm profile pass identity/output passed 3556365
==PROF== Disconnected from process 3556365
==PROF== Connected to process 3556521 (/home/zlouyang/miniconda3/envs/adangel-a100/bin/python3.10)
==PROF== Profiling "adangel_roof_o3_grouped_cta_candidate": Application replay pass 40
current-best O3 warm profile pass identity/output passed 3556521
==PROF== Disconnected from process 3556521
==PROF== Connected to process 3556661 (/home/zlouyang/miniconda3/envs/adangel-a100/bin/python3.10)
==PROF== Profiling "adangel_roof_o3_grouped_cta_candidate": Application replay pass 41
current-best O3 warm profile pass identity/output passed 3556661
==PROF== Disconnected from process 3556661
==PROF== Connected to process 3556810 (/home/zlouyang/miniconda3/envs/adangel-a100/bin/python3.10)
==PROF== Profiling "adangel_roof_o3_grouped_cta_candidate": Application replay pass 42
current-best O3 warm profile pass identity/output passed 3556810
==PROF== Disconnected from process 3556810
==PROF== Connected to process 3556941 (/home/zlouyang/miniconda3/envs/adangel-a100/bin/python3.10)
==PROF== Profiling "adangel_roof_o3_grouped_cta_candidate": Application replay pass 43
current-best O3 warm profile pass identity/output passed 3556941
==PROF== Disconnected from process 3556941
==PROF== Connected to process 3557092 (/home/zlouyang/miniconda3/envs/adangel-a100/bin/python3.10)
==PROF== Profiling "adangel_roof_o3_grouped_cta_candidate": Application replay pass 44
current-best O3 warm profile pass identity/output passed 3557092
==PROF== Disconnected from process 3557092
==PROF== Connected to process 3557249 (/home/zlouyang/miniconda3/envs/adangel-a100/bin/python3.10)
==PROF== Profiling "adangel_roof_o3_grouped_cta_candidate": Application replay pass 45
current-best O3 warm profile pass identity/output passed 3557249
==PROF== Disconnected from process 3557249
==PROF== Connected to process 3557422 (/home/zlouyang/miniconda3/envs/adangel-a100/bin/python3.10)
==PROF== Profiling "adangel_roof_o3_grouped_cta_candidate": Application replay pass 46
current-best O3 warm profile pass identity/output passed 3557422
==PROF== Disconnected from process 3557422
==PROF== Connected to process 3557549 (/home/zlouyang/miniconda3/envs/adangel-a100/bin/python3.10)
==PROF== Profiling "adangel_roof_o3_grouped_cta_candidate": Application replay pass 47
current-best O3 warm profile pass identity/output passed 3557549
==PROF== Disconnected from process 3557549
==PROF== Connected to process 3557674 (/home/zlouyang/miniconda3/envs/adangel-a100/bin/python3.10)
==PROF== Profiling "adangel_roof_o3_grouped_cta_candidate": Application replay pass 48
current-best O3 warm profile pass identity/output passed 3557674
==PROF== Disconnected from process 3557674
==PROF== Connected to process 3557834 (/home/zlouyang/miniconda3/envs/adangel-a100/bin/python3.10)
==PROF== Profiling "adangel_roof_o3_grouped_cta_candidate": Application replay pass 49
current-best O3 warm profile pass identity/output passed 3557834
==PROF== Disconnected from process 3557834
==PROF== Connected to process 3557955 (/home/zlouyang/miniconda3/envs/adangel-a100/bin/python3.10)
==PROF== Profiling "adangel_roof_o3_grouped_cta_candidate": Application replay pass 50
current-best O3 warm profile pass identity/output passed 3557955
==PROF== Disconnected from process 3557955
==PROF== Creating report from application replay data: 0%..................100%
==PROF== Report: /home/zlouyang/ADAngel_oyzl/reports/o378_roof_v136_o3_warm_ncu/o3_warm.ncu-rep
