ptxas info    : 0 bytes gmem
ptxas info    : Compiling entry function '_ZN19hif4_row_swar_probe31adangel_sm80_hif4_swar_metadataILN23adangel_sm80_experiment17GroupedSourceKindE2ELi16EEEvPKhS4_PKfS4_S4_PhPfPjjjfPiS8_PmSA_S9_' for 'sm_80'
ptxas info    : Function properties for _ZN19hif4_row_swar_probe31adangel_sm80_hif4_swar_metadataILN23adangel_sm80_experiment17GroupedSourceKindE2ELi16EEEvPKhS4_PKfS4_S4_PhPfPjjjfPiS8_PmSA_S9_
    0 bytes stack frame, 0 bytes spill stores, 0 bytes spill loads
ptxas info    : Used 22 registers, used 1 barriers, 256 bytes smem, 472 bytes cmem[0]
ptxas info    : Compile time = 17.254 ms
ptxas info    : Compiling entry function '_ZN18nv6_row_swar_probe30adangel_sm80_nv6_swar_metadataILN23adangel_sm80_experiment17GroupedSourceKindE3ELi16EEEvPKhS4_PKfS4_S4_PhPfPjjjfPiS8_PmSA_S9_' for 'sm_80'
ptxas info    : Function properties for _ZN18nv6_row_swar_probe30adangel_sm80_nv6_swar_metadataILN23adangel_sm80_experiment17GroupedSourceKindE3ELi16EEEvPKhS4_PKfS4_S4_PhPfPjjjfPiS8_PmSA_S9_
    0 bytes stack frame, 0 bytes spill stores, 0 bytes spill loads
ptxas info    : Used 29 registers, used 1 barriers, 256 bytes smem, 472 bytes cmem[0]
ptxas info    : Compile time = 17.305 ms
ptxas info    : Compiling entry function '_ZN15row_fused_probe36adangel_sm80_row_conversion_metadataILN23adangel_sm80_experiment17GroupedSourceKindE1ELi16EEEvPKhS4_PKfS4_S4_PhPfPjjjfPiS8_PmSA_S9_' for 'sm_80'
ptxas info    : Function properties for _ZN15row_fused_probe36adangel_sm80_row_conversion_metadataILN23adangel_sm80_experiment17GroupedSourceKindE1ELi16EEEvPKhS4_PKfS4_S4_PhPfPjjjfPiS8_PmSA_S9_
    0 bytes stack frame, 0 bytes spill stores, 0 bytes spill loads
ptxas info    : Used 32 registers, used 1 barriers, 256 bytes smem, 472 bytes cmem[0]
ptxas info    : Compile time = 24.965 ms
ptxas info    : Compiling entry function '_ZN15row_fused_probe36adangel_sm80_row_conversion_metadataILN23adangel_sm80_experiment17GroupedSourceKindE0ELi16EEEvPKhS4_PKfS4_S4_PhPfPjjjfPiS8_PmSA_S9_' for 'sm_80'
ptxas info    : Function properties for _ZN15row_fused_probe36adangel_sm80_row_conversion_metadataILN23adangel_sm80_experiment17GroupedSourceKindE0ELi16EEEvPKhS4_PKfS4_S4_PhPfPjjjfPiS8_PmSA_S9_
    0 bytes stack frame, 0 bytes spill stores, 0 bytes spill loads
ptxas info    : Used 31 registers, used 1 barriers, 256 bytes smem, 472 bytes cmem[0]
ptxas info    : Compile time = 16.265 ms
ptxas info    : Compiling entry function '_ZN15row_fused_probe36adangel_sm80_row_conversion_metadataILN23adangel_sm80_experiment17GroupedSourceKindE2ELi16EEEvPKhS4_PKfS4_S4_PhPfPjjjfPiS8_PmSA_S9_' for 'sm_80'
ptxas info    : Function properties for _ZN15row_fused_probe36adangel_sm80_row_conversion_metadataILN23adangel_sm80_experiment17GroupedSourceKindE2ELi16EEEvPKhS4_PKfS4_S4_PhPfPjjjfPiS8_PmSA_S9_
    0 bytes stack frame, 0 bytes spill stores, 0 bytes spill loads
ptxas info    : Used 31 registers, used 1 barriers, 256 bytes smem, 472 bytes cmem[0]
ptxas info    : Compile time = 21.204 ms
ptxas info    : Compiling entry function '_ZN15row_fused_probe36adangel_sm80_row_conversion_metadataILN23adangel_sm80_experiment17GroupedSourceKindE3ELi16EEEvPKhS4_PKfS4_S4_PhPfPjjjfPiS8_PmSA_S9_' for 'sm_80'
ptxas info    : Function properties for _ZN15row_fused_probe36adangel_sm80_row_conversion_metadataILN23adangel_sm80_experiment17GroupedSourceKindE3ELi16EEEvPKhS4_PKfS4_S4_PhPfPjjjfPiS8_PmSA_S9_
    0 bytes stack frame, 0 bytes spill stores, 0 bytes spill loads
ptxas info    : Used 23 registers, used 1 barriers, 256 bytes smem, 472 bytes cmem[0]
ptxas info    : Compile time = 24.540 ms
ptxas info    : Compiling entry function '_ZN16fused_norm_probe46adangel_sm80_vector_fixed_conversion_with_normILN23adangel_sm80_experiment17GroupedSourceKindE3ELi16EEEvPKhS4_PKfS4_S4_PhPfPjjj' for 'sm_80'
ptxas info    : Function properties for _ZN16fused_norm_probe46adangel_sm80_vector_fixed_conversion_with_normILN23adangel_sm80_experiment17GroupedSourceKindE3ELi16EEEvPKhS4_PKfS4_S4_PhPfPjjj
    0 bytes stack frame, 0 bytes spill stores, 0 bytes spill loads
ptxas info    : Used 22 registers, used 0 barriers, 424 bytes cmem[0]
ptxas info    : Compile time = 14.707 ms
ptxas info    : Compiling entry function '_ZN16fused_norm_probe46adangel_sm80_vector_fixed_conversion_with_normILN23adangel_sm80_experiment17GroupedSourceKindE1ELi16EEEvPKhS4_PKfS4_S4_PhPfPjjj' for 'sm_80'
ptxas info    : Function properties for _ZN16fused_norm_probe46adangel_sm80_vector_fixed_conversion_with_normILN23adangel_sm80_experiment17GroupedSourceKindE1ELi16EEEvPKhS4_PKfS4_S4_PhPfPjjj
    0 bytes stack frame, 0 bytes spill stores, 0 bytes spill loads
ptxas info    : Used 32 registers, used 0 barriers, 424 bytes cmem[0]
ptxas info    : Compile time = 13.877 ms
ptxas info    : Compiling entry function '_ZN16fused_norm_probe46adangel_sm80_vector_fixed_conversion_with_normILN23adangel_sm80_experiment17GroupedSourceKindE2ELi16EEEvPKhS4_PKfS4_S4_PhPfPjjj' for 'sm_80'
ptxas info    : Function properties for _ZN16fused_norm_probe46adangel_sm80_vector_fixed_conversion_with_normILN23adangel_sm80_experiment17GroupedSourceKindE2ELi16EEEvPKhS4_PKfS4_S4_PhPfPjjj
    0 bytes stack frame, 0 bytes spill stores, 0 bytes spill loads
ptxas info    : Used 29 registers, used 0 barriers, 424 bytes cmem[0]
ptxas info    : Compile time = 11.034 ms
ptxas info    : Compiling entry function '_ZN16fused_norm_probe46adangel_sm80_vector_fixed_conversion_with_normILN23adangel_sm80_experiment17GroupedSourceKindE0ELi16EEEvPKhS4_PKfS4_S4_PhPfPjjj' for 'sm_80'
ptxas info    : Function properties for _ZN16fused_norm_probe46adangel_sm80_vector_fixed_conversion_with_normILN23adangel_sm80_experiment17GroupedSourceKindE0ELi16EEEvPKhS4_PKfS4_S4_PhPfPjjj
    0 bytes stack frame, 0 bytes spill stores, 0 bytes spill loads
ptxas info    : Used 30 registers, used 0 barriers, 424 bytes cmem[0]
ptxas info    : Compile time = 6.629 ms
ptxas info    : Compiling entry function '_ZN12vector_probe36adangel_sm80_vector_fixed_conversionILN23adangel_sm80_experiment17GroupedSourceKindE3ELi16EEEvPKhS4_PKfS4_S4_PhPfjj' for 'sm_80'
ptxas info    : Function properties for _ZN12vector_probe36adangel_sm80_vector_fixed_conversionILN23adangel_sm80_experiment17GroupedSourceKindE3ELi16EEEvPKhS4_PKfS4_S4_PhPfjj
    0 bytes stack frame, 0 bytes spill stores, 0 bytes spill loads
ptxas info    : Used 19 registers, used 0 barriers, 416 bytes cmem[0]
ptxas info    : Compile time = 11.799 ms
ptxas info    : Compiling entry function '_ZN12vector_probe36adangel_sm80_vector_fixed_conversionILN23adangel_sm80_experiment17GroupedSourceKindE1ELi16EEEvPKhS4_PKfS4_S4_PhPfjj' for 'sm_80'
ptxas info    : Function properties for _ZN12vector_probe36adangel_sm80_vector_fixed_conversionILN23adangel_sm80_experiment17GroupedSourceKindE1ELi16EEEvPKhS4_PKfS4_S4_PhPfjj
    0 bytes stack frame, 0 bytes spill stores, 0 bytes spill loads
ptxas info    : Used 32 registers, used 0 barriers, 416 bytes cmem[0]
ptxas info    : Compile time = 11.884 ms
ptxas info    : Compiling entry function '_ZN12vector_probe36adangel_sm80_vector_fixed_conversionILN23adangel_sm80_experiment17GroupedSourceKindE2ELi16EEEvPKhS4_PKfS4_S4_PhPfjj' for 'sm_80'
ptxas info    : Function properties for _ZN12vector_probe36adangel_sm80_vector_fixed_conversionILN23adangel_sm80_experiment17GroupedSourceKindE2ELi16EEEvPKhS4_PKfS4_S4_PhPfjj
    0 bytes stack frame, 0 bytes spill stores, 0 bytes spill loads
ptxas info    : Used 30 registers, used 0 barriers, 416 bytes cmem[0]
ptxas info    : Compile time = 9.815 ms
ptxas info    : Compiling entry function '_ZN12vector_probe36adangel_sm80_vector_fixed_conversionILN23adangel_sm80_experiment17GroupedSourceKindE0ELi16EEEvPKhS4_PKfS4_S4_PhPfjj' for 'sm_80'
ptxas info    : Function properties for _ZN12vector_probe36adangel_sm80_vector_fixed_conversionILN23adangel_sm80_experiment17GroupedSourceKindE0ELi16EEEvPKhS4_PKfS4_S4_PhPfjj
    0 bytes stack frame, 0 bytes spill stores, 0 bytes spill loads
ptxas info    : Used 26 registers, used 0 barriers, 416 bytes cmem[0]
ptxas info    : Compile time = 4.959 ms
ptxas info    : Compiling entry function '_ZN53_GLOBAL__N__e756a35b_20_hif4_swar_prepare_cu_3a58dc9928adangel_hif4_swar_exhaustiveEP5uint4' for 'sm_80'
ptxas info    : Function properties for _ZN53_GLOBAL__N__e756a35b_20_hif4_swar_prepare_cu_3a58dc9928adangel_hif4_swar_exhaustiveEP5uint4
    0 bytes stack frame, 0 bytes spill stores, 0 bytes spill loads
ptxas info    : Used 22 registers, used 0 barriers, 360 bytes cmem[0]
ptxas info    : Compile time = 4.390 ms
ptxas info    : Compiling entry function '_ZN53_GLOBAL__N__e756a35b_20_hif4_swar_prepare_cu_3a58dc9927adangel_nv6_swar_exhaustiveEP5uint4' for 'sm_80'
ptxas info    : Function properties for _ZN53_GLOBAL__N__e756a35b_20_hif4_swar_prepare_cu_3a58dc9927adangel_nv6_swar_exhaustiveEP5uint4
    0 bytes stack frame, 0 bytes spill stores, 0 bytes spill loads
ptxas info    : Used 18 registers, used 0 barriers, 360 bytes cmem[0]
ptxas info    : Compile time = 3.683 ms
ptxas info    : Compiling entry function '_Z31adangel_o78_factor_from_squaresILi0EEvPKjPKhfPiPfPmS4_Pjii' for 'sm_80'
ptxas info    : Function properties for _Z31adangel_o78_factor_from_squaresILi0EEvPKjPKhfPiPfPmS4_Pjii
    0 bytes stack frame, 0 bytes spill stores, 0 bytes spill loads
ptxas info    : Used 26 registers, used 0 barriers, 424 bytes cmem[0]
ptxas info    : Compile time = 9.839 ms
ptxas info    : Compiling entry function '_Z31adangel_o78_factor_from_squaresILi2EEvPKjPKhfPiPfPmS4_Pjii' for 'sm_80'
ptxas info    : Function properties for _Z31adangel_o78_factor_from_squaresILi2EEvPKjPKhfPiPfPmS4_Pjii
    0 bytes stack frame, 0 bytes spill stores, 0 bytes spill loads
ptxas info    : Used 26 registers, used 0 barriers, 424 bytes cmem[0]
ptxas info    : Compile time = 9.993 ms
ptxas info    : Compiling entry function '_Z31adangel_o78_factor_from_squaresILi1EEvPKjPKhfPiPfPmS4_Pjii' for 'sm_80'
ptxas info    : Function properties for _Z31adangel_o78_factor_from_squaresILi1EEvPKjPKhfPiPfPmS4_Pjii
    0 bytes stack frame, 0 bytes spill stores, 0 bytes spill loads
ptxas info    : Used 26 registers, used 0 barriers, 424 bytes cmem[0]
ptxas info    : Compile time = 10.128 ms
ptxas info    : Compiling entry function 'adangel_o78_prepare_cta_guard' for 'sm_80'
ptxas info    : Function properties for adangel_o78_prepare_cta_guard
    0 bytes stack frame, 0 bytes spill stores, 0 bytes spill loads
ptxas info    : Used 30 registers, used 1 barriers, 144 bytes smem, 432 bytes cmem[0]
ptxas info    : Compile time = 18.502 ms
ptxas info    : Compiling entry function 'adangel_o78_prepare_e6m2' for 'sm_80'
ptxas info    : Function properties for adangel_o78_prepare_e6m2
    0 bytes stack frame, 0 bytes spill stores, 0 bytes spill loads
ptxas info    : Used 25 registers, used 1 barriers, 168 bytes smem, 424 bytes cmem[0]
ptxas info    : Compile time = 22.941 ms
ptxas info    : Compiling entry function 'adangel_o78_prepare_e4m3' for 'sm_80'
ptxas info    : Function properties for adangel_o78_prepare_e4m3
    0 bytes stack frame, 0 bytes spill stores, 0 bytes spill loads
ptxas info    : Used 25 registers, used 1 barriers, 168 bytes smem, 424 bytes cmem[0]
ptxas info    : Compile time = 22.909 ms
ptxas info    : Compiling entry function 'adangel_o78_prepare_ue8m0' for 'sm_80'
ptxas info    : Function properties for adangel_o78_prepare_ue8m0
    0 bytes stack frame, 0 bytes spill stores, 0 bytes spill loads
ptxas info    : Used 25 registers, used 1 barriers, 168 bytes smem, 424 bytes cmem[0]
ptxas info    : Compile time = 22.452 ms
