{
  "cost_gate": {
    "passed": false,
    "checks": {
      "work_reduction": false,
      "register_capacity": true,
      "no_hot_local": false,
      "same_native_math": true,
      "same_operand_loads": true,
      "same_copy_and_barrier": true
    },
    "instruction_ratio": 1.0371517027863777,
    "limits": {
      "max_instruction_ratio": 0.97,
      "max_register_increase": 0,
      "max_hot_local_instructions": 0
    },
    "interpretation": "compile_investment_gate_not_measured_speedup"
  },
  "liveness": {
    "adangel_roof_o3_grouped_cta_candidate": {
      "symbol": "adangel_roof_o3_grouped_cta_candidate",
      "allocated_gpr": 168,
      "function_max_live_gpr": 166,
      "loops": [
        {
          "kind": "fp32_fallback",
          "begin_pc": "0x1240",
          "end_pc": "0x2a20",
          "static_instructions": 383,
          "max_live_gpr": 162,
          "opcode_counts": {
            "BAR.SYNC.DEFER_BLOCKING": 1,
            "BRA": 4,
            "CALL.REL.NOINC": 1,
            "DEPBAR.LE": 2,
            "FFMA": 64,
            "FSEL": 1,
            "I2F": 64,
            "IADD3": 17,
            "IADD3.X": 9,
            "IMAD": 35,
            "IMAD.SHL.U32": 1,
            "IMAD.U32": 4,
            "IMMA.16864.S4.S4": 32,
            "IMMA.16864.U4.S4": 32,
            "ISETP.NE.AND": 1,
            "LDG.E.U8": 1,
            "LDGDEPBAR": 1,
            "LDGSTS.E.BYPASS.128": 8,
            "LDL": 3,
            "LDS": 3,
            "LDS.64": 8,
            "LDSM.16.M88.4": 16,
            "LEA": 36,
            "LOP3.LUT": 6,
            "MOV": 3,
            "PLOP3.LUT": 3,
            "S2R": 2,
            "SHF.L.U32": 3,
            "SHF.R.U32.HI": 1,
            "STS": 1,
            "UIADD3": 2,
            "UIMAD": 4,
            "UIMAD.WIDE.U32": 2,
            "UISETP.GE.AND": 3,
            "ULDC.64": 1,
            "ULEA": 2,
            "USHF.L.U32": 2,
            "USHF.R.S32.HI": 2,
            "USHF.R.U32.HI": 2
          },
          "peak_pcs": [
            "0x21d0",
            "0x21e0",
            "0x21f0",
            "0x2200",
            "0x2210",
            "0x2220",
            "0x2230",
            "0x2240"
          ]
        },
        {
          "kind": "integer",
          "begin_pc": "0x4d70",
          "end_pc": "0x6190",
          "static_instructions": 323,
          "max_live_gpr": 166,
          "opcode_counts": {
            "BAR.SYNC.DEFER_BLOCKING": 1,
            "BRA": 5,
            "BSSY": 1,
            "BSYNC": 1,
            "CALL.REL.NOINC": 1,
            "DEPBAR.LE": 2,
            "IADD3": 14,
            "IADD3.X": 9,
            "IMAD": 65,
            "IMAD.SHL.U32": 23,
            "IMAD.U32": 3,
            "IMMA.16864.S4.S4": 32,
            "IMMA.16864.U4.S4": 32,
            "LDGDEPBAR": 1,
            "LDGSTS.E.BYPASS.128": 9,
            "LDS": 3,
            "LDS.64": 8,
            "LDSM.16.M88.4": 16,
            "LEA": 6,
            "LEA.HI.X": 1,
            "LOP3.LUT": 4,
            "MOV": 4,
            "PLOP3.LUT": 3,
            "S2R": 2,
            "SHF.L.U32": 44,
            "UIADD3": 6,
            "UIMAD": 6,
            "UISETP.GE.U32.AND": 1,
            "UISETP.GT.U32.AND": 1,
            "UISETP.NE.AND": 1,
            "ULDC.64": 1,
            "ULEA": 2,
            "ULOP3.LUT": 4,
            "UPRMT": 4,
            "USHF.L.U32": 2,
            "USHF.R.S32.HI": 3,
            "USHF.R.U32.HI": 2
          },
          "peak_pcs": [
            "0x56e0",
            "0x56f0",
            "0x5700",
            "0x5710",
            "0x5720",
            "0x5730",
            "0x5740",
            "0x5760"
          ]
        }
      ],
      "cta_threads": 128,
      "register_only_four_cta_limit_per_thread": 128,
      "interpretation": "static_binary_live_range_not_runtime_timing_or_universal_register_lower_bound"
    },
    "adangel_roof_o3_ring_counter_candidate": {
      "symbol": "adangel_roof_o3_ring_counter_candidate",
      "allocated_gpr": 168,
      "function_max_live_gpr": 166,
      "loops": [
        {
          "kind": "fp32_fallback",
          "begin_pc": "0x1240",
          "end_pc": "0x2a20",
          "static_instructions": 383,
          "max_live_gpr": 162,
          "opcode_counts": {
            "BAR.SYNC.DEFER_BLOCKING": 1,
            "BRA": 4,
            "CALL.REL.NOINC": 1,
            "DEPBAR.LE": 2,
            "FFMA": 64,
            "FSEL": 1,
            "I2F": 64,
            "IADD3": 17,
            "IADD3.X": 9,
            "IMAD": 37,
            "IMAD.SHL.U32": 1,
            "IMAD.U32": 4,
            "IMMA.16864.S4.S4": 32,
            "IMMA.16864.U4.S4": 32,
            "ISETP.NE.AND": 1,
            "LDG.E.U8": 1,
            "LDGDEPBAR": 1,
            "LDGSTS.E.BYPASS.128": 8,
            "LDL": 3,
            "LDS": 3,
            "LDS.64": 8,
            "LDSM.16.M88.4": 16,
            "LEA": 34,
            "LOP3.LUT": 6,
            "MOV": 3,
            "PLOP3.LUT": 3,
            "S2R": 2,
            "SHF.L.U32": 3,
            "SHF.R.U32.HI": 1,
            "STS": 1,
            "UIADD3": 2,
            "UIMAD": 4,
            "UIMAD.WIDE.U32": 2,
            "UISETP.GE.AND": 3,
            "ULDC.64": 1,
            "ULEA": 2,
            "USHF.L.U32": 2,
            "USHF.R.S32.HI": 2,
            "USHF.R.U32.HI": 2
          },
          "peak_pcs": [
            "0x21d0",
            "0x21e0",
            "0x21f0",
            "0x2200",
            "0x2210",
            "0x2220",
            "0x2230",
            "0x2240"
          ]
        },
        {
          "kind": "integer",
          "begin_pc": "0x4db0",
          "end_pc": "0x6290",
          "static_instructions": 335,
          "max_live_gpr": 166,
          "opcode_counts": {
            "BAR.SYNC.DEFER_BLOCKING": 1,
            "BRA": 5,
            "BSSY": 1,
            "BSYNC": 1,
            "CALL.REL.NOINC": 1,
            "DEPBAR.LE": 2,
            "IADD3": 16,
            "IADD3.X": 9,
            "IMAD": 68,
            "IMAD.SHL.U32": 22,
            "IMAD.U32": 1,
            "IMMA.16864.S4.S4": 32,
            "IMMA.16864.U4.S4": 32,
            "LDGDEPBAR": 1,
            "LDGSTS.E.BYPASS.128": 9,
            "LDL": 3,
            "LDL.LU": 1,
            "LDS": 3,
            "LDS.64": 8,
            "LDSM.16.M88.4": 16,
            "LEA": 3,
            "LEA.HI.X": 1,
            "LOP3.LUT": 9,
            "MOV": 4,
            "NOP": 6,
            "PLOP3.LUT": 3,
            "S2R": 4,
            "SHF.L.U32": 47,
            "SHF.R.U32.HI": 4,
            "STL": 1,
            "UIADD3": 4,
            "UIMAD": 2,
            "UISETP.GE.U32.AND": 1,
            "UISETP.GT.U32.AND": 1,
            "UISETP.NE.AND": 3,
            "ULDC.64": 1,
            "ULEA": 2,
            "USEL": 2,
            "USHF.L.U32": 2,
            "USHF.R.S32.HI": 3
          },
          "peak_pcs": [
            "0x59c0",
            "0x59d0",
            "0x59e0",
            "0x59f0",
            "0x5a00",
            "0x5a10",
            "0x5a20",
            "0x5a30",
            "0x5a40",
            "0x5a50",
            "0x5a60",
            "0x5a70",
            "0x5a80",
            "0x5a90",
            "0x5aa0",
            "0x5ab0",
            "0x5ac0",
            "0x5ad0",
            "0x5ae0",
            "0x5af0",
            "0x5b00",
            "0x5b20",
            "0x5b30",
            "0x5b40",
            "0x5b50",
            "0x5b60",
            "0x5b70",
            "0x5b80",
            "0x5b90",
            "0x5ba0",
            "0x5c00",
            "0x5c10",
            "0x5c20"
          ]
        }
      ],
      "cta_threads": 128,
      "register_only_four_cta_limit_per_thread": 128,
      "interpretation": "static_binary_live_range_not_runtime_timing_or_universal_register_lower_bound"
    }
  }
}
Compile gate failed; stop without candidate GPU performance claims
