{
  "runtime_justified": true,
  "liveness": {
    "adangel_roof_o78_eight_chain_candidate": {
      "symbol": "adangel_roof_o78_eight_chain_candidate",
      "allocated_gpr": 168,
      "function_max_live_gpr": 166,
      "loops": [
        {
          "kind": "integer",
          "begin_pc": "0xa60",
          "end_pc": "0x2240",
          "static_instructions": 383,
          "max_live_gpr": 166,
          "opcode_counts": {
            "BAR.SYNC.DEFER_BLOCKING": 1,
            "BRA": 2,
            "CALL.REL.NOINC": 1,
            "DEPBAR.LE": 1,
            "IADD3": 20,
            "IADD3.X": 5,
            "IMAD": 128,
            "IMAD.IADD": 1,
            "IMAD.SHL.U32": 24,
            "IMAD.X": 5,
            "IMMA.16864.S4.S4": 32,
            "IMMA.16864.U4.S4": 32,
            "ISETP.GT.U32.AND": 1,
            "LDGDEPBAR": 1,
            "LDGSTS.E.BYPASS.128": 10,
            "LDS": 7,
            "LDS.64": 8,
            "LDSM.16.M88.4": 16,
            "LEA": 2,
            "LEA.HI.X": 2,
            "LOP3.LUT": 6,
            "MOV": 2,
            "PLOP3.LUT": 2,
            "S2R": 5,
            "SHF.L.U32": 48,
            "UIADD3": 1,
            "UIMAD": 2,
            "UISETP.GT.U32.AND": 1,
            "UISETP.NE.AND": 1,
            "ULDC.64": 1,
            "ULOP3.LUT": 6,
            "UMOV": 1,
            "USHF.L.U32": 8
          },
          "peak_pcs": [
            "0x1880",
            "0x1890",
            "0x1950",
            "0x1960",
            "0x1970",
            "0x1980"
          ]
        },
        {
          "kind": "fp32_fallback",
          "begin_pc": "0x4d40",
          "end_pc": "0x68b0",
          "static_instructions": 440,
          "max_live_gpr": 162,
          "opcode_counts": {
            "BAR.SYNC.DEFER_BLOCKING": 1,
            "BRA": 2,
            "CALL.REL.NOINC": 1,
            "DEPBAR.LE": 1,
            "FFMA": 64,
            "FMUL": 64,
            "I2F": 64,
            "IADD3": 19,
            "IADD3.X": 8,
            "IMAD": 23,
            "IMAD.IADD": 5,
            "IMAD.SHL.U32": 5,
            "IMAD.X": 2,
            "IMMA.16864.S4.S4": 32,
            "IMMA.16864.U4.S4": 32,
            "ISETP.GE.U32.AND": 2,
            "LDGDEPBAR": 1,
            "LDGSTS.E.BYPASS.128": 10,
            "LDS": 7,
            "LDS.64": 8,
            "LDSM.16.M88.4": 16,
            "LEA": 45,
            "LEA.HI.X": 2,
            "LOP3.LUT": 12,
            "MOV": 1,
            "NOP": 2,
            "S2R": 2,
            "SHF.L.U32": 9
          },
          "peak_pcs": [
            "0x58a0",
            "0x5f50"
          ]
        }
      ],
      "cta_threads": 128,
      "register_only_four_cta_limit_per_thread": 128,
      "interpretation": "static_binary_live_range_not_runtime_timing_or_universal_register_lower_bound"
    },
    "adangel_roof_o78_sixteen_chain_candidate": {
      "symbol": "adangel_roof_o78_sixteen_chain_candidate",
      "allocated_gpr": 230,
      "function_max_live_gpr": 224,
      "loops": [
        {
          "kind": "integer",
          "begin_pc": "0xa90",
          "end_pc": "0x2190",
          "static_instructions": 369,
          "max_live_gpr": 202,
          "opcode_counts": {
            "BAR.SYNC.DEFER_BLOCKING": 1,
            "BRA": 2,
            "CALL.REL.NOINC": 1,
            "DEPBAR.LE": 1,
            "IADD3": 17,
            "IADD3.X": 8,
            "IMAD": 128,
            "IMAD.IADD": 1,
            "IMAD.SHL.U32": 22,
            "IMAD.X": 2,
            "IMMA.16864.S4.S4": 32,
            "IMMA.16864.U4.S4": 32,
            "ISETP.GT.U32.AND": 1,
            "LDGDEPBAR": 1,
            "LDGSTS.E.BYPASS.128": 10,
            "LDS": 7,
            "LDS.64": 8,
            "LDSM.16.M88.4": 16,
            "LEA": 2,
            "LEA.HI.X": 2,
            "LOP3.LUT": 6,
            "MOV": 2,
            "PLOP3.LUT": 2,
            "SHF.L.U32": 44,
            "UIADD3": 1,
            "UIMAD": 2,
            "UISETP.GT.U32.AND": 1,
            "UISETP.NE.AND": 1,
            "ULDC.64": 1,
            "ULOP3.LUT": 6,
            "UMOV": 1,
            "USHF.L.U32": 8
          },
          "peak_pcs": [
            "0x1160",
            "0x1170",
            "0x1180",
            "0x1190",
            "0x11a0",
            "0x11b0",
            "0x11c0",
            "0x11d0",
            "0x11e0",
            "0x11f0",
            "0x1200",
            "0x1210",
            "0x1220",
            "0x1230",
            "0x1240",
            "0x1250",
            "0x1260",
            "0x1270",
            "0x1280",
            "0x1290",
            "0x12a0",
            "0x12b0",
            "0x12c0",
            "0x12d0",
            "0x12e0",
            "0x12f0",
            "0x1300",
            "0x1310",
            "0x1320",
            "0x1330",
            "0x1340",
            "0x1350",
            "0x1360",
            "0x1370",
            "0x1380",
            "0x1390",
            "0x13a0",
            "0x13b0",
            "0x13c0",
            "0x13d0",
            "0x13e0",
            "0x13f0",
            "0x1400",
            "0x1410",
            "0x1420",
            "0x1430",
            "0x1440",
            "0x1450",
            "0x1460",
            "0x1470",
            "0x1480",
            "0x1490",
            "0x14a0",
            "0x14b0",
            "0x14c0",
            "0x14d0",
            "0x14e0",
            "0x14f0",
            "0x1500"
          ]
        },
        {
          "kind": "fp32_fallback",
          "begin_pc": "0x4c30",
          "end_pc": "0x6760",
          "static_instructions": 436,
          "max_live_gpr": 224,
          "opcode_counts": {
            "BAR.SYNC.DEFER_BLOCKING": 1,
            "BRA": 2,
            "CALL.REL.NOINC": 1,
            "DEPBAR.LE": 1,
            "FFMA": 64,
            "FMUL": 64,
            "I2F": 64,
            "IADD3": 18,
            "IADD3.X": 8,
            "IMAD": 23,
            "IMAD.IADD": 1,
            "IMAD.U32": 1,
            "IMAD.X": 2,
            "IMMA.16864.S4.S4": 32,
            "IMMA.16864.U4.S4": 32,
            "LDGDEPBAR": 1,
            "LDGSTS.E.BYPASS.128": 10,
            "LDS": 7,
            "LDS.64": 8,
            "LDSM.16.M88.4": 16,
            "LEA": 44,
            "LEA.HI.X": 2,
            "LOP3.LUT": 7,
            "MOV": 2,
            "PLOP3.LUT": 2,
            "SHF.L.U32": 4,
            "UIADD3": 3,
            "UISETP.GE.U32.AND": 2,
            "ULDC.64": 1,
            "ULEA": 1,
            "ULOP3.LUT": 5,
            "UMOV": 1,
            "USHF.L.U32": 6
          },
          "peak_pcs": [
            "0x5860"
          ]
        }
      ],
      "cta_threads": 128,
      "register_only_four_cta_limit_per_thread": 128,
      "interpretation": "static_binary_live_range_not_runtime_timing_or_universal_register_lower_bound"
    }
  }
}
