layer_00_q_proj compute_only 0 0.40243199467658997
layer_00_q_proj compute_only 1 0.4259839951992035
layer_00_q_proj compute_only 1 0.4270080029964447
layer_00_q_proj compute_only 0 0.41471999883651733
layer_00_q_proj compute_only 0 0.40243199467658997
layer_00_q_proj compute_only 1 0.42905598878860474
layer_00_k_proj compute_only 1 0.43827199935913086
layer_00_k_proj compute_only 0 0.42188799381256104
layer_00_k_proj compute_only 0 0.4126720130443573
layer_00_k_proj compute_only 1 0.43212801218032837
layer_00_k_proj compute_only 1 0.41471999883651733
layer_00_k_proj compute_only 0 0.4126720130443573
layer_00_v_proj compute_only 0 0.3983359932899475
layer_00_v_proj compute_only 1 0.4423680007457733
layer_00_v_proj compute_only 1 0.42393600940704346
layer_00_v_proj compute_only 0 0.42188799381256104
layer_00_v_proj compute_only 0 0.3998720049858093
layer_00_v_proj compute_only 1 0.4536319971084595
layer_00_o_proj compute_only 1 0.419840008020401
layer_00_o_proj compute_only 0 0.42188799381256104
layer_00_o_proj compute_only 0 0.39423999190330505
layer_00_o_proj compute_only 1 0.4485119879245758
layer_00_o_proj compute_only 1 0.42905598878860474
layer_00_o_proj compute_only 0 0.42188799381256104
layer_06_q_proj compute_only 0 0.4106239974498749
layer_06_q_proj compute_only 1 0.46592000126838684
layer_06_q_proj compute_only 1 0.4413439929485321
layer_06_q_proj compute_only 0 0.43827199935913086
layer_06_q_proj compute_only 0 0.40857601165771484
layer_06_q_proj compute_only 1 0.45158401131629944
layer_06_k_proj compute_only 1 0.43929600715637207
layer_06_k_proj compute_only 0 0.4249599874019623
layer_06_k_proj compute_only 0 0.40857601165771484
layer_06_k_proj compute_only 1 0.4541440010070801
layer_06_k_proj compute_only 1 0.43827199935913086
layer_06_k_proj compute_only 0 0.42905598878860474
layer_06_v_proj compute_only 0 0.40857601165771484
layer_06_v_proj compute_only 1 0.4546560049057007
layer_06_v_proj compute_only 1 0.4423680007457733
layer_06_v_proj compute_only 0 0.43827199935913086
layer_06_v_proj compute_only 0 0.4341759979724884
layer_06_v_proj compute_only 1 0.4715519994497299
layer_06_o_proj compute_only 1 0.4679679870605469
layer_06_o_proj compute_only 0 0.43724799156188965
layer_06_o_proj compute_only 0 0.4341759979724884
layer_06_o_proj compute_only 1 0.4618239998817444
layer_06_o_proj compute_only 1 0.46694400906562805
layer_06_o_proj compute_only 0 0.43110400438308716
layer_12_q_proj compute_only 0 0.43929600715637207
layer_12_q_proj compute_only 1 0.4618239998817444
layer_12_q_proj compute_only 1 0.46592000126838684
layer_12_q_proj compute_only 0 0.4362240135669708
layer_12_q_proj compute_only 0 0.4341759979724884
layer_12_q_proj compute_only 1 0.46694400906562805
layer_12_k_proj compute_only 1 0.4546560049057007
layer_12_k_proj compute_only 0 0.434688001871109
layer_12_k_proj compute_only 0 0.4136959910392761
layer_12_k_proj compute_only 1 0.4607999920845032
layer_12_k_proj compute_only 1 0.4413439929485321
layer_12_k_proj compute_only 0 0.43929600715637207
layer_12_v_proj compute_only 0 0.4177919924259186
layer_12_v_proj compute_only 1 0.43929600715637207
layer_12_v_proj compute_only 1 0.4505600035190582
layer_12_v_proj compute_only 0 0.4362240135669708
layer_12_v_proj compute_only 0 0.4136959910392761
layer_12_v_proj compute_only 1 0.46592000126838684
layer_12_o_proj compute_only 1 0.44543999433517456
layer_12_o_proj compute_only 0 0.41676801443099976
layer_12_o_proj compute_only 0 0.40857601165771484
layer_12_o_proj compute_only 1 0.4546560049057007
layer_12_o_proj compute_only 1 0.4413439929485321
layer_12_o_proj compute_only 0 0.43827199935913086
layer_18_q_proj compute_only 0 0.4136959910392761
layer_18_q_proj compute_only 1 0.44441598653793335
layer_18_q_proj compute_only 1 0.4485119879245758
layer_18_q_proj compute_only 0 0.434688001871109
layer_18_q_proj compute_only 0 0.4116480052471161
layer_18_q_proj compute_only 1 0.4638719856739044
layer_18_k_proj compute_only 1 0.4413439929485321
layer_18_k_proj compute_only 0 0.43007999658584595
layer_18_k_proj compute_only 0 0.4116480052471161
layer_18_k_proj compute_only 1 0.4638719856739044
layer_18_k_proj compute_only 1 0.44543999433517456
layer_18_k_proj compute_only 0 0.4341759979724884
layer_18_v_proj compute_only 0 0.4116480052471161
layer_18_v_proj compute_only 1 0.4546560049057007
layer_18_v_proj compute_only 1 0.44390399754047394
layer_18_v_proj compute_only 0 0.4249599874019623
layer_18_v_proj compute_only 0 0.4126720130443573
layer_18_v_proj compute_only 1 0.46643200516700745
layer_18_o_proj compute_only 1 0.46592000126838684
layer_18_o_proj compute_only 0 0.43827199935913086
layer_18_o_proj compute_only 0 0.4341759979724884
layer_18_o_proj compute_only 1 0.4628480076789856
layer_18_o_proj compute_only 1 0.46592000126838684
layer_18_o_proj compute_only 0 0.4362240135669708
layer_24_q_proj compute_only 0 0.4403199851512909
layer_24_q_proj compute_only 1 0.46489599347114563
layer_24_q_proj compute_only 1 0.4679679870605469
layer_24_q_proj compute_only 0 0.43929600715637207
layer_24_q_proj compute_only 0 0.4403199851512909
layer_24_q_proj compute_only 1 0.4618239998817444
layer_24_k_proj compute_only 1 0.44441598653793335
layer_24_k_proj compute_only 0 0.4352000057697296
layer_24_k_proj compute_only 0 0.4136959910392761
layer_24_k_proj compute_only 1 0.4551680088043213
layer_24_k_proj compute_only 1 0.449535995721817
layer_24_k_proj compute_only 0 0.43110400438308716
layer_24_v_proj compute_only 0 0.4331519901752472
layer_24_v_proj compute_only 1 0.4352000057697296
layer_24_v_proj compute_only 1 0.44543999433517456
layer_24_v_proj compute_only 0 0.42905598878860474
layer_24_v_proj compute_only 0 0.41574400663375854
layer_24_v_proj compute_only 1 0.46592000126838684
layer_24_o_proj compute_only 1 0.4403199851512909
layer_24_o_proj compute_only 0 0.4177919924259186
layer_24_o_proj compute_only 0 0.40857601165771484
layer_24_o_proj compute_only 1 0.45772799849510193
layer_24_o_proj compute_only 1 0.44543999433517456
layer_24_o_proj compute_only 0 0.43929600715637207
layer_31_q_proj compute_only 0 0.4126720130443573
layer_31_q_proj compute_only 1 0.4423680007457733
layer_31_q_proj compute_only 1 0.44441598653793335
layer_31_q_proj compute_only 0 0.44441598653793335
layer_31_q_proj compute_only 0 0.4126720130443573
layer_31_q_proj compute_only 1 0.45824000239372253
layer_31_k_proj compute_only 1 0.44441598653793335
layer_31_k_proj compute_only 0 0.43110400438308716
layer_31_k_proj compute_only 0 0.4126720130443573
layer_31_k_proj compute_only 1 0.4638719856739044
layer_31_k_proj compute_only 1 0.44543999433517456
layer_31_k_proj compute_only 0 0.43929600715637207
layer_31_v_proj compute_only 0 0.41471999883651733
layer_31_v_proj compute_only 1 0.46489599347114563
layer_31_v_proj compute_only 1 0.4505600035190582
layer_31_v_proj compute_only 0 0.4341759979724884
layer_31_v_proj compute_only 0 0.4136959910392761
layer_31_v_proj compute_only 1 0.4505600035190582
layer_31_o_proj compute_only 1 0.46592000126838684
layer_31_o_proj compute_only 0 0.4362240135669708
layer_31_o_proj compute_only 0 0.43929600715637207
layer_31_o_proj compute_only 1 0.46592000126838684
layer_31_o_proj compute_only 1 0.46694400906562805
layer_31_o_proj compute_only 0 0.43929600715637207
