layer_00_q_proj compute_only 0 0.40755200386047363
layer_00_q_proj compute_only 1 0.43929600715637207
layer_00_q_proj compute_only 1 0.43827199935913086
layer_00_q_proj compute_only 0 0.4126720130443573
layer_00_q_proj compute_only 0 0.38604798913002014
layer_00_q_proj compute_only 1 0.4433920085430145
layer_00_k_proj compute_only 1 0.4188160002231598
layer_00_k_proj compute_only 0 0.41574400663375854
layer_00_k_proj compute_only 0 0.40755200386047363
layer_00_k_proj compute_only 1 0.449535995721817
layer_00_k_proj compute_only 1 0.42188799381256104
layer_00_k_proj compute_only 0 0.4126720130443573
layer_00_v_proj compute_only 0 0.4116480052471161
layer_00_v_proj compute_only 1 0.4505600035190582
layer_00_v_proj compute_only 1 0.4331519901752472
layer_00_v_proj compute_only 0 0.42393600940704346
layer_00_v_proj compute_only 0 0.4136959910392761
layer_00_v_proj compute_only 1 0.4556800127029419
layer_00_o_proj compute_only 1 0.43007999658584595
layer_00_o_proj compute_only 0 0.4270080029964447
layer_00_o_proj compute_only 0 0.40243199467658997
layer_00_o_proj compute_only 1 0.4403199851512909
layer_00_o_proj compute_only 1 0.43007999658584595
layer_00_o_proj compute_only 0 0.42291200160980225
layer_06_q_proj compute_only 0 0.4131840020418167
layer_06_q_proj compute_only 1 0.47308799624443054
layer_06_q_proj compute_only 1 0.4413439929485321
layer_06_q_proj compute_only 0 0.4362240135669708
layer_06_q_proj compute_only 0 0.4126720130443573
layer_06_q_proj compute_only 1 0.47308799624443054
layer_06_k_proj compute_only 1 0.44543999433517456
layer_06_k_proj compute_only 0 0.43724799156188965
layer_06_k_proj compute_only 0 0.41471999883651733
layer_06_k_proj compute_only 1 0.4638719856739044
layer_06_k_proj compute_only 1 0.4352000057697296
layer_06_k_proj compute_only 0 0.4403199851512909
layer_06_v_proj compute_only 0 0.4126720130443573
layer_06_v_proj compute_only 1 0.47206398844718933
layer_06_v_proj compute_only 1 0.44441598653793335
layer_06_v_proj compute_only 0 0.43724799156188965
layer_06_v_proj compute_only 0 0.42342399060726166
layer_06_v_proj compute_only 1 0.4679679870605469
layer_06_o_proj compute_only 1 0.4689919948577881
layer_06_o_proj compute_only 0 0.43929600715637207
layer_06_o_proj compute_only 0 0.4341759979724884
layer_06_o_proj compute_only 1 0.4689919948577881
layer_06_o_proj compute_only 1 0.4679679870605469
layer_06_o_proj compute_only 0 0.4403199851512909
layer_12_q_proj compute_only 0 0.43929600715637207
layer_12_q_proj compute_only 1 0.47411200404167175
layer_12_q_proj compute_only 1 0.4679679870605469
layer_12_q_proj compute_only 0 0.4403199851512909
layer_12_q_proj compute_only 0 0.4403199851512909
layer_12_q_proj compute_only 1 0.47308799624443054
layer_12_k_proj compute_only 1 0.47206398844718933
layer_12_k_proj compute_only 0 0.41676801443099976
layer_12_k_proj compute_only 0 0.4136959910392761
layer_12_k_proj compute_only 1 0.4618239998817444
layer_12_k_proj compute_only 1 0.449535995721817
layer_12_k_proj compute_only 0 0.4423680007457733
layer_12_v_proj compute_only 0 0.4126720130443573
layer_12_v_proj compute_only 1 0.47308799624443054
layer_12_v_proj compute_only 1 0.447488009929657
layer_12_v_proj compute_only 0 0.43724799156188965
layer_12_v_proj compute_only 0 0.419840008020401
layer_12_v_proj compute_only 1 0.47411200404167175
layer_12_o_proj compute_only 1 0.449535995721817
layer_12_o_proj compute_only 0 0.43929600715637207
layer_12_o_proj compute_only 0 0.4136959910392761
layer_12_o_proj compute_only 1 0.4689919948577881
layer_12_o_proj compute_only 1 0.44543999433517456
layer_12_o_proj compute_only 0 0.4403199851512909
layer_18_q_proj compute_only 0 0.41471999883651733
layer_18_q_proj compute_only 1 0.4700160026550293
layer_18_q_proj compute_only 1 0.449535995721817
layer_18_q_proj compute_only 0 0.44543999433517456
layer_18_q_proj compute_only 0 0.41625601053237915
layer_18_q_proj compute_only 1 0.4618239998817444
layer_18_k_proj compute_only 1 0.4403199851512909
layer_18_k_proj compute_only 0 0.4403199851512909
layer_18_k_proj compute_only 0 0.41728000342845917
layer_18_k_proj compute_only 1 0.46694400906562805
layer_18_k_proj compute_only 1 0.44646400213241577
layer_18_k_proj compute_only 0 0.4403199851512909
layer_18_v_proj compute_only 0 0.41471999883651733
layer_18_v_proj compute_only 1 0.4782080054283142
layer_18_v_proj compute_only 1 0.44390399754047394
layer_18_v_proj compute_only 0 0.44543999433517456
layer_18_v_proj compute_only 0 0.4188160002231598
layer_18_v_proj compute_only 1 0.4792320132255554
layer_18_o_proj compute_only 1 0.44441598653793335
layer_18_o_proj compute_only 0 0.44543999433517456
layer_18_o_proj compute_only 0 0.4280320107936859
layer_18_o_proj compute_only 1 0.47308799624443054
layer_18_o_proj compute_only 1 0.47206398844718933
layer_18_o_proj compute_only 0 0.4403199851512909
layer_24_q_proj compute_only 0 0.4403199851512909
layer_24_q_proj compute_only 1 0.47308799624443054
layer_24_q_proj compute_only 1 0.47411200404167175
layer_24_q_proj compute_only 0 0.44543999433517456
layer_24_q_proj compute_only 0 0.4403199851512909
layer_24_q_proj compute_only 1 0.47308799624443054
layer_24_k_proj compute_only 1 0.47206398844718933
layer_24_k_proj compute_only 0 0.4403199851512909
layer_24_k_proj compute_only 0 0.4403199851512909
layer_24_k_proj compute_only 1 0.47411200404167175
layer_24_k_proj compute_only 1 0.47308799624443054
layer_24_k_proj compute_only 0 0.4413439929485321
layer_24_v_proj compute_only 0 0.4188160002231598
layer_24_v_proj compute_only 1 0.47308799624443054
layer_24_v_proj compute_only 1 0.44543999433517456
layer_24_v_proj compute_only 0 0.44646400213241577
layer_24_v_proj compute_only 0 0.42956799268722534
layer_24_v_proj compute_only 1 0.47411200404167175
layer_24_o_proj compute_only 1 0.4362240135669708
layer_24_o_proj compute_only 0 0.43929600715637207
layer_24_o_proj compute_only 0 0.4177919924259186
layer_24_o_proj compute_only 1 0.4679679870605469
layer_24_o_proj compute_only 1 0.44543999433517456
layer_24_o_proj compute_only 0 0.4403199851512909
layer_31_q_proj compute_only 0 0.4188160002231598
layer_31_q_proj compute_only 1 0.47308799624443054
layer_31_q_proj compute_only 1 0.4505600035190582
layer_31_q_proj compute_only 0 0.44543999433517456
layer_31_q_proj compute_only 0 0.42393600940704346
layer_31_q_proj compute_only 1 0.47308799624443054
layer_31_k_proj compute_only 1 0.4485119879245758
layer_31_k_proj compute_only 0 0.44543999433517456
layer_31_k_proj compute_only 0 0.4136959910392761
layer_31_k_proj compute_only 1 0.4792320132255554
layer_31_k_proj compute_only 1 0.47206398844718933
layer_31_k_proj compute_only 0 0.44646400213241577
layer_31_v_proj compute_only 0 0.4403199851512909
layer_31_v_proj compute_only 1 0.47411200404167175
layer_31_v_proj compute_only 1 0.47411200404167175
layer_31_v_proj compute_only 0 0.44646400213241577
layer_31_v_proj compute_only 0 0.44646400213241577
layer_31_v_proj compute_only 1 0.47308799624443054
layer_31_o_proj compute_only 1 0.47308799624443054
layer_31_o_proj compute_only 0 0.4423680007457733
layer_31_o_proj compute_only 0 0.43929600715637207
layer_31_o_proj compute_only 1 0.47411200404167175
layer_31_o_proj compute_only 1 0.47308799624443054
layer_31_o_proj compute_only 0 0.44543999433517456
